

================================================================
== Vitis HLS Report for 'ecg_classifier_Pipeline_L0_K_FILL'
================================================================
* Date:           Sat Apr  4 10:53:09 2026

* Version:        2022.2 (Build 3670227 on Oct 13 2022)
* Project:        ecg_classifier_ip
* Solution:       solution1 (Vivado IP Flow Target)
* Product family: zynq
* Target device:  xc7z030-sbg485-2


================================================================
== Performance Estimates
================================================================
+ Timing: 
    * Summary: 
    +--------+----------+----------+------------+
    |  Clock |  Target  | Estimated| Uncertainty|
    +--------+----------+----------+------------+
    |ap_clk  |  13.00 ns|  7.360 ns|     3.51 ns|
    +--------+----------+----------+------------+

+ Latency: 
    * Summary: 
    +---------+---------+----------+----------+-----+-----+---------+
    |  Latency (cycles) |  Latency (absolute) |  Interval | Pipeline|
    |   min   |   max   |    min   |    max   | min | max |   Type  |
    +---------+---------+----------+----------+-----+-----+---------+
    |       11|       11|  0.143 us|  0.143 us|   11|   11|       no|
    +---------+---------+----------+----------+-----+-----+---------+

    + Detail: 
        * Instance: 
        N/A

        * Loop: 
        +-------------+---------+---------+----------+-----------+-----------+------+----------+
        |             |  Latency (cycles) | Iteration|  Initiation Interval  | Trip |          |
        |  Loop Name  |   min   |   max   |  Latency |  achieved |   target  | Count| Pipelined|
        +-------------+---------+---------+----------+-----------+-----------+------+----------+
        |- L0_K_FILL  |        9|        9|         4|          1|          1|     7|       yes|
        +-------------+---------+---------+----------+-----------+-----------+------+----------+

============================================================
+ Verbose Summary: Synthesis Manager
============================================================
InlineROM: 1
ExposeGlobal: 0
============================================================
+ Verbose Summary: CDFG Model
============================================================
IsTopModel: 0
ResetActiveHigh: 1
IsCombinational: 0
IsDatapathOnly: 0
HasWiredReturn: 1
HasMFsm: 2
HasVarLatency: 1
IsPipeline: 0
IsRtlPipelined: 0
IsInstanceOverlapped: 0
IsDontTouch: 0
HasImplIP: 0
IsGatedGlobalClock: 0

+ Individual pipeline summary: 
  * Pipeline-0: initiation interval (II) = 1, depth = 4


============================================================
+ Verbose Summary: Schedule
============================================================
* Number of FSM states : 4
* Pipeline : 1
  Pipeline-0 : II = 1, D = 4, States = { 1 2 3 4 }
* Dataflow Pipeline: 0

* FSM state transitions: 
1 --> 2 
2 --> 3 
3 --> 4 
4 --> 

* FSM state operations: 

State 1 <SV = 0> <Delay = 4.13>
ST_1 : Operation 7 [1/1] (0.00ns)   --->   "%x_V_1 = alloca i32 1"   --->   Operation 7 'alloca' 'x_V_1' <Predicate = true> <Delay = 0.00>
ST_1 : Operation 8 [1/1] (0.00ns)   --->   "%lhs_V = alloca i32 1"   --->   Operation 8 'alloca' 'lhs_V' <Predicate = true> <Delay = 0.00>
ST_1 : Operation 9 [1/1] (0.00ns)   --->   "%k = alloca i32 1"   --->   Operation 9 'alloca' 'k' <Predicate = true> <Delay = 0.00>
ST_1 : Operation 10 [1/1] (0.00ns)   --->   "%trunc_ln114_mid2_read = read i1 @_ssdm_op_Read.ap_auto.i1, i1 %trunc_ln114_mid2"   --->   Operation 10 'read' 'trunc_ln114_mid2_read' <Predicate = true> <Delay = 0.00>
ST_1 : Operation 11 [1/1] (0.00ns)   --->   "%t_5_read = read i7 @_ssdm_op_Read.ap_auto.i7, i7 %t_5"   --->   Operation 11 'read' 't_5_read' <Predicate = true> <Delay = 0.00>
ST_1 : Operation 12 [1/1] (0.00ns)   --->   "%add_ln113_1_read = read i8 @_ssdm_op_Read.ap_auto.i8, i8 %add_ln113_1"   --->   Operation 12 'read' 'add_ln113_1_read' <Predicate = true> <Delay = 0.00>
ST_1 : Operation 13 [1/1] (0.00ns)   --->   "%sub_ln837_read = read i9 @_ssdm_op_Read.ap_auto.i9, i9 %sub_ln837"   --->   Operation 13 'read' 'sub_ln837_read' <Predicate = true> <Delay = 0.00>
ST_1 : Operation 14 [1/1] (0.00ns)   --->   "%sext_ln128_read = read i27 @_ssdm_op_Read.ap_auto.i27, i27 %sext_ln128"   --->   Operation 14 'read' 'sext_ln128_read' <Predicate = true> <Delay = 0.00>
ST_1 : Operation 15 [1/1] (0.00ns)   --->   "%sext_ln128_cast = sext i27 %sext_ln128_read"   --->   Operation 15 'sext' 'sext_ln128_cast' <Predicate = true> <Delay = 0.00>
ST_1 : Operation 16 [1/1] (0.00ns)   --->   "%specmemcore_ln0 = specmemcore void @_ssdm_op_SpecMemCore, i32 %norm_buf_V, i64 666, i64 19, i64 18446744073709551615"   --->   Operation 16 'specmemcore' 'specmemcore_ln0' <Predicate = true> <Delay = 0.00>
ST_1 : Operation 17 [1/1] (0.00ns)   --->   "%specmemcore_ln0 = specmemcore void @_ssdm_op_SpecMemCore, i32 %norm_buf_V_1, i64 666, i64 19, i64 18446744073709551615"   --->   Operation 17 'specmemcore' 'specmemcore_ln0' <Predicate = true> <Delay = 0.00>
ST_1 : Operation 18 [1/1] (1.29ns)   --->   "%store_ln0 = store i3 0, i3 %k"   --->   Operation 18 'store' 'store_ln0' <Predicate = true> <Delay = 1.29>
ST_1 : Operation 19 [1/1] (1.29ns)   --->   "%store_ln0 = store i48 %sext_ln128_cast, i48 %lhs_V"   --->   Operation 19 'store' 'store_ln0' <Predicate = true> <Delay = 1.29>
ST_1 : Operation 20 [1/1] (1.29ns)   --->   "%store_ln0 = store i32 0, i32 %x_V_1"   --->   Operation 20 'store' 'store_ln0' <Predicate = true> <Delay = 1.29>
ST_1 : Operation 21 [1/1] (0.00ns)   --->   "%br_ln0 = br void %for.body202"   --->   Operation 21 'br' 'br_ln0' <Predicate = true> <Delay = 0.00>
ST_1 : Operation 22 [1/1] (0.00ns)   --->   "%k_1 = load i3 %k" [src/ecg_classifier.cpp:132]   --->   Operation 22 'load' 'k_1' <Predicate = true> <Delay = 0.00>
ST_1 : Operation 23 [1/1] (0.98ns)   --->   "%icmp_ln130 = icmp_eq  i3 %k_1, i3 7" [src/ecg_classifier.cpp:130]   --->   Operation 23 'icmp' 'icmp_ln130' <Predicate = true> <Delay = 0.98> <CoreInst = "Cmp">   --->   Core 9 'Cmp' <Latency = 0> <II = 1> <Delay = 0.98> <FuncUnit> <Opcode : 'icmp'> <InPorts = 2> <OutPorts = 1>
ST_1 : Operation 24 [1/1] (0.00ns)   --->   "%empty = speclooptripcount i32 @_ssdm_op_SpecLoopTripCount, i64 7, i64 7, i64 7"   --->   Operation 24 'speclooptripcount' 'empty' <Predicate = true> <Delay = 0.00>
ST_1 : Operation 25 [1/1] (0.76ns)   --->   "%add_ln130 = add i3 %k_1, i3 1" [src/ecg_classifier.cpp:130]   --->   Operation 25 'add' 'add_ln130' <Predicate = true> <Delay = 0.76> <CoreInst = "Adder">   --->   Core 1 'Adder' <Latency = 0> <II = 1> <Delay = 0.76> <FuncUnit> <Opcode : 'add' 'sub'> <InPorts = 2> <OutPorts = 1>
ST_1 : Operation 26 [1/1] (0.00ns)   --->   "%br_ln130 = br i1 %icmp_ln130, void %for.body202.split_ifconv, void %for.end222.exitStub" [src/ecg_classifier.cpp:130]   --->   Operation 26 'br' 'br_ln130' <Predicate = true> <Delay = 0.00>
ST_1 : Operation 27 [1/1] (0.00ns)   --->   "%zext_ln837 = zext i3 %k_1"   --->   Operation 27 'zext' 'zext_ln837' <Predicate = (!icmp_ln130)> <Delay = 0.00>
ST_1 : Operation 28 [1/1] (1.36ns)   --->   "%add_ln837 = add i9 %sub_ln837_read, i9 %zext_ln837"   --->   Operation 28 'add' 'add_ln837' <Predicate = (!icmp_ln130)> <Delay = 1.36> <CoreInst = "Adder">   --->   Core 1 'Adder' <Latency = 0> <II = 1> <Delay = 1.36> <FuncUnit> <Opcode : 'add' 'sub'> <InPorts = 2> <OutPorts = 1>
ST_1 : Operation 29 [1/1] (0.00ns)   --->   "%zext_ln837_22 = zext i9 %add_ln837"   --->   Operation 29 'zext' 'zext_ln837_22' <Predicate = (!icmp_ln130)> <Delay = 0.00>
ST_1 : Operation 30 [1/1] (0.00ns)   --->   "%L0_W_V_0_addr = getelementptr i7 %L0_W_V_0, i64 0, i64 %zext_ln837_22"   --->   Operation 30 'getelementptr' 'L0_W_V_0_addr' <Predicate = (!icmp_ln130)> <Delay = 0.00>
ST_1 : Operation 31 [1/1] (0.00ns)   --->   "%trunc_ln132 = trunc i3 %k_1" [src/ecg_classifier.cpp:132]   --->   Operation 31 'trunc' 'trunc_ln132' <Predicate = (!icmp_ln130)> <Delay = 0.00>
ST_1 : Operation 32 [1/1] (0.76ns)   --->   "%add_ln132 = add i3 %k_1, i3 5" [src/ecg_classifier.cpp:132]   --->   Operation 32 'add' 'add_ln132' <Predicate = (!icmp_ln130)> <Delay = 0.76> <CoreInst = "Adder">   --->   Core 1 'Adder' <Latency = 0> <II = 1> <Delay = 0.76> <FuncUnit> <Opcode : 'add' 'sub'> <InPorts = 2> <OutPorts = 1>
ST_1 : Operation 33 [1/1] (0.00ns)   --->   "%sext_ln132 = sext i3 %add_ln132" [src/ecg_classifier.cpp:132]   --->   Operation 33 'sext' 'sext_ln132' <Predicate = (!icmp_ln130)> <Delay = 0.00>
ST_1 : Operation 34 [1/1] (1.30ns)   --->   "%add_ln132_1 = add i8 %sext_ln132, i8 %add_ln113_1_read" [src/ecg_classifier.cpp:132]   --->   Operation 34 'add' 'add_ln132_1' <Predicate = (!icmp_ln130)> <Delay = 1.30> <CoreInst = "Adder">   --->   Core 1 'Adder' <Latency = 0> <II = 1> <Delay = 1.30> <FuncUnit> <Opcode : 'add' 'sub'> <InPorts = 2> <OutPorts = 1>
ST_1 : Operation 35 [1/1] (0.00ns)   --->   "%tmp5 = bitconcatenate i8 @_ssdm_op_BitConcatenate.i8.i7.i1, i7 %t_5_read, i1 %trunc_ln114_mid2_read" [src/ecg_classifier.cpp:133]   --->   Operation 35 'bitconcatenate' 'tmp5' <Predicate = (!icmp_ln130)> <Delay = 0.00>
ST_1 : Operation 36 [1/1] (0.00ns)   --->   "%zext_ln133 = zext i8 %tmp5" [src/ecg_classifier.cpp:133]   --->   Operation 36 'zext' 'zext_ln133' <Predicate = (!icmp_ln130)> <Delay = 0.00>
ST_1 : Operation 37 [1/1] (0.00ns)   --->   "%sext_ln133 = sext i3 %add_ln132" [src/ecg_classifier.cpp:133]   --->   Operation 37 'sext' 'sext_ln133' <Predicate = (!icmp_ln130)> <Delay = 0.00>
ST_1 : Operation 38 [1/1] (1.30ns)   --->   "%add_ln133 = add i9 %sext_ln133, i9 %zext_ln133" [src/ecg_classifier.cpp:133]   --->   Operation 38 'add' 'add_ln133' <Predicate = (!icmp_ln130)> <Delay = 1.30> <CoreInst = "Adder">   --->   Core 1 'Adder' <Latency = 0> <II = 1> <Delay = 1.30> <FuncUnit> <Opcode : 'add' 'sub'> <InPorts = 2> <OutPorts = 1>
ST_1 : Operation 39 [1/1] (1.62ns)   --->   "%icmp_ln133 = icmp_ult  i9 %add_ln133, i9 187" [src/ecg_classifier.cpp:133]   --->   Operation 39 'icmp' 'icmp_ln133' <Predicate = (!icmp_ln130)> <Delay = 1.62> <CoreInst = "Cmp">   --->   Core 9 'Cmp' <Latency = 0> <II = 1> <Delay = 1.62> <FuncUnit> <Opcode : 'icmp'> <InPorts = 2> <OutPorts = 1>
ST_1 : Operation 40 [1/1] (0.00ns)   --->   "%lshr_ln4 = partselect i7 @_ssdm_op_PartSelect.i7.i8.i32.i32, i8 %add_ln132_1, i32 1, i32 7" [src/ecg_classifier.cpp:134]   --->   Operation 40 'partselect' 'lshr_ln4' <Predicate = (!icmp_ln130)> <Delay = 0.00>
ST_1 : Operation 41 [1/1] (0.00ns)   --->   "%zext_ln134 = zext i7 %lshr_ln4" [src/ecg_classifier.cpp:134]   --->   Operation 41 'zext' 'zext_ln134' <Predicate = (!icmp_ln130)> <Delay = 0.00>
ST_1 : Operation 42 [1/1] (0.00ns)   --->   "%norm_buf_V_addr = getelementptr i32 %norm_buf_V, i64 0, i64 %zext_ln134" [src/ecg_classifier.cpp:134]   --->   Operation 42 'getelementptr' 'norm_buf_V_addr' <Predicate = (!icmp_ln130)> <Delay = 0.00>
ST_1 : Operation 43 [1/1] (0.00ns)   --->   "%norm_buf_V_1_addr = getelementptr i32 %norm_buf_V_1, i64 0, i64 %zext_ln134" [src/ecg_classifier.cpp:134]   --->   Operation 43 'getelementptr' 'norm_buf_V_1_addr' <Predicate = (!icmp_ln130)> <Delay = 0.00>
ST_1 : Operation 44 [1/1] (0.80ns)   --->   "%xor_ln134 = xor i1 %trunc_ln114_mid2_read, i1 %trunc_ln132" [src/ecg_classifier.cpp:134]   --->   Operation 44 'xor' 'xor_ln134' <Predicate = (!icmp_ln130)> <Delay = 0.80> <CoreInst = "LogicGate">   --->   Core 74 'LogicGate' <Latency = 0> <II = 1> <Delay = 0.80> <FuncUnit> <Opcode : 'and' 'or' 'xor'> <InPorts = 2> <OutPorts = 1>
ST_1 : Operation 45 [2/2] (1.75ns)   --->   "%norm_buf_V_load = load i7 %norm_buf_V_addr" [src/ecg_classifier.cpp:134]   --->   Operation 45 'load' 'norm_buf_V_load' <Predicate = (!icmp_ln130)> <Delay = 1.75> <CoreInst = "RAM_1P_LUTRAM">   --->   Core 87 'RAM_1P_LUTRAM' <Latency = 1> <II = 1> <Delay = 1.75> <Storage> <Opcode : 'load' 'store'> <Ports = 1> <Width = 32> <Depth = 94> <RAM>
ST_1 : Operation 46 [2/2] (1.75ns)   --->   "%norm_buf_V_1_load = load i7 %norm_buf_V_1_addr" [src/ecg_classifier.cpp:134]   --->   Operation 46 'load' 'norm_buf_V_1_load' <Predicate = (!icmp_ln130)> <Delay = 1.75> <CoreInst = "RAM_1P_LUTRAM">   --->   Core 87 'RAM_1P_LUTRAM' <Latency = 1> <II = 1> <Delay = 1.75> <Storage> <Opcode : 'load' 'store'> <Ports = 1> <Width = 32> <Depth = 94> <RAM>
ST_1 : Operation 47 [2/2] (2.77ns)   --->   "%L0_W_V_0_load = load i9 %L0_W_V_0_addr"   --->   Operation 47 'load' 'L0_W_V_0_load' <Predicate = (!icmp_ln130)> <Delay = 2.77> <CoreInst = "ROM">   --->   Core 95 'ROM' <Latency = 1> <II = 1> <Delay = 2.77> <Storage> <Opcode : 'load'> <Ports = 0> <Width = 7> <Depth = 448> <ROM>
ST_1 : Operation 48 [1/1] (1.29ns)   --->   "%store_ln130 = store i3 %add_ln130, i3 %k" [src/ecg_classifier.cpp:130]   --->   Operation 48 'store' 'store_ln130' <Predicate = (!icmp_ln130)> <Delay = 1.29>

State 2 <SV = 1> <Delay = 3.75>
ST_2 : Operation 49 [1/2] (1.75ns)   --->   "%norm_buf_V_load = load i7 %norm_buf_V_addr" [src/ecg_classifier.cpp:134]   --->   Operation 49 'load' 'norm_buf_V_load' <Predicate = true> <Delay = 1.75> <CoreInst = "RAM_1P_LUTRAM">   --->   Core 87 'RAM_1P_LUTRAM' <Latency = 1> <II = 1> <Delay = 1.75> <Storage> <Opcode : 'load' 'store'> <Ports = 1> <Width = 32> <Depth = 94> <RAM>
ST_2 : Operation 50 [1/2] (1.75ns)   --->   "%norm_buf_V_1_load = load i7 %norm_buf_V_1_addr" [src/ecg_classifier.cpp:134]   --->   Operation 50 'load' 'norm_buf_V_1_load' <Predicate = true> <Delay = 1.75> <CoreInst = "RAM_1P_LUTRAM">   --->   Core 87 'RAM_1P_LUTRAM' <Latency = 1> <II = 1> <Delay = 1.75> <Storage> <Opcode : 'load' 'store'> <Ports = 1> <Width = 32> <Depth = 94> <RAM>
ST_2 : Operation 51 [1/1] (1.29ns)   --->   "%x_V = mux i32 @_ssdm_op_Mux.ap_auto.2i32.i1, i32 %norm_buf_V_1_load, i32 %norm_buf_V_load, i1 %xor_ln134" [src/ecg_classifier.cpp:134]   --->   Operation 51 'mux' 'x_V' <Predicate = (icmp_ln133)> <Delay = 1.29> <CoreInst = "Multiplexer">   --->   Core 76 'Multiplexer' <Latency = 0> <II = 1> <Delay = 1.29> <FuncUnit> <Opcode : 'mux'> <InPorts = 2> <OutPorts = 1>
ST_2 : Operation 52 [1/1] (0.70ns)   --->   "%select_ln133 = select i1 %icmp_ln133, i32 %x_V, i32 0" [src/ecg_classifier.cpp:133]   --->   Operation 52 'select' 'select_ln133' <Predicate = true> <Delay = 0.70> <CoreInst = "Sel">   --->   Core 73 'Sel' <Latency = 0> <II = 1> <Delay = 0.70> <FuncUnit> <Opcode : 'select'> <InPorts = 3> <OutPorts = 1>
ST_2 : Operation 53 [1/2] (2.77ns)   --->   "%L0_W_V_0_load = load i9 %L0_W_V_0_addr"   --->   Operation 53 'load' 'L0_W_V_0_load' <Predicate = true> <Delay = 2.77> <CoreInst = "ROM">   --->   Core 95 'ROM' <Latency = 1> <II = 1> <Delay = 2.77> <Storage> <Opcode : 'load'> <Ports = 0> <Width = 7> <Depth = 448> <ROM>

State 3 <SV = 2> <Delay = 7.36>
ST_3 : Operation 54 [1/1] (0.00ns)   --->   "%r_V_8 = bitconcatenate i40 @_ssdm_op_BitConcatenate.i40.i32.i8, i32 %select_ln133, i8 0"   --->   Operation 54 'bitconcatenate' 'r_V_8' <Predicate = true> <Delay = 0.00>
ST_3 : Operation 55 [1/1] (0.00ns)   --->   "%shl_ln838_2 = bitconcatenate i27 @_ssdm_op_BitConcatenate.i27.i7.i20, i7 %L0_W_V_0_load, i20 0"   --->   Operation 55 'bitconcatenate' 'shl_ln838_2' <Predicate = true> <Delay = 0.00>
ST_3 : Operation 56 [1/1] (0.00ns)   --->   "%sext_ln1270 = sext i40 %r_V_8"   --->   Operation 56 'sext' 'sext_ln1270' <Predicate = true> <Delay = 0.00>
ST_3 : Operation 57 [1/1] (0.00ns)   --->   "%sext_ln1273 = sext i27 %shl_ln838_2"   --->   Operation 57 'sext' 'sext_ln1273' <Predicate = true> <Delay = 0.00>
ST_3 : Operation 58 [1/1] (7.36ns)   --->   "%r_V = mul i66 %sext_ln1273, i66 %sext_ln1270"   --->   Operation 58 'mul' 'r_V' <Predicate = true> <Delay = 7.36> <CoreInst = "Multiplier">   --->   Core 3 'Multiplier' <Latency = 0> <II = 1> <Delay = 7.36> <FuncUnit> <Opcode : 'mul'> <InPorts = 2> <OutPorts = 1>
ST_3 : Operation 59 [1/1] (0.00ns)   --->   "%trunc_ln1347 = trunc i66 %r_V"   --->   Operation 59 'trunc' 'trunc_ln1347' <Predicate = true> <Delay = 0.00>
ST_3 : Operation 74 [1/1] (0.00ns)   --->   "%x_V_1_load = load i32 %x_V_1"   --->   Operation 74 'load' 'x_V_1_load' <Predicate = (icmp_ln130)> <Delay = 0.00>
ST_3 : Operation 75 [1/1] (0.00ns)   --->   "%write_ln0 = write void @_ssdm_op_Write.ap_auto.i32P0A, i32 %x_V_1_out, i32 %x_V_1_load"   --->   Operation 75 'write' 'write_ln0' <Predicate = (icmp_ln130)> <Delay = 0.00>
ST_3 : Operation 76 [1/1] (0.00ns)   --->   "%ret_ln0 = ret"   --->   Operation 76 'ret' 'ret_ln0' <Predicate = (icmp_ln130)> <Delay = 0.00>

State 4 <SV = 3> <Delay = 4.11>
ST_4 : Operation 60 [1/1] (0.00ns)   --->   "%lhs_V_load = load i48 %lhs_V"   --->   Operation 60 'load' 'lhs_V_load' <Predicate = true> <Delay = 0.00>
ST_4 : Operation 61 [1/1] (0.00ns)   --->   "%specpipeline_ln131 = specpipeline void @_ssdm_op_SpecPipeline, i32 1, i32 0, i32 0, i32 0, void @empty_17" [src/ecg_classifier.cpp:131]   --->   Operation 61 'specpipeline' 'specpipeline_ln131' <Predicate = true> <Delay = 0.00>
ST_4 : Operation 62 [1/1] (0.00ns)   --->   "%specloopname_ln128 = specloopname void @_ssdm_op_SpecLoopName, void @empty_3" [src/ecg_classifier.cpp:128]   --->   Operation 62 'specloopname' 'specloopname_ln128' <Predicate = true> <Delay = 0.00>
ST_4 : Operation 63 [1/1] (0.00ns)   --->   "%lhs_V_4 = bitconcatenate i72 @_ssdm_op_BitConcatenate.i72.i48.i24, i48 %lhs_V_load, i24 0"   --->   Operation 63 'bitconcatenate' 'lhs_V_4' <Predicate = true> <Delay = 0.00>
ST_4 : Operation 64 [1/1] (0.00ns)   --->   "%sext_ln1347 = sext i66 %r_V"   --->   Operation 64 'sext' 'sext_ln1347' <Predicate = true> <Delay = 0.00>
ST_4 : Operation 65 [1/1] (0.00ns)   --->   "%trunc_ln1347_2 = trunc i48 %lhs_V_load"   --->   Operation 65 'trunc' 'trunc_ln1347_2' <Predicate = true> <Delay = 0.00>
ST_4 : Operation 66 [1/1] (0.00ns)   --->   "%trunc_ln1347_1 = bitconcatenate i64 @_ssdm_op_BitConcatenate.i64.i40.i24, i40 %trunc_ln1347_2, i24 0"   --->   Operation 66 'bitconcatenate' 'trunc_ln1347_1' <Predicate = true> <Delay = 0.00>
ST_4 : Operation 67 [1/1] (2.81ns)   --->   "%ret_V = add i72 %lhs_V_4, i72 %sext_ln1347"   --->   Operation 67 'add' 'ret_V' <Predicate = true> <Delay = 2.81> <CoreInst = "Adder">   --->   Core 1 'Adder' <Latency = 0> <II = 1> <Delay = 2.81> <FuncUnit> <Opcode : 'add' 'sub'> <InPorts = 2> <OutPorts = 1>
ST_4 : Operation 68 [1/1] (2.69ns)   --->   "%add_ln1347_1 = add i64 %trunc_ln1347_1, i64 %trunc_ln1347"   --->   Operation 68 'add' 'add_ln1347_1' <Predicate = true> <Delay = 2.69> <CoreInst = "Adder">   --->   Core 1 'Adder' <Latency = 0> <II = 1> <Delay = 2.69> <FuncUnit> <Opcode : 'add' 'sub'> <InPorts = 2> <OutPorts = 1>
ST_4 : Operation 69 [1/1] (0.00ns)   --->   "%acc_V = partselect i48 @_ssdm_op_PartSelect.i48.i72.i32.i32, i72 %ret_V, i32 24, i32 71"   --->   Operation 69 'partselect' 'acc_V' <Predicate = true> <Delay = 0.00>
ST_4 : Operation 70 [1/1] (0.00ns)   --->   "%trunc_ln = partselect i32 @_ssdm_op_PartSelect.i32.i64.i32.i32, i64 %add_ln1347_1, i32 32, i32 63" [src/ecg_classifier.cpp:130]   --->   Operation 70 'partselect' 'trunc_ln' <Predicate = true> <Delay = 0.00>
ST_4 : Operation 71 [1/1] (1.29ns)   --->   "%store_ln130 = store i48 %acc_V, i48 %lhs_V" [src/ecg_classifier.cpp:130]   --->   Operation 71 'store' 'store_ln130' <Predicate = true> <Delay = 1.29>
ST_4 : Operation 72 [1/1] (1.29ns)   --->   "%store_ln130 = store i32 %trunc_ln, i32 %x_V_1" [src/ecg_classifier.cpp:130]   --->   Operation 72 'store' 'store_ln130' <Predicate = true> <Delay = 1.29>
ST_4 : Operation 73 [1/1] (0.00ns)   --->   "%br_ln130 = br void %for.body202" [src/ecg_classifier.cpp:130]   --->   Operation 73 'br' 'br_ln130' <Predicate = true> <Delay = 0.00>


============================================================
+ Verbose Summary: Timing violations
============================================================
Target clock period: 13ns, clock uncertainty: 3.51ns.

 <State 1>: 4.13ns
The critical path consists of the following:
	'alloca' operation ('k') [12]  (0 ns)
	'load' operation ('k', src/ecg_classifier.cpp:132) on local variable 'k' [26]  (0 ns)
	'add' operation ('add_ln837') [34]  (1.36 ns)
	'getelementptr' operation ('L0_W_V_0_addr') [36]  (0 ns)
	'load' operation ('L0_W_V_0_load') on array 'L0_W_V_0' [58]  (2.77 ns)

 <State 2>: 3.76ns
The critical path consists of the following:
	'load' operation ('norm_buf_V_load', src/ecg_classifier.cpp:134) on array 'norm_buf_V' [53]  (1.75 ns)
	'mux' operation ('x.V', src/ecg_classifier.cpp:134) [55]  (1.3 ns)
	'select' operation ('select_ln133', src/ecg_classifier.cpp:133) [56]  (0.705 ns)

 <State 3>: 7.36ns
The critical path consists of the following:
	'mul' operation ('r.V') [62]  (7.36 ns)

 <State 4>: 4.12ns
The critical path consists of the following:
	'load' operation ('lhs_V_load') on local variable 'lhs.V' [32]  (0 ns)
	'add' operation ('ret.V') [68]  (2.82 ns)
	'store' operation ('store_ln130', src/ecg_classifier.cpp:130) of variable 'acc.V' on local variable 'lhs.V' [73]  (1.3 ns)


============================================================
+ Verbose Summary: Binding
============================================================
N/A
* FSMD analyzer results:
  - Output states:
 - Input state : 
  - Chain level:
	State 1
	State 2
	State 3
	State 4


============================================================
+ Verbose Summary: Datapath Resource usage 
============================================================
N/A
