

================================================================
== Vitis HLS Report for 'ecg_classifier_Pipeline_ZNORM_MEAN'
================================================================
* Date:           Sat Apr  4 10:53:47 2026

* Version:        2022.2 (Build 3670227 on Oct 13 2022)
* Project:        ecg_classifier_ip
* Solution:       solution1 (Vivado IP Flow Target)
* Product family: zynq
* Target device:  xc7z030-sbg485-2


================================================================
== Performance Estimates
================================================================
+ Timing: 
    * Summary: 
    +--------+----------+----------+------------+
    |  Clock |  Target  | Estimated| Uncertainty|
    +--------+----------+----------+------------+
    |ap_clk  |  13.00 ns|  6.648 ns|     3.51 ns|
    +--------+----------+----------+------------+

+ Latency: 
    * Summary: 
    +---------+---------+----------+----------+-----+-----+---------+
    |  Latency (cycles) |  Latency (absolute) |  Interval | Pipeline|
    |   min   |   max   |    min   |    max   | min | max |   Type  |
    +---------+---------+----------+----------+-----+-----+---------+
    |      189|      189|  2.457 us|  2.457 us|  189|  189|       no|
    +---------+---------+----------+----------+-----+-----+---------+

    + Detail: 
        * Instance: 
        N/A

        * Loop: 
        +--------------+---------+---------+----------+-----------+-----------+------+----------+
        |              |  Latency (cycles) | Iteration|  Initiation Interval  | Trip |          |
        |   Loop Name  |   min   |   max   |  Latency |  achieved |   target  | Count| Pipelined|
        +--------------+---------+---------+----------+-----------+-----------+------+----------+
        |- ZNORM_MEAN  |      187|      187|         2|          1|          1|   187|       yes|
        +--------------+---------+---------+----------+-----------+-----------+------+----------+



================================================================
== Utilization Estimates
================================================================
* Summary: 
+-----------------+---------+-----+--------+-------+-----+
|       Name      | BRAM_18K| DSP |   FF   |  LUT  | URAM|
+-----------------+---------+-----+--------+-------+-----+
|DSP              |        -|    -|       -|      -|    -|
|Expression       |        -|    -|       0|     62|    -|
|FIFO             |        -|    -|       -|      -|    -|
|Instance         |        -|    -|       0|      9|    -|
|Memory           |        -|    -|       -|      -|    -|
|Multiplexer      |        -|    -|       -|     45|    -|
|Register         |        -|    -|      60|      -|    -|
+-----------------+---------+-----+--------+-------+-----+
|Total            |        0|    0|      60|    116|    0|
+-----------------+---------+-----+--------+-------+-----+
|Available        |      530|  400|  157200|  78600|    0|
+-----------------+---------+-----+--------+-------+-----+
|Utilization (%)  |        0|    0|      ~0|     ~0|    0|
+-----------------+---------+-----+--------+-------+-----+

+ Detail: 
    * Instance: 
    +-------------------+---------------+---------+----+---+----+-----+
    |      Instance     |     Module    | BRAM_18K| DSP| FF| LUT| URAM|
    +-------------------+---------------+---------+----+---+----+-----+
    |mux_21_32_1_1_U10  |mux_21_32_1_1  |        0|   0|  0|   9|    0|
    +-------------------+---------------+---------+----+---+----+-----+
    |Total              |               |        0|   0|  0|   9|    0|
    +-------------------+---------------+---------+----+---+----+-----+

    * DSP: 
    N/A

    * Memory: 
    N/A

    * FIFO: 
    N/A

    * Expression: 
    +------------------------+----------+----+---+----+------------+------------+
    |      Variable Name     | Operation| DSP| FF| LUT| Bitwidth P0| Bitwidth P1|
    +------------------------+----------+----+---+----+------------+------------+
    |add_ln54_fu_110_p2      |         +|   0|  0|   8|           8|           1|
    |mean_acc_V_1_fu_165_p2  |         +|   0|  0|  48|          48|          48|
    |icmp_ln54_fu_104_p2     |      icmp|   0|  0|   4|           8|           8|
    |ap_enable_pp0           |       xor|   0|  0|   2|           1|           2|
    +------------------------+----------+----+---+----+------------+------------+
    |Total                   |          |   0|  0|  62|          65|          59|
    +------------------------+----------+----+---+----+------------+------------+

    * Multiplexer: 
    +-------------------------+----+-----------+-----+-----------+
    |           Name          | LUT| Input Size| Bits| Total Bits|
    +-------------------------+----+-----------+-----+-----------+
    |ap_done_int              |   9|          2|    1|          2|
    |ap_enable_reg_pp0_iter1  |   9|          2|    1|          2|
    |ap_sig_allocacmp_t       |   9|          2|    8|         16|
    |mean_acc_V_fu_50         |   9|          2|   48|         96|
    |t_1_fu_54                |   9|          2|    8|         16|
    +-------------------------+----+-----------+-----+-----------+
    |Total                    |  45|         10|   66|        132|
    +-------------------------+----+-----------+-----+-----------+

    * Register: 
    +-------------------------+----+----+-----+-----------+
    |           Name          | FF | LUT| Bits| Const Bits|
    +-------------------------+----+----+-----+-----------+
    |ap_CS_fsm                |   1|   0|    1|          0|
    |ap_done_reg              |   1|   0|    1|          0|
    |ap_enable_reg_pp0_iter1  |   1|   0|    1|          0|
    |mean_acc_V_fu_50         |  48|   0|   48|          0|
    |t_1_fu_54                |   8|   0|    8|          0|
    |trunc_ln837_reg_208      |   1|   0|    1|          0|
    +-------------------------+----+----+-----+-----------+
    |Total                    |  60|   0|   60|          0|
    +-------------------------+----+----+-----+-----------+



================================================================
== Interface
================================================================
* Summary: 
+------------------------+-----+-----+------------+------------------------------------+--------------+
|        RTL Ports       | Dir | Bits|  Protocol  |            Source Object           |    C Type    |
+------------------------+-----+-----+------------+------------------------------------+--------------+
|ap_clk                  |   in|    1|  ap_ctrl_hs|  ecg_classifier_Pipeline_ZNORM_MEAN|  return value|
|ap_rst                  |   in|    1|  ap_ctrl_hs|  ecg_classifier_Pipeline_ZNORM_MEAN|  return value|
|ap_start                |   in|    1|  ap_ctrl_hs|  ecg_classifier_Pipeline_ZNORM_MEAN|  return value|
|ap_done                 |  out|    1|  ap_ctrl_hs|  ecg_classifier_Pipeline_ZNORM_MEAN|  return value|
|ap_idle                 |  out|    1|  ap_ctrl_hs|  ecg_classifier_Pipeline_ZNORM_MEAN|  return value|
|ap_ready                |  out|    1|  ap_ctrl_hs|  ecg_classifier_Pipeline_ZNORM_MEAN|  return value|
|input_buf_V_address0    |  out|    7|   ap_memory|                         input_buf_V|         array|
|input_buf_V_ce0         |  out|    1|   ap_memory|                         input_buf_V|         array|
|input_buf_V_q0          |   in|   32|   ap_memory|                         input_buf_V|         array|
|input_buf_V_1_address0  |  out|    7|   ap_memory|                       input_buf_V_1|         array|
|input_buf_V_1_ce0       |  out|    1|   ap_memory|                       input_buf_V_1|         array|
|input_buf_V_1_q0        |   in|   32|   ap_memory|                       input_buf_V_1|         array|
|mean_acc_V_out          |  out|   48|      ap_vld|                      mean_acc_V_out|       pointer|
|mean_acc_V_out_ap_vld   |  out|    1|      ap_vld|                      mean_acc_V_out|       pointer|
+------------------------+-----+-----+------------+------------------------------------+--------------+

============================================================
+ Verbose Summary: Synthesis Manager
============================================================
InlineROM: 1
ExposeGlobal: 0
============================================================
+ Verbose Summary: CDFG Model
============================================================
IsTopModel: 0
ResetActiveHigh: 1
IsCombinational: 2
IsDatapathOnly: 2
HasWiredReturn: 1
HasMFsm: 2
HasVarLatency: 1
IsPipeline: 0
IsRtlPipelined: 0
IsInstanceOverlapped: 0
IsDontTouch: 0
HasImplIP: 0
IsGatedGlobalClock: 0

+ Individual pipeline summary: 
  * Pipeline-0: initiation interval (II) = 1, depth = 2


============================================================
+ Verbose Summary: Schedule
============================================================
* Number of FSM states : 2
* Pipeline : 1
  Pipeline-0 : II = 1, D = 2, States = { 1 2 }
* Dataflow Pipeline: 0

* FSM state transitions: 
1 --> 2 
2 --> 

* FSM state operations: 

State 1 <SV = 0> <Delay = 2.61>
ST_1 : Operation 5 [1/1] (0.00ns)   --->   "%mean_acc_V = alloca i32 1"   --->   Operation 5 'alloca' 'mean_acc_V' <Predicate = true> <Delay = 0.00>
ST_1 : Operation 6 [1/1] (0.00ns)   --->   "%t_1 = alloca i32 1"   --->   Operation 6 'alloca' 't_1' <Predicate = true> <Delay = 0.00>
ST_1 : Operation 7 [1/1] (0.00ns)   --->   "%specmemcore_ln0 = specmemcore void @_ssdm_op_SpecMemCore, i32 %input_buf_V, i64 666, i64 19, i64 18446744073709551615"   --->   Operation 7 'specmemcore' 'specmemcore_ln0' <Predicate = true> <Delay = 0.00>
ST_1 : Operation 8 [1/1] (0.00ns)   --->   "%specmemcore_ln0 = specmemcore void @_ssdm_op_SpecMemCore, i32 %input_buf_V_1, i64 666, i64 19, i64 18446744073709551615"   --->   Operation 8 'specmemcore' 'specmemcore_ln0' <Predicate = true> <Delay = 0.00>
ST_1 : Operation 9 [1/1] (1.29ns)   --->   "%store_ln0 = store i8 0, i8 %t_1"   --->   Operation 9 'store' 'store_ln0' <Predicate = true> <Delay = 1.29>
ST_1 : Operation 10 [1/1] (1.29ns)   --->   "%store_ln0 = store i48 0, i48 %mean_acc_V"   --->   Operation 10 'store' 'store_ln0' <Predicate = true> <Delay = 1.29>
ST_1 : Operation 11 [1/1] (0.00ns)   --->   "%br_ln0 = br void %for.body41"   --->   Operation 11 'br' 'br_ln0' <Predicate = true> <Delay = 0.00>
ST_1 : Operation 12 [1/1] (0.00ns)   --->   "%t = load i8 %t_1"   --->   Operation 12 'load' 't' <Predicate = true> <Delay = 0.00>
ST_1 : Operation 13 [1/1] (1.31ns)   --->   "%icmp_ln54 = icmp_eq  i8 %t, i8 187" [src/ecg_classifier.cpp:54]   --->   Operation 13 'icmp' 'icmp_ln54' <Predicate = true> <Delay = 1.31> <CoreInst = "Cmp">   --->   Core 9 'Cmp' <Latency = 0> <II = 1> <Delay = 1.31> <FuncUnit> <Opcode : 'icmp'> <InPorts = 2> <OutPorts = 1>
ST_1 : Operation 14 [1/1] (0.00ns)   --->   "%empty = speclooptripcount i32 @_ssdm_op_SpecLoopTripCount, i64 187, i64 187, i64 187"   --->   Operation 14 'speclooptripcount' 'empty' <Predicate = true> <Delay = 0.00>
ST_1 : Operation 15 [1/1] (1.30ns)   --->   "%add_ln54 = add i8 %t, i8 1" [src/ecg_classifier.cpp:54]   --->   Operation 15 'add' 'add_ln54' <Predicate = true> <Delay = 1.30> <CoreInst = "Adder">   --->   Core 1 'Adder' <Latency = 0> <II = 1> <Delay = 1.30> <FuncUnit> <Opcode : 'add' 'sub'> <InPorts = 2> <OutPorts = 1>
ST_1 : Operation 16 [1/1] (0.00ns)   --->   "%br_ln54 = br i1 %icmp_ln54, void %for.body41.split, void %for.end48.exitStub" [src/ecg_classifier.cpp:54]   --->   Operation 16 'br' 'br_ln54' <Predicate = true> <Delay = 0.00>
ST_1 : Operation 17 [1/1] (0.00ns)   --->   "%lshr_ln1 = partselect i7 @_ssdm_op_PartSelect.i7.i8.i32.i32, i8 %t, i32 1, i32 7"   --->   Operation 17 'partselect' 'lshr_ln1' <Predicate = (!icmp_ln54)> <Delay = 0.00>
ST_1 : Operation 18 [1/1] (0.00ns)   --->   "%zext_ln837 = zext i7 %lshr_ln1"   --->   Operation 18 'zext' 'zext_ln837' <Predicate = (!icmp_ln54)> <Delay = 0.00>
ST_1 : Operation 19 [1/1] (0.00ns)   --->   "%input_buf_V_addr = getelementptr i32 %input_buf_V, i64 0, i64 %zext_ln837"   --->   Operation 19 'getelementptr' 'input_buf_V_addr' <Predicate = (!icmp_ln54)> <Delay = 0.00>
ST_1 : Operation 20 [1/1] (0.00ns)   --->   "%input_buf_V_1_addr = getelementptr i32 %input_buf_V_1, i64 0, i64 %zext_ln837"   --->   Operation 20 'getelementptr' 'input_buf_V_1_addr' <Predicate = (!icmp_ln54)> <Delay = 0.00>
ST_1 : Operation 21 [1/1] (0.00ns)   --->   "%trunc_ln837 = trunc i8 %t"   --->   Operation 21 'trunc' 'trunc_ln837' <Predicate = (!icmp_ln54)> <Delay = 0.00>
ST_1 : Operation 22 [2/2] (1.75ns)   --->   "%input_buf_V_load = load i7 %input_buf_V_addr"   --->   Operation 22 'load' 'input_buf_V_load' <Predicate = (!icmp_ln54)> <Delay = 1.75> <CoreInst = "RAM_1P_LUTRAM">   --->   Core 87 'RAM_1P_LUTRAM' <Latency = 1> <II = 1> <Delay = 1.75> <Storage> <Opcode : 'load' 'store'> <Ports = 1> <Width = 32> <Depth = 94> <RAM>
ST_1 : Operation 23 [2/2] (1.75ns)   --->   "%input_buf_V_1_load = load i7 %input_buf_V_1_addr"   --->   Operation 23 'load' 'input_buf_V_1_load' <Predicate = (!icmp_ln54)> <Delay = 1.75> <CoreInst = "RAM_1P_LUTRAM">   --->   Core 87 'RAM_1P_LUTRAM' <Latency = 1> <II = 1> <Delay = 1.75> <Storage> <Opcode : 'load' 'store'> <Ports = 1> <Width = 32> <Depth = 94> <RAM>
ST_1 : Operation 24 [1/1] (1.29ns)   --->   "%store_ln54 = store i8 %add_ln54, i8 %t_1" [src/ecg_classifier.cpp:54]   --->   Operation 24 'store' 'store_ln54' <Predicate = (!icmp_ln54)> <Delay = 1.29>
ST_1 : Operation 36 [1/1] (0.00ns)   --->   "%mean_acc_V_load_1 = load i48 %mean_acc_V"   --->   Operation 36 'load' 'mean_acc_V_load_1' <Predicate = (icmp_ln54)> <Delay = 0.00>
ST_1 : Operation 37 [1/1] (0.00ns)   --->   "%write_ln0 = write void @_ssdm_op_Write.ap_auto.i48P0A, i48 %mean_acc_V_out, i48 %mean_acc_V_load_1"   --->   Operation 37 'write' 'write_ln0' <Predicate = (icmp_ln54)> <Delay = 0.00>
ST_1 : Operation 38 [1/1] (0.00ns)   --->   "%ret_ln0 = ret"   --->   Operation 38 'ret' 'ret_ln0' <Predicate = (icmp_ln54)> <Delay = 0.00>

State 2 <SV = 1> <Delay = 6.64>
ST_2 : Operation 25 [1/1] (0.00ns)   --->   "%mean_acc_V_load = load i48 %mean_acc_V"   --->   Operation 25 'load' 'mean_acc_V_load' <Predicate = true> <Delay = 0.00>
ST_2 : Operation 26 [1/1] (0.00ns)   --->   "%specpipeline_ln55 = specpipeline void @_ssdm_op_SpecPipeline, i32 1, i32 0, i32 0, i32 0, void @empty_17" [src/ecg_classifier.cpp:55]   --->   Operation 26 'specpipeline' 'specpipeline_ln55' <Predicate = true> <Delay = 0.00>
ST_2 : Operation 27 [1/1] (0.00ns)   --->   "%specloopname_ln52 = specloopname void @_ssdm_op_SpecLoopName, void @empty_6" [src/ecg_classifier.cpp:52]   --->   Operation 27 'specloopname' 'specloopname_ln52' <Predicate = true> <Delay = 0.00>
ST_2 : Operation 28 [1/2] (1.75ns)   --->   "%input_buf_V_load = load i7 %input_buf_V_addr"   --->   Operation 28 'load' 'input_buf_V_load' <Predicate = true> <Delay = 1.75> <CoreInst = "RAM_1P_LUTRAM">   --->   Core 87 'RAM_1P_LUTRAM' <Latency = 1> <II = 1> <Delay = 1.75> <Storage> <Opcode : 'load' 'store'> <Ports = 1> <Width = 32> <Depth = 94> <RAM>
ST_2 : Operation 29 [1/2] (1.75ns)   --->   "%input_buf_V_1_load = load i7 %input_buf_V_1_addr"   --->   Operation 29 'load' 'input_buf_V_1_load' <Predicate = true> <Delay = 1.75> <CoreInst = "RAM_1P_LUTRAM">   --->   Core 87 'RAM_1P_LUTRAM' <Latency = 1> <II = 1> <Delay = 1.75> <Storage> <Opcode : 'load' 'store'> <Ports = 1> <Width = 32> <Depth = 94> <RAM>
ST_2 : Operation 30 [1/1] (1.29ns)   --->   "%tmp = mux i32 @_ssdm_op_Mux.ap_auto.2i32.i1, i32 %input_buf_V_load, i32 %input_buf_V_1_load, i1 %trunc_ln837"   --->   Operation 30 'mux' 'tmp' <Predicate = true> <Delay = 1.29> <CoreInst = "Multiplexer">   --->   Core 76 'Multiplexer' <Latency = 0> <II = 1> <Delay = 1.29> <FuncUnit> <Opcode : 'mux'> <InPorts = 2> <OutPorts = 1>
ST_2 : Operation 31 [1/1] (0.00ns)   --->   "%shl_ln838_1 = bitconcatenate i40 @_ssdm_op_BitConcatenate.i40.i32.i8, i32 %tmp, i8 0"   --->   Operation 31 'bitconcatenate' 'shl_ln838_1' <Predicate = true> <Delay = 0.00>
ST_2 : Operation 32 [1/1] (0.00ns)   --->   "%sext_ln813 = sext i40 %shl_ln838_1"   --->   Operation 32 'sext' 'sext_ln813' <Predicate = true> <Delay = 0.00>
ST_2 : Operation 33 [1/1] (2.29ns)   --->   "%mean_acc_V_1 = add i48 %sext_ln813, i48 %mean_acc_V_load"   --->   Operation 33 'add' 'mean_acc_V_1' <Predicate = true> <Delay = 2.29> <CoreInst = "Adder">   --->   Core 1 'Adder' <Latency = 0> <II = 1> <Delay = 2.29> <FuncUnit> <Opcode : 'add' 'sub'> <InPorts = 2> <OutPorts = 1>
ST_2 : Operation 34 [1/1] (1.29ns)   --->   "%store_ln54 = store i48 %mean_acc_V_1, i48 %mean_acc_V" [src/ecg_classifier.cpp:54]   --->   Operation 34 'store' 'store_ln54' <Predicate = true> <Delay = 1.29>
ST_2 : Operation 35 [1/1] (0.00ns)   --->   "%br_ln54 = br void %for.body41" [src/ecg_classifier.cpp:54]   --->   Operation 35 'br' 'br_ln54' <Predicate = true> <Delay = 0.00>


============================================================
+ Verbose Summary: Binding
============================================================
STG Binding: 
---------------- STG Properties BEGIN ----------------
- Is combinational: 0
- Is one-state seq: 0
- Is datapath-only: 0
- Is pipelined: 0
- Is top level: 0
Port [ Return ] is wired: 1; IO mode=ap_ctrl_hs:ce=0
Port [ input_buf_V]:  wired=1; compound=1; hidden=0; nouse=0; global=0; static=0; extern=0; dir=0; type=1; pingpong=0; private_global=0; MemPort=[1]; IO mode=ap_memory:ce=0
Port [ input_buf_V_1]:  wired=1; compound=1; hidden=0; nouse=0; global=0; static=0; extern=0; dir=0; type=1; pingpong=0; private_global=0; MemPort=[1]; IO mode=ap_memory:ce=0
Port [ mean_acc_V_out]:  wired=1; compound=0; hidden=0; nouse=0; global=0; static=0; extern=0; dir=1; type=0; pingpong=0; private_global=0; IO mode=ap_vld:ce=0
---------------- STG Properties END ------------------

---------------- Datapath Model BEGIN ----------------

<LifeTime>
<method=bitvector/>
mean_acc_V         (alloca           ) [ 011]
t_1                (alloca           ) [ 010]
specmemcore_ln0    (specmemcore      ) [ 000]
specmemcore_ln0    (specmemcore      ) [ 000]
store_ln0          (store            ) [ 000]
store_ln0          (store            ) [ 000]
br_ln0             (br               ) [ 000]
t                  (load             ) [ 000]
icmp_ln54          (icmp             ) [ 010]
empty              (speclooptripcount) [ 000]
add_ln54           (add              ) [ 000]
br_ln54            (br               ) [ 000]
lshr_ln1           (partselect       ) [ 000]
zext_ln837         (zext             ) [ 000]
input_buf_V_addr   (getelementptr    ) [ 011]
input_buf_V_1_addr (getelementptr    ) [ 011]
trunc_ln837        (trunc            ) [ 011]
store_ln54         (store            ) [ 000]
mean_acc_V_load    (load             ) [ 000]
specpipeline_ln55  (specpipeline     ) [ 000]
specloopname_ln52  (specloopname     ) [ 000]
input_buf_V_load   (load             ) [ 000]
input_buf_V_1_load (load             ) [ 000]
tmp                (mux              ) [ 000]
shl_ln838_1        (bitconcatenate   ) [ 000]
sext_ln813         (sext             ) [ 000]
mean_acc_V_1       (add              ) [ 000]
store_ln54         (store            ) [ 000]
br_ln54            (br               ) [ 000]
mean_acc_V_load_1  (load             ) [ 000]
write_ln0          (write            ) [ 000]
ret_ln0            (ret              ) [ 000]
</LifeTime>

<model>

<comp_list>
<comp id="0" class="1000" name="input_buf_V">
<pin_list>
<pin id="1" dir="1" index="0" bw="1" slack="0"/>
</pin_list>
<bind>
<StgValue><ssdm name="input_buf_V"/><MemPortTyVec>1 </MemPortTyVec>
</StgValue>
</bind>
</comp>

<comp id="2" class="1000" name="input_buf_V_1">
<pin_list>
<pin id="3" dir="1" index="0" bw="1" slack="0"/>
</pin_list>
<bind>
<StgValue><ssdm name="input_buf_V_1"/><MemPortTyVec>1 </MemPortTyVec>
</StgValue>
</bind>
</comp>

<comp id="4" class="1000" name="mean_acc_V_out">
<pin_list>
<pin id="5" dir="1" index="0" bw="1" slack="0"/>
</pin_list>
<bind>
<StgValue><ssdm name="mean_acc_V_out"/></StgValue>
</bind>
</comp>

<comp id="6" class="1001" name="const_6">
<pin_list>
<pin id="7" dir="1" index="0" bw="1" slack="0"/>
</pin_list>
<bind>
<StgValue><ssdm name=""/></StgValue>
</bind>
</comp>

<comp id="8" class="1001" name="const_8">
<pin_list>
<pin id="9" dir="1" index="0" bw="1" slack="2147483647"/>
</pin_list>
<bind>
<StgValue><ssdm name="_ssdm_op_SpecMemCore"/></StgValue>
</bind>
</comp>

<comp id="10" class="1001" name="const_10">
<pin_list>
<pin id="11" dir="1" index="0" bw="1" slack="2147483647"/>
</pin_list>
<bind>
<StgValue><ssdm name=""/></StgValue>
</bind>
</comp>

<comp id="12" class="1001" name="const_12">
<pin_list>
<pin id="13" dir="1" index="0" bw="1" slack="2147483647"/>
</pin_list>
<bind>
<StgValue><ssdm name=""/></StgValue>
</bind>
</comp>

<comp id="14" class="1001" name="const_14">
<pin_list>
<pin id="15" dir="1" index="0" bw="1" slack="2147483647"/>
</pin_list>
<bind>
<StgValue><ssdm name=""/></StgValue>
</bind>
</comp>

<comp id="16" class="1001" name="const_16">
<pin_list>
<pin id="17" dir="1" index="0" bw="1" slack="0"/>
</pin_list>
<bind>
<StgValue><ssdm name=""/></StgValue>
</bind>
</comp>

<comp id="18" class="1001" name="const_18">
<pin_list>
<pin id="19" dir="1" index="0" bw="1" slack="0"/>
</pin_list>
<bind>
<StgValue><ssdm name=""/></StgValue>
</bind>
</comp>

<comp id="20" class="1001" name="const_20">
<pin_list>
<pin id="21" dir="1" index="0" bw="1" slack="0"/>
</pin_list>
<bind>
<StgValue><ssdm name=""/></StgValue>
</bind>
</comp>

<comp id="22" class="1001" name="const_22">
<pin_list>
<pin id="23" dir="1" index="0" bw="1" slack="2147483647"/>
</pin_list>
<bind>
<StgValue><ssdm name="_ssdm_op_SpecLoopTripCount"/></StgValue>
</bind>
</comp>

<comp id="24" class="1001" name="const_24">
<pin_list>
<pin id="25" dir="1" index="0" bw="1" slack="2147483647"/>
</pin_list>
<bind>
<StgValue><ssdm name=""/></StgValue>
</bind>
</comp>

<comp id="26" class="1001" name="const_26">
<pin_list>
<pin id="27" dir="1" index="0" bw="1" slack="0"/>
</pin_list>
<bind>
<StgValue><ssdm name=""/></StgValue>
</bind>
</comp>

<comp id="28" class="1001" name="const_28">
<pin_list>
<pin id="29" dir="1" index="0" bw="1" slack="0"/>
</pin_list>
<bind>
<StgValue><ssdm name="_ssdm_op_PartSelect.i7.i8.i32.i32"/></StgValue>
</bind>
</comp>

<comp id="30" class="1001" name="const_30">
<pin_list>
<pin id="31" dir="1" index="0" bw="1" slack="0"/>
</pin_list>
<bind>
<StgValue><ssdm name=""/></StgValue>
</bind>
</comp>

<comp id="32" class="1001" name="const_32">
<pin_list>
<pin id="33" dir="1" index="0" bw="1" slack="0"/>
</pin_list>
<bind>
<StgValue><ssdm name=""/></StgValue>
</bind>
</comp>

<comp id="34" class="1001" name="const_34">
<pin_list>
<pin id="35" dir="1" index="0" bw="1" slack="2147483647"/>
</pin_list>
<bind>
<StgValue><ssdm name="_ssdm_op_SpecPipeline"/></StgValue>
</bind>
</comp>

<comp id="36" class="1001" name="const_36">
<pin_list>
<pin id="37" dir="1" index="0" bw="1" slack="2147483647"/>
</pin_list>
<bind>
<StgValue><ssdm name=""/></StgValue>
</bind>
</comp>

<comp id="38" class="1001" name="const_38">
<pin_list>
<pin id="39" dir="1" index="0" bw="1" slack="2147483647"/>
</pin_list>
<bind>
<StgValue><ssdm name="empty_17"/></StgValue>
</bind>
</comp>

<comp id="40" class="1001" name="const_40">
<pin_list>
<pin id="41" dir="1" index="0" bw="1" slack="2147483647"/>
</pin_list>
<bind>
<StgValue><ssdm name="_ssdm_op_SpecLoopName"/></StgValue>
</bind>
</comp>

<comp id="42" class="1001" name="const_42">
<pin_list>
<pin id="43" dir="1" index="0" bw="1" slack="2147483647"/>
</pin_list>
<bind>
<StgValue><ssdm name="empty_6"/></StgValue>
</bind>
</comp>

<comp id="44" class="1001" name="const_44">
<pin_list>
<pin id="45" dir="1" index="0" bw="1" slack="0"/>
</pin_list>
<bind>
<StgValue><ssdm name="_ssdm_op_Mux.ap_auto.2i32.i1"/></StgValue>
</bind>
</comp>

<comp id="46" class="1001" name="const_46">
<pin_list>
<pin id="47" dir="1" index="0" bw="1" slack="0"/>
</pin_list>
<bind>
<StgValue><ssdm name="_ssdm_op_BitConcatenate.i40.i32.i8"/></StgValue>
</bind>
</comp>

<comp id="48" class="1001" name="const_48">
<pin_list>
<pin id="49" dir="1" index="0" bw="1" slack="0"/>
</pin_list>
<bind>
<StgValue><ssdm name="_ssdm_op_Write.ap_auto.i48P0A"/></StgValue>
</bind>
</comp>

<comp id="50" class="1004" name="mean_acc_V_fu_50">
<pin_list>
<pin id="51" dir="0" index="0" bw="1" slack="0"/>
<pin id="52" dir="1" index="1" bw="48" slack="0"/>
</pin_list>
<bind>
<opcode="alloca(26) " fcode="alloca"/>
<opset="mean_acc_V/1 "/>
</bind>
</comp>

<comp id="54" class="1004" name="t_1_fu_54">
<pin_list>
<pin id="55" dir="0" index="0" bw="1" slack="0"/>
<pin id="56" dir="1" index="1" bw="8" slack="0"/>
</pin_list>
<bind>
<opcode="alloca(26) " fcode="alloca"/>
<opset="t_1/1 "/>
</bind>
</comp>

<comp id="58" class="1004" name="write_ln0_write_fu_58">
<pin_list>
<pin id="59" dir="0" index="0" bw="0" slack="0"/>
<pin id="60" dir="0" index="1" bw="48" slack="0"/>
<pin id="61" dir="0" index="2" bw="48" slack="0"/>
<pin id="62" dir="1" index="3" bw="0" slack="2147483647"/>
</pin_list>
<bind>
<opcode="write(1151) " fcode="write"/>
<opset="write_ln0/1 "/>
</bind>
</comp>

<comp id="65" class="1004" name="input_buf_V_addr_gep_fu_65">
<pin_list>
<pin id="66" dir="0" index="0" bw="32" slack="0"/>
<pin id="67" dir="0" index="1" bw="1" slack="0"/>
<pin id="68" dir="0" index="2" bw="7" slack="0"/>
<pin id="69" dir="1" index="3" bw="7" slack="0"/>
</pin_list>
<bind>
<opcode="getelementptr(29) " fcode="getelementptr"/>
<opset="input_buf_V_addr/1 "/>
</bind>
</comp>

<comp id="72" class="1004" name="input_buf_V_1_addr_gep_fu_72">
<pin_list>
<pin id="73" dir="0" index="0" bw="32" slack="0"/>
<pin id="74" dir="0" index="1" bw="1" slack="0"/>
<pin id="75" dir="0" index="2" bw="7" slack="0"/>
<pin id="76" dir="1" index="3" bw="7" slack="0"/>
</pin_list>
<bind>
<opcode="getelementptr(29) " fcode="getelementptr"/>
<opset="input_buf_V_1_addr/1 "/>
</bind>
</comp>

<comp id="79" class="1004" name="grp_access_fu_79">
<pin_list>
<pin id="80" dir="0" index="0" bw="7" slack="0"/>
<pin id="81" dir="0" index="1" bw="32" slack="2147483647"/>
<pin id="82" dir="0" index="2" bw="0" slack="2147483647"/>
<pin id="83" dir="1" index="3" bw="32" slack="0"/>
</pin_list>
<bind>
<opcode="load(27) " fcode="load"/>
<opset="input_buf_V_load/1 "/>
</bind>
</comp>

<comp id="85" class="1004" name="grp_access_fu_85">
<pin_list>
<pin id="86" dir="0" index="0" bw="7" slack="0"/>
<pin id="87" dir="0" index="1" bw="32" slack="2147483647"/>
<pin id="88" dir="0" index="2" bw="0" slack="2147483647"/>
<pin id="89" dir="1" index="3" bw="32" slack="0"/>
</pin_list>
<bind>
<opcode="load(27) " fcode="load"/>
<opset="input_buf_V_1_load/1 "/>
</bind>
</comp>

<comp id="91" class="1004" name="store_ln0_store_fu_91">
<pin_list>
<pin id="92" dir="0" index="0" bw="1" slack="0"/>
<pin id="93" dir="0" index="1" bw="8" slack="0"/>
<pin id="94" dir="1" index="2" bw="0" slack="2147483647"/>
</pin_list>
<bind>
<opcode="store(28) " fcode="store"/>
<opset="store_ln0/1 "/>
</bind>
</comp>

<comp id="96" class="1004" name="store_ln0_store_fu_96">
<pin_list>
<pin id="97" dir="0" index="0" bw="1" slack="0"/>
<pin id="98" dir="0" index="1" bw="48" slack="0"/>
<pin id="99" dir="1" index="2" bw="0" slack="2147483647"/>
</pin_list>
<bind>
<opcode="store(28) " fcode="store"/>
<opset="store_ln0/1 "/>
</bind>
</comp>

<comp id="101" class="1004" name="t_load_fu_101">
<pin_list>
<pin id="102" dir="0" index="0" bw="8" slack="0"/>
<pin id="103" dir="1" index="1" bw="8" slack="0"/>
</pin_list>
<bind>
<opcode="load(27) " fcode="load"/>
<opset="t/1 "/>
</bind>
</comp>

<comp id="104" class="1004" name="icmp_ln54_fu_104">
<pin_list>
<pin id="105" dir="0" index="0" bw="8" slack="0"/>
<pin id="106" dir="0" index="1" bw="8" slack="0"/>
<pin id="107" dir="1" index="2" bw="1" slack="2147483647"/>
</pin_list>
<bind>
<opcode="icmp(45) " fcode="icmp"/>
<opset="icmp_ln54/1 "/>
</bind>
</comp>

<comp id="110" class="1004" name="add_ln54_fu_110">
<pin_list>
<pin id="111" dir="0" index="0" bw="8" slack="0"/>
<pin id="112" dir="0" index="1" bw="1" slack="0"/>
<pin id="113" dir="1" index="2" bw="8" slack="0"/>
</pin_list>
<bind>
<opcode="add(8) " fcode="add"/>
<opset="add_ln54/1 "/>
</bind>
</comp>

<comp id="116" class="1004" name="lshr_ln1_fu_116">
<pin_list>
<pin id="117" dir="0" index="0" bw="7" slack="0"/>
<pin id="118" dir="0" index="1" bw="8" slack="0"/>
<pin id="119" dir="0" index="2" bw="1" slack="0"/>
<pin id="120" dir="0" index="3" bw="4" slack="0"/>
<pin id="121" dir="1" index="4" bw="7" slack="0"/>
</pin_list>
<bind>
<opcode="partselect(1002) " fcode="partselect"/>
<opset="lshr_ln1/1 "/>
</bind>
</comp>

<comp id="126" class="1004" name="zext_ln837_fu_126">
<pin_list>
<pin id="127" dir="0" index="0" bw="7" slack="0"/>
<pin id="128" dir="1" index="1" bw="64" slack="0"/>
</pin_list>
<bind>
<opcode="zext(34) " fcode="zext"/>
<opset="zext_ln837/1 "/>
</bind>
</comp>

<comp id="132" class="1004" name="trunc_ln837_fu_132">
<pin_list>
<pin id="133" dir="0" index="0" bw="8" slack="0"/>
<pin id="134" dir="1" index="1" bw="1" slack="1"/>
</pin_list>
<bind>
<opcode="trunc(33) " fcode="trunc"/>
<opset="trunc_ln837/1 "/>
</bind>
</comp>

<comp id="136" class="1004" name="store_ln54_store_fu_136">
<pin_list>
<pin id="137" dir="0" index="0" bw="8" slack="0"/>
<pin id="138" dir="0" index="1" bw="8" slack="0"/>
<pin id="139" dir="1" index="2" bw="0" slack="2147483647"/>
</pin_list>
<bind>
<opcode="store(28) " fcode="store"/>
<opset="store_ln54/1 "/>
</bind>
</comp>

<comp id="141" class="1004" name="mean_acc_V_load_load_fu_141">
<pin_list>
<pin id="142" dir="0" index="0" bw="48" slack="1"/>
<pin id="143" dir="1" index="1" bw="48" slack="0"/>
</pin_list>
<bind>
<opcode="load(27) " fcode="load"/>
<opset="mean_acc_V_load/2 "/>
</bind>
</comp>

<comp id="144" class="1004" name="tmp_fu_144">
<pin_list>
<pin id="145" dir="0" index="0" bw="32" slack="0"/>
<pin id="146" dir="0" index="1" bw="32" slack="0"/>
<pin id="147" dir="0" index="2" bw="32" slack="0"/>
<pin id="148" dir="0" index="3" bw="1" slack="1"/>
<pin id="149" dir="1" index="4" bw="32" slack="0"/>
</pin_list>
<bind>
<opcode="mux(1196) " fcode="mux"/>
<opset="tmp/2 "/>
</bind>
</comp>

<comp id="153" class="1004" name="shl_ln838_1_fu_153">
<pin_list>
<pin id="154" dir="0" index="0" bw="40" slack="0"/>
<pin id="155" dir="0" index="1" bw="32" slack="0"/>
<pin id="156" dir="0" index="2" bw="1" slack="0"/>
<pin id="157" dir="1" index="3" bw="40" slack="0"/>
</pin_list>
<bind>
<opcode="bitconcatenate(1004) " fcode="bitconcatenate"/>
<opset="shl_ln838_1/2 "/>
</bind>
</comp>

<comp id="161" class="1004" name="sext_ln813_fu_161">
<pin_list>
<pin id="162" dir="0" index="0" bw="40" slack="0"/>
<pin id="163" dir="1" index="1" bw="48" slack="0"/>
</pin_list>
<bind>
<opcode="sext(35) " fcode="sext"/>
<opset="sext_ln813/2 "/>
</bind>
</comp>

<comp id="165" class="1004" name="mean_acc_V_1_fu_165">
<pin_list>
<pin id="166" dir="0" index="0" bw="40" slack="0"/>
<pin id="167" dir="0" index="1" bw="48" slack="0"/>
<pin id="168" dir="1" index="2" bw="48" slack="0"/>
</pin_list>
<bind>
<opcode="add(8) " fcode="add"/>
<opset="mean_acc_V_1/2 "/>
</bind>
</comp>

<comp id="171" class="1004" name="store_ln54_store_fu_171">
<pin_list>
<pin id="172" dir="0" index="0" bw="48" slack="0"/>
<pin id="173" dir="0" index="1" bw="48" slack="1"/>
<pin id="174" dir="1" index="2" bw="0" slack="2147483647"/>
</pin_list>
<bind>
<opcode="store(28) " fcode="store"/>
<opset="store_ln54/2 "/>
</bind>
</comp>

<comp id="176" class="1004" name="mean_acc_V_load_1_load_fu_176">
<pin_list>
<pin id="177" dir="0" index="0" bw="48" slack="0"/>
<pin id="178" dir="1" index="1" bw="48" slack="0"/>
</pin_list>
<bind>
<opcode="load(27) " fcode="load"/>
<opset="mean_acc_V_load_1/1 "/>
</bind>
</comp>

<comp id="180" class="1005" name="mean_acc_V_reg_180">
<pin_list>
<pin id="181" dir="0" index="0" bw="48" slack="0"/>
<pin id="182" dir="1" index="1" bw="48" slack="0"/>
</pin_list>
<bind>
<opset="mean_acc_V "/>
</bind>
</comp>

<comp id="188" class="1005" name="t_1_reg_188">
<pin_list>
<pin id="189" dir="0" index="0" bw="8" slack="0"/>
<pin id="190" dir="1" index="1" bw="8" slack="0"/>
</pin_list>
<bind>
<opset="t_1 "/>
</bind>
</comp>

<comp id="198" class="1005" name="input_buf_V_addr_reg_198">
<pin_list>
<pin id="199" dir="0" index="0" bw="7" slack="1"/>
<pin id="200" dir="1" index="1" bw="7" slack="1"/>
</pin_list>
<bind>
<opset="input_buf_V_addr "/>
</bind>
</comp>

<comp id="203" class="1005" name="input_buf_V_1_addr_reg_203">
<pin_list>
<pin id="204" dir="0" index="0" bw="7" slack="1"/>
<pin id="205" dir="1" index="1" bw="7" slack="1"/>
</pin_list>
<bind>
<opset="input_buf_V_1_addr "/>
</bind>
</comp>

<comp id="208" class="1005" name="trunc_ln837_reg_208">
<pin_list>
<pin id="209" dir="0" index="0" bw="1" slack="1"/>
<pin id="210" dir="1" index="1" bw="1" slack="1"/>
</pin_list>
<bind>
<opset="trunc_ln837 "/>
</bind>
</comp>

</comp_list>

<net_list>
<net id="53"><net_src comp="6" pin="0"/><net_sink comp="50" pin=0"/></net>

<net id="57"><net_src comp="6" pin="0"/><net_sink comp="54" pin=0"/></net>

<net id="63"><net_src comp="48" pin="0"/><net_sink comp="58" pin=0"/></net>

<net id="64"><net_src comp="4" pin="0"/><net_sink comp="58" pin=1"/></net>

<net id="70"><net_src comp="0" pin="0"/><net_sink comp="65" pin=0"/></net>

<net id="71"><net_src comp="32" pin="0"/><net_sink comp="65" pin=1"/></net>

<net id="77"><net_src comp="2" pin="0"/><net_sink comp="72" pin=0"/></net>

<net id="78"><net_src comp="32" pin="0"/><net_sink comp="72" pin=1"/></net>

<net id="84"><net_src comp="65" pin="3"/><net_sink comp="79" pin=0"/></net>

<net id="90"><net_src comp="72" pin="3"/><net_sink comp="85" pin=0"/></net>

<net id="95"><net_src comp="16" pin="0"/><net_sink comp="91" pin=0"/></net>

<net id="100"><net_src comp="18" pin="0"/><net_sink comp="96" pin=0"/></net>

<net id="108"><net_src comp="101" pin="1"/><net_sink comp="104" pin=0"/></net>

<net id="109"><net_src comp="20" pin="0"/><net_sink comp="104" pin=1"/></net>

<net id="114"><net_src comp="101" pin="1"/><net_sink comp="110" pin=0"/></net>

<net id="115"><net_src comp="26" pin="0"/><net_sink comp="110" pin=1"/></net>

<net id="122"><net_src comp="28" pin="0"/><net_sink comp="116" pin=0"/></net>

<net id="123"><net_src comp="101" pin="1"/><net_sink comp="116" pin=1"/></net>

<net id="124"><net_src comp="6" pin="0"/><net_sink comp="116" pin=2"/></net>

<net id="125"><net_src comp="30" pin="0"/><net_sink comp="116" pin=3"/></net>

<net id="129"><net_src comp="116" pin="4"/><net_sink comp="126" pin=0"/></net>

<net id="130"><net_src comp="126" pin="1"/><net_sink comp="65" pin=2"/></net>

<net id="131"><net_src comp="126" pin="1"/><net_sink comp="72" pin=2"/></net>

<net id="135"><net_src comp="101" pin="1"/><net_sink comp="132" pin=0"/></net>

<net id="140"><net_src comp="110" pin="2"/><net_sink comp="136" pin=0"/></net>

<net id="150"><net_src comp="44" pin="0"/><net_sink comp="144" pin=0"/></net>

<net id="151"><net_src comp="79" pin="3"/><net_sink comp="144" pin=1"/></net>

<net id="152"><net_src comp="85" pin="3"/><net_sink comp="144" pin=2"/></net>

<net id="158"><net_src comp="46" pin="0"/><net_sink comp="153" pin=0"/></net>

<net id="159"><net_src comp="144" pin="4"/><net_sink comp="153" pin=1"/></net>

<net id="160"><net_src comp="16" pin="0"/><net_sink comp="153" pin=2"/></net>

<net id="164"><net_src comp="153" pin="3"/><net_sink comp="161" pin=0"/></net>

<net id="169"><net_src comp="161" pin="1"/><net_sink comp="165" pin=0"/></net>

<net id="170"><net_src comp="141" pin="1"/><net_sink comp="165" pin=1"/></net>

<net id="175"><net_src comp="165" pin="2"/><net_sink comp="171" pin=0"/></net>

<net id="179"><net_src comp="176" pin="1"/><net_sink comp="58" pin=2"/></net>

<net id="183"><net_src comp="50" pin="1"/><net_sink comp="180" pin=0"/></net>

<net id="184"><net_src comp="180" pin="1"/><net_sink comp="96" pin=1"/></net>

<net id="185"><net_src comp="180" pin="1"/><net_sink comp="141" pin=0"/></net>

<net id="186"><net_src comp="180" pin="1"/><net_sink comp="171" pin=1"/></net>

<net id="187"><net_src comp="180" pin="1"/><net_sink comp="176" pin=0"/></net>

<net id="191"><net_src comp="54" pin="1"/><net_sink comp="188" pin=0"/></net>

<net id="192"><net_src comp="188" pin="1"/><net_sink comp="91" pin=1"/></net>

<net id="193"><net_src comp="188" pin="1"/><net_sink comp="101" pin=0"/></net>

<net id="194"><net_src comp="188" pin="1"/><net_sink comp="136" pin=1"/></net>

<net id="201"><net_src comp="65" pin="3"/><net_sink comp="198" pin=0"/></net>

<net id="202"><net_src comp="198" pin="1"/><net_sink comp="79" pin=0"/></net>

<net id="206"><net_src comp="72" pin="3"/><net_sink comp="203" pin=0"/></net>

<net id="207"><net_src comp="203" pin="1"/><net_sink comp="85" pin=0"/></net>

<net id="211"><net_src comp="132" pin="1"/><net_sink comp="208" pin=0"/></net>

<net id="212"><net_src comp="208" pin="1"/><net_sink comp="144" pin=3"/></net>

</net_list>

</model> 
---------------- Datapath Model END ------------------

* FSMD analyzer results:
  - Output states:
	Port: mean_acc_V_out | {1 }
 - Input state : 
	Port: ecg_classifier_Pipeline_ZNORM_MEAN : input_buf_V | {1 2 }
	Port: ecg_classifier_Pipeline_ZNORM_MEAN : input_buf_V_1 | {1 2 }
  - Chain level:
	State 1
		store_ln0 : 1
		store_ln0 : 1
		t : 1
		icmp_ln54 : 2
		add_ln54 : 2
		br_ln54 : 3
		lshr_ln1 : 2
		zext_ln837 : 3
		input_buf_V_addr : 4
		input_buf_V_1_addr : 4
		trunc_ln837 : 2
		input_buf_V_load : 5
		input_buf_V_1_load : 5
		store_ln54 : 3
		mean_acc_V_load_1 : 1
		write_ln0 : 2
	State 2
		tmp : 1
		shl_ln838_1 : 2
		sext_ln813 : 3
		mean_acc_V_1 : 4
		store_ln54 : 5


============================================================
+ Verbose Summary: Datapath Resource usage 
============================================================

* Functional unit list:
|----------|-----------------------|---------|---------|
| Operation|    Functional Unit    |    FF   |   LUT   |
|----------|-----------------------|---------|---------|
|    add   |    add_ln54_fu_110    |    0    |    8    |
|          |  mean_acc_V_1_fu_165  |    0    |    48   |
|----------|-----------------------|---------|---------|
|    mux   |       tmp_fu_144      |    0    |    9    |
|----------|-----------------------|---------|---------|
|   icmp   |    icmp_ln54_fu_104   |    0    |    4    |
|----------|-----------------------|---------|---------|
|   write  | write_ln0_write_fu_58 |    0    |    0    |
|----------|-----------------------|---------|---------|
|partselect|    lshr_ln1_fu_116    |    0    |    0    |
|----------|-----------------------|---------|---------|
|   zext   |   zext_ln837_fu_126   |    0    |    0    |
|----------|-----------------------|---------|---------|
|   trunc  |   trunc_ln837_fu_132  |    0    |    0    |
|----------|-----------------------|---------|---------|
|bitconcatenate|   shl_ln838_1_fu_153  |    0    |    0    |
|----------|-----------------------|---------|---------|
|   sext   |   sext_ln813_fu_161   |    0    |    0    |
|----------|-----------------------|---------|---------|
|   Total  |                       |    0    |    69   |
|----------|-----------------------|---------|---------|

Memories:
N/A

* Register list:
+--------------------------+--------+
|                          |   FF   |
+--------------------------+--------+
|input_buf_V_1_addr_reg_203|    7   |
| input_buf_V_addr_reg_198 |    7   |
|    mean_acc_V_reg_180    |   48   |
|        t_1_reg_188       |    8   |
|    trunc_ln837_reg_208   |    1   |
+--------------------------+--------+
|           Total          |   71   |
+--------------------------+--------+

* Multiplexer (MUX) list: 
|------------------|------|------|------|--------||---------||---------|
|       Comp       |  Pin | Size |  BW  | S x BW ||  Delay  ||   LUT   |
|------------------|------|------|------|--------||---------||---------|
| grp_access_fu_79 |  p0  |   2  |   7  |   14   ||    9    |
| grp_access_fu_85 |  p0  |   2  |   7  |   14   ||    9    |
|------------------|------|------|------|--------||---------||---------|
|       Total      |      |      |      |   28   ||  2.596  ||    18   |
|------------------|------|------|------|--------||---------||---------|



* Summary:
+-----------+--------+--------+--------+
|           |  Delay |   FF   |   LUT  |
+-----------+--------+--------+--------+
|  Function |    -   |    0   |   69   |
|   Memory  |    -   |    -   |    -   |
|Multiplexer|    2   |    -   |   18   |
|  Register |    -   |   71   |    -   |
+-----------+--------+--------+--------+
|   Total   |    2   |   71   |   87   |
+-----------+--------+--------+--------+
