

================================================================
== Vitis HLS Report for 'ecg_classifier_Pipeline_L0_K_FILL'
================================================================
* Date:           Sat Apr  4 10:53:09 2026

* Version:        2022.2 (Build 3670227 on Oct 13 2022)
* Project:        ecg_classifier_ip
* Solution:       solution1 (Vivado IP Flow Target)
* Product family: zynq
* Target device:  xc7z030-sbg485-2


================================================================
== Performance Estimates
================================================================
+ Timing: 
    * Summary: 
    +--------+----------+----------+------------+
    |  Clock |  Target  | Estimated| Uncertainty|
    +--------+----------+----------+------------+
    |ap_clk  |  13.00 ns|  7.360 ns|     3.51 ns|
    +--------+----------+----------+------------+

+ Latency: 
    * Summary: 
    +---------+---------+----------+----------+-----+-----+---------+
    |  Latency (cycles) |  Latency (absolute) |  Interval | Pipeline|
    |   min   |   max   |    min   |    max   | min | max |   Type  |
    +---------+---------+----------+----------+-----+-----+---------+
    |       11|       11|  0.143 us|  0.143 us|   11|   11|       no|
    +---------+---------+----------+----------+-----+-----+---------+

    + Detail: 
        * Instance: 
        N/A

        * Loop: 
        +-------------+---------+---------+----------+-----------+-----------+------+----------+
        |             |  Latency (cycles) | Iteration|  Initiation Interval  | Trip |          |
        |  Loop Name  |   min   |   max   |  Latency |  achieved |   target  | Count| Pipelined|
        +-------------+---------+---------+----------+-----------+-----------+------+----------+
        |- L0_K_FILL  |        9|        9|         4|          1|          1|     7|       yes|
        +-------------+---------+---------+----------+-----------+-----------+------+----------+

============================================================
+ Verbose Summary: Synthesis Manager
============================================================
InlineROM: 1
ExposeGlobal: 0
============================================================
+ Verbose Summary: CDFG Model
============================================================
IsTopModel: 0
ResetActiveHigh: 1
IsCombinational: 0
IsDatapathOnly: 0
HasWiredReturn: 1
HasMFsm: 2
HasVarLatency: 1
IsPipeline: 0
IsRtlPipelined: 0
IsInstanceOverlapped: 0
IsDontTouch: 0
HasImplIP: 0
IsGatedGlobalClock: 0

+ Individual pipeline summary: 
  * Pipeline-0: initiation interval (II) = 1, depth = 4


============================================================
+ Verbose Summary: Schedule
============================================================
* Number of FSM states : 4
* Pipeline : 1
  Pipeline-0 : II = 1, D = 4, States = { 1 2 3 4 }
* Dataflow Pipeline: 0

* FSM state transitions: 
1 --> 2 
2 --> 3 
3 --> 4 
4 --> 

* FSM state operations: 

State 1 <SV = 0> <Delay = 4.13>
ST_1 : Operation 7 [1/1] (0.00ns)   --->   "%x_V_1 = alloca i32 1"   --->   Operation 7 'alloca' 'x_V_1' <Predicate = true> <Delay = 0.00>
ST_1 : Operation 8 [1/1] (0.00ns)   --->   "%lhs_V = alloca i32 1"   --->   Operation 8 'alloca' 'lhs_V' <Predicate = true> <Delay = 0.00>
ST_1 : Operation 9 [1/1] (0.00ns)   --->   "%k = alloca i32 1"   --->   Operation 9 'alloca' 'k' <Predicate = true> <Delay = 0.00>
ST_1 : Operation 10 [1/1] (0.00ns)   --->   "%trunc_ln114_mid2_read = read i1 @_ssdm_op_Read.ap_auto.i1, i1 %trunc_ln114_mid2"   --->   Operation 10 'read' 'trunc_ln114_mid2_read' <Predicate = true> <Delay = 0.00>
ST_1 : Operation 11 [1/1] (0.00ns)   --->   "%t_5_read = read i7 @_ssdm_op_Read.ap_auto.i7, i7 %t_5"   --->   Operation 11 'read' 't_5_read' <Predicate = true> <Delay = 0.00>
ST_1 : Operation 12 [1/1] (0.00ns)   --->   "%add_ln113_1_read = read i8 @_ssdm_op_Read.ap_auto.i8, i8 %add_ln113_1"   --->   Operation 12 'read' 'add_ln113_1_read' <Predicate = true> <Delay = 0.00>
ST_1 : Operation 13 [1/1] (0.00ns)   --->   "%sub_ln837_read = read i9 @_ssdm_op_Read.ap_auto.i9, i9 %sub_ln837"   --->   Operation 13 'read' 'sub_ln837_read' <Predicate = true> <Delay = 0.00>
ST_1 : Operation 14 [1/1] (0.00ns)   --->   "%sext_ln128_read = read i27 @_ssdm_op_Read.ap_auto.i27, i27 %sext_ln128"   --->   Operation 14 'read' 'sext_ln128_read' <Predicate = true> <Delay = 0.00>
ST_1 : Operation 15 [1/1] (0.00ns)   --->   "%sext_ln128_cast = sext i27 %sext_ln128_read"   --->   Operation 15 'sext' 'sext_ln128_cast' <Predicate = true> <Delay = 0.00>
ST_1 : Operation 16 [1/1] (0.00ns)   --->   "%specmemcore_ln0 = specmemcore void @_ssdm_op_SpecMemCore, i32 %norm_buf_V, i64 666, i64 19, i64 18446744073709551615"   --->   Operation 16 'specmemcore' 'specmemcore_ln0' <Predicate = true> <Delay = 0.00>
ST_1 : Operation 17 [1/1] (0.00ns)   --->   "%specmemcore_ln0 = specmemcore void @_ssdm_op_SpecMemCore, i32 %norm_buf_V_1, i64 666, i64 19, i64 18446744073709551615"   --->   Operation 17 'specmemcore' 'specmemcore_ln0' <Predicate = true> <Delay = 0.00>
ST_1 : Operation 18 [1/1] (1.29ns)   --->   "%store_ln0 = store i3 0, i3 %k"   --->   Operation 18 'store' 'store_ln0' <Predicate = true> <Delay = 1.29>
ST_1 : Operation 19 [1/1] (1.29ns)   --->   "%store_ln0 = store i48 %sext_ln128_cast, i48 %lhs_V"   --->   Operation 19 'store' 'store_ln0' <Predicate = true> <Delay = 1.29>
ST_1 : Operation 20 [1/1] (1.29ns)   --->   "%store_ln0 = store i32 0, i32 %x_V_1"   --->   Operation 20 'store' 'store_ln0' <Predicate = true> <Delay = 1.29>
ST_1 : Operation 21 [1/1] (0.00ns)   --->   "%br_ln0 = br void %for.body202"   --->   Operation 21 'br' 'br_ln0' <Predicate = true> <Delay = 0.00>
ST_1 : Operation 22 [1/1] (0.00ns)   --->   "%k_1 = load i3 %k" [src/ecg_classifier.cpp:132]   --->   Operation 22 'load' 'k_1' <Predicate = true> <Delay = 0.00>
ST_1 : Operation 23 [1/1] (0.98ns)   --->   "%icmp_ln130 = icmp_eq  i3 %k_1, i3 7" [src/ecg_classifier.cpp:130]   --->   Operation 23 'icmp' 'icmp_ln130' <Predicate = true> <Delay = 0.98> <CoreInst = "Cmp">   --->   Core 9 'Cmp' <Latency = 0> <II = 1> <Delay = 0.98> <FuncUnit> <Opcode : 'icmp'> <InPorts = 2> <OutPorts = 1>
ST_1 : Operation 24 [1/1] (0.00ns)   --->   "%empty = speclooptripcount i32 @_ssdm_op_SpecLoopTripCount, i64 7, i64 7, i64 7"   --->   Operation 24 'speclooptripcount' 'empty' <Predicate = true> <Delay = 0.00>
ST_1 : Operation 25 [1/1] (0.76ns)   --->   "%add_ln130 = add i3 %k_1, i3 1" [src/ecg_classifier.cpp:130]   --->   Operation 25 'add' 'add_ln130' <Predicate = true> <Delay = 0.76> <CoreInst = "Adder">   --->   Core 1 'Adder' <Latency = 0> <II = 1> <Delay = 0.76> <FuncUnit> <Opcode : 'add' 'sub'> <InPorts = 2> <OutPorts = 1>
ST_1 : Operation 26 [1/1] (0.00ns)   --->   "%br_ln130 = br i1 %icmp_ln130, void %for.body202.split_ifconv, void %for.end222.exitStub" [src/ecg_classifier.cpp:130]   --->   Operation 26 'br' 'br_ln130' <Predicate = true> <Delay = 0.00>
ST_1 : Operation 27 [1/1] (0.00ns)   --->   "%zext_ln837 = zext i3 %k_1"   --->   Operation 27 'zext' 'zext_ln837' <Predicate = (!icmp_ln130)> <Delay = 0.00>
ST_1 : Operation 28 [1/1] (1.36ns)   --->   "%add_ln837 = add i9 %sub_ln837_read, i9 %zext_ln837"   --->   Operation 28 'add' 'add_ln837' <Predicate = (!icmp_ln130)> <Delay = 1.36> <CoreInst = "Adder">   --->   Core 1 'Adder' <Latency = 0> <II = 1> <Delay = 1.36> <FuncUnit> <Opcode : 'add' 'sub'> <InPorts = 2> <OutPorts = 1>
ST_1 : Operation 29 [1/1] (0.00ns)   --->   "%zext_ln837_22 = zext i9 %add_ln837"   --->   Operation 29 'zext' 'zext_ln837_22' <Predicate = (!icmp_ln130)> <Delay = 0.00>
ST_1 : Operation 30 [1/1] (0.00ns)   --->   "%L0_W_V_0_addr = getelementptr i7 %L0_W_V_0, i64 0, i64 %zext_ln837_22"   --->   Operation 30 'getelementptr' 'L0_W_V_0_addr' <Predicate = (!icmp_ln130)> <Delay = 0.00>
ST_1 : Operation 31 [1/1] (0.00ns)   --->   "%trunc_ln132 = trunc i3 %k_1" [src/ecg_classifier.cpp:132]   --->   Operation 31 'trunc' 'trunc_ln132' <Predicate = (!icmp_ln130)> <Delay = 0.00>
ST_1 : Operation 32 [1/1] (0.76ns)   --->   "%add_ln132 = add i3 %k_1, i3 5" [src/ecg_classifier.cpp:132]   --->   Operation 32 'add' 'add_ln132' <Predicate = (!icmp_ln130)> <Delay = 0.76> <CoreInst = "Adder">   --->   Core 1 'Adder' <Latency = 0> <II = 1> <Delay = 0.76> <FuncUnit> <Opcode : 'add' 'sub'> <InPorts = 2> <OutPorts = 1>
ST_1 : Operation 33 [1/1] (0.00ns)   --->   "%sext_ln132 = sext i3 %add_ln132" [src/ecg_classifier.cpp:132]   --->   Operation 33 'sext' 'sext_ln132' <Predicate = (!icmp_ln130)> <Delay = 0.00>
ST_1 : Operation 34 [1/1] (1.30ns)   --->   "%add_ln132_1 = add i8 %sext_ln132, i8 %add_ln113_1_read" [src/ecg_classifier.cpp:132]   --->   Operation 34 'add' 'add_ln132_1' <Predicate = (!icmp_ln130)> <Delay = 1.30> <CoreInst = "Adder">   --->   Core 1 'Adder' <Latency = 0> <II = 1> <Delay = 1.30> <FuncUnit> <Opcode : 'add' 'sub'> <InPorts = 2> <OutPorts = 1>
ST_1 : Operation 35 [1/1] (0.00ns)   --->   "%tmp5 = bitconcatenate i8 @_ssdm_op_BitConcatenate.i8.i7.i1, i7 %t_5_read, i1 %trunc_ln114_mid2_read" [src/ecg_classifier.cpp:133]   --->   Operation 35 'bitconcatenate' 'tmp5' <Predicate = (!icmp_ln130)> <Delay = 0.00>
ST_1 : Operation 36 [1/1] (0.00ns)   --->   "%zext_ln133 = zext i8 %tmp5" [src/ecg_classifier.cpp:133]   --->   Operation 36 'zext' 'zext_ln133' <Predicate = (!icmp_ln130)> <Delay = 0.00>
ST_1 : Operation 37 [1/1] (0.00ns)   --->   "%sext_ln133 = sext i3 %add_ln132" [src/ecg_classifier.cpp:133]   --->   Operation 37 'sext' 'sext_ln133' <Predicate = (!icmp_ln130)> <Delay = 0.00>
ST_1 : Operation 38 [1/1] (1.30ns)   --->   "%add_ln133 = add i9 %sext_ln133, i9 %zext_ln133" [src/ecg_classifier.cpp:133]   --->   Operation 38 'add' 'add_ln133' <Predicate = (!icmp_ln130)> <Delay = 1.30> <CoreInst = "Adder">   --->   Core 1 'Adder' <Latency = 0> <II = 1> <Delay = 1.30> <FuncUnit> <Opcode : 'add' 'sub'> <InPorts = 2> <OutPorts = 1>
ST_1 : Operation 39 [1/1] (1.62ns)   --->   "%icmp_ln133 = icmp_ult  i9 %add_ln133, i9 187" [src/ecg_classifier.cpp:133]   --->   Operation 39 'icmp' 'icmp_ln133' <Predicate = (!icmp_ln130)> <Delay = 1.62> <CoreInst = "Cmp">   --->   Core 9 'Cmp' <Latency = 0> <II = 1> <Delay = 1.62> <FuncUnit> <Opcode : 'icmp'> <InPorts = 2> <OutPorts = 1>
ST_1 : Operation 40 [1/1] (0.00ns)   --->   "%lshr_ln4 = partselect i7 @_ssdm_op_PartSelect.i7.i8.i32.i32, i8 %add_ln132_1, i32 1, i32 7" [src/ecg_classifier.cpp:134]   --->   Operation 40 'partselect' 'lshr_ln4' <Predicate = (!icmp_ln130)> <Delay = 0.00>
ST_1 : Operation 41 [1/1] (0.00ns)   --->   "%zext_ln134 = zext i7 %lshr_ln4" [src/ecg_classifier.cpp:134]   --->   Operation 41 'zext' 'zext_ln134' <Predicate = (!icmp_ln130)> <Delay = 0.00>
ST_1 : Operation 42 [1/1] (0.00ns)   --->   "%norm_buf_V_addr = getelementptr i32 %norm_buf_V, i64 0, i64 %zext_ln134" [src/ecg_classifier.cpp:134]   --->   Operation 42 'getelementptr' 'norm_buf_V_addr' <Predicate = (!icmp_ln130)> <Delay = 0.00>
ST_1 : Operation 43 [1/1] (0.00ns)   --->   "%norm_buf_V_1_addr = getelementptr i32 %norm_buf_V_1, i64 0, i64 %zext_ln134" [src/ecg_classifier.cpp:134]   --->   Operation 43 'getelementptr' 'norm_buf_V_1_addr' <Predicate = (!icmp_ln130)> <Delay = 0.00>
ST_1 : Operation 44 [1/1] (0.80ns)   --->   "%xor_ln134 = xor i1 %trunc_ln114_mid2_read, i1 %trunc_ln132" [src/ecg_classifier.cpp:134]   --->   Operation 44 'xor' 'xor_ln134' <Predicate = (!icmp_ln130)> <Delay = 0.80> <CoreInst = "LogicGate">   --->   Core 74 'LogicGate' <Latency = 0> <II = 1> <Delay = 0.80> <FuncUnit> <Opcode : 'and' 'or' 'xor'> <InPorts = 2> <OutPorts = 1>
ST_1 : Operation 45 [2/2] (1.75ns)   --->   "%norm_buf_V_load = load i7 %norm_buf_V_addr" [src/ecg_classifier.cpp:134]   --->   Operation 45 'load' 'norm_buf_V_load' <Predicate = (!icmp_ln130)> <Delay = 1.75> <CoreInst = "RAM_1P_LUTRAM">   --->   Core 87 'RAM_1P_LUTRAM' <Latency = 1> <II = 1> <Delay = 1.75> <Storage> <Opcode : 'load' 'store'> <Ports = 1> <Width = 32> <Depth = 94> <RAM>
ST_1 : Operation 46 [2/2] (1.75ns)   --->   "%norm_buf_V_1_load = load i7 %norm_buf_V_1_addr" [src/ecg_classifier.cpp:134]   --->   Operation 46 'load' 'norm_buf_V_1_load' <Predicate = (!icmp_ln130)> <Delay = 1.75> <CoreInst = "RAM_1P_LUTRAM">   --->   Core 87 'RAM_1P_LUTRAM' <Latency = 1> <II = 1> <Delay = 1.75> <Storage> <Opcode : 'load' 'store'> <Ports = 1> <Width = 32> <Depth = 94> <RAM>
ST_1 : Operation 47 [2/2] (2.77ns)   --->   "%L0_W_V_0_load = load i9 %L0_W_V_0_addr"   --->   Operation 47 'load' 'L0_W_V_0_load' <Predicate = (!icmp_ln130)> <Delay = 2.77> <CoreInst = "ROM">   --->   Core 95 'ROM' <Latency = 1> <II = 1> <Delay = 2.77> <Storage> <Opcode : 'load'> <Ports = 0> <Width = 7> <Depth = 448> <ROM>
ST_1 : Operation 48 [1/1] (1.29ns)   --->   "%store_ln130 = store i3 %add_ln130, i3 %k" [src/ecg_classifier.cpp:130]   --->   Operation 48 'store' 'store_ln130' <Predicate = (!icmp_ln130)> <Delay = 1.29>

State 2 <SV = 1> <Delay = 3.75>
ST_2 : Operation 49 [1/2] (1.75ns)   --->   "%norm_buf_V_load = load i7 %norm_buf_V_addr" [src/ecg_classifier.cpp:134]   --->   Operation 49 'load' 'norm_buf_V_load' <Predicate = true> <Delay = 1.75> <CoreInst = "RAM_1P_LUTRAM">   --->   Core 87 'RAM_1P_LUTRAM' <Latency = 1> <II = 1> <Delay = 1.75> <Storage> <Opcode : 'load' 'store'> <Ports = 1> <Width = 32> <Depth = 94> <RAM>
ST_2 : Operation 50 [1/2] (1.75ns)   --->   "%norm_buf_V_1_load = load i7 %norm_buf_V_1_addr" [src/ecg_classifier.cpp:134]   --->   Operation 50 'load' 'norm_buf_V_1_load' <Predicate = true> <Delay = 1.75> <CoreInst = "RAM_1P_LUTRAM">   --->   Core 87 'RAM_1P_LUTRAM' <Latency = 1> <II = 1> <Delay = 1.75> <Storage> <Opcode : 'load' 'store'> <Ports = 1> <Width = 32> <Depth = 94> <RAM>
ST_2 : Operation 51 [1/1] (1.29ns)   --->   "%x_V = mux i32 @_ssdm_op_Mux.ap_auto.2i32.i1, i32 %norm_buf_V_1_load, i32 %norm_buf_V_load, i1 %xor_ln134" [src/ecg_classifier.cpp:134]   --->   Operation 51 'mux' 'x_V' <Predicate = (icmp_ln133)> <Delay = 1.29> <CoreInst = "Multiplexer">   --->   Core 76 'Multiplexer' <Latency = 0> <II = 1> <Delay = 1.29> <FuncUnit> <Opcode : 'mux'> <InPorts = 2> <OutPorts = 1>
ST_2 : Operation 52 [1/1] (0.70ns)   --->   "%select_ln133 = select i1 %icmp_ln133, i32 %x_V, i32 0" [src/ecg_classifier.cpp:133]   --->   Operation 52 'select' 'select_ln133' <Predicate = true> <Delay = 0.70> <CoreInst = "Sel">   --->   Core 73 'Sel' <Latency = 0> <II = 1> <Delay = 0.70> <FuncUnit> <Opcode : 'select'> <InPorts = 3> <OutPorts = 1>
ST_2 : Operation 53 [1/2] (2.77ns)   --->   "%L0_W_V_0_load = load i9 %L0_W_V_0_addr"   --->   Operation 53 'load' 'L0_W_V_0_load' <Predicate = true> <Delay = 2.77> <CoreInst = "ROM">   --->   Core 95 'ROM' <Latency = 1> <II = 1> <Delay = 2.77> <Storage> <Opcode : 'load'> <Ports = 0> <Width = 7> <Depth = 448> <ROM>

State 3 <SV = 2> <Delay = 7.36>
ST_3 : Operation 54 [1/1] (0.00ns)   --->   "%r_V_8 = bitconcatenate i40 @_ssdm_op_BitConcatenate.i40.i32.i8, i32 %select_ln133, i8 0"   --->   Operation 54 'bitconcatenate' 'r_V_8' <Predicate = true> <Delay = 0.00>
ST_3 : Operation 55 [1/1] (0.00ns)   --->   "%shl_ln838_2 = bitconcatenate i27 @_ssdm_op_BitConcatenate.i27.i7.i20, i7 %L0_W_V_0_load, i20 0"   --->   Operation 55 'bitconcatenate' 'shl_ln838_2' <Predicate = true> <Delay = 0.00>
ST_3 : Operation 56 [1/1] (0.00ns)   --->   "%sext_ln1270 = sext i40 %r_V_8"   --->   Operation 56 'sext' 'sext_ln1270' <Predicate = true> <Delay = 0.00>
ST_3 : Operation 57 [1/1] (0.00ns)   --->   "%sext_ln1273 = sext i27 %shl_ln838_2"   --->   Operation 57 'sext' 'sext_ln1273' <Predicate = true> <Delay = 0.00>
ST_3 : Operation 58 [1/1] (7.36ns)   --->   "%r_V = mul i66 %sext_ln1273, i66 %sext_ln1270"   --->   Operation 58 'mul' 'r_V' <Predicate = true> <Delay = 7.36> <CoreInst = "Multiplier">   --->   Core 3 'Multiplier' <Latency = 0> <II = 1> <Delay = 7.36> <FuncUnit> <Opcode : 'mul'> <InPorts = 2> <OutPorts = 1>
ST_3 : Operation 59 [1/1] (0.00ns)   --->   "%trunc_ln1347 = trunc i66 %r_V"   --->   Operation 59 'trunc' 'trunc_ln1347' <Predicate = true> <Delay = 0.00>
ST_3 : Operation 74 [1/1] (0.00ns)   --->   "%x_V_1_load = load i32 %x_V_1"   --->   Operation 74 'load' 'x_V_1_load' <Predicate = (icmp_ln130)> <Delay = 0.00>
ST_3 : Operation 75 [1/1] (0.00ns)   --->   "%write_ln0 = write void @_ssdm_op_Write.ap_auto.i32P0A, i32 %x_V_1_out, i32 %x_V_1_load"   --->   Operation 75 'write' 'write_ln0' <Predicate = (icmp_ln130)> <Delay = 0.00>
ST_3 : Operation 76 [1/1] (0.00ns)   --->   "%ret_ln0 = ret"   --->   Operation 76 'ret' 'ret_ln0' <Predicate = (icmp_ln130)> <Delay = 0.00>

State 4 <SV = 3> <Delay = 4.11>
ST_4 : Operation 60 [1/1] (0.00ns)   --->   "%lhs_V_load = load i48 %lhs_V"   --->   Operation 60 'load' 'lhs_V_load' <Predicate = true> <Delay = 0.00>
ST_4 : Operation 61 [1/1] (0.00ns)   --->   "%specpipeline_ln131 = specpipeline void @_ssdm_op_SpecPipeline, i32 1, i32 0, i32 0, i32 0, void @empty_17" [src/ecg_classifier.cpp:131]   --->   Operation 61 'specpipeline' 'specpipeline_ln131' <Predicate = true> <Delay = 0.00>
ST_4 : Operation 62 [1/1] (0.00ns)   --->   "%specloopname_ln128 = specloopname void @_ssdm_op_SpecLoopName, void @empty_3" [src/ecg_classifier.cpp:128]   --->   Operation 62 'specloopname' 'specloopname_ln128' <Predicate = true> <Delay = 0.00>
ST_4 : Operation 63 [1/1] (0.00ns)   --->   "%lhs_V_4 = bitconcatenate i72 @_ssdm_op_BitConcatenate.i72.i48.i24, i48 %lhs_V_load, i24 0"   --->   Operation 63 'bitconcatenate' 'lhs_V_4' <Predicate = true> <Delay = 0.00>
ST_4 : Operation 64 [1/1] (0.00ns)   --->   "%sext_ln1347 = sext i66 %r_V"   --->   Operation 64 'sext' 'sext_ln1347' <Predicate = true> <Delay = 0.00>
ST_4 : Operation 65 [1/1] (0.00ns)   --->   "%trunc_ln1347_2 = trunc i48 %lhs_V_load"   --->   Operation 65 'trunc' 'trunc_ln1347_2' <Predicate = true> <Delay = 0.00>
ST_4 : Operation 66 [1/1] (0.00ns)   --->   "%trunc_ln1347_1 = bitconcatenate i64 @_ssdm_op_BitConcatenate.i64.i40.i24, i40 %trunc_ln1347_2, i24 0"   --->   Operation 66 'bitconcatenate' 'trunc_ln1347_1' <Predicate = true> <Delay = 0.00>
ST_4 : Operation 67 [1/1] (2.81ns)   --->   "%ret_V = add i72 %lhs_V_4, i72 %sext_ln1347"   --->   Operation 67 'add' 'ret_V' <Predicate = true> <Delay = 2.81> <CoreInst = "Adder">   --->   Core 1 'Adder' <Latency = 0> <II = 1> <Delay = 2.81> <FuncUnit> <Opcode : 'add' 'sub'> <InPorts = 2> <OutPorts = 1>
ST_4 : Operation 68 [1/1] (2.69ns)   --->   "%add_ln1347_1 = add i64 %trunc_ln1347_1, i64 %trunc_ln1347"   --->   Operation 68 'add' 'add_ln1347_1' <Predicate = true> <Delay = 2.69> <CoreInst = "Adder">   --->   Core 1 'Adder' <Latency = 0> <II = 1> <Delay = 2.69> <FuncUnit> <Opcode : 'add' 'sub'> <InPorts = 2> <OutPorts = 1>
ST_4 : Operation 69 [1/1] (0.00ns)   --->   "%acc_V = partselect i48 @_ssdm_op_PartSelect.i48.i72.i32.i32, i72 %ret_V, i32 24, i32 71"   --->   Operation 69 'partselect' 'acc_V' <Predicate = true> <Delay = 0.00>
ST_4 : Operation 70 [1/1] (0.00ns)   --->   "%trunc_ln = partselect i32 @_ssdm_op_PartSelect.i32.i64.i32.i32, i64 %add_ln1347_1, i32 32, i32 63" [src/ecg_classifier.cpp:130]   --->   Operation 70 'partselect' 'trunc_ln' <Predicate = true> <Delay = 0.00>
ST_4 : Operation 71 [1/1] (1.29ns)   --->   "%store_ln130 = store i48 %acc_V, i48 %lhs_V" [src/ecg_classifier.cpp:130]   --->   Operation 71 'store' 'store_ln130' <Predicate = true> <Delay = 1.29>
ST_4 : Operation 72 [1/1] (1.29ns)   --->   "%store_ln130 = store i32 %trunc_ln, i32 %x_V_1" [src/ecg_classifier.cpp:130]   --->   Operation 72 'store' 'store_ln130' <Predicate = true> <Delay = 1.29>
ST_4 : Operation 73 [1/1] (0.00ns)   --->   "%br_ln130 = br void %for.body202" [src/ecg_classifier.cpp:130]   --->   Operation 73 'br' 'br_ln130' <Predicate = true> <Delay = 0.00>


============================================================
+ Verbose Summary: Binding
============================================================
STG Binding: 
---------------- STG Properties BEGIN ----------------
- Is combinational: 0
- Is one-state seq: 0
- Is datapath-only: 0
- Is pipelined: 0
- Is top level: 0
Port [ Return ] is wired: 1; IO mode=ap_ctrl_hs:ce=0
Port [ sext_ln128]:  wired=1; compound=0; hidden=0; nouse=0; global=0; static=0; extern=0; dir=0; type=0; pingpong=0; private_global=0; IO mode=ap_none:ce=0
Port [ sub_ln837]:  wired=1; compound=0; hidden=0; nouse=0; global=0; static=0; extern=0; dir=0; type=0; pingpong=0; private_global=0; IO mode=ap_none:ce=0
Port [ add_ln113_1]:  wired=1; compound=0; hidden=0; nouse=0; global=0; static=0; extern=0; dir=0; type=0; pingpong=0; private_global=0; IO mode=ap_none:ce=0
Port [ t_5]:  wired=1; compound=0; hidden=0; nouse=0; global=0; static=0; extern=0; dir=0; type=0; pingpong=0; private_global=0; IO mode=ap_none:ce=0
Port [ trunc_ln114_mid2]:  wired=1; compound=0; hidden=0; nouse=0; global=0; static=0; extern=0; dir=0; type=0; pingpong=0; private_global=0; IO mode=ap_none:ce=0
Port [ norm_buf_V]:  wired=1; compound=1; hidden=0; nouse=0; global=0; static=0; extern=0; dir=0; type=1; pingpong=0; private_global=0; MemPort=[1]; IO mode=ap_memory:ce=0
Port [ norm_buf_V_1]:  wired=1; compound=1; hidden=0; nouse=0; global=0; static=0; extern=0; dir=0; type=1; pingpong=0; private_global=0; MemPort=[1]; IO mode=ap_memory:ce=0
Port [ x_V_1_out]:  wired=1; compound=0; hidden=0; nouse=0; global=0; static=0; extern=0; dir=1; type=0; pingpong=0; private_global=0; IO mode=ap_vld:ce=0
Port [ L0_W_V_0]:  wired=0; compound=1; hidden=1; nouse=0; global=1; static=1; extern=0; dir=0; type=1; pingpong=0; private_global=1; MemPort=[1]; IO mode=ap_memory:ce=0
---------------- STG Properties END ------------------

---------------- Datapath Model BEGIN ----------------

<LifeTime>
<method=bitvector/>
x_V_1                 (alloca           ) [ 01111]
lhs_V                 (alloca           ) [ 01111]
k                     (alloca           ) [ 01000]
trunc_ln114_mid2_read (read             ) [ 00000]
t_5_read              (read             ) [ 00000]
add_ln113_1_read      (read             ) [ 00000]
sub_ln837_read        (read             ) [ 00000]
sext_ln128_read       (read             ) [ 00000]
sext_ln128_cast       (sext             ) [ 00000]
specmemcore_ln0       (specmemcore      ) [ 00000]
specmemcore_ln0       (specmemcore      ) [ 00000]
store_ln0             (store            ) [ 00000]
store_ln0             (store            ) [ 00000]
store_ln0             (store            ) [ 00000]
br_ln0                (br               ) [ 00000]
k_1                   (load             ) [ 00000]
icmp_ln130            (icmp             ) [ 01110]
empty                 (speclooptripcount) [ 00000]
add_ln130             (add              ) [ 00000]
br_ln130              (br               ) [ 00000]
zext_ln837            (zext             ) [ 00000]
add_ln837             (add              ) [ 00000]
zext_ln837_22         (zext             ) [ 00000]
L0_W_V_0_addr         (getelementptr    ) [ 01100]
trunc_ln132           (trunc            ) [ 00000]
add_ln132             (add              ) [ 00000]
sext_ln132            (sext             ) [ 00000]
add_ln132_1           (add              ) [ 00000]
tmp5                  (bitconcatenate   ) [ 00000]
zext_ln133            (zext             ) [ 00000]
sext_ln133            (sext             ) [ 00000]
add_ln133             (add              ) [ 00000]
icmp_ln133            (icmp             ) [ 01100]
lshr_ln4              (partselect       ) [ 00000]
zext_ln134            (zext             ) [ 00000]
norm_buf_V_addr       (getelementptr    ) [ 01100]
norm_buf_V_1_addr     (getelementptr    ) [ 01100]
xor_ln134             (xor              ) [ 01100]
store_ln130           (store            ) [ 00000]
norm_buf_V_load       (load             ) [ 00000]
norm_buf_V_1_load     (load             ) [ 00000]
x_V                   (mux              ) [ 00000]
select_ln133          (select           ) [ 01010]
L0_W_V_0_load         (load             ) [ 01010]
r_V_8                 (bitconcatenate   ) [ 00000]
shl_ln838_2           (bitconcatenate   ) [ 00000]
sext_ln1270           (sext             ) [ 00000]
sext_ln1273           (sext             ) [ 00000]
r_V                   (mul              ) [ 01001]
trunc_ln1347          (trunc            ) [ 01001]
lhs_V_load            (load             ) [ 00000]
specpipeline_ln131    (specpipeline     ) [ 00000]
specloopname_ln128    (specloopname     ) [ 00000]
lhs_V_4               (bitconcatenate   ) [ 00000]
sext_ln1347           (sext             ) [ 00000]
trunc_ln1347_2        (trunc            ) [ 00000]
trunc_ln1347_1        (bitconcatenate   ) [ 00000]
ret_V                 (add              ) [ 00000]
add_ln1347_1          (add              ) [ 00000]
acc_V                 (partselect       ) [ 00000]
trunc_ln              (partselect       ) [ 00000]
store_ln130           (store            ) [ 00000]
store_ln130           (store            ) [ 00000]
br_ln130              (br               ) [ 00000]
x_V_1_load            (load             ) [ 00000]
write_ln0             (write            ) [ 00000]
ret_ln0               (ret              ) [ 00000]
</LifeTime>

<model>

<comp_list>
<comp id="0" class="1000" name="sext_ln128">
<pin_list>
<pin id="1" dir="1" index="0" bw="1" slack="0"/>
</pin_list>
<bind>
<StgValue><ssdm name="sext_ln128"/></StgValue>
</bind>
</comp>

<comp id="2" class="1000" name="sub_ln837">
<pin_list>
<pin id="3" dir="1" index="0" bw="1" slack="0"/>
</pin_list>
<bind>
<StgValue><ssdm name="sub_ln837"/></StgValue>
</bind>
</comp>

<comp id="4" class="1000" name="add_ln113_1">
<pin_list>
<pin id="5" dir="1" index="0" bw="1" slack="0"/>
</pin_list>
<bind>
<StgValue><ssdm name="add_ln113_1"/></StgValue>
</bind>
</comp>

<comp id="6" class="1000" name="t_5">
<pin_list>
<pin id="7" dir="1" index="0" bw="1" slack="0"/>
</pin_list>
<bind>
<StgValue><ssdm name="t_5"/></StgValue>
</bind>
</comp>

<comp id="8" class="1000" name="trunc_ln114_mid2">
<pin_list>
<pin id="9" dir="1" index="0" bw="1" slack="0"/>
</pin_list>
<bind>
<StgValue><ssdm name="trunc_ln114_mid2"/></StgValue>
</bind>
</comp>

<comp id="10" class="1000" name="norm_buf_V">
<pin_list>
<pin id="11" dir="1" index="0" bw="1" slack="0"/>
</pin_list>
<bind>
<StgValue><ssdm name="norm_buf_V"/><MemPortTyVec>1 </MemPortTyVec>
</StgValue>
</bind>
</comp>

<comp id="12" class="1000" name="norm_buf_V_1">
<pin_list>
<pin id="13" dir="1" index="0" bw="1" slack="0"/>
</pin_list>
<bind>
<StgValue><ssdm name="norm_buf_V_1"/><MemPortTyVec>1 </MemPortTyVec>
</StgValue>
</bind>
</comp>

<comp id="14" class="1000" name="x_V_1_out">
<pin_list>
<pin id="15" dir="1" index="0" bw="1" slack="0"/>
</pin_list>
<bind>
<StgValue><ssdm name="x_V_1_out"/></StgValue>
</bind>
</comp>

<comp id="16" class="1000" name="L0_W_V_0">
<pin_list>
<pin id="17" dir="1" index="0" bw="1" slack="0"/>
</pin_list>
<bind>
<StgValue><ssdm name="L0_W_V_0"/><MemPortTyVec>1 </MemPortTyVec>
</StgValue>
</bind>
</comp>

<comp id="18" class="1001" name="const_18">
<pin_list>
<pin id="19" dir="1" index="0" bw="1" slack="0"/>
</pin_list>
<bind>
<StgValue><ssdm name=""/></StgValue>
</bind>
</comp>

<comp id="20" class="1001" name="const_20">
<pin_list>
<pin id="21" dir="1" index="0" bw="1" slack="0"/>
</pin_list>
<bind>
<StgValue><ssdm name="_ssdm_op_Read.ap_auto.i1"/></StgValue>
</bind>
</comp>

<comp id="22" class="1001" name="const_22">
<pin_list>
<pin id="23" dir="1" index="0" bw="1" slack="0"/>
</pin_list>
<bind>
<StgValue><ssdm name="_ssdm_op_Read.ap_auto.i7"/></StgValue>
</bind>
</comp>

<comp id="24" class="1001" name="const_24">
<pin_list>
<pin id="25" dir="1" index="0" bw="1" slack="0"/>
</pin_list>
<bind>
<StgValue><ssdm name="_ssdm_op_Read.ap_auto.i8"/></StgValue>
</bind>
</comp>

<comp id="26" class="1001" name="const_26">
<pin_list>
<pin id="27" dir="1" index="0" bw="1" slack="0"/>
</pin_list>
<bind>
<StgValue><ssdm name="_ssdm_op_Read.ap_auto.i9"/></StgValue>
</bind>
</comp>

<comp id="28" class="1001" name="const_28">
<pin_list>
<pin id="29" dir="1" index="0" bw="1" slack="0"/>
</pin_list>
<bind>
<StgValue><ssdm name="_ssdm_op_Read.ap_auto.i27"/></StgValue>
</bind>
</comp>

<comp id="30" class="1001" name="const_30">
<pin_list>
<pin id="31" dir="1" index="0" bw="1" slack="2147483647"/>
</pin_list>
<bind>
<StgValue><ssdm name="_ssdm_op_SpecMemCore"/></StgValue>
</bind>
</comp>

<comp id="32" class="1001" name="const_32">
<pin_list>
<pin id="33" dir="1" index="0" bw="1" slack="2147483647"/>
</pin_list>
<bind>
<StgValue><ssdm name=""/></StgValue>
</bind>
</comp>

<comp id="34" class="1001" name="const_34">
<pin_list>
<pin id="35" dir="1" index="0" bw="1" slack="2147483647"/>
</pin_list>
<bind>
<StgValue><ssdm name=""/></StgValue>
</bind>
</comp>

<comp id="36" class="1001" name="const_36">
<pin_list>
<pin id="37" dir="1" index="0" bw="1" slack="2147483647"/>
</pin_list>
<bind>
<StgValue><ssdm name=""/></StgValue>
</bind>
</comp>

<comp id="38" class="1001" name="const_38">
<pin_list>
<pin id="39" dir="1" index="0" bw="1" slack="0"/>
</pin_list>
<bind>
<StgValue><ssdm name=""/></StgValue>
</bind>
</comp>

<comp id="40" class="1001" name="const_40">
<pin_list>
<pin id="41" dir="1" index="0" bw="1" slack="0"/>
</pin_list>
<bind>
<StgValue><ssdm name=""/></StgValue>
</bind>
</comp>

<comp id="42" class="1001" name="const_42">
<pin_list>
<pin id="43" dir="1" index="0" bw="1" slack="0"/>
</pin_list>
<bind>
<StgValue><ssdm name=""/></StgValue>
</bind>
</comp>

<comp id="44" class="1001" name="const_44">
<pin_list>
<pin id="45" dir="1" index="0" bw="1" slack="2147483647"/>
</pin_list>
<bind>
<StgValue><ssdm name="_ssdm_op_SpecLoopTripCount"/></StgValue>
</bind>
</comp>

<comp id="46" class="1001" name="const_46">
<pin_list>
<pin id="47" dir="1" index="0" bw="1" slack="2147483647"/>
</pin_list>
<bind>
<StgValue><ssdm name=""/></StgValue>
</bind>
</comp>

<comp id="48" class="1001" name="const_48">
<pin_list>
<pin id="49" dir="1" index="0" bw="1" slack="0"/>
</pin_list>
<bind>
<StgValue><ssdm name=""/></StgValue>
</bind>
</comp>

<comp id="50" class="1001" name="const_50">
<pin_list>
<pin id="51" dir="1" index="0" bw="1" slack="0"/>
</pin_list>
<bind>
<StgValue><ssdm name=""/></StgValue>
</bind>
</comp>

<comp id="52" class="1001" name="const_52">
<pin_list>
<pin id="53" dir="1" index="0" bw="1" slack="0"/>
</pin_list>
<bind>
<StgValue><ssdm name=""/></StgValue>
</bind>
</comp>

<comp id="54" class="1001" name="const_54">
<pin_list>
<pin id="55" dir="1" index="0" bw="1" slack="0"/>
</pin_list>
<bind>
<StgValue><ssdm name="_ssdm_op_BitConcatenate.i8.i7.i1"/></StgValue>
</bind>
</comp>

<comp id="56" class="1001" name="const_56">
<pin_list>
<pin id="57" dir="1" index="0" bw="1" slack="0"/>
</pin_list>
<bind>
<StgValue><ssdm name=""/></StgValue>
</bind>
</comp>

<comp id="58" class="1001" name="const_58">
<pin_list>
<pin id="59" dir="1" index="0" bw="1" slack="0"/>
</pin_list>
<bind>
<StgValue><ssdm name="_ssdm_op_PartSelect.i7.i8.i32.i32"/></StgValue>
</bind>
</comp>

<comp id="60" class="1001" name="const_60">
<pin_list>
<pin id="61" dir="1" index="0" bw="1" slack="0"/>
</pin_list>
<bind>
<StgValue><ssdm name=""/></StgValue>
</bind>
</comp>

<comp id="62" class="1001" name="const_62">
<pin_list>
<pin id="63" dir="1" index="0" bw="1" slack="0"/>
</pin_list>
<bind>
<StgValue><ssdm name="_ssdm_op_Mux.ap_auto.2i32.i1"/></StgValue>
</bind>
</comp>

<comp id="64" class="1001" name="const_64">
<pin_list>
<pin id="65" dir="1" index="0" bw="1" slack="0"/>
</pin_list>
<bind>
<StgValue><ssdm name="_ssdm_op_BitConcatenate.i40.i32.i8"/></StgValue>
</bind>
</comp>

<comp id="66" class="1001" name="const_66">
<pin_list>
<pin id="67" dir="1" index="0" bw="1" slack="0"/>
</pin_list>
<bind>
<StgValue><ssdm name=""/></StgValue>
</bind>
</comp>

<comp id="68" class="1001" name="const_68">
<pin_list>
<pin id="69" dir="1" index="0" bw="1" slack="0"/>
</pin_list>
<bind>
<StgValue><ssdm name="_ssdm_op_BitConcatenate.i27.i7.i20"/></StgValue>
</bind>
</comp>

<comp id="70" class="1001" name="const_70">
<pin_list>
<pin id="71" dir="1" index="0" bw="1" slack="0"/>
</pin_list>
<bind>
<StgValue><ssdm name=""/></StgValue>
</bind>
</comp>

<comp id="72" class="1001" name="const_72">
<pin_list>
<pin id="73" dir="1" index="0" bw="1" slack="2147483647"/>
</pin_list>
<bind>
<StgValue><ssdm name="_ssdm_op_SpecPipeline"/></StgValue>
</bind>
</comp>

<comp id="74" class="1001" name="const_74">
<pin_list>
<pin id="75" dir="1" index="0" bw="1" slack="2147483647"/>
</pin_list>
<bind>
<StgValue><ssdm name="empty_17"/></StgValue>
</bind>
</comp>

<comp id="76" class="1001" name="const_76">
<pin_list>
<pin id="77" dir="1" index="0" bw="1" slack="2147483647"/>
</pin_list>
<bind>
<StgValue><ssdm name="_ssdm_op_SpecLoopName"/></StgValue>
</bind>
</comp>

<comp id="78" class="1001" name="const_78">
<pin_list>
<pin id="79" dir="1" index="0" bw="1" slack="2147483647"/>
</pin_list>
<bind>
<StgValue><ssdm name="empty_3"/></StgValue>
</bind>
</comp>

<comp id="80" class="1001" name="const_80">
<pin_list>
<pin id="81" dir="1" index="0" bw="1" slack="0"/>
</pin_list>
<bind>
<StgValue><ssdm name="_ssdm_op_BitConcatenate.i72.i48.i24"/></StgValue>
</bind>
</comp>

<comp id="82" class="1001" name="const_82">
<pin_list>
<pin id="83" dir="1" index="0" bw="1" slack="0"/>
</pin_list>
<bind>
<StgValue><ssdm name=""/></StgValue>
</bind>
</comp>

<comp id="84" class="1001" name="const_84">
<pin_list>
<pin id="85" dir="1" index="0" bw="1" slack="0"/>
</pin_list>
<bind>
<StgValue><ssdm name="_ssdm_op_BitConcatenate.i64.i40.i24"/></StgValue>
</bind>
</comp>

<comp id="86" class="1001" name="const_86">
<pin_list>
<pin id="87" dir="1" index="0" bw="1" slack="0"/>
</pin_list>
<bind>
<StgValue><ssdm name="_ssdm_op_PartSelect.i48.i72.i32.i32"/></StgValue>
</bind>
</comp>

<comp id="88" class="1001" name="const_88">
<pin_list>
<pin id="89" dir="1" index="0" bw="1" slack="0"/>
</pin_list>
<bind>
<StgValue><ssdm name=""/></StgValue>
</bind>
</comp>

<comp id="90" class="1001" name="const_90">
<pin_list>
<pin id="91" dir="1" index="0" bw="1" slack="0"/>
</pin_list>
<bind>
<StgValue><ssdm name=""/></StgValue>
</bind>
</comp>

<comp id="92" class="1001" name="const_92">
<pin_list>
<pin id="93" dir="1" index="0" bw="1" slack="0"/>
</pin_list>
<bind>
<StgValue><ssdm name="_ssdm_op_PartSelect.i32.i64.i32.i32"/></StgValue>
</bind>
</comp>

<comp id="94" class="1001" name="const_94">
<pin_list>
<pin id="95" dir="1" index="0" bw="1" slack="0"/>
</pin_list>
<bind>
<StgValue><ssdm name=""/></StgValue>
</bind>
</comp>

<comp id="96" class="1001" name="const_96">
<pin_list>
<pin id="97" dir="1" index="0" bw="1" slack="0"/>
</pin_list>
<bind>
<StgValue><ssdm name=""/></StgValue>
</bind>
</comp>

<comp id="98" class="1001" name="const_98">
<pin_list>
<pin id="99" dir="1" index="0" bw="1" slack="0"/>
</pin_list>
<bind>
<StgValue><ssdm name="_ssdm_op_Write.ap_auto.i32P0A"/></StgValue>
</bind>
</comp>

<comp id="100" class="1004" name="x_V_1_fu_100">
<pin_list>
<pin id="101" dir="0" index="0" bw="1" slack="0"/>
<pin id="102" dir="1" index="1" bw="32" slack="0"/>
</pin_list>
<bind>
<opcode="alloca(26) " fcode="alloca"/>
<opset="x_V_1/1 "/>
</bind>
</comp>

<comp id="104" class="1004" name="lhs_V_fu_104">
<pin_list>
<pin id="105" dir="0" index="0" bw="1" slack="0"/>
<pin id="106" dir="1" index="1" bw="48" slack="0"/>
</pin_list>
<bind>
<opcode="alloca(26) " fcode="alloca"/>
<opset="lhs_V/1 "/>
</bind>
</comp>

<comp id="108" class="1004" name="k_fu_108">
<pin_list>
<pin id="109" dir="0" index="0" bw="1" slack="0"/>
<pin id="110" dir="1" index="1" bw="3" slack="0"/>
</pin_list>
<bind>
<opcode="alloca(26) " fcode="alloca"/>
<opset="k/1 "/>
</bind>
</comp>

<comp id="112" class="1004" name="trunc_ln114_mid2_read_read_fu_112">
<pin_list>
<pin id="113" dir="0" index="0" bw="1" slack="0"/>
<pin id="114" dir="0" index="1" bw="1" slack="0"/>
<pin id="115" dir="1" index="2" bw="1" slack="0"/>
</pin_list>
<bind>
<opcode="read(1150) " fcode="read"/>
<opset="trunc_ln114_mid2_read/1 "/>
</bind>
</comp>

<comp id="118" class="1004" name="t_5_read_read_fu_118">
<pin_list>
<pin id="119" dir="0" index="0" bw="7" slack="0"/>
<pin id="120" dir="0" index="1" bw="7" slack="0"/>
<pin id="121" dir="1" index="2" bw="7" slack="0"/>
</pin_list>
<bind>
<opcode="read(1150) " fcode="read"/>
<opset="t_5_read/1 "/>
</bind>
</comp>

<comp id="124" class="1004" name="add_ln113_1_read_read_fu_124">
<pin_list>
<pin id="125" dir="0" index="0" bw="8" slack="0"/>
<pin id="126" dir="0" index="1" bw="8" slack="0"/>
<pin id="127" dir="1" index="2" bw="8" slack="0"/>
</pin_list>
<bind>
<opcode="read(1150) " fcode="read"/>
<opset="add_ln113_1_read/1 "/>
</bind>
</comp>

<comp id="130" class="1004" name="sub_ln837_read_read_fu_130">
<pin_list>
<pin id="131" dir="0" index="0" bw="9" slack="0"/>
<pin id="132" dir="0" index="1" bw="9" slack="0"/>
<pin id="133" dir="1" index="2" bw="9" slack="0"/>
</pin_list>
<bind>
<opcode="read(1150) " fcode="read"/>
<opset="sub_ln837_read/1 "/>
</bind>
</comp>

<comp id="136" class="1004" name="sext_ln128_read_read_fu_136">
<pin_list>
<pin id="137" dir="0" index="0" bw="27" slack="0"/>
<pin id="138" dir="0" index="1" bw="27" slack="0"/>
<pin id="139" dir="1" index="2" bw="27" slack="0"/>
</pin_list>
<bind>
<opcode="read(1150) " fcode="read"/>
<opset="sext_ln128_read/1 "/>
</bind>
</comp>

<comp id="142" class="1004" name="write_ln0_write_fu_142">
<pin_list>
<pin id="143" dir="0" index="0" bw="0" slack="0"/>
<pin id="144" dir="0" index="1" bw="32" slack="0"/>
<pin id="145" dir="0" index="2" bw="32" slack="0"/>
<pin id="146" dir="1" index="3" bw="0" slack="2147483647"/>
</pin_list>
<bind>
<opcode="write(1151) " fcode="write"/>
<opset="write_ln0/3 "/>
</bind>
</comp>

<comp id="149" class="1004" name="L0_W_V_0_addr_gep_fu_149">
<pin_list>
<pin id="150" dir="0" index="0" bw="7" slack="0"/>
<pin id="151" dir="0" index="1" bw="1" slack="0"/>
<pin id="152" dir="0" index="2" bw="9" slack="0"/>
<pin id="153" dir="1" index="3" bw="9" slack="0"/>
</pin_list>
<bind>
<opcode="getelementptr(29) " fcode="getelementptr"/>
<opset="L0_W_V_0_addr/1 "/>
</bind>
</comp>

<comp id="156" class="1004" name="norm_buf_V_addr_gep_fu_156">
<pin_list>
<pin id="157" dir="0" index="0" bw="32" slack="0"/>
<pin id="158" dir="0" index="1" bw="1" slack="0"/>
<pin id="159" dir="0" index="2" bw="7" slack="0"/>
<pin id="160" dir="1" index="3" bw="7" slack="0"/>
</pin_list>
<bind>
<opcode="getelementptr(29) " fcode="getelementptr"/>
<opset="norm_buf_V_addr/1 "/>
</bind>
</comp>

<comp id="163" class="1004" name="norm_buf_V_1_addr_gep_fu_163">
<pin_list>
<pin id="164" dir="0" index="0" bw="32" slack="0"/>
<pin id="165" dir="0" index="1" bw="1" slack="0"/>
<pin id="166" dir="0" index="2" bw="7" slack="0"/>
<pin id="167" dir="1" index="3" bw="7" slack="0"/>
</pin_list>
<bind>
<opcode="getelementptr(29) " fcode="getelementptr"/>
<opset="norm_buf_V_1_addr/1 "/>
</bind>
</comp>

<comp id="170" class="1004" name="grp_access_fu_170">
<pin_list>
<pin id="171" dir="0" index="0" bw="7" slack="0"/>
<pin id="172" dir="0" index="1" bw="32" slack="2147483647"/>
<pin id="173" dir="0" index="2" bw="0" slack="2147483647"/>
<pin id="174" dir="1" index="3" bw="32" slack="0"/>
</pin_list>
<bind>
<opcode="load(27) " fcode="load"/>
<opset="norm_buf_V_load/1 "/>
</bind>
</comp>

<comp id="176" class="1004" name="grp_access_fu_176">
<pin_list>
<pin id="177" dir="0" index="0" bw="7" slack="0"/>
<pin id="178" dir="0" index="1" bw="32" slack="2147483647"/>
<pin id="179" dir="0" index="2" bw="0" slack="2147483647"/>
<pin id="180" dir="1" index="3" bw="32" slack="0"/>
</pin_list>
<bind>
<opcode="load(27) " fcode="load"/>
<opset="norm_buf_V_1_load/1 "/>
</bind>
</comp>

<comp id="182" class="1004" name="grp_access_fu_182">
<pin_list>
<pin id="183" dir="0" index="0" bw="9" slack="0"/>
<pin id="184" dir="0" index="1" bw="7" slack="2147483647"/>
<pin id="185" dir="0" index="2" bw="0" slack="2147483647"/>
<pin id="186" dir="1" index="3" bw="7" slack="1"/>
</pin_list>
<bind>
<opcode="load(27) " fcode="load"/>
<opset="L0_W_V_0_load/1 "/>
</bind>
</comp>

<comp id="188" class="1004" name="sext_ln128_cast_fu_188">
<pin_list>
<pin id="189" dir="0" index="0" bw="27" slack="0"/>
<pin id="190" dir="1" index="1" bw="48" slack="0"/>
</pin_list>
<bind>
<opcode="sext(35) " fcode="sext"/>
<opset="sext_ln128_cast/1 "/>
</bind>
</comp>

<comp id="192" class="1004" name="store_ln0_store_fu_192">
<pin_list>
<pin id="193" dir="0" index="0" bw="1" slack="0"/>
<pin id="194" dir="0" index="1" bw="3" slack="0"/>
<pin id="195" dir="1" index="2" bw="0" slack="2147483647"/>
</pin_list>
<bind>
<opcode="store(28) " fcode="store"/>
<opset="store_ln0/1 "/>
</bind>
</comp>

<comp id="197" class="1004" name="store_ln0_store_fu_197">
<pin_list>
<pin id="198" dir="0" index="0" bw="27" slack="0"/>
<pin id="199" dir="0" index="1" bw="48" slack="0"/>
<pin id="200" dir="1" index="2" bw="0" slack="2147483647"/>
</pin_list>
<bind>
<opcode="store(28) " fcode="store"/>
<opset="store_ln0/1 "/>
</bind>
</comp>

<comp id="202" class="1004" name="store_ln0_store_fu_202">
<pin_list>
<pin id="203" dir="0" index="0" bw="1" slack="0"/>
<pin id="204" dir="0" index="1" bw="32" slack="0"/>
<pin id="205" dir="1" index="2" bw="0" slack="2147483647"/>
</pin_list>
<bind>
<opcode="store(28) " fcode="store"/>
<opset="store_ln0/1 "/>
</bind>
</comp>

<comp id="207" class="1004" name="k_1_load_fu_207">
<pin_list>
<pin id="208" dir="0" index="0" bw="3" slack="0"/>
<pin id="209" dir="1" index="1" bw="3" slack="0"/>
</pin_list>
<bind>
<opcode="load(27) " fcode="load"/>
<opset="k_1/1 "/>
</bind>
</comp>

<comp id="210" class="1004" name="icmp_ln130_fu_210">
<pin_list>
<pin id="211" dir="0" index="0" bw="3" slack="0"/>
<pin id="212" dir="0" index="1" bw="1" slack="0"/>
<pin id="213" dir="1" index="2" bw="1" slack="2"/>
</pin_list>
<bind>
<opcode="icmp(45) " fcode="icmp"/>
<opset="icmp_ln130/1 "/>
</bind>
</comp>

<comp id="216" class="1004" name="add_ln130_fu_216">
<pin_list>
<pin id="217" dir="0" index="0" bw="3" slack="0"/>
<pin id="218" dir="0" index="1" bw="1" slack="0"/>
<pin id="219" dir="1" index="2" bw="3" slack="0"/>
</pin_list>
<bind>
<opcode="add(8) " fcode="add"/>
<opset="add_ln130/1 "/>
</bind>
</comp>

<comp id="222" class="1004" name="zext_ln837_fu_222">
<pin_list>
<pin id="223" dir="0" index="0" bw="3" slack="0"/>
<pin id="224" dir="1" index="1" bw="9" slack="0"/>
</pin_list>
<bind>
<opcode="zext(34) " fcode="zext"/>
<opset="zext_ln837/1 "/>
</bind>
</comp>

<comp id="226" class="1004" name="add_ln837_fu_226">
<pin_list>
<pin id="227" dir="0" index="0" bw="9" slack="0"/>
<pin id="228" dir="0" index="1" bw="3" slack="0"/>
<pin id="229" dir="1" index="2" bw="9" slack="0"/>
</pin_list>
<bind>
<opcode="add(8) " fcode="add"/>
<opset="add_ln837/1 "/>
</bind>
</comp>

<comp id="232" class="1004" name="zext_ln837_22_fu_232">
<pin_list>
<pin id="233" dir="0" index="0" bw="9" slack="0"/>
<pin id="234" dir="1" index="1" bw="64" slack="0"/>
</pin_list>
<bind>
<opcode="zext(34) " fcode="zext"/>
<opset="zext_ln837_22/1 "/>
</bind>
</comp>

<comp id="237" class="1004" name="trunc_ln132_fu_237">
<pin_list>
<pin id="238" dir="0" index="0" bw="3" slack="0"/>
<pin id="239" dir="1" index="1" bw="1" slack="0"/>
</pin_list>
<bind>
<opcode="trunc(33) " fcode="trunc"/>
<opset="trunc_ln132/1 "/>
</bind>
</comp>

<comp id="241" class="1004" name="add_ln132_fu_241">
<pin_list>
<pin id="242" dir="0" index="0" bw="3" slack="0"/>
<pin id="243" dir="0" index="1" bw="3" slack="0"/>
<pin id="244" dir="1" index="2" bw="3" slack="0"/>
</pin_list>
<bind>
<opcode="add(8) " fcode="add"/>
<opset="add_ln132/1 "/>
</bind>
</comp>

<comp id="247" class="1004" name="sext_ln132_fu_247">
<pin_list>
<pin id="248" dir="0" index="0" bw="3" slack="0"/>
<pin id="249" dir="1" index="1" bw="8" slack="0"/>
</pin_list>
<bind>
<opcode="sext(35) " fcode="sext"/>
<opset="sext_ln132/1 "/>
</bind>
</comp>

<comp id="251" class="1004" name="add_ln132_1_fu_251">
<pin_list>
<pin id="252" dir="0" index="0" bw="3" slack="0"/>
<pin id="253" dir="0" index="1" bw="8" slack="0"/>
<pin id="254" dir="1" index="2" bw="8" slack="0"/>
</pin_list>
<bind>
<opcode="add(8) " fcode="add"/>
<opset="add_ln132_1/1 "/>
</bind>
</comp>

<comp id="257" class="1004" name="tmp5_fu_257">
<pin_list>
<pin id="258" dir="0" index="0" bw="8" slack="0"/>
<pin id="259" dir="0" index="1" bw="7" slack="0"/>
<pin id="260" dir="0" index="2" bw="1" slack="0"/>
<pin id="261" dir="1" index="3" bw="8" slack="0"/>
</pin_list>
<bind>
<opcode="bitconcatenate(1004) " fcode="bitconcatenate"/>
<opset="tmp5/1 "/>
</bind>
</comp>

<comp id="265" class="1004" name="zext_ln133_fu_265">
<pin_list>
<pin id="266" dir="0" index="0" bw="8" slack="0"/>
<pin id="267" dir="1" index="1" bw="9" slack="0"/>
</pin_list>
<bind>
<opcode="zext(34) " fcode="zext"/>
<opset="zext_ln133/1 "/>
</bind>
</comp>

<comp id="269" class="1004" name="sext_ln133_fu_269">
<pin_list>
<pin id="270" dir="0" index="0" bw="3" slack="0"/>
<pin id="271" dir="1" index="1" bw="9" slack="0"/>
</pin_list>
<bind>
<opcode="sext(35) " fcode="sext"/>
<opset="sext_ln133/1 "/>
</bind>
</comp>

<comp id="273" class="1004" name="add_ln133_fu_273">
<pin_list>
<pin id="274" dir="0" index="0" bw="3" slack="0"/>
<pin id="275" dir="0" index="1" bw="8" slack="0"/>
<pin id="276" dir="1" index="2" bw="9" slack="0"/>
</pin_list>
<bind>
<opcode="add(8) " fcode="add"/>
<opset="add_ln133/1 "/>
</bind>
</comp>

<comp id="279" class="1004" name="icmp_ln133_fu_279">
<pin_list>
<pin id="280" dir="0" index="0" bw="9" slack="0"/>
<pin id="281" dir="0" index="1" bw="9" slack="0"/>
<pin id="282" dir="1" index="2" bw="1" slack="1"/>
</pin_list>
<bind>
<opcode="icmp(45) " fcode="icmp"/>
<opset="icmp_ln133/1 "/>
</bind>
</comp>

<comp id="285" class="1004" name="lshr_ln4_fu_285">
<pin_list>
<pin id="286" dir="0" index="0" bw="7" slack="0"/>
<pin id="287" dir="0" index="1" bw="8" slack="0"/>
<pin id="288" dir="0" index="2" bw="1" slack="0"/>
<pin id="289" dir="0" index="3" bw="4" slack="0"/>
<pin id="290" dir="1" index="4" bw="7" slack="0"/>
</pin_list>
<bind>
<opcode="partselect(1002) " fcode="partselect"/>
<opset="lshr_ln4/1 "/>
</bind>
</comp>

<comp id="295" class="1004" name="zext_ln134_fu_295">
<pin_list>
<pin id="296" dir="0" index="0" bw="7" slack="0"/>
<pin id="297" dir="1" index="1" bw="64" slack="0"/>
</pin_list>
<bind>
<opcode="zext(34) " fcode="zext"/>
<opset="zext_ln134/1 "/>
</bind>
</comp>

<comp id="301" class="1004" name="xor_ln134_fu_301">
<pin_list>
<pin id="302" dir="0" index="0" bw="1" slack="0"/>
<pin id="303" dir="0" index="1" bw="1" slack="0"/>
<pin id="304" dir="1" index="2" bw="1" slack="1"/>
</pin_list>
<bind>
<opcode="xor(25) " fcode="xor"/>
<opset="xor_ln134/1 "/>
</bind>
</comp>

<comp id="307" class="1004" name="store_ln130_store_fu_307">
<pin_list>
<pin id="308" dir="0" index="0" bw="3" slack="0"/>
<pin id="309" dir="0" index="1" bw="3" slack="0"/>
<pin id="310" dir="1" index="2" bw="0" slack="2147483647"/>
</pin_list>
<bind>
<opcode="store(28) " fcode="store"/>
<opset="store_ln130/1 "/>
</bind>
</comp>

<comp id="312" class="1004" name="x_V_fu_312">
<pin_list>
<pin id="313" dir="0" index="0" bw="32" slack="0"/>
<pin id="314" dir="0" index="1" bw="32" slack="0"/>
<pin id="315" dir="0" index="2" bw="32" slack="0"/>
<pin id="316" dir="0" index="3" bw="1" slack="1"/>
<pin id="317" dir="1" index="4" bw="32" slack="0"/>
</pin_list>
<bind>
<opcode="mux(1196) " fcode="mux"/>
<opset="x_V/2 "/>
</bind>
</comp>

<comp id="321" class="1004" name="select_ln133_fu_321">
<pin_list>
<pin id="322" dir="0" index="0" bw="1" slack="1"/>
<pin id="323" dir="0" index="1" bw="32" slack="0"/>
<pin id="324" dir="0" index="2" bw="1" slack="0"/>
<pin id="325" dir="1" index="3" bw="32" slack="1"/>
</pin_list>
<bind>
<opcode="select(49) " fcode="select"/>
<opset="select_ln133/2 "/>
</bind>
</comp>

<comp id="328" class="1004" name="r_V_8_fu_328">
<pin_list>
<pin id="329" dir="0" index="0" bw="40" slack="0"/>
<pin id="330" dir="0" index="1" bw="32" slack="1"/>
<pin id="331" dir="0" index="2" bw="1" slack="0"/>
<pin id="332" dir="1" index="3" bw="40" slack="0"/>
</pin_list>
<bind>
<opcode="bitconcatenate(1004) " fcode="bitconcatenate"/>
<opset="r_V_8/3 "/>
</bind>
</comp>

<comp id="335" class="1004" name="shl_ln838_2_fu_335">
<pin_list>
<pin id="336" dir="0" index="0" bw="27" slack="0"/>
<pin id="337" dir="0" index="1" bw="7" slack="1"/>
<pin id="338" dir="0" index="2" bw="1" slack="0"/>
<pin id="339" dir="1" index="3" bw="27" slack="0"/>
</pin_list>
<bind>
<opcode="bitconcatenate(1004) " fcode="bitconcatenate"/>
<opset="shl_ln838_2/3 "/>
</bind>
</comp>

<comp id="342" class="1004" name="sext_ln1270_fu_342">
<pin_list>
<pin id="343" dir="0" index="0" bw="40" slack="0"/>
<pin id="344" dir="1" index="1" bw="66" slack="0"/>
</pin_list>
<bind>
<opcode="sext(35) " fcode="sext"/>
<opset="sext_ln1270/3 "/>
</bind>
</comp>

<comp id="346" class="1004" name="sext_ln1273_fu_346">
<pin_list>
<pin id="347" dir="0" index="0" bw="27" slack="0"/>
<pin id="348" dir="1" index="1" bw="66" slack="0"/>
</pin_list>
<bind>
<opcode="sext(35) " fcode="sext"/>
<opset="sext_ln1273/3 "/>
</bind>
</comp>

<comp id="350" class="1004" name="r_V_fu_350">
<pin_list>
<pin id="351" dir="0" index="0" bw="27" slack="0"/>
<pin id="352" dir="0" index="1" bw="40" slack="0"/>
<pin id="353" dir="1" index="2" bw="66" slack="0"/>
</pin_list>
<bind>
<opcode="mul(12) " fcode="mul"/>
<opset="r_V/3 "/>
</bind>
</comp>

<comp id="356" class="1004" name="trunc_ln1347_fu_356">
<pin_list>
<pin id="357" dir="0" index="0" bw="66" slack="0"/>
<pin id="358" dir="1" index="1" bw="64" slack="1"/>
</pin_list>
<bind>
<opcode="trunc(33) " fcode="trunc"/>
<opset="trunc_ln1347/3 "/>
</bind>
</comp>

<comp id="360" class="1004" name="lhs_V_load_load_fu_360">
<pin_list>
<pin id="361" dir="0" index="0" bw="48" slack="3"/>
<pin id="362" dir="1" index="1" bw="48" slack="0"/>
</pin_list>
<bind>
<opcode="load(27) " fcode="load"/>
<opset="lhs_V_load/4 "/>
</bind>
</comp>

<comp id="363" class="1004" name="lhs_V_4_fu_363">
<pin_list>
<pin id="364" dir="0" index="0" bw="72" slack="0"/>
<pin id="365" dir="0" index="1" bw="48" slack="0"/>
<pin id="366" dir="0" index="2" bw="1" slack="0"/>
<pin id="367" dir="1" index="3" bw="72" slack="0"/>
</pin_list>
<bind>
<opcode="bitconcatenate(1004) " fcode="bitconcatenate"/>
<opset="lhs_V_4/4 "/>
</bind>
</comp>

<comp id="371" class="1004" name="sext_ln1347_fu_371">
<pin_list>
<pin id="372" dir="0" index="0" bw="66" slack="1"/>
<pin id="373" dir="1" index="1" bw="72" slack="0"/>
</pin_list>
<bind>
<opcode="sext(35) " fcode="sext"/>
<opset="sext_ln1347/4 "/>
</bind>
</comp>

<comp id="374" class="1004" name="trunc_ln1347_2_fu_374">
<pin_list>
<pin id="375" dir="0" index="0" bw="48" slack="0"/>
<pin id="376" dir="1" index="1" bw="40" slack="0"/>
</pin_list>
<bind>
<opcode="trunc(33) " fcode="trunc"/>
<opset="trunc_ln1347_2/4 "/>
</bind>
</comp>

<comp id="378" class="1004" name="trunc_ln1347_1_fu_378">
<pin_list>
<pin id="379" dir="0" index="0" bw="64" slack="0"/>
<pin id="380" dir="0" index="1" bw="40" slack="0"/>
<pin id="381" dir="0" index="2" bw="1" slack="0"/>
<pin id="382" dir="1" index="3" bw="64" slack="0"/>
</pin_list>
<bind>
<opcode="bitconcatenate(1004) " fcode="bitconcatenate"/>
<opset="trunc_ln1347_1/4 "/>
</bind>
</comp>

<comp id="386" class="1004" name="ret_V_fu_386">
<pin_list>
<pin id="387" dir="0" index="0" bw="72" slack="0"/>
<pin id="388" dir="0" index="1" bw="66" slack="0"/>
<pin id="389" dir="1" index="2" bw="72" slack="0"/>
</pin_list>
<bind>
<opcode="add(8) " fcode="add"/>
<opset="ret_V/4 "/>
</bind>
</comp>

<comp id="392" class="1004" name="add_ln1347_1_fu_392">
<pin_list>
<pin id="393" dir="0" index="0" bw="64" slack="0"/>
<pin id="394" dir="0" index="1" bw="64" slack="1"/>
<pin id="395" dir="1" index="2" bw="64" slack="0"/>
</pin_list>
<bind>
<opcode="add(8) " fcode="add"/>
<opset="add_ln1347_1/4 "/>
</bind>
</comp>

<comp id="397" class="1004" name="acc_V_fu_397">
<pin_list>
<pin id="398" dir="0" index="0" bw="48" slack="0"/>
<pin id="399" dir="0" index="1" bw="72" slack="0"/>
<pin id="400" dir="0" index="2" bw="6" slack="0"/>
<pin id="401" dir="0" index="3" bw="8" slack="0"/>
<pin id="402" dir="1" index="4" bw="48" slack="0"/>
</pin_list>
<bind>
<opcode="partselect(1002) " fcode="partselect"/>
<opset="acc_V/4 "/>
</bind>
</comp>

<comp id="407" class="1004" name="trunc_ln_fu_407">
<pin_list>
<pin id="408" dir="0" index="0" bw="32" slack="0"/>
<pin id="409" dir="0" index="1" bw="64" slack="0"/>
<pin id="410" dir="0" index="2" bw="7" slack="0"/>
<pin id="411" dir="0" index="3" bw="7" slack="0"/>
<pin id="412" dir="1" index="4" bw="32" slack="0"/>
</pin_list>
<bind>
<opcode="partselect(1002) " fcode="partselect"/>
<opset="trunc_ln/4 "/>
</bind>
</comp>

<comp id="417" class="1004" name="store_ln130_store_fu_417">
<pin_list>
<pin id="418" dir="0" index="0" bw="48" slack="0"/>
<pin id="419" dir="0" index="1" bw="48" slack="3"/>
<pin id="420" dir="1" index="2" bw="0" slack="2147483647"/>
</pin_list>
<bind>
<opcode="store(28) " fcode="store"/>
<opset="store_ln130/4 "/>
</bind>
</comp>

<comp id="422" class="1004" name="store_ln130_store_fu_422">
<pin_list>
<pin id="423" dir="0" index="0" bw="32" slack="0"/>
<pin id="424" dir="0" index="1" bw="32" slack="3"/>
<pin id="425" dir="1" index="2" bw="0" slack="2147483647"/>
</pin_list>
<bind>
<opcode="store(28) " fcode="store"/>
<opset="store_ln130/4 "/>
</bind>
</comp>

<comp id="427" class="1004" name="x_V_1_load_load_fu_427">
<pin_list>
<pin id="428" dir="0" index="0" bw="32" slack="2"/>
<pin id="429" dir="1" index="1" bw="32" slack="0"/>
</pin_list>
<bind>
<opcode="load(27) " fcode="load"/>
<opset="x_V_1_load/3 "/>
</bind>
</comp>

<comp id="431" class="1005" name="x_V_1_reg_431">
<pin_list>
<pin id="432" dir="0" index="0" bw="32" slack="0"/>
<pin id="433" dir="1" index="1" bw="32" slack="0"/>
</pin_list>
<bind>
<opset="x_V_1 "/>
</bind>
</comp>

<comp id="438" class="1005" name="lhs_V_reg_438">
<pin_list>
<pin id="439" dir="0" index="0" bw="48" slack="0"/>
<pin id="440" dir="1" index="1" bw="48" slack="0"/>
</pin_list>
<bind>
<opset="lhs_V "/>
</bind>
</comp>

<comp id="445" class="1005" name="k_reg_445">
<pin_list>
<pin id="446" dir="0" index="0" bw="3" slack="0"/>
<pin id="447" dir="1" index="1" bw="3" slack="0"/>
</pin_list>
<bind>
<opset="k "/>
</bind>
</comp>

<comp id="452" class="1005" name="icmp_ln130_reg_452">
<pin_list>
<pin id="453" dir="0" index="0" bw="1" slack="2"/>
<pin id="454" dir="1" index="1" bw="1" slack="2147483647"/>
</pin_list>
<bind>
<opset="icmp_ln130 "/>
</bind>
</comp>

<comp id="456" class="1005" name="L0_W_V_0_addr_reg_456">
<pin_list>
<pin id="457" dir="0" index="0" bw="9" slack="1"/>
<pin id="458" dir="1" index="1" bw="9" slack="1"/>
</pin_list>
<bind>
<opset="L0_W_V_0_addr "/>
</bind>
</comp>

<comp id="461" class="1005" name="icmp_ln133_reg_461">
<pin_list>
<pin id="462" dir="0" index="0" bw="1" slack="1"/>
<pin id="463" dir="1" index="1" bw="1" slack="1"/>
</pin_list>
<bind>
<opset="icmp_ln133 "/>
</bind>
</comp>

<comp id="466" class="1005" name="norm_buf_V_addr_reg_466">
<pin_list>
<pin id="467" dir="0" index="0" bw="7" slack="1"/>
<pin id="468" dir="1" index="1" bw="7" slack="1"/>
</pin_list>
<bind>
<opset="norm_buf_V_addr "/>
</bind>
</comp>

<comp id="471" class="1005" name="norm_buf_V_1_addr_reg_471">
<pin_list>
<pin id="472" dir="0" index="0" bw="7" slack="1"/>
<pin id="473" dir="1" index="1" bw="7" slack="1"/>
</pin_list>
<bind>
<opset="norm_buf_V_1_addr "/>
</bind>
</comp>

<comp id="476" class="1005" name="xor_ln134_reg_476">
<pin_list>
<pin id="477" dir="0" index="0" bw="1" slack="1"/>
<pin id="478" dir="1" index="1" bw="1" slack="1"/>
</pin_list>
<bind>
<opset="xor_ln134 "/>
</bind>
</comp>

<comp id="481" class="1005" name="select_ln133_reg_481">
<pin_list>
<pin id="482" dir="0" index="0" bw="32" slack="1"/>
<pin id="483" dir="1" index="1" bw="32" slack="1"/>
</pin_list>
<bind>
<opset="select_ln133 "/>
</bind>
</comp>

<comp id="486" class="1005" name="L0_W_V_0_load_reg_486">
<pin_list>
<pin id="487" dir="0" index="0" bw="7" slack="1"/>
<pin id="488" dir="1" index="1" bw="7" slack="1"/>
</pin_list>
<bind>
<opset="L0_W_V_0_load "/>
</bind>
</comp>

<comp id="491" class="1005" name="r_V_reg_491">
<pin_list>
<pin id="492" dir="0" index="0" bw="66" slack="1"/>
<pin id="493" dir="1" index="1" bw="66" slack="1"/>
</pin_list>
<bind>
<opset="r_V "/>
</bind>
</comp>

<comp id="496" class="1005" name="trunc_ln1347_reg_496">
<pin_list>
<pin id="497" dir="0" index="0" bw="64" slack="1"/>
<pin id="498" dir="1" index="1" bw="64" slack="1"/>
</pin_list>
<bind>
<opset="trunc_ln1347 "/>
</bind>
</comp>

</comp_list>

<net_list>
<net id="103"><net_src comp="18" pin="0"/><net_sink comp="100" pin=0"/></net>

<net id="107"><net_src comp="18" pin="0"/><net_sink comp="104" pin=0"/></net>

<net id="111"><net_src comp="18" pin="0"/><net_sink comp="108" pin=0"/></net>

<net id="116"><net_src comp="20" pin="0"/><net_sink comp="112" pin=0"/></net>

<net id="117"><net_src comp="8" pin="0"/><net_sink comp="112" pin=1"/></net>

<net id="122"><net_src comp="22" pin="0"/><net_sink comp="118" pin=0"/></net>

<net id="123"><net_src comp="6" pin="0"/><net_sink comp="118" pin=1"/></net>

<net id="128"><net_src comp="24" pin="0"/><net_sink comp="124" pin=0"/></net>

<net id="129"><net_src comp="4" pin="0"/><net_sink comp="124" pin=1"/></net>

<net id="134"><net_src comp="26" pin="0"/><net_sink comp="130" pin=0"/></net>

<net id="135"><net_src comp="2" pin="0"/><net_sink comp="130" pin=1"/></net>

<net id="140"><net_src comp="28" pin="0"/><net_sink comp="136" pin=0"/></net>

<net id="141"><net_src comp="0" pin="0"/><net_sink comp="136" pin=1"/></net>

<net id="147"><net_src comp="98" pin="0"/><net_sink comp="142" pin=0"/></net>

<net id="148"><net_src comp="14" pin="0"/><net_sink comp="142" pin=1"/></net>

<net id="154"><net_src comp="16" pin="0"/><net_sink comp="149" pin=0"/></net>

<net id="155"><net_src comp="50" pin="0"/><net_sink comp="149" pin=1"/></net>

<net id="161"><net_src comp="10" pin="0"/><net_sink comp="156" pin=0"/></net>

<net id="162"><net_src comp="50" pin="0"/><net_sink comp="156" pin=1"/></net>

<net id="168"><net_src comp="12" pin="0"/><net_sink comp="163" pin=0"/></net>

<net id="169"><net_src comp="50" pin="0"/><net_sink comp="163" pin=1"/></net>

<net id="175"><net_src comp="156" pin="3"/><net_sink comp="170" pin=0"/></net>

<net id="181"><net_src comp="163" pin="3"/><net_sink comp="176" pin=0"/></net>

<net id="187"><net_src comp="149" pin="3"/><net_sink comp="182" pin=0"/></net>

<net id="191"><net_src comp="136" pin="2"/><net_sink comp="188" pin=0"/></net>

<net id="196"><net_src comp="38" pin="0"/><net_sink comp="192" pin=0"/></net>

<net id="201"><net_src comp="188" pin="1"/><net_sink comp="197" pin=0"/></net>

<net id="206"><net_src comp="40" pin="0"/><net_sink comp="202" pin=0"/></net>

<net id="214"><net_src comp="207" pin="1"/><net_sink comp="210" pin=0"/></net>

<net id="215"><net_src comp="42" pin="0"/><net_sink comp="210" pin=1"/></net>

<net id="220"><net_src comp="207" pin="1"/><net_sink comp="216" pin=0"/></net>

<net id="221"><net_src comp="48" pin="0"/><net_sink comp="216" pin=1"/></net>

<net id="225"><net_src comp="207" pin="1"/><net_sink comp="222" pin=0"/></net>

<net id="230"><net_src comp="130" pin="2"/><net_sink comp="226" pin=0"/></net>

<net id="231"><net_src comp="222" pin="1"/><net_sink comp="226" pin=1"/></net>

<net id="235"><net_src comp="226" pin="2"/><net_sink comp="232" pin=0"/></net>

<net id="236"><net_src comp="232" pin="1"/><net_sink comp="149" pin=2"/></net>

<net id="240"><net_src comp="207" pin="1"/><net_sink comp="237" pin=0"/></net>

<net id="245"><net_src comp="207" pin="1"/><net_sink comp="241" pin=0"/></net>

<net id="246"><net_src comp="52" pin="0"/><net_sink comp="241" pin=1"/></net>

<net id="250"><net_src comp="241" pin="2"/><net_sink comp="247" pin=0"/></net>

<net id="255"><net_src comp="247" pin="1"/><net_sink comp="251" pin=0"/></net>

<net id="256"><net_src comp="124" pin="2"/><net_sink comp="251" pin=1"/></net>

<net id="262"><net_src comp="54" pin="0"/><net_sink comp="257" pin=0"/></net>

<net id="263"><net_src comp="118" pin="2"/><net_sink comp="257" pin=1"/></net>

<net id="264"><net_src comp="112" pin="2"/><net_sink comp="257" pin=2"/></net>

<net id="268"><net_src comp="257" pin="3"/><net_sink comp="265" pin=0"/></net>

<net id="272"><net_src comp="241" pin="2"/><net_sink comp="269" pin=0"/></net>

<net id="277"><net_src comp="269" pin="1"/><net_sink comp="273" pin=0"/></net>

<net id="278"><net_src comp="265" pin="1"/><net_sink comp="273" pin=1"/></net>

<net id="283"><net_src comp="273" pin="2"/><net_sink comp="279" pin=0"/></net>

<net id="284"><net_src comp="56" pin="0"/><net_sink comp="279" pin=1"/></net>

<net id="291"><net_src comp="58" pin="0"/><net_sink comp="285" pin=0"/></net>

<net id="292"><net_src comp="251" pin="2"/><net_sink comp="285" pin=1"/></net>

<net id="293"><net_src comp="18" pin="0"/><net_sink comp="285" pin=2"/></net>

<net id="294"><net_src comp="60" pin="0"/><net_sink comp="285" pin=3"/></net>

<net id="298"><net_src comp="285" pin="4"/><net_sink comp="295" pin=0"/></net>

<net id="299"><net_src comp="295" pin="1"/><net_sink comp="156" pin=2"/></net>

<net id="300"><net_src comp="295" pin="1"/><net_sink comp="163" pin=2"/></net>

<net id="305"><net_src comp="112" pin="2"/><net_sink comp="301" pin=0"/></net>

<net id="306"><net_src comp="237" pin="1"/><net_sink comp="301" pin=1"/></net>

<net id="311"><net_src comp="216" pin="2"/><net_sink comp="307" pin=0"/></net>

<net id="318"><net_src comp="62" pin="0"/><net_sink comp="312" pin=0"/></net>

<net id="319"><net_src comp="176" pin="3"/><net_sink comp="312" pin=1"/></net>

<net id="320"><net_src comp="170" pin="3"/><net_sink comp="312" pin=2"/></net>

<net id="326"><net_src comp="312" pin="4"/><net_sink comp="321" pin=1"/></net>

<net id="327"><net_src comp="40" pin="0"/><net_sink comp="321" pin=2"/></net>

<net id="333"><net_src comp="64" pin="0"/><net_sink comp="328" pin=0"/></net>

<net id="334"><net_src comp="66" pin="0"/><net_sink comp="328" pin=2"/></net>

<net id="340"><net_src comp="68" pin="0"/><net_sink comp="335" pin=0"/></net>

<net id="341"><net_src comp="70" pin="0"/><net_sink comp="335" pin=2"/></net>

<net id="345"><net_src comp="328" pin="3"/><net_sink comp="342" pin=0"/></net>

<net id="349"><net_src comp="335" pin="3"/><net_sink comp="346" pin=0"/></net>

<net id="354"><net_src comp="346" pin="1"/><net_sink comp="350" pin=0"/></net>

<net id="355"><net_src comp="342" pin="1"/><net_sink comp="350" pin=1"/></net>

<net id="359"><net_src comp="350" pin="2"/><net_sink comp="356" pin=0"/></net>

<net id="368"><net_src comp="80" pin="0"/><net_sink comp="363" pin=0"/></net>

<net id="369"><net_src comp="360" pin="1"/><net_sink comp="363" pin=1"/></net>

<net id="370"><net_src comp="82" pin="0"/><net_sink comp="363" pin=2"/></net>

<net id="377"><net_src comp="360" pin="1"/><net_sink comp="374" pin=0"/></net>

<net id="383"><net_src comp="84" pin="0"/><net_sink comp="378" pin=0"/></net>

<net id="384"><net_src comp="374" pin="1"/><net_sink comp="378" pin=1"/></net>

<net id="385"><net_src comp="82" pin="0"/><net_sink comp="378" pin=2"/></net>

<net id="390"><net_src comp="363" pin="3"/><net_sink comp="386" pin=0"/></net>

<net id="391"><net_src comp="371" pin="1"/><net_sink comp="386" pin=1"/></net>

<net id="396"><net_src comp="378" pin="3"/><net_sink comp="392" pin=0"/></net>

<net id="403"><net_src comp="86" pin="0"/><net_sink comp="397" pin=0"/></net>

<net id="404"><net_src comp="386" pin="2"/><net_sink comp="397" pin=1"/></net>

<net id="405"><net_src comp="88" pin="0"/><net_sink comp="397" pin=2"/></net>

<net id="406"><net_src comp="90" pin="0"/><net_sink comp="397" pin=3"/></net>

<net id="413"><net_src comp="92" pin="0"/><net_sink comp="407" pin=0"/></net>

<net id="414"><net_src comp="392" pin="2"/><net_sink comp="407" pin=1"/></net>

<net id="415"><net_src comp="94" pin="0"/><net_sink comp="407" pin=2"/></net>

<net id="416"><net_src comp="96" pin="0"/><net_sink comp="407" pin=3"/></net>

<net id="421"><net_src comp="397" pin="4"/><net_sink comp="417" pin=0"/></net>

<net id="426"><net_src comp="407" pin="4"/><net_sink comp="422" pin=0"/></net>

<net id="430"><net_src comp="427" pin="1"/><net_sink comp="142" pin=2"/></net>

<net id="434"><net_src comp="100" pin="1"/><net_sink comp="431" pin=0"/></net>

<net id="435"><net_src comp="431" pin="1"/><net_sink comp="202" pin=1"/></net>

<net id="436"><net_src comp="431" pin="1"/><net_sink comp="422" pin=1"/></net>

<net id="437"><net_src comp="431" pin="1"/><net_sink comp="427" pin=0"/></net>

<net id="441"><net_src comp="104" pin="1"/><net_sink comp="438" pin=0"/></net>

<net id="442"><net_src comp="438" pin="1"/><net_sink comp="197" pin=1"/></net>

<net id="443"><net_src comp="438" pin="1"/><net_sink comp="360" pin=0"/></net>

<net id="444"><net_src comp="438" pin="1"/><net_sink comp="417" pin=1"/></net>

<net id="448"><net_src comp="108" pin="1"/><net_sink comp="445" pin=0"/></net>

<net id="449"><net_src comp="445" pin="1"/><net_sink comp="192" pin=1"/></net>

<net id="450"><net_src comp="445" pin="1"/><net_sink comp="207" pin=0"/></net>

<net id="451"><net_src comp="445" pin="1"/><net_sink comp="307" pin=1"/></net>

<net id="455"><net_src comp="210" pin="2"/><net_sink comp="452" pin=0"/></net>

<net id="459"><net_src comp="149" pin="3"/><net_sink comp="456" pin=0"/></net>

<net id="460"><net_src comp="456" pin="1"/><net_sink comp="182" pin=0"/></net>

<net id="464"><net_src comp="279" pin="2"/><net_sink comp="461" pin=0"/></net>

<net id="465"><net_src comp="461" pin="1"/><net_sink comp="321" pin=0"/></net>

<net id="469"><net_src comp="156" pin="3"/><net_sink comp="466" pin=0"/></net>

<net id="470"><net_src comp="466" pin="1"/><net_sink comp="170" pin=0"/></net>

<net id="474"><net_src comp="163" pin="3"/><net_sink comp="471" pin=0"/></net>

<net id="475"><net_src comp="471" pin="1"/><net_sink comp="176" pin=0"/></net>

<net id="479"><net_src comp="301" pin="2"/><net_sink comp="476" pin=0"/></net>

<net id="480"><net_src comp="476" pin="1"/><net_sink comp="312" pin=3"/></net>

<net id="484"><net_src comp="321" pin="3"/><net_sink comp="481" pin=0"/></net>

<net id="485"><net_src comp="481" pin="1"/><net_sink comp="328" pin=1"/></net>

<net id="489"><net_src comp="182" pin="3"/><net_sink comp="486" pin=0"/></net>

<net id="490"><net_src comp="486" pin="1"/><net_sink comp="335" pin=1"/></net>

<net id="494"><net_src comp="350" pin="2"/><net_sink comp="491" pin=0"/></net>

<net id="495"><net_src comp="491" pin="1"/><net_sink comp="371" pin=0"/></net>

<net id="499"><net_src comp="356" pin="1"/><net_sink comp="496" pin=0"/></net>

<net id="500"><net_src comp="496" pin="1"/><net_sink comp="392" pin=1"/></net>

</net_list>

</model> 
---------------- Datapath Model END ------------------

* FSMD analyzer results:
  - Output states:
	Port: x_V_1_out | {3 }
 - Input state : 
	Port: ecg_classifier_Pipeline_L0_K_FILL : sext_ln128 | {1 }
	Port: ecg_classifier_Pipeline_L0_K_FILL : sub_ln837 | {1 }
	Port: ecg_classifier_Pipeline_L0_K_FILL : add_ln113_1 | {1 }
	Port: ecg_classifier_Pipeline_L0_K_FILL : t_5 | {1 }
	Port: ecg_classifier_Pipeline_L0_K_FILL : trunc_ln114_mid2 | {1 }
	Port: ecg_classifier_Pipeline_L0_K_FILL : norm_buf_V | {1 2 }
	Port: ecg_classifier_Pipeline_L0_K_FILL : norm_buf_V_1 | {1 2 }
	Port: ecg_classifier_Pipeline_L0_K_FILL : L0_W_V_0 | {1 2 }
  - Chain level:
	State 1
		store_ln0 : 1
		store_ln0 : 1
		store_ln0 : 1
		k_1 : 1
		icmp_ln130 : 2
		add_ln130 : 2
		br_ln130 : 3
		zext_ln837 : 2
		add_ln837 : 3
		zext_ln837_22 : 4
		L0_W_V_0_addr : 5
		trunc_ln132 : 2
		add_ln132 : 2
		sext_ln132 : 3
		add_ln132_1 : 4
		zext_ln133 : 1
		sext_ln133 : 3
		add_ln133 : 4
		icmp_ln133 : 5
		lshr_ln4 : 5
		zext_ln134 : 6
		norm_buf_V_addr : 7
		norm_buf_V_1_addr : 7
		xor_ln134 : 3
		norm_buf_V_load : 8
		norm_buf_V_1_load : 8
		L0_W_V_0_load : 6
		store_ln130 : 3
	State 2
		x_V : 1
		select_ln133 : 2
	State 3
		sext_ln1270 : 1
		sext_ln1273 : 1
		r_V : 2
		trunc_ln1347 : 3
		write_ln0 : 1
	State 4
		lhs_V_4 : 1
		trunc_ln1347_2 : 1
		trunc_ln1347_1 : 2
		ret_V : 2
		add_ln1347_1 : 3
		acc_V : 3
		trunc_ln : 4
		store_ln130 : 4
		store_ln130 : 5


============================================================
+ Verbose Summary: Datapath Resource usage 
============================================================

* Functional unit list:
|----------|-----------------------------------|---------|---------|---------|
| Operation|          Functional Unit          |   DSP   |    FF   |   LUT   |
|----------|-----------------------------------|---------|---------|---------|
|          |          add_ln130_fu_216         |    0    |    0    |    4    |
|          |          add_ln837_fu_226         |    0    |    0    |    9    |
|          |          add_ln132_fu_241         |    0    |    0    |    4    |
|    add   |         add_ln132_1_fu_251        |    0    |    0    |    8    |
|          |          add_ln133_fu_273         |    0    |    0    |    8    |
|          |            ret_V_fu_386           |    0    |    0    |    72   |
|          |        add_ln1347_1_fu_392        |    0    |    0    |    64   |
|----------|-----------------------------------|---------|---------|---------|
|    mul   |             r_V_fu_350            |    4    |    0    |    29   |
|----------|-----------------------------------|---------|---------|---------|
|  select  |        select_ln133_fu_321        |    0    |    0    |    32   |
|----------|-----------------------------------|---------|---------|---------|
|    mux   |             x_V_fu_312            |    0    |    0    |    9    |
|----------|-----------------------------------|---------|---------|---------|
|   icmp   |         icmp_ln130_fu_210         |    0    |    0    |    2    |
|          |         icmp_ln133_fu_279         |    0    |    0    |    4    |
|----------|-----------------------------------|---------|---------|---------|
|    xor   |          xor_ln134_fu_301         |    0    |    0    |    1    |
|----------|-----------------------------------|---------|---------|---------|
|          | trunc_ln114_mid2_read_read_fu_112 |    0    |    0    |    0    |
|          |        t_5_read_read_fu_118       |    0    |    0    |    0    |
|   read   |    add_ln113_1_read_read_fu_124   |    0    |    0    |    0    |
|          |     sub_ln837_read_read_fu_130    |    0    |    0    |    0    |
|          |    sext_ln128_read_read_fu_136    |    0    |    0    |    0    |
|----------|-----------------------------------|---------|---------|---------|
|   write  |       write_ln0_write_fu_142      |    0    |    0    |    0    |
|----------|-----------------------------------|---------|---------|---------|
|          |       sext_ln128_cast_fu_188      |    0    |    0    |    0    |
|          |         sext_ln132_fu_247         |    0    |    0    |    0    |
|   sext   |         sext_ln133_fu_269         |    0    |    0    |    0    |
|          |         sext_ln1270_fu_342        |    0    |    0    |    0    |
|          |         sext_ln1273_fu_346        |    0    |    0    |    0    |
|          |         sext_ln1347_fu_371        |    0    |    0    |    0    |
|----------|-----------------------------------|---------|---------|---------|
|          |         zext_ln837_fu_222         |    0    |    0    |    0    |
|   zext   |        zext_ln837_22_fu_232       |    0    |    0    |    0    |
|          |         zext_ln133_fu_265         |    0    |    0    |    0    |
|          |         zext_ln134_fu_295         |    0    |    0    |    0    |
|----------|-----------------------------------|---------|---------|---------|
|          |         trunc_ln132_fu_237        |    0    |    0    |    0    |
|   trunc  |        trunc_ln1347_fu_356        |    0    |    0    |    0    |
|          |       trunc_ln1347_2_fu_374       |    0    |    0    |    0    |
|----------|-----------------------------------|---------|---------|---------|
|          |            tmp5_fu_257            |    0    |    0    |    0    |
|          |            r_V_8_fu_328           |    0    |    0    |    0    |
|bitconcatenate|         shl_ln838_2_fu_335        |    0    |    0    |    0    |
|          |           lhs_V_4_fu_363          |    0    |    0    |    0    |
|          |       trunc_ln1347_1_fu_378       |    0    |    0    |    0    |
|----------|-----------------------------------|---------|---------|---------|
|          |          lshr_ln4_fu_285          |    0    |    0    |    0    |
|partselect|            acc_V_fu_397           |    0    |    0    |    0    |
|          |          trunc_ln_fu_407          |    0    |    0    |    0    |
|----------|-----------------------------------|---------|---------|---------|
|   Total  |                                   |    4    |    0    |   246   |
|----------|-----------------------------------|---------|---------|---------|

Memories:
N/A

* Register list:
+-------------------------+--------+
|                         |   FF   |
+-------------------------+--------+
|  L0_W_V_0_addr_reg_456  |    9   |
|  L0_W_V_0_load_reg_486  |    7   |
|    icmp_ln130_reg_452   |    1   |
|    icmp_ln133_reg_461   |    1   |
|        k_reg_445        |    3   |
|      lhs_V_reg_438      |   48   |
|norm_buf_V_1_addr_reg_471|    7   |
| norm_buf_V_addr_reg_466 |    7   |
|       r_V_reg_491       |   66   |
|   select_ln133_reg_481  |   32   |
|   trunc_ln1347_reg_496  |   64   |
|      x_V_1_reg_431      |   32   |
|    xor_ln134_reg_476    |    1   |
+-------------------------+--------+
|          Total          |   278  |
+-------------------------+--------+

* Multiplexer (MUX) list: 
|-------------------|------|------|------|--------||---------||---------|
|        Comp       |  Pin | Size |  BW  | S x BW ||  Delay  ||   LUT   |
|-------------------|------|------|------|--------||---------||---------|
| grp_access_fu_170 |  p0  |   2  |   7  |   14   ||    9    |
| grp_access_fu_176 |  p0  |   2  |   7  |   14   ||    9    |
| grp_access_fu_182 |  p0  |   2  |   9  |   18   ||    9    |
|-------------------|------|------|------|--------||---------||---------|
|       Total       |      |      |      |   46   ||  3.894  ||    27   |
|-------------------|------|------|------|--------||---------||---------|



* Summary:
+-----------+--------+--------+--------+--------+
|           |   DSP  |  Delay |   FF   |   LUT  |
+-----------+--------+--------+--------+--------+
|  Function |    4   |    -   |    0   |   246  |
|   Memory  |    -   |    -   |    -   |    -   |
|Multiplexer|    -   |    3   |    -   |   27   |
|  Register |    -   |    -   |   278  |    -   |
+-----------+--------+--------+--------+--------+
|   Total   |    4   |    3   |   278  |   273  |
+-----------+--------+--------+--------+--------+
