

================================================================
== Vitis HLS Report for 'ecg_classifier_Pipeline_L4_IC_L4_K'
================================================================
* Date:           Sat Apr  4 10:53:13 2026

* Version:        2022.2 (Build 3670227 on Oct 13 2022)
* Project:        ecg_classifier_ip
* Solution:       solution1 (Vivado IP Flow Target)
* Product family: zynq
* Target device:  xc7z030-sbg485-2


================================================================
== Performance Estimates
================================================================
+ Timing: 
    * Summary: 
    +--------+----------+----------+------------+
    |  Clock |  Target  | Estimated| Uncertainty|
    +--------+----------+----------+------------+
    |ap_clk  |  13.00 ns|  9.273 ns|     3.51 ns|
    +--------+----------+----------+------------+

+ Latency: 
    * Summary: 
    +---------+---------+----------+----------+-----+-----+---------+
    |  Latency (cycles) |  Latency (absolute) |  Interval | Pipeline|
    |   min   |   max   |    min   |    max   | min | max |   Type  |
    +---------+---------+----------+----------+-----+-----+---------+
    |      388|      388|  5.044 us|  5.044 us|  388|  388|       no|
    +---------+---------+----------+----------+-----+-----+---------+

    + Detail: 
        * Instance: 
        N/A

        * Loop: 
        +--------------+---------+---------+----------+-----------+-----------+------+----------+
        |              |  Latency (cycles) | Iteration|  Initiation Interval  | Trip |          |
        |   Loop Name  |   min   |   max   |  Latency |  achieved |   target  | Count| Pipelined|
        +--------------+---------+---------+----------+-----------+-----------+------+----------+
        |- L4_IC_L4_K  |      386|      386|         4|          1|          1|   384|       yes|
        +--------------+---------+---------+----------+-----------+-----------+------+----------+

============================================================
+ Verbose Summary: Synthesis Manager
============================================================
InlineROM: 1
ExposeGlobal: 0
============================================================
+ Verbose Summary: CDFG Model
============================================================
IsTopModel: 0
ResetActiveHigh: 1
IsCombinational: 0
IsDatapathOnly: 0
HasWiredReturn: 1
HasMFsm: 2
HasVarLatency: 1
IsPipeline: 0
IsRtlPipelined: 0
IsInstanceOverlapped: 0
IsDontTouch: 0
HasImplIP: 0
IsGatedGlobalClock: 0

+ Individual pipeline summary: 
  * Pipeline-0: initiation interval (II) = 1, depth = 4


============================================================
+ Verbose Summary: Schedule
============================================================
* Number of FSM states : 4
* Pipeline : 1
  Pipeline-0 : II = 1, D = 4, States = { 1 2 3 4 }
* Dataflow Pipeline: 0

* FSM state transitions: 
1 --> 2 
2 --> 3 
3 --> 4 
4 --> 

* FSM state operations: 

State 1 <SV = 0> <Delay = 9.27>
ST_1 : Operation 7 [1/1] (0.00ns)   --->   "%phi_ln818_7 = alloca i32 1"   --->   Operation 7 'alloca' 'phi_ln818_7' <Predicate = true> <Delay = 0.00>
ST_1 : Operation 8 [1/1] (0.00ns)   --->   "%phi_ln818_6 = alloca i32 1"   --->   Operation 8 'alloca' 'phi_ln818_6' <Predicate = true> <Delay = 0.00>
ST_1 : Operation 9 [1/1] (0.00ns)   --->   "%lhs_V = alloca i32 1"   --->   Operation 9 'alloca' 'lhs_V' <Predicate = true> <Delay = 0.00>
ST_1 : Operation 10 [1/1] (0.00ns)   --->   "%lhs_V_2 = alloca i32 1"   --->   Operation 10 'alloca' 'lhs_V_2' <Predicate = true> <Delay = 0.00>
ST_1 : Operation 11 [1/1] (0.00ns)   --->   "%k = alloca i32 1"   --->   Operation 11 'alloca' 'k' <Predicate = true> <Delay = 0.00>
ST_1 : Operation 12 [1/1] (0.00ns)   --->   "%ic = alloca i32 1"   --->   Operation 12 'alloca' 'ic' <Predicate = true> <Delay = 0.00>
ST_1 : Operation 13 [1/1] (0.00ns)   --->   "%indvar_flatten87 = alloca i32 1"   --->   Operation 13 'alloca' 'indvar_flatten87' <Predicate = true> <Delay = 0.00>
ST_1 : Operation 14 [1/1] (0.00ns)   --->   "%zext_ln837_14_read = read i15 @_ssdm_op_Read.ap_auto.i15, i15 %zext_ln837_14"   --->   Operation 14 'read' 'zext_ln837_14_read' <Predicate = true> <Delay = 0.00>
ST_1 : Operation 15 [1/1] (0.00ns)   --->   "%oc_base_2_read = read i8 @_ssdm_op_Read.ap_auto.i8, i8 %oc_base_2"   --->   Operation 15 'read' 'oc_base_2_read' <Predicate = true> <Delay = 0.00>
ST_1 : Operation 16 [1/1] (0.00ns)   --->   "%sext_ln261_read = read i26 @_ssdm_op_Read.ap_auto.i26, i26 %sext_ln261"   --->   Operation 16 'read' 'sext_ln261_read' <Predicate = true> <Delay = 0.00>
ST_1 : Operation 17 [1/1] (0.00ns)   --->   "%sext_ln262_read = read i26 @_ssdm_op_Read.ap_auto.i26, i26 %sext_ln262"   --->   Operation 17 'read' 'sext_ln262_read' <Predicate = true> <Delay = 0.00>
ST_1 : Operation 18 [1/1] (0.00ns)   --->   "%sext_ln261_cast = sext i26 %sext_ln261_read"   --->   Operation 18 'sext' 'sext_ln261_cast' <Predicate = true> <Delay = 0.00>
ST_1 : Operation 19 [1/1] (0.00ns)   --->   "%sext_ln262_cast = sext i26 %sext_ln262_read"   --->   Operation 19 'sext' 'sext_ln262_cast' <Predicate = true> <Delay = 0.00>
ST_1 : Operation 20 [1/1] (0.00ns)   --->   "%zext_ln837_14_cast = zext i15 %zext_ln837_14_read"   --->   Operation 20 'zext' 'zext_ln837_14_cast' <Predicate = true> <Delay = 0.00>
ST_1 : Operation 21 [1/1] (1.29ns)   --->   "%store_ln0 = store i9 0, i9 %indvar_flatten87"   --->   Operation 21 'store' 'store_ln0' <Predicate = true> <Delay = 1.29>
ST_1 : Operation 22 [1/1] (1.29ns)   --->   "%store_ln0 = store i8 0, i8 %ic"   --->   Operation 22 'store' 'store_ln0' <Predicate = true> <Delay = 1.29>
ST_1 : Operation 23 [1/1] (1.29ns)   --->   "%store_ln0 = store i2 0, i2 %k"   --->   Operation 23 'store' 'store_ln0' <Predicate = true> <Delay = 1.29>
ST_1 : Operation 24 [1/1] (1.29ns)   --->   "%store_ln0 = store i48 %sext_ln262_cast, i48 %lhs_V_2"   --->   Operation 24 'store' 'store_ln0' <Predicate = true> <Delay = 1.29>
ST_1 : Operation 25 [1/1] (1.29ns)   --->   "%store_ln0 = store i48 %sext_ln261_cast, i48 %lhs_V"   --->   Operation 25 'store' 'store_ln0' <Predicate = true> <Delay = 1.29>
ST_1 : Operation 26 [1/1] (1.29ns)   --->   "%store_ln0 = store i32 0, i32 %phi_ln818_6"   --->   Operation 26 'store' 'store_ln0' <Predicate = true> <Delay = 1.29>
ST_1 : Operation 27 [1/1] (1.29ns)   --->   "%store_ln0 = store i32 0, i32 %phi_ln818_7"   --->   Operation 27 'store' 'store_ln0' <Predicate = true> <Delay = 1.29>
ST_1 : Operation 28 [1/1] (0.00ns)   --->   "%br_ln0 = br void %for.body593"   --->   Operation 28 'br' 'br_ln0' <Predicate = true> <Delay = 0.00>
ST_1 : Operation 29 [1/1] (0.00ns)   --->   "%ic_1 = load i8 %ic"   --->   Operation 29 'load' 'ic_1' <Predicate = true> <Delay = 0.00>
ST_1 : Operation 30 [1/1] (0.00ns)   --->   "%indvar_flatten87_load = load i9 %indvar_flatten87" [src/ecg_classifier.cpp:264]   --->   Operation 30 'load' 'indvar_flatten87_load' <Predicate = true> <Delay = 0.00>
ST_1 : Operation 31 [1/1] (0.00ns)   --->   "%tmp_s = partselect i6 @_ssdm_op_PartSelect.i6.i8.i32.i32, i8 %ic_1, i32 1, i32 6"   --->   Operation 31 'partselect' 'tmp_s' <Predicate = true> <Delay = 0.00>
ST_1 : Operation 32 [1/1] (0.00ns)   --->   "%p_cast43 = zext i6 %tmp_s"   --->   Operation 32 'zext' 'p_cast43' <Predicate = true> <Delay = 0.00>
ST_1 : Operation 33 [1/1] (0.00ns)   --->   "%empty = trunc i8 %ic_1"   --->   Operation 33 'trunc' 'empty' <Predicate = true> <Delay = 0.00>
ST_1 : Operation 34 [1/1] (0.00ns)   --->   "%win23_V_2_addr = getelementptr i31 %win23_V_2, i64 0, i64 %p_cast43"   --->   Operation 34 'getelementptr' 'win23_V_2_addr' <Predicate = true> <Delay = 0.00>
ST_1 : Operation 35 [2/2] (2.77ns)   --->   "%win23_V_2_load = load i6 %win23_V_2_addr"   --->   Operation 35 'load' 'win23_V_2_load' <Predicate = true> <Delay = 2.77> <CoreInst = "RAM">   --->   Core 82 'RAM' <Latency = 1> <II = 1> <Delay = 2.77> <Storage> <Opcode : 'load' 'store'> <Ports = 2> <Width = 31> <Depth = 64> <RAM>
ST_1 : Operation 36 [1/1] (0.00ns)   --->   "%win23_V_3_addr = getelementptr i31 %win23_V_3, i64 0, i64 %p_cast43"   --->   Operation 36 'getelementptr' 'win23_V_3_addr' <Predicate = true> <Delay = 0.00>
ST_1 : Operation 37 [2/2] (2.77ns)   --->   "%win23_V_3_load = load i6 %win23_V_3_addr"   --->   Operation 37 'load' 'win23_V_3_load' <Predicate = true> <Delay = 2.77> <CoreInst = "RAM">   --->   Core 82 'RAM' <Latency = 1> <II = 1> <Delay = 2.77> <Storage> <Opcode : 'load' 'store'> <Ports = 2> <Width = 31> <Depth = 64> <RAM>
ST_1 : Operation 38 [1/1] (0.00ns)   --->   "%win23_V_4_addr = getelementptr i31 %win23_V_4, i64 0, i64 %p_cast43"   --->   Operation 38 'getelementptr' 'win23_V_4_addr' <Predicate = true> <Delay = 0.00>
ST_1 : Operation 39 [2/2] (2.77ns)   --->   "%win23_V_4_load = load i6 %win23_V_4_addr"   --->   Operation 39 'load' 'win23_V_4_load' <Predicate = true> <Delay = 2.77> <CoreInst = "RAM">   --->   Core 82 'RAM' <Latency = 1> <II = 1> <Delay = 2.77> <Storage> <Opcode : 'load' 'store'> <Ports = 2> <Width = 31> <Depth = 64> <RAM>
ST_1 : Operation 40 [1/1] (0.00ns)   --->   "%win23_V_5_addr = getelementptr i31 %win23_V_5, i64 0, i64 %p_cast43"   --->   Operation 40 'getelementptr' 'win23_V_5_addr' <Predicate = true> <Delay = 0.00>
ST_1 : Operation 41 [2/2] (2.77ns)   --->   "%win23_V_5_load = load i6 %win23_V_5_addr"   --->   Operation 41 'load' 'win23_V_5_load' <Predicate = true> <Delay = 2.77> <CoreInst = "RAM">   --->   Core 82 'RAM' <Latency = 1> <II = 1> <Delay = 2.77> <Storage> <Opcode : 'load' 'store'> <Ports = 2> <Width = 31> <Depth = 64> <RAM>
ST_1 : Operation 42 [1/1] (1.62ns)   --->   "%icmp_ln264 = icmp_eq  i9 %indvar_flatten87_load, i9 384" [src/ecg_classifier.cpp:264]   --->   Operation 42 'icmp' 'icmp_ln264' <Predicate = true> <Delay = 1.62> <CoreInst = "Cmp">   --->   Core 9 'Cmp' <Latency = 0> <II = 1> <Delay = 1.62> <FuncUnit> <Opcode : 'icmp'> <InPorts = 2> <OutPorts = 1>
ST_1 : Operation 43 [1/1] (1.36ns)   --->   "%add_ln264_1 = add i9 %indvar_flatten87_load, i9 1" [src/ecg_classifier.cpp:264]   --->   Operation 43 'add' 'add_ln264_1' <Predicate = true> <Delay = 1.36> <CoreInst = "Adder">   --->   Core 1 'Adder' <Latency = 0> <II = 1> <Delay = 1.36> <FuncUnit> <Opcode : 'add' 'sub'> <InPorts = 2> <OutPorts = 1>
ST_1 : Operation 44 [1/1] (0.00ns)   --->   "%br_ln264 = br i1 %icmp_ln264, void %for.inc625, void %for.end627.exitStub" [src/ecg_classifier.cpp:264]   --->   Operation 44 'br' 'br_ln264' <Predicate = true> <Delay = 0.00>
ST_1 : Operation 45 [1/1] (0.00ns)   --->   "%k_load = load i2 %k" [src/ecg_classifier.cpp:266]   --->   Operation 45 'load' 'k_load' <Predicate = (!icmp_ln264)> <Delay = 0.00>
ST_1 : Operation 46 [1/1] (1.30ns)   --->   "%add_ln264 = add i8 %ic_1, i8 1" [src/ecg_classifier.cpp:264]   --->   Operation 46 'add' 'add_ln264' <Predicate = (!icmp_ln264)> <Delay = 1.30> <CoreInst = "Adder">   --->   Core 1 'Adder' <Latency = 0> <II = 1> <Delay = 1.30> <FuncUnit> <Opcode : 'add' 'sub'> <InPorts = 2> <OutPorts = 1>
ST_1 : Operation 47 [1/1] (0.50ns)   --->   "%icmp_ln266 = icmp_eq  i2 %k_load, i2 3" [src/ecg_classifier.cpp:266]   --->   Operation 47 'icmp' 'icmp_ln266' <Predicate = (!icmp_ln264)> <Delay = 0.50> <CoreInst = "Cmp">   --->   Core 9 'Cmp' <Latency = 0> <II = 1> <Delay = 0.50> <FuncUnit> <Opcode : 'icmp'> <InPorts = 2> <OutPorts = 1>
ST_1 : Operation 48 [1/1] (0.81ns)   --->   "%select_ln264 = select i1 %icmp_ln266, i2 0, i2 %k_load" [src/ecg_classifier.cpp:264]   --->   Operation 48 'select' 'select_ln264' <Predicate = (!icmp_ln264)> <Delay = 0.81> <CoreInst = "Sel">   --->   Core 73 'Sel' <Latency = 0> <II = 1> <Delay = 0.81> <FuncUnit> <Opcode : 'select'> <InPorts = 3> <OutPorts = 1>
ST_1 : Operation 49 [1/1] (0.44ns)   --->   "%select_ln264_1 = select i1 %icmp_ln266, i8 %add_ln264, i8 %ic_1" [src/ecg_classifier.cpp:264]   --->   Operation 49 'select' 'select_ln264_1' <Predicate = (!icmp_ln264)> <Delay = 0.44> <CoreInst = "Sel">   --->   Core 73 'Sel' <Latency = 0> <II = 1> <Delay = 0.44> <FuncUnit> <Opcode : 'select'> <InPorts = 3> <OutPorts = 1>
ST_1 : Operation 50 [1/1] (0.00ns)   --->   "%zext_ln837 = zext i8 %select_ln264_1"   --->   Operation 50 'zext' 'zext_ln837' <Predicate = (!icmp_ln264)> <Delay = 0.00>
ST_1 : Operation 51 [1/1] (0.00ns)   --->   "%tmp_4 = partselect i7 @_ssdm_op_PartSelect.i7.i8.i32.i32, i8 %oc_base_2_read, i32 1, i32 7"   --->   Operation 51 'partselect' 'tmp_4' <Predicate = (!icmp_ln264)> <Delay = 0.00>
ST_1 : Operation 52 [1/1] (0.00ns)   --->   "%tmp_5 = bitconcatenate i15 @_ssdm_op_BitConcatenate.i15.i7.i8, i7 %tmp_4, i8 %select_ln264_1"   --->   Operation 52 'bitconcatenate' 'tmp_5' <Predicate = (!icmp_ln264)> <Delay = 0.00>
ST_1 : Operation 53 [1/1] (0.00ns)   --->   "%zext_ln837_1 = zext i15 %tmp_5"   --->   Operation 53 'zext' 'zext_ln837_1' <Predicate = (!icmp_ln264)> <Delay = 0.00>
ST_1 : Operation 54 [1/1] (0.00ns)   --->   "%tmp_6 = bitconcatenate i17 @_ssdm_op_BitConcatenate.i17.i7.i8.i2, i7 %tmp_4, i8 %select_ln264_1, i2 0"   --->   Operation 54 'bitconcatenate' 'tmp_6' <Predicate = (!icmp_ln264)> <Delay = 0.00>
ST_1 : Operation 55 [1/1] (0.00ns) (grouped into TernaryAdder)   --->   "%sub_ln837 = sub i17 %tmp_6, i17 %zext_ln837_1"   --->   Operation 55 'sub' 'sub_ln837' <Predicate = (!icmp_ln264)> <Delay = 0.00> <CoreInst = "TAddSub">   --->   Core 10 'TAddSub' <Latency = 0> <II = 1> <Delay = 1.60> <IPBlock> <Opcode : 'add' 'sub'> <InPorts = 3> <OutPorts = 1> <Sync> <CReg>
ST_1 : Operation 56 [1/1] (1.53ns)   --->   "%add_ln837 = add i16 %zext_ln837_14_cast, i16 %zext_ln837"   --->   Operation 56 'add' 'add_ln837' <Predicate = (!icmp_ln264)> <Delay = 1.53> <CoreInst = "Adder">   --->   Core 1 'Adder' <Latency = 0> <II = 1> <Delay = 1.53> <FuncUnit> <Opcode : 'add' 'sub'> <InPorts = 2> <OutPorts = 1>
ST_1 : Operation 57 [1/1] (0.00ns)   --->   "%zext_ln837_2 = zext i16 %add_ln837"   --->   Operation 57 'zext' 'zext_ln837_2' <Predicate = (!icmp_ln264)> <Delay = 0.00>
ST_1 : Operation 58 [1/1] (0.00ns)   --->   "%trunc_ln837 = trunc i16 %add_ln837"   --->   Operation 58 'trunc' 'trunc_ln837' <Predicate = (!icmp_ln264)> <Delay = 0.00>
ST_1 : Operation 59 [1/1] (0.00ns)   --->   "%p_shl3 = bitconcatenate i17 @_ssdm_op_BitConcatenate.i17.i15.i2, i15 %trunc_ln837, i2 0"   --->   Operation 59 'bitconcatenate' 'p_shl3' <Predicate = (!icmp_ln264)> <Delay = 0.00>
ST_1 : Operation 60 [1/1] (0.00ns) (grouped into TernaryAdder)   --->   "%sub_ln837_1 = sub i17 %p_shl3, i17 %zext_ln837_2"   --->   Operation 60 'sub' 'sub_ln837_1' <Predicate = (!icmp_ln264)> <Delay = 0.00> <CoreInst = "TAddSub">   --->   Core 10 'TAddSub' <Latency = 0> <II = 1> <Delay = 1.60> <IPBlock> <Opcode : 'add' 'sub'> <InPorts = 3> <OutPorts = 1> <Sync> <CReg>
ST_1 : Operation 61 [1/1] (0.00ns)   --->   "%p_mid2 = partselect i6 @_ssdm_op_PartSelect.i6.i8.i32.i32, i8 %add_ln264, i32 1, i32 6" [src/ecg_classifier.cpp:264]   --->   Operation 61 'partselect' 'p_mid2' <Predicate = (!icmp_ln264)> <Delay = 0.00>
ST_1 : Operation 62 [1/1] (0.00ns)   --->   "%p_cast43_mid1 = zext i6 %p_mid2" [src/ecg_classifier.cpp:264]   --->   Operation 62 'zext' 'p_cast43_mid1' <Predicate = (!icmp_ln264)> <Delay = 0.00>
ST_1 : Operation 63 [1/1] (0.00ns)   --->   "%empty_59 = trunc i8 %add_ln264" [src/ecg_classifier.cpp:264]   --->   Operation 63 'trunc' 'empty_59' <Predicate = (!icmp_ln264)> <Delay = 0.00>
ST_1 : Operation 64 [1/1] (0.00ns)   --->   "%win23_V_2_addr_1 = getelementptr i31 %win23_V_2, i64 0, i64 %p_cast43_mid1" [src/ecg_classifier.cpp:264]   --->   Operation 64 'getelementptr' 'win23_V_2_addr_1' <Predicate = (!icmp_ln264)> <Delay = 0.00>
ST_1 : Operation 65 [2/2] (2.77ns)   --->   "%win23_V_2_load_1 = load i6 %win23_V_2_addr_1" [src/ecg_classifier.cpp:264]   --->   Operation 65 'load' 'win23_V_2_load_1' <Predicate = (!icmp_ln264)> <Delay = 2.77> <CoreInst = "RAM">   --->   Core 82 'RAM' <Latency = 1> <II = 1> <Delay = 2.77> <Storage> <Opcode : 'load' 'store'> <Ports = 2> <Width = 31> <Depth = 64> <RAM>
ST_1 : Operation 66 [1/1] (0.00ns)   --->   "%win23_V_3_addr_1 = getelementptr i31 %win23_V_3, i64 0, i64 %p_cast43_mid1" [src/ecg_classifier.cpp:264]   --->   Operation 66 'getelementptr' 'win23_V_3_addr_1' <Predicate = (!icmp_ln264)> <Delay = 0.00>
ST_1 : Operation 67 [2/2] (2.77ns)   --->   "%win23_V_3_load_1 = load i6 %win23_V_3_addr_1" [src/ecg_classifier.cpp:264]   --->   Operation 67 'load' 'win23_V_3_load_1' <Predicate = (!icmp_ln264)> <Delay = 2.77> <CoreInst = "RAM">   --->   Core 82 'RAM' <Latency = 1> <II = 1> <Delay = 2.77> <Storage> <Opcode : 'load' 'store'> <Ports = 2> <Width = 31> <Depth = 64> <RAM>
ST_1 : Operation 68 [1/1] (0.00ns)   --->   "%win23_V_4_addr_1 = getelementptr i31 %win23_V_4, i64 0, i64 %p_cast43_mid1" [src/ecg_classifier.cpp:264]   --->   Operation 68 'getelementptr' 'win23_V_4_addr_1' <Predicate = (!icmp_ln264)> <Delay = 0.00>
ST_1 : Operation 69 [2/2] (2.77ns)   --->   "%win23_V_4_load_1 = load i6 %win23_V_4_addr_1" [src/ecg_classifier.cpp:264]   --->   Operation 69 'load' 'win23_V_4_load_1' <Predicate = (!icmp_ln264)> <Delay = 2.77> <CoreInst = "RAM">   --->   Core 82 'RAM' <Latency = 1> <II = 1> <Delay = 2.77> <Storage> <Opcode : 'load' 'store'> <Ports = 2> <Width = 31> <Depth = 64> <RAM>
ST_1 : Operation 70 [1/1] (0.00ns)   --->   "%win23_V_5_addr_1 = getelementptr i31 %win23_V_5, i64 0, i64 %p_cast43_mid1" [src/ecg_classifier.cpp:264]   --->   Operation 70 'getelementptr' 'win23_V_5_addr_1' <Predicate = (!icmp_ln264)> <Delay = 0.00>
ST_1 : Operation 71 [2/2] (2.77ns)   --->   "%win23_V_5_load_1 = load i6 %win23_V_5_addr_1" [src/ecg_classifier.cpp:264]   --->   Operation 71 'load' 'win23_V_5_load_1' <Predicate = (!icmp_ln264)> <Delay = 2.77> <CoreInst = "RAM">   --->   Core 82 'RAM' <Latency = 1> <II = 1> <Delay = 2.77> <Storage> <Opcode : 'load' 'store'> <Ports = 2> <Width = 31> <Depth = 64> <RAM>
ST_1 : Operation 72 [1/1] (0.00ns)   --->   "%zext_ln837_3 = zext i2 %select_ln264"   --->   Operation 72 'zext' 'zext_ln837_3' <Predicate = (!icmp_ln264)> <Delay = 0.00>
ST_1 : Operation 73 [1/1] (3.21ns) (root node of TernaryAdder)   --->   "%add_ln837_1 = add i17 %sub_ln837, i17 %zext_ln837_3"   --->   Operation 73 'add' 'add_ln837_1' <Predicate = (!icmp_ln264)> <Delay = 3.21> <CoreInst = "TAddSub">   --->   Core 10 'TAddSub' <Latency = 0> <II = 1> <Delay = 1.60> <IPBlock> <Opcode : 'add' 'sub'> <InPorts = 3> <OutPorts = 1> <Sync> <CReg>
ST_1 : Operation 74 [1/1] (0.00ns)   --->   "%zext_ln837_4 = zext i17 %add_ln837_1"   --->   Operation 74 'zext' 'zext_ln837_4' <Predicate = (!icmp_ln264)> <Delay = 0.00>
ST_1 : Operation 75 [1/1] (0.00ns)   --->   "%clf_w_L4_W_V_addr = getelementptr i2 %clf_w_L4_W_V, i64 0, i64 %zext_ln837_4"   --->   Operation 75 'getelementptr' 'clf_w_L4_W_V_addr' <Predicate = (!icmp_ln264)> <Delay = 0.00>
ST_1 : Operation 76 [1/1] (3.21ns) (root node of TernaryAdder)   --->   "%add_ln837_2 = add i17 %sub_ln837_1, i17 %zext_ln837_3"   --->   Operation 76 'add' 'add_ln837_2' <Predicate = (!icmp_ln264)> <Delay = 3.21> <CoreInst = "TAddSub">   --->   Core 10 'TAddSub' <Latency = 0> <II = 1> <Delay = 1.60> <IPBlock> <Opcode : 'add' 'sub'> <InPorts = 3> <OutPorts = 1> <Sync> <CReg>
ST_1 : Operation 77 [1/1] (0.00ns)   --->   "%zext_ln837_5 = zext i17 %add_ln837_2"   --->   Operation 77 'zext' 'zext_ln837_5' <Predicate = (!icmp_ln264)> <Delay = 0.00>
ST_1 : Operation 78 [1/1] (0.00ns)   --->   "%clf_w_L4_W_V_addr_1 = getelementptr i2 %clf_w_L4_W_V, i64 0, i64 %zext_ln837_5"   --->   Operation 78 'getelementptr' 'clf_w_L4_W_V_addr_1' <Predicate = (!icmp_ln264)> <Delay = 0.00>
ST_1 : Operation 79 [1/1] (0.63ns)   --->   "%add_ln268 = add i2 %select_ln264, i2 1" [src/ecg_classifier.cpp:268]   --->   Operation 79 'add' 'add_ln268' <Predicate = (!icmp_ln264)> <Delay = 0.63> <CoreInst = "Adder">   --->   Core 1 'Adder' <Latency = 0> <II = 1> <Delay = 0.63> <FuncUnit> <Opcode : 'add' 'sub'> <InPorts = 2> <OutPorts = 1>
ST_1 : Operation 80 [2/2] (2.77ns)   --->   "%clf_w_L4_W_V_load = load i17 %clf_w_L4_W_V_addr"   --->   Operation 80 'load' 'clf_w_L4_W_V_load' <Predicate = (!icmp_ln264)> <Delay = 2.77> <CoreInst = "ROM">   --->   Core 95 'ROM' <Latency = 1> <II = 1> <Delay = 2.77> <Storage> <Opcode : 'load'> <Ports = 0> <Width = 2> <Depth = 73728> <ROM>
ST_1 : Operation 81 [2/2] (2.77ns)   --->   "%clf_w_L4_W_V_load_1 = load i17 %clf_w_L4_W_V_addr_1"   --->   Operation 81 'load' 'clf_w_L4_W_V_load_1' <Predicate = (!icmp_ln264)> <Delay = 2.77> <CoreInst = "ROM">   --->   Core 95 'ROM' <Latency = 1> <II = 1> <Delay = 2.77> <Storage> <Opcode : 'load'> <Ports = 0> <Width = 2> <Depth = 73728> <ROM>
ST_1 : Operation 82 [1/1] (1.29ns)   --->   "%store_ln266 = store i9 %add_ln264_1, i9 %indvar_flatten87" [src/ecg_classifier.cpp:266]   --->   Operation 82 'store' 'store_ln266' <Predicate = (!icmp_ln264)> <Delay = 1.29>
ST_1 : Operation 83 [1/1] (1.29ns)   --->   "%store_ln266 = store i8 %select_ln264_1, i8 %ic" [src/ecg_classifier.cpp:266]   --->   Operation 83 'store' 'store_ln266' <Predicate = (!icmp_ln264)> <Delay = 1.29>
ST_1 : Operation 84 [1/1] (1.29ns)   --->   "%store_ln266 = store i2 %add_ln268, i2 %k" [src/ecg_classifier.cpp:266]   --->   Operation 84 'store' 'store_ln266' <Predicate = (!icmp_ln264)> <Delay = 1.29>

State 2 <SV = 1> <Delay = 6.11>
ST_2 : Operation 85 [1/1] (1.29ns)   --->   "%tmp_1 = mux i31 @_ssdm_op_Mux.ap_auto.2i31.i1, i31 0, i31 0, i1 %empty" [src/ecg_classifier.cpp:268]   --->   Operation 85 'mux' 'tmp_1' <Predicate = (!icmp_ln266)> <Delay = 1.29> <CoreInst = "Multiplexer">   --->   Core 76 'Multiplexer' <Latency = 0> <II = 1> <Delay = 1.29> <FuncUnit> <Opcode : 'mux'> <InPorts = 2> <OutPorts = 1>
ST_2 : Operation 86 [1/2] (2.77ns)   --->   "%win23_V_2_load = load i6 %win23_V_2_addr"   --->   Operation 86 'load' 'win23_V_2_load' <Predicate = true> <Delay = 2.77> <CoreInst = "RAM">   --->   Core 82 'RAM' <Latency = 1> <II = 1> <Delay = 2.77> <Storage> <Opcode : 'load' 'store'> <Ports = 2> <Width = 31> <Depth = 64> <RAM>
ST_2 : Operation 87 [1/2] (2.77ns)   --->   "%win23_V_3_load = load i6 %win23_V_3_addr"   --->   Operation 87 'load' 'win23_V_3_load' <Predicate = true> <Delay = 2.77> <CoreInst = "RAM">   --->   Core 82 'RAM' <Latency = 1> <II = 1> <Delay = 2.77> <Storage> <Opcode : 'load' 'store'> <Ports = 2> <Width = 31> <Depth = 64> <RAM>
ST_2 : Operation 88 [1/1] (1.29ns)   --->   "%tmp_2 = mux i31 @_ssdm_op_Mux.ap_auto.2i31.i1, i31 %win23_V_2_load, i31 %win23_V_3_load, i1 %empty" [src/ecg_classifier.cpp:268]   --->   Operation 88 'mux' 'tmp_2' <Predicate = (!icmp_ln266)> <Delay = 1.29> <CoreInst = "Multiplexer">   --->   Core 76 'Multiplexer' <Latency = 0> <II = 1> <Delay = 1.29> <FuncUnit> <Opcode : 'mux'> <InPorts = 2> <OutPorts = 1>
ST_2 : Operation 89 [1/2] (2.77ns)   --->   "%win23_V_4_load = load i6 %win23_V_4_addr"   --->   Operation 89 'load' 'win23_V_4_load' <Predicate = true> <Delay = 2.77> <CoreInst = "RAM">   --->   Core 82 'RAM' <Latency = 1> <II = 1> <Delay = 2.77> <Storage> <Opcode : 'load' 'store'> <Ports = 2> <Width = 31> <Depth = 64> <RAM>
ST_2 : Operation 90 [1/2] (2.77ns)   --->   "%win23_V_5_load = load i6 %win23_V_5_addr"   --->   Operation 90 'load' 'win23_V_5_load' <Predicate = true> <Delay = 2.77> <CoreInst = "RAM">   --->   Core 82 'RAM' <Latency = 1> <II = 1> <Delay = 2.77> <Storage> <Opcode : 'load' 'store'> <Ports = 2> <Width = 31> <Depth = 64> <RAM>
ST_2 : Operation 91 [1/1] (1.29ns)   --->   "%tmp_3 = mux i31 @_ssdm_op_Mux.ap_auto.2i31.i1, i31 %win23_V_4_load, i31 %win23_V_5_load, i1 %empty" [src/ecg_classifier.cpp:268]   --->   Operation 91 'mux' 'tmp_3' <Predicate = (!icmp_ln266)> <Delay = 1.29> <CoreInst = "Multiplexer">   --->   Core 76 'Multiplexer' <Latency = 0> <II = 1> <Delay = 1.29> <FuncUnit> <Opcode : 'mux'> <InPorts = 2> <OutPorts = 1>
ST_2 : Operation 92 [1/1] (0.00ns) (grouped into LUT with out node select_ln264_2)   --->   "%tmp_21_mid1 = mux i31 @_ssdm_op_Mux.ap_auto.2i31.i1, i31 0, i31 0, i1 %empty_59" [src/ecg_classifier.cpp:268]   --->   Operation 92 'mux' 'tmp_21_mid1' <Predicate = (!icmp_ln264 & icmp_ln266)> <Delay = 0.00> <CoreInst = "Multiplexer">   --->   Core 76 'Multiplexer' <Latency = 0> <II = 1> <Delay = 1.29> <FuncUnit> <Opcode : 'mux'> <InPorts = 2> <OutPorts = 1>
ST_2 : Operation 93 [1/1] (1.29ns) (out node of the LUT)   --->   "%select_ln264_2 = select i1 %icmp_ln266, i31 %tmp_21_mid1, i31 %tmp_1" [src/ecg_classifier.cpp:264]   --->   Operation 93 'select' 'select_ln264_2' <Predicate = (!icmp_ln264)> <Delay = 1.29> <CoreInst = "Sel">   --->   Core 73 'Sel' <Latency = 0> <II = 1> <Delay = 0.71> <FuncUnit> <Opcode : 'select'> <InPorts = 3> <OutPorts = 1>
ST_2 : Operation 94 [1/2] (2.77ns)   --->   "%win23_V_2_load_1 = load i6 %win23_V_2_addr_1" [src/ecg_classifier.cpp:264]   --->   Operation 94 'load' 'win23_V_2_load_1' <Predicate = (!icmp_ln264)> <Delay = 2.77> <CoreInst = "RAM">   --->   Core 82 'RAM' <Latency = 1> <II = 1> <Delay = 2.77> <Storage> <Opcode : 'load' 'store'> <Ports = 2> <Width = 31> <Depth = 64> <RAM>
ST_2 : Operation 95 [1/2] (2.77ns)   --->   "%win23_V_3_load_1 = load i6 %win23_V_3_addr_1" [src/ecg_classifier.cpp:264]   --->   Operation 95 'load' 'win23_V_3_load_1' <Predicate = (!icmp_ln264)> <Delay = 2.77> <CoreInst = "RAM">   --->   Core 82 'RAM' <Latency = 1> <II = 1> <Delay = 2.77> <Storage> <Opcode : 'load' 'store'> <Ports = 2> <Width = 31> <Depth = 64> <RAM>
ST_2 : Operation 96 [1/1] (1.29ns)   --->   "%tmp_22_mid1 = mux i31 @_ssdm_op_Mux.ap_auto.2i31.i1, i31 %win23_V_2_load_1, i31 %win23_V_3_load_1, i1 %empty_59" [src/ecg_classifier.cpp:268]   --->   Operation 96 'mux' 'tmp_22_mid1' <Predicate = (!icmp_ln264 & icmp_ln266)> <Delay = 1.29> <CoreInst = "Multiplexer">   --->   Core 76 'Multiplexer' <Latency = 0> <II = 1> <Delay = 1.29> <FuncUnit> <Opcode : 'mux'> <InPorts = 2> <OutPorts = 1>
ST_2 : Operation 97 [1/1] (0.71ns)   --->   "%select_ln264_3 = select i1 %icmp_ln266, i31 %tmp_22_mid1, i31 %tmp_2" [src/ecg_classifier.cpp:264]   --->   Operation 97 'select' 'select_ln264_3' <Predicate = (!icmp_ln264)> <Delay = 0.71> <CoreInst = "Sel">   --->   Core 73 'Sel' <Latency = 0> <II = 1> <Delay = 0.71> <FuncUnit> <Opcode : 'select'> <InPorts = 3> <OutPorts = 1>
ST_2 : Operation 98 [1/2] (2.77ns)   --->   "%win23_V_4_load_1 = load i6 %win23_V_4_addr_1" [src/ecg_classifier.cpp:264]   --->   Operation 98 'load' 'win23_V_4_load_1' <Predicate = (!icmp_ln264)> <Delay = 2.77> <CoreInst = "RAM">   --->   Core 82 'RAM' <Latency = 1> <II = 1> <Delay = 2.77> <Storage> <Opcode : 'load' 'store'> <Ports = 2> <Width = 31> <Depth = 64> <RAM>
ST_2 : Operation 99 [1/2] (2.77ns)   --->   "%win23_V_5_load_1 = load i6 %win23_V_5_addr_1" [src/ecg_classifier.cpp:264]   --->   Operation 99 'load' 'win23_V_5_load_1' <Predicate = (!icmp_ln264)> <Delay = 2.77> <CoreInst = "RAM">   --->   Core 82 'RAM' <Latency = 1> <II = 1> <Delay = 2.77> <Storage> <Opcode : 'load' 'store'> <Ports = 2> <Width = 31> <Depth = 64> <RAM>
ST_2 : Operation 100 [1/1] (1.29ns)   --->   "%tmp_23_mid1 = mux i31 @_ssdm_op_Mux.ap_auto.2i31.i1, i31 %win23_V_4_load_1, i31 %win23_V_5_load_1, i1 %empty_59" [src/ecg_classifier.cpp:268]   --->   Operation 100 'mux' 'tmp_23_mid1' <Predicate = (!icmp_ln264 & icmp_ln266)> <Delay = 1.29> <CoreInst = "Multiplexer">   --->   Core 76 'Multiplexer' <Latency = 0> <II = 1> <Delay = 1.29> <FuncUnit> <Opcode : 'mux'> <InPorts = 2> <OutPorts = 1>
ST_2 : Operation 101 [1/1] (0.71ns)   --->   "%select_ln264_4 = select i1 %icmp_ln266, i31 %tmp_23_mid1, i31 %tmp_3" [src/ecg_classifier.cpp:264]   --->   Operation 101 'select' 'select_ln264_4' <Predicate = (!icmp_ln264)> <Delay = 0.71> <CoreInst = "Sel">   --->   Core 73 'Sel' <Latency = 0> <II = 1> <Delay = 0.71> <FuncUnit> <Opcode : 'select'> <InPorts = 3> <OutPorts = 1>
ST_2 : Operation 102 [1/1] (1.32ns)   --->   "%tmp_7 = mux i31 @_ssdm_op_Mux.ap_auto.3i31.i2, i31 %select_ln264_2, i31 %select_ln264_3, i31 %select_ln264_4, i2 %select_ln264" [src/ecg_classifier.cpp:268]   --->   Operation 102 'mux' 'tmp_7' <Predicate = (!icmp_ln264)> <Delay = 1.32> <CoreInst = "Multiplexer">   --->   Core 76 'Multiplexer' <Latency = 0> <II = 1> <Delay = 1.32> <FuncUnit> <Opcode : 'mux'> <InPorts = 2> <OutPorts = 1>
ST_2 : Operation 103 [1/2] (2.77ns)   --->   "%clf_w_L4_W_V_load = load i17 %clf_w_L4_W_V_addr"   --->   Operation 103 'load' 'clf_w_L4_W_V_load' <Predicate = (!icmp_ln264)> <Delay = 2.77> <CoreInst = "ROM">   --->   Core 95 'ROM' <Latency = 1> <II = 1> <Delay = 2.77> <Storage> <Opcode : 'load'> <Ports = 0> <Width = 2> <Depth = 73728> <ROM>
ST_2 : Operation 104 [1/2] (2.77ns)   --->   "%clf_w_L4_W_V_load_1 = load i17 %clf_w_L4_W_V_addr_1"   --->   Operation 104 'load' 'clf_w_L4_W_V_load_1' <Predicate = (!icmp_ln264)> <Delay = 2.77> <CoreInst = "ROM">   --->   Core 95 'ROM' <Latency = 1> <II = 1> <Delay = 2.77> <Storage> <Opcode : 'load'> <Ports = 0> <Width = 2> <Depth = 73728> <ROM>

State 3 <SV = 2> <Delay = 7.33>
ST_3 : Operation 105 [1/1] (0.00ns)   --->   "%tmp_8 = bitconcatenate i39 @_ssdm_op_BitConcatenate.i39.i31.i8, i31 %tmp_7, i8 0"   --->   Operation 105 'bitconcatenate' 'tmp_8' <Predicate = true> <Delay = 0.00>
ST_3 : Operation 106 [1/1] (0.00ns)   --->   "%shl_ln838_6 = bitconcatenate i22 @_ssdm_op_BitConcatenate.i22.i2.i20, i2 %clf_w_L4_W_V_load, i20 0"   --->   Operation 106 'bitconcatenate' 'shl_ln838_6' <Predicate = true> <Delay = 0.00>
ST_3 : Operation 107 [1/1] (0.00ns)   --->   "%zext_ln1273 = zext i39 %tmp_8"   --->   Operation 107 'zext' 'zext_ln1273' <Predicate = true> <Delay = 0.00>
ST_3 : Operation 108 [1/1] (0.00ns)   --->   "%sext_ln1273 = sext i22 %shl_ln838_6"   --->   Operation 108 'sext' 'sext_ln1273' <Predicate = true> <Delay = 0.00>
ST_3 : Operation 109 [1/1] (7.33ns)   --->   "%r_V = mul i61 %sext_ln1273, i61 %zext_ln1273"   --->   Operation 109 'mul' 'r_V' <Predicate = true> <Delay = 7.33> <CoreInst = "Multiplier">   --->   Core 3 'Multiplier' <Latency = 0> <II = 1> <Delay = 7.33> <FuncUnit> <Opcode : 'mul'> <InPorts = 2> <OutPorts = 1>
ST_3 : Operation 110 [1/1] (0.00ns)   --->   "%shl_ln838_7 = bitconcatenate i22 @_ssdm_op_BitConcatenate.i22.i2.i20, i2 %clf_w_L4_W_V_load_1, i20 0"   --->   Operation 110 'bitconcatenate' 'shl_ln838_7' <Predicate = true> <Delay = 0.00>
ST_3 : Operation 111 [1/1] (0.00ns)   --->   "%sext_ln1273_1 = sext i22 %shl_ln838_7"   --->   Operation 111 'sext' 'sext_ln1273_1' <Predicate = true> <Delay = 0.00>
ST_3 : Operation 112 [1/1] (7.33ns)   --->   "%r_V_3 = mul i61 %sext_ln1273_1, i61 %zext_ln1273"   --->   Operation 112 'mul' 'r_V_3' <Predicate = true> <Delay = 7.33> <CoreInst = "Multiplier">   --->   Core 3 'Multiplier' <Latency = 0> <II = 1> <Delay = 7.33> <FuncUnit> <Opcode : 'mul'> <InPorts = 2> <OutPorts = 1>
ST_3 : Operation 142 [1/1] (0.00ns)   --->   "%phi_ln818_7_load = load i32 %phi_ln818_7"   --->   Operation 142 'load' 'phi_ln818_7_load' <Predicate = (icmp_ln264)> <Delay = 0.00>
ST_3 : Operation 143 [1/1] (0.00ns)   --->   "%phi_ln818_6_load = load i32 %phi_ln818_6"   --->   Operation 143 'load' 'phi_ln818_6_load' <Predicate = (icmp_ln264)> <Delay = 0.00>
ST_3 : Operation 144 [1/1] (0.00ns)   --->   "%write_ln0 = write void @_ssdm_op_Write.ap_auto.i32P0A, i32 %phi_ln818_6_out, i32 %phi_ln818_6_load"   --->   Operation 144 'write' 'write_ln0' <Predicate = (icmp_ln264)> <Delay = 0.00>
ST_3 : Operation 145 [1/1] (0.00ns)   --->   "%write_ln0 = write void @_ssdm_op_Write.ap_auto.i32P0A, i32 %phi_ln818_7_out, i32 %phi_ln818_7_load"   --->   Operation 145 'write' 'write_ln0' <Predicate = (icmp_ln264)> <Delay = 0.00>
ST_3 : Operation 146 [1/1] (0.00ns)   --->   "%ret_ln0 = ret"   --->   Operation 146 'ret' 'ret_ln0' <Predicate = (icmp_ln264)> <Delay = 0.00>

State 4 <SV = 3> <Delay = 4.11>
ST_4 : Operation 113 [1/1] (0.00ns)   --->   "%lhs_V_load = load i48 %lhs_V" [src/ecg_classifier.cpp:266]   --->   Operation 113 'load' 'lhs_V_load' <Predicate = true> <Delay = 0.00>
ST_4 : Operation 114 [1/1] (0.00ns)   --->   "%lhs_V_2_load = load i48 %lhs_V_2" [src/ecg_classifier.cpp:266]   --->   Operation 114 'load' 'lhs_V_2_load' <Predicate = true> <Delay = 0.00>
ST_4 : Operation 115 [1/1] (0.00ns)   --->   "%specloopname_ln0 = specloopname void @_ssdm_op_SpecLoopName, void @L4_IC_L4_K_str"   --->   Operation 115 'specloopname' 'specloopname_ln0' <Predicate = true> <Delay = 0.00>
ST_4 : Operation 116 [1/1] (0.00ns)   --->   "%empty_58 = speclooptripcount i32 @_ssdm_op_SpecLoopTripCount, i64 384, i64 384, i64 384"   --->   Operation 116 'speclooptripcount' 'empty_58' <Predicate = true> <Delay = 0.00>
ST_4 : Operation 117 [1/1] (0.00ns)   --->   "%specpipeline_ln267 = specpipeline void @_ssdm_op_SpecPipeline, i32 1, i32 0, i32 0, i32 0, void @empty_17" [src/ecg_classifier.cpp:267]   --->   Operation 117 'specpipeline' 'specpipeline_ln267' <Predicate = true> <Delay = 0.00>
ST_4 : Operation 118 [1/1] (0.00ns)   --->   "%specloopname_ln261 = specloopname void @_ssdm_op_SpecLoopName, void @empty" [src/ecg_classifier.cpp:261]   --->   Operation 118 'specloopname' 'specloopname_ln261' <Predicate = true> <Delay = 0.00>
ST_4 : Operation 119 [1/1] (0.00ns)   --->   "%lhs_V_3 = bitconcatenate i72 @_ssdm_op_BitConcatenate.i72.i48.i24, i48 %lhs_V_load, i24 0"   --->   Operation 119 'bitconcatenate' 'lhs_V_3' <Predicate = true> <Delay = 0.00>
ST_4 : Operation 120 [1/1] (0.00ns)   --->   "%trunc_ln266 = trunc i48 %lhs_V_load" [src/ecg_classifier.cpp:266]   --->   Operation 120 'trunc' 'trunc_ln266' <Predicate = true> <Delay = 0.00>
ST_4 : Operation 121 [1/1] (0.00ns)   --->   "%sext_ln1347_s = bitconcatenate i64 @_ssdm_op_BitConcatenate.i64.i40.i24, i40 %trunc_ln266, i24 0" [src/ecg_classifier.cpp:266]   --->   Operation 121 'bitconcatenate' 'sext_ln1347_s' <Predicate = true> <Delay = 0.00>
ST_4 : Operation 122 [1/1] (0.00ns)   --->   "%sext_ln266 = sext i61 %r_V" [src/ecg_classifier.cpp:266]   --->   Operation 122 'sext' 'sext_ln266' <Predicate = true> <Delay = 0.00>
ST_4 : Operation 123 [1/1] (0.00ns)   --->   "%sext_ln1347 = sext i61 %r_V"   --->   Operation 123 'sext' 'sext_ln1347' <Predicate = true> <Delay = 0.00>
ST_4 : Operation 124 [1/1] (2.69ns)   --->   "%add_ln266 = add i64 %sext_ln1347_s, i64 %sext_ln266" [src/ecg_classifier.cpp:266]   --->   Operation 124 'add' 'add_ln266' <Predicate = true> <Delay = 2.69> <CoreInst = "Adder">   --->   Core 1 'Adder' <Latency = 0> <II = 1> <Delay = 2.69> <FuncUnit> <Opcode : 'add' 'sub'> <InPorts = 2> <OutPorts = 1>
ST_4 : Operation 125 [1/1] (2.81ns)   --->   "%add_ln1347 = add i72 %lhs_V_3, i72 %sext_ln1347"   --->   Operation 125 'add' 'add_ln1347' <Predicate = true> <Delay = 2.81> <CoreInst = "Adder">   --->   Core 1 'Adder' <Latency = 0> <II = 1> <Delay = 2.81> <FuncUnit> <Opcode : 'add' 'sub'> <InPorts = 2> <OutPorts = 1>
ST_4 : Operation 126 [1/1] (0.00ns)   --->   "%acc0_V = partselect i48 @_ssdm_op_PartSelect.i48.i72.i32.i32, i72 %add_ln1347, i32 24, i32 71"   --->   Operation 126 'partselect' 'acc0_V' <Predicate = true> <Delay = 0.00>
ST_4 : Operation 127 [1/1] (0.00ns)   --->   "%lhs_V_4 = bitconcatenate i72 @_ssdm_op_BitConcatenate.i72.i48.i24, i48 %lhs_V_2_load, i24 0"   --->   Operation 127 'bitconcatenate' 'lhs_V_4' <Predicate = true> <Delay = 0.00>
ST_4 : Operation 128 [1/1] (0.00ns)   --->   "%trunc_ln266_1 = trunc i48 %lhs_V_2_load" [src/ecg_classifier.cpp:266]   --->   Operation 128 'trunc' 'trunc_ln266_1' <Predicate = true> <Delay = 0.00>
ST_4 : Operation 129 [1/1] (0.00ns)   --->   "%sext_ln1347_1 = bitconcatenate i64 @_ssdm_op_BitConcatenate.i64.i40.i24, i40 %trunc_ln266_1, i24 0" [src/ecg_classifier.cpp:266]   --->   Operation 129 'bitconcatenate' 'sext_ln1347_1' <Predicate = true> <Delay = 0.00>
ST_4 : Operation 130 [1/1] (0.00ns)   --->   "%sext_ln266_1 = sext i61 %r_V_3" [src/ecg_classifier.cpp:266]   --->   Operation 130 'sext' 'sext_ln266_1' <Predicate = true> <Delay = 0.00>
ST_4 : Operation 131 [1/1] (0.00ns)   --->   "%sext_ln1347_2 = sext i61 %r_V_3"   --->   Operation 131 'sext' 'sext_ln1347_2' <Predicate = true> <Delay = 0.00>
ST_4 : Operation 132 [1/1] (2.69ns)   --->   "%add_ln266_1 = add i64 %sext_ln1347_1, i64 %sext_ln266_1" [src/ecg_classifier.cpp:266]   --->   Operation 132 'add' 'add_ln266_1' <Predicate = true> <Delay = 2.69> <CoreInst = "Adder">   --->   Core 1 'Adder' <Latency = 0> <II = 1> <Delay = 2.69> <FuncUnit> <Opcode : 'add' 'sub'> <InPorts = 2> <OutPorts = 1>
ST_4 : Operation 133 [1/1] (2.81ns)   --->   "%add_ln1347_1 = add i72 %lhs_V_4, i72 %sext_ln1347_2"   --->   Operation 133 'add' 'add_ln1347_1' <Predicate = true> <Delay = 2.81> <CoreInst = "Adder">   --->   Core 1 'Adder' <Latency = 0> <II = 1> <Delay = 2.81> <FuncUnit> <Opcode : 'add' 'sub'> <InPorts = 2> <OutPorts = 1>
ST_4 : Operation 134 [1/1] (0.00ns)   --->   "%acc1_V = partselect i48 @_ssdm_op_PartSelect.i48.i72.i32.i32, i72 %add_ln1347_1, i32 24, i32 71"   --->   Operation 134 'partselect' 'acc1_V' <Predicate = true> <Delay = 0.00>
ST_4 : Operation 135 [1/1] (0.00ns)   --->   "%phitmp5 = partselect i32 @_ssdm_op_PartSelect.i32.i64.i32.i32, i64 %add_ln266, i32 32, i32 63" [src/ecg_classifier.cpp:266]   --->   Operation 135 'partselect' 'phitmp5' <Predicate = true> <Delay = 0.00>
ST_4 : Operation 136 [1/1] (0.00ns)   --->   "%phitmp6 = partselect i32 @_ssdm_op_PartSelect.i32.i64.i32.i32, i64 %add_ln266_1, i32 32, i32 63" [src/ecg_classifier.cpp:266]   --->   Operation 136 'partselect' 'phitmp6' <Predicate = true> <Delay = 0.00>
ST_4 : Operation 137 [1/1] (1.29ns)   --->   "%store_ln266 = store i48 %acc1_V, i48 %lhs_V_2" [src/ecg_classifier.cpp:266]   --->   Operation 137 'store' 'store_ln266' <Predicate = true> <Delay = 1.29>
ST_4 : Operation 138 [1/1] (1.29ns)   --->   "%store_ln266 = store i48 %acc0_V, i48 %lhs_V" [src/ecg_classifier.cpp:266]   --->   Operation 138 'store' 'store_ln266' <Predicate = true> <Delay = 1.29>
ST_4 : Operation 139 [1/1] (1.29ns)   --->   "%store_ln266 = store i32 %phitmp5, i32 %phi_ln818_6" [src/ecg_classifier.cpp:266]   --->   Operation 139 'store' 'store_ln266' <Predicate = true> <Delay = 1.29>
ST_4 : Operation 140 [1/1] (1.29ns)   --->   "%store_ln266 = store i32 %phitmp6, i32 %phi_ln818_7" [src/ecg_classifier.cpp:266]   --->   Operation 140 'store' 'store_ln266' <Predicate = true> <Delay = 1.29>
ST_4 : Operation 141 [1/1] (0.00ns)   --->   "%br_ln266 = br void %for.body593" [src/ecg_classifier.cpp:266]   --->   Operation 141 'br' 'br_ln266' <Predicate = true> <Delay = 0.00>


============================================================
+ Verbose Summary: Timing violations
============================================================
Target clock period: 13ns, clock uncertainty: 3.51ns.

 <State 1>: 9.27ns
The critical path consists of the following:
	'alloca' operation ('ic') [17]  (0 ns)
	'load' operation ('ic') on local variable 'ic' [35]  (0 ns)
	'add' operation ('add_ln264', src/ecg_classifier.cpp:264) [58]  (1.31 ns)
	'select' operation ('select_ln264_1', src/ecg_classifier.cpp:264) [63]  (0.448 ns)
	'add' operation ('add_ln837') [70]  (1.54 ns)
	'sub' operation ('sub_ln837_1') [74]  (0 ns)
	'add' operation ('add_ln837_2') [96]  (3.21 ns)
	'getelementptr' operation ('clf_w_L4_W_V_addr_1') [98]  (0 ns)
	'load' operation ('clf_w_L4_W_V_load_1') on array 'clf_w_L4_W_V' [117]  (2.77 ns)

 <State 2>: 6.11ns
The critical path consists of the following:
	'load' operation ('win23_V_2_load') on array 'win23_V_2' [42]  (2.77 ns)
	'mux' operation ('tmp_2', src/ecg_classifier.cpp:268) [45]  (1.3 ns)
	'select' operation ('select_ln264_3', src/ecg_classifier.cpp:264) [85]  (0.716 ns)
	'mux' operation ('tmp_7', src/ecg_classifier.cpp:268) [102]  (1.33 ns)

 <State 3>: 7.33ns
The critical path consists of the following:
	'mul' operation ('r.V') [108]  (7.33 ns)

 <State 4>: 4.12ns
The critical path consists of the following:
	'load' operation ('lhs_V_2_load', src/ecg_classifier.cpp:266) on local variable 'lhs.V' [56]  (0 ns)
	'add' operation ('add_ln1347_1') [127]  (2.82 ns)
	'store' operation ('store_ln266', src/ecg_classifier.cpp:266) of variable 'acc1_V' on local variable 'lhs.V' [134]  (1.3 ns)


============================================================
+ Verbose Summary: Binding
============================================================
N/A
* FSMD analyzer results:
  - Output states:
 - Input state : 
  - Chain level:
	State 1
	State 2
	State 3
	State 4


============================================================
+ Verbose Summary: Datapath Resource usage 
============================================================
N/A
