

================================================================
== Vitis HLS Report for 'ecg_classifier_Pipeline_GAP_INIT'
================================================================
* Date:           Sat Apr  4 10:53:11 2026

* Version:        2022.2 (Build 3670227 on Oct 13 2022)
* Project:        ecg_classifier_ip
* Solution:       solution1 (Vivado IP Flow Target)
* Product family: zynq
* Target device:  xc7z030-sbg485-2


================================================================
== Performance Estimates
================================================================
+ Timing: 
    * Summary: 
    +--------+----------+----------+------------+
    |  Clock |  Target  | Estimated| Uncertainty|
    +--------+----------+----------+------------+
    |ap_clk  |  13.00 ns|  3.069 ns|     3.51 ns|
    +--------+----------+----------+------------+

+ Latency: 
    * Summary: 
    +---------+---------+----------+----------+-----+-----+---------+
    |  Latency (cycles) |  Latency (absolute) |  Interval | Pipeline|
    |   min   |   max   |    min   |    max   | min | max |   Type  |
    +---------+---------+----------+----------+-----+-----+---------+
    |      194|      194|  2.522 us|  2.522 us|  194|  194|       no|
    +---------+---------+----------+----------+-----+-----+---------+

    + Detail: 
        * Instance: 
        N/A

        * Loop: 
        +------------+---------+---------+----------+-----------+-----------+------+----------+
        |            |  Latency (cycles) | Iteration|  Initiation Interval  | Trip |          |
        |  Loop Name |   min   |   max   |  Latency |  achieved |   target  | Count| Pipelined|
        +------------+---------+---------+----------+-----------+-----------+------+----------+
        |- GAP_INIT  |      192|      192|         1|          1|          1|   192|       yes|
        +------------+---------+---------+----------+-----------+-----------+------+----------+

============================================================
+ Verbose Summary: Synthesis Manager
============================================================
InlineROM: 1
ExposeGlobal: 0
============================================================
+ Verbose Summary: CDFG Model
============================================================
IsTopModel: 0
ResetActiveHigh: 1
IsCombinational: 0
IsDatapathOnly: 0
HasWiredReturn: 1
HasMFsm: 2
HasVarLatency: 1
IsPipeline: 0
IsRtlPipelined: 0
IsInstanceOverlapped: 0
IsDontTouch: 0
HasImplIP: 0
IsGatedGlobalClock: 0

+ Individual pipeline summary: 
  * Pipeline-0: initiation interval (II) = 1, depth = 1


============================================================
+ Verbose Summary: Schedule
============================================================
* Number of FSM states : 1
* Pipeline : 1
  Pipeline-0 : II = 1, D = 1, States = { 1 }
* Dataflow Pipeline: 0

* FSM state transitions: 
1 --> 

* FSM state operations: 

State 1 <SV = 0> <Delay = 3.06>
ST_1 : Operation 4 [1/1] (0.00ns)   --->   "%c = alloca i32 1"   --->   Operation 4 'alloca' 'c' <Predicate = true> <Delay = 0.00>
ST_1 : Operation 5 [1/1] (0.00ns)   --->   "%specmemcore_ln0 = specmemcore void @_ssdm_op_SpecMemCore, i32 %gap_buf_V, i64 666, i64 19, i64 18446744073709551615"   --->   Operation 5 'specmemcore' 'specmemcore_ln0' <Predicate = true> <Delay = 0.00>
ST_1 : Operation 6 [1/1] (0.00ns)   --->   "%specmemcore_ln0 = specmemcore void @_ssdm_op_SpecMemCore, i32 %gap_buf_V_1, i64 666, i64 19, i64 18446744073709551615"   --->   Operation 6 'specmemcore' 'specmemcore_ln0' <Predicate = true> <Delay = 0.00>
ST_1 : Operation 7 [1/1] (1.29ns)   --->   "%store_ln0 = store i8 0, i8 %c"   --->   Operation 7 'store' 'store_ln0' <Predicate = true> <Delay = 1.29>
ST_1 : Operation 8 [1/1] (0.00ns)   --->   "%br_ln0 = br void %for.body400"   --->   Operation 8 'br' 'br_ln0' <Predicate = true> <Delay = 0.00>
ST_1 : Operation 9 [1/1] (0.00ns)   --->   "%c_2 = load i8 %c" [src/ecg_classifier.cpp:199]   --->   Operation 9 'load' 'c_2' <Predicate = true> <Delay = 0.00>
ST_1 : Operation 10 [1/1] (1.31ns)   --->   "%icmp_ln197 = icmp_eq  i8 %c_2, i8 192" [src/ecg_classifier.cpp:197]   --->   Operation 10 'icmp' 'icmp_ln197' <Predicate = true> <Delay = 1.31> <CoreInst = "Cmp">   --->   Core 9 'Cmp' <Latency = 0> <II = 1> <Delay = 1.31> <FuncUnit> <Opcode : 'icmp'> <InPorts = 2> <OutPorts = 1>
ST_1 : Operation 11 [1/1] (0.00ns)   --->   "%empty = speclooptripcount i32 @_ssdm_op_SpecLoopTripCount, i64 192, i64 192, i64 192"   --->   Operation 11 'speclooptripcount' 'empty' <Predicate = true> <Delay = 0.00>
ST_1 : Operation 12 [1/1] (1.30ns)   --->   "%add_ln197 = add i8 %c_2, i8 1" [src/ecg_classifier.cpp:197]   --->   Operation 12 'add' 'add_ln197' <Predicate = true> <Delay = 1.30> <CoreInst = "Adder">   --->   Core 1 'Adder' <Latency = 0> <II = 1> <Delay = 1.30> <FuncUnit> <Opcode : 'add' 'sub'> <InPorts = 2> <OutPorts = 1>
ST_1 : Operation 13 [1/1] (0.00ns)   --->   "%br_ln197 = br i1 %icmp_ln197, void %for.body400.split, void %for.end406.exitStub" [src/ecg_classifier.cpp:197]   --->   Operation 13 'br' 'br_ln197' <Predicate = true> <Delay = 0.00>
ST_1 : Operation 14 [1/1] (0.00ns)   --->   "%specpipeline_ln198 = specpipeline void @_ssdm_op_SpecPipeline, i32 1, i32 0, i32 0, i32 0, void @empty_17" [src/ecg_classifier.cpp:198]   --->   Operation 14 'specpipeline' 'specpipeline_ln198' <Predicate = (!icmp_ln197)> <Delay = 0.00>
ST_1 : Operation 15 [1/1] (0.00ns)   --->   "%specloopname_ln197 = specloopname void @_ssdm_op_SpecLoopName, void @empty_2" [src/ecg_classifier.cpp:197]   --->   Operation 15 'specloopname' 'specloopname_ln197' <Predicate = (!icmp_ln197)> <Delay = 0.00>
ST_1 : Operation 16 [1/1] (0.00ns)   --->   "%lshr_ln3 = partselect i7 @_ssdm_op_PartSelect.i7.i8.i32.i32, i8 %c_2, i32 1, i32 7" [src/ecg_classifier.cpp:199]   --->   Operation 16 'partselect' 'lshr_ln3' <Predicate = (!icmp_ln197)> <Delay = 0.00>
ST_1 : Operation 17 [1/1] (0.00ns)   --->   "%zext_ln199 = zext i7 %lshr_ln3" [src/ecg_classifier.cpp:199]   --->   Operation 17 'zext' 'zext_ln199' <Predicate = (!icmp_ln197)> <Delay = 0.00>
ST_1 : Operation 18 [1/1] (0.00ns)   --->   "%gap_buf_V_addr = getelementptr i32 %gap_buf_V, i64 0, i64 %zext_ln199" [src/ecg_classifier.cpp:199]   --->   Operation 18 'getelementptr' 'gap_buf_V_addr' <Predicate = (!icmp_ln197)> <Delay = 0.00>
ST_1 : Operation 19 [1/1] (0.00ns)   --->   "%gap_buf_V_1_addr = getelementptr i32 %gap_buf_V_1, i64 0, i64 %zext_ln199" [src/ecg_classifier.cpp:199]   --->   Operation 19 'getelementptr' 'gap_buf_V_1_addr' <Predicate = (!icmp_ln197)> <Delay = 0.00>
ST_1 : Operation 20 [1/1] (0.00ns)   --->   "%trunc_ln199 = trunc i8 %c_2" [src/ecg_classifier.cpp:199]   --->   Operation 20 'trunc' 'trunc_ln199' <Predicate = (!icmp_ln197)> <Delay = 0.00>
ST_1 : Operation 21 [1/1] (0.00ns)   --->   "%br_ln199 = br i1 %trunc_ln199, void %arrayidx403.case.0, void %arrayidx403.case.1" [src/ecg_classifier.cpp:199]   --->   Operation 21 'br' 'br_ln199' <Predicate = (!icmp_ln197)> <Delay = 0.00>
ST_1 : Operation 22 [1/1] (1.75ns)   --->   "%store_ln199 = store i32 0, i7 %gap_buf_V_addr" [src/ecg_classifier.cpp:199]   --->   Operation 22 'store' 'store_ln199' <Predicate = (!icmp_ln197 & !trunc_ln199)> <Delay = 1.75> <CoreInst = "RAM_1P_LUTRAM">   --->   Core 87 'RAM_1P_LUTRAM' <Latency = 1> <II = 1> <Delay = 1.75> <Storage> <Opcode : 'load' 'store'> <Ports = 1> <Width = 32> <Depth = 96> <RAM>
ST_1 : Operation 23 [1/1] (0.00ns)   --->   "%br_ln199 = br void %arrayidx403.exit" [src/ecg_classifier.cpp:199]   --->   Operation 23 'br' 'br_ln199' <Predicate = (!icmp_ln197 & !trunc_ln199)> <Delay = 0.00>
ST_1 : Operation 24 [1/1] (1.75ns)   --->   "%store_ln199 = store i32 0, i7 %gap_buf_V_1_addr" [src/ecg_classifier.cpp:199]   --->   Operation 24 'store' 'store_ln199' <Predicate = (!icmp_ln197 & trunc_ln199)> <Delay = 1.75> <CoreInst = "RAM_1P_LUTRAM">   --->   Core 87 'RAM_1P_LUTRAM' <Latency = 1> <II = 1> <Delay = 1.75> <Storage> <Opcode : 'load' 'store'> <Ports = 1> <Width = 32> <Depth = 96> <RAM>
ST_1 : Operation 25 [1/1] (0.00ns)   --->   "%br_ln199 = br void %arrayidx403.exit" [src/ecg_classifier.cpp:199]   --->   Operation 25 'br' 'br_ln199' <Predicate = (!icmp_ln197 & trunc_ln199)> <Delay = 0.00>
ST_1 : Operation 26 [1/1] (1.29ns)   --->   "%store_ln197 = store i8 %add_ln197, i8 %c" [src/ecg_classifier.cpp:197]   --->   Operation 26 'store' 'store_ln197' <Predicate = (!icmp_ln197)> <Delay = 1.29>
ST_1 : Operation 27 [1/1] (0.00ns)   --->   "%br_ln197 = br void %for.body400" [src/ecg_classifier.cpp:197]   --->   Operation 27 'br' 'br_ln197' <Predicate = (!icmp_ln197)> <Delay = 0.00>
ST_1 : Operation 28 [1/1] (0.00ns)   --->   "%ret_ln0 = ret"   --->   Operation 28 'ret' 'ret_ln0' <Predicate = (icmp_ln197)> <Delay = 0.00>


============================================================
+ Verbose Summary: Binding
============================================================
STG Binding: 
---------------- STG Properties BEGIN ----------------
- Is combinational: 0
- Is one-state seq: 0
- Is datapath-only: 0
- Is pipelined: 0
- Is top level: 0
Port [ Return ] is wired: 1; IO mode=ap_ctrl_hs:ce=0
Port [ gap_buf_V_1]:  wired=1; compound=1; hidden=0; nouse=0; global=0; static=0; extern=0; dir=1; type=1; pingpong=0; private_global=0; MemPort=[0]; IO mode=ap_memory:ce=0
Port [ gap_buf_V]:  wired=1; compound=1; hidden=0; nouse=0; global=0; static=0; extern=0; dir=1; type=1; pingpong=0; private_global=0; MemPort=[0]; IO mode=ap_memory:ce=0
---------------- STG Properties END ------------------

---------------- Datapath Model BEGIN ----------------

<LifeTime>
<method=bitvector/>
c                  (alloca           ) [ 01]
specmemcore_ln0    (specmemcore      ) [ 00]
specmemcore_ln0    (specmemcore      ) [ 00]
store_ln0          (store            ) [ 00]
br_ln0             (br               ) [ 00]
c_2                (load             ) [ 00]
icmp_ln197         (icmp             ) [ 01]
empty              (speclooptripcount) [ 00]
add_ln197          (add              ) [ 00]
br_ln197           (br               ) [ 00]
specpipeline_ln198 (specpipeline     ) [ 00]
specloopname_ln197 (specloopname     ) [ 00]
lshr_ln3           (partselect       ) [ 00]
zext_ln199         (zext             ) [ 00]
gap_buf_V_addr     (getelementptr    ) [ 00]
gap_buf_V_1_addr   (getelementptr    ) [ 00]
trunc_ln199        (trunc            ) [ 01]
br_ln199           (br               ) [ 00]
store_ln199        (store            ) [ 00]
br_ln199           (br               ) [ 00]
store_ln199        (store            ) [ 00]
br_ln199           (br               ) [ 00]
store_ln197        (store            ) [ 00]
br_ln197           (br               ) [ 00]
ret_ln0            (ret              ) [ 00]
</LifeTime>

<model>

<comp_list>
<comp id="0" class="1000" name="gap_buf_V_1">
<pin_list>
<pin id="1" dir="1" index="0" bw="1" slack="0"/>
</pin_list>
<bind>
<StgValue><ssdm name="gap_buf_V_1"/><MemPortTyVec>0 </MemPortTyVec>
</StgValue>
</bind>
</comp>

<comp id="2" class="1000" name="gap_buf_V">
<pin_list>
<pin id="3" dir="1" index="0" bw="1" slack="0"/>
</pin_list>
<bind>
<StgValue><ssdm name="gap_buf_V"/><MemPortTyVec>0 </MemPortTyVec>
</StgValue>
</bind>
</comp>

<comp id="4" class="1001" name="const_4">
<pin_list>
<pin id="5" dir="1" index="0" bw="1" slack="0"/>
</pin_list>
<bind>
<StgValue><ssdm name=""/></StgValue>
</bind>
</comp>

<comp id="6" class="1001" name="const_6">
<pin_list>
<pin id="7" dir="1" index="0" bw="1" slack="2147483647"/>
</pin_list>
<bind>
<StgValue><ssdm name="_ssdm_op_SpecMemCore"/></StgValue>
</bind>
</comp>

<comp id="8" class="1001" name="const_8">
<pin_list>
<pin id="9" dir="1" index="0" bw="1" slack="2147483647"/>
</pin_list>
<bind>
<StgValue><ssdm name=""/></StgValue>
</bind>
</comp>

<comp id="10" class="1001" name="const_10">
<pin_list>
<pin id="11" dir="1" index="0" bw="1" slack="2147483647"/>
</pin_list>
<bind>
<StgValue><ssdm name=""/></StgValue>
</bind>
</comp>

<comp id="12" class="1001" name="const_12">
<pin_list>
<pin id="13" dir="1" index="0" bw="1" slack="2147483647"/>
</pin_list>
<bind>
<StgValue><ssdm name=""/></StgValue>
</bind>
</comp>

<comp id="14" class="1001" name="const_14">
<pin_list>
<pin id="15" dir="1" index="0" bw="1" slack="0"/>
</pin_list>
<bind>
<StgValue><ssdm name=""/></StgValue>
</bind>
</comp>

<comp id="16" class="1001" name="const_16">
<pin_list>
<pin id="17" dir="1" index="0" bw="1" slack="0"/>
</pin_list>
<bind>
<StgValue><ssdm name=""/></StgValue>
</bind>
</comp>

<comp id="18" class="1001" name="const_18">
<pin_list>
<pin id="19" dir="1" index="0" bw="1" slack="2147483647"/>
</pin_list>
<bind>
<StgValue><ssdm name="_ssdm_op_SpecLoopTripCount"/></StgValue>
</bind>
</comp>

<comp id="20" class="1001" name="const_20">
<pin_list>
<pin id="21" dir="1" index="0" bw="1" slack="2147483647"/>
</pin_list>
<bind>
<StgValue><ssdm name=""/></StgValue>
</bind>
</comp>

<comp id="22" class="1001" name="const_22">
<pin_list>
<pin id="23" dir="1" index="0" bw="1" slack="0"/>
</pin_list>
<bind>
<StgValue><ssdm name=""/></StgValue>
</bind>
</comp>

<comp id="24" class="1001" name="const_24">
<pin_list>
<pin id="25" dir="1" index="0" bw="1" slack="2147483647"/>
</pin_list>
<bind>
<StgValue><ssdm name="_ssdm_op_SpecPipeline"/></StgValue>
</bind>
</comp>

<comp id="26" class="1001" name="const_26">
<pin_list>
<pin id="27" dir="1" index="0" bw="1" slack="0"/>
</pin_list>
<bind>
<StgValue><ssdm name=""/></StgValue>
</bind>
</comp>

<comp id="28" class="1001" name="const_28">
<pin_list>
<pin id="29" dir="1" index="0" bw="1" slack="2147483647"/>
</pin_list>
<bind>
<StgValue><ssdm name="empty_17"/></StgValue>
</bind>
</comp>

<comp id="30" class="1001" name="const_30">
<pin_list>
<pin id="31" dir="1" index="0" bw="1" slack="2147483647"/>
</pin_list>
<bind>
<StgValue><ssdm name="_ssdm_op_SpecLoopName"/></StgValue>
</bind>
</comp>

<comp id="32" class="1001" name="const_32">
<pin_list>
<pin id="33" dir="1" index="0" bw="1" slack="2147483647"/>
</pin_list>
<bind>
<StgValue><ssdm name="empty_2"/></StgValue>
</bind>
</comp>

<comp id="34" class="1001" name="const_34">
<pin_list>
<pin id="35" dir="1" index="0" bw="1" slack="0"/>
</pin_list>
<bind>
<StgValue><ssdm name="_ssdm_op_PartSelect.i7.i8.i32.i32"/></StgValue>
</bind>
</comp>

<comp id="36" class="1001" name="const_36">
<pin_list>
<pin id="37" dir="1" index="0" bw="1" slack="0"/>
</pin_list>
<bind>
<StgValue><ssdm name=""/></StgValue>
</bind>
</comp>

<comp id="38" class="1001" name="const_38">
<pin_list>
<pin id="39" dir="1" index="0" bw="1" slack="0"/>
</pin_list>
<bind>
<StgValue><ssdm name=""/></StgValue>
</bind>
</comp>

<comp id="40" class="1004" name="c_fu_40">
<pin_list>
<pin id="41" dir="0" index="0" bw="1" slack="0"/>
<pin id="42" dir="1" index="1" bw="8" slack="0"/>
</pin_list>
<bind>
<opcode="alloca(26) " fcode="alloca"/>
<opset="c/1 "/>
</bind>
</comp>

<comp id="44" class="1004" name="gap_buf_V_addr_gep_fu_44">
<pin_list>
<pin id="45" dir="0" index="0" bw="32" slack="0"/>
<pin id="46" dir="0" index="1" bw="1" slack="0"/>
<pin id="47" dir="0" index="2" bw="7" slack="0"/>
<pin id="48" dir="1" index="3" bw="7" slack="0"/>
</pin_list>
<bind>
<opcode="getelementptr(29) " fcode="getelementptr"/>
<opset="gap_buf_V_addr/1 "/>
</bind>
</comp>

<comp id="51" class="1004" name="gap_buf_V_1_addr_gep_fu_51">
<pin_list>
<pin id="52" dir="0" index="0" bw="32" slack="0"/>
<pin id="53" dir="0" index="1" bw="1" slack="0"/>
<pin id="54" dir="0" index="2" bw="7" slack="0"/>
<pin id="55" dir="1" index="3" bw="7" slack="0"/>
</pin_list>
<bind>
<opcode="getelementptr(29) " fcode="getelementptr"/>
<opset="gap_buf_V_1_addr/1 "/>
</bind>
</comp>

<comp id="58" class="1004" name="store_ln199_access_fu_58">
<pin_list>
<pin id="59" dir="0" index="0" bw="7" slack="0"/>
<pin id="60" dir="0" index="1" bw="32" slack="0"/>
<pin id="61" dir="0" index="2" bw="0" slack="2147483647"/>
<pin id="62" dir="1" index="3" bw="32" slack="2147483647"/>
</pin_list>
<bind>
<opcode="store(28) " fcode="store"/>
<opset="store_ln199/1 "/>
</bind>
</comp>

<comp id="65" class="1004" name="store_ln199_access_fu_65">
<pin_list>
<pin id="66" dir="0" index="0" bw="7" slack="0"/>
<pin id="67" dir="0" index="1" bw="32" slack="0"/>
<pin id="68" dir="0" index="2" bw="0" slack="2147483647"/>
<pin id="69" dir="1" index="3" bw="32" slack="2147483647"/>
</pin_list>
<bind>
<opcode="store(28) " fcode="store"/>
<opset="store_ln199/1 "/>
</bind>
</comp>

<comp id="72" class="1004" name="store_ln0_store_fu_72">
<pin_list>
<pin id="73" dir="0" index="0" bw="1" slack="0"/>
<pin id="74" dir="0" index="1" bw="8" slack="0"/>
<pin id="75" dir="1" index="2" bw="0" slack="2147483647"/>
</pin_list>
<bind>
<opcode="store(28) " fcode="store"/>
<opset="store_ln0/1 "/>
</bind>
</comp>

<comp id="77" class="1004" name="c_2_load_fu_77">
<pin_list>
<pin id="78" dir="0" index="0" bw="8" slack="0"/>
<pin id="79" dir="1" index="1" bw="8" slack="0"/>
</pin_list>
<bind>
<opcode="load(27) " fcode="load"/>
<opset="c_2/1 "/>
</bind>
</comp>

<comp id="80" class="1004" name="icmp_ln197_fu_80">
<pin_list>
<pin id="81" dir="0" index="0" bw="8" slack="0"/>
<pin id="82" dir="0" index="1" bw="7" slack="0"/>
<pin id="83" dir="1" index="2" bw="1" slack="2147483647"/>
</pin_list>
<bind>
<opcode="icmp(45) " fcode="icmp"/>
<opset="icmp_ln197/1 "/>
</bind>
</comp>

<comp id="86" class="1004" name="add_ln197_fu_86">
<pin_list>
<pin id="87" dir="0" index="0" bw="8" slack="0"/>
<pin id="88" dir="0" index="1" bw="1" slack="0"/>
<pin id="89" dir="1" index="2" bw="8" slack="0"/>
</pin_list>
<bind>
<opcode="add(8) " fcode="add"/>
<opset="add_ln197/1 "/>
</bind>
</comp>

<comp id="92" class="1004" name="lshr_ln3_fu_92">
<pin_list>
<pin id="93" dir="0" index="0" bw="7" slack="0"/>
<pin id="94" dir="0" index="1" bw="8" slack="0"/>
<pin id="95" dir="0" index="2" bw="1" slack="0"/>
<pin id="96" dir="0" index="3" bw="4" slack="0"/>
<pin id="97" dir="1" index="4" bw="7" slack="0"/>
</pin_list>
<bind>
<opcode="partselect(1002) " fcode="partselect"/>
<opset="lshr_ln3/1 "/>
</bind>
</comp>

<comp id="102" class="1004" name="zext_ln199_fu_102">
<pin_list>
<pin id="103" dir="0" index="0" bw="7" slack="0"/>
<pin id="104" dir="1" index="1" bw="64" slack="0"/>
</pin_list>
<bind>
<opcode="zext(34) " fcode="zext"/>
<opset="zext_ln199/1 "/>
</bind>
</comp>

<comp id="108" class="1004" name="trunc_ln199_fu_108">
<pin_list>
<pin id="109" dir="0" index="0" bw="8" slack="0"/>
<pin id="110" dir="1" index="1" bw="1" slack="2147483647"/>
</pin_list>
<bind>
<opcode="trunc(33) " fcode="trunc"/>
<opset="trunc_ln199/1 "/>
</bind>
</comp>

<comp id="112" class="1004" name="store_ln197_store_fu_112">
<pin_list>
<pin id="113" dir="0" index="0" bw="8" slack="0"/>
<pin id="114" dir="0" index="1" bw="8" slack="0"/>
<pin id="115" dir="1" index="2" bw="0" slack="2147483647"/>
</pin_list>
<bind>
<opcode="store(28) " fcode="store"/>
<opset="store_ln197/1 "/>
</bind>
</comp>

<comp id="117" class="1005" name="c_reg_117">
<pin_list>
<pin id="118" dir="0" index="0" bw="8" slack="0"/>
<pin id="119" dir="1" index="1" bw="8" slack="0"/>
</pin_list>
<bind>
<opset="c "/>
</bind>
</comp>

</comp_list>

<net_list>
<net id="43"><net_src comp="4" pin="0"/><net_sink comp="40" pin=0"/></net>

<net id="49"><net_src comp="2" pin="0"/><net_sink comp="44" pin=0"/></net>

<net id="50"><net_src comp="38" pin="0"/><net_sink comp="44" pin=1"/></net>

<net id="56"><net_src comp="0" pin="0"/><net_sink comp="51" pin=0"/></net>

<net id="57"><net_src comp="38" pin="0"/><net_sink comp="51" pin=1"/></net>

<net id="63"><net_src comp="26" pin="0"/><net_sink comp="58" pin=1"/></net>

<net id="64"><net_src comp="44" pin="3"/><net_sink comp="58" pin=0"/></net>

<net id="70"><net_src comp="26" pin="0"/><net_sink comp="65" pin=1"/></net>

<net id="71"><net_src comp="51" pin="3"/><net_sink comp="65" pin=0"/></net>

<net id="76"><net_src comp="14" pin="0"/><net_sink comp="72" pin=0"/></net>

<net id="84"><net_src comp="77" pin="1"/><net_sink comp="80" pin=0"/></net>

<net id="85"><net_src comp="16" pin="0"/><net_sink comp="80" pin=1"/></net>

<net id="90"><net_src comp="77" pin="1"/><net_sink comp="86" pin=0"/></net>

<net id="91"><net_src comp="22" pin="0"/><net_sink comp="86" pin=1"/></net>

<net id="98"><net_src comp="34" pin="0"/><net_sink comp="92" pin=0"/></net>

<net id="99"><net_src comp="77" pin="1"/><net_sink comp="92" pin=1"/></net>

<net id="100"><net_src comp="4" pin="0"/><net_sink comp="92" pin=2"/></net>

<net id="101"><net_src comp="36" pin="0"/><net_sink comp="92" pin=3"/></net>

<net id="105"><net_src comp="92" pin="4"/><net_sink comp="102" pin=0"/></net>

<net id="106"><net_src comp="102" pin="1"/><net_sink comp="44" pin=2"/></net>

<net id="107"><net_src comp="102" pin="1"/><net_sink comp="51" pin=2"/></net>

<net id="111"><net_src comp="77" pin="1"/><net_sink comp="108" pin=0"/></net>

<net id="116"><net_src comp="86" pin="2"/><net_sink comp="112" pin=0"/></net>

<net id="120"><net_src comp="40" pin="1"/><net_sink comp="117" pin=0"/></net>

<net id="121"><net_src comp="117" pin="1"/><net_sink comp="72" pin=1"/></net>

<net id="122"><net_src comp="117" pin="1"/><net_sink comp="77" pin=0"/></net>

<net id="123"><net_src comp="117" pin="1"/><net_sink comp="112" pin=1"/></net>

</net_list>

</model> 
---------------- Datapath Model END ------------------

* FSMD analyzer results:
  - Output states:
	Port: gap_buf_V_1 | {1 }
	Port: gap_buf_V | {1 }
 - Input state : 
  - Chain level:
	State 1
		store_ln0 : 1
		c_2 : 1
		icmp_ln197 : 2
		add_ln197 : 2
		br_ln197 : 3
		lshr_ln3 : 2
		zext_ln199 : 3
		gap_buf_V_addr : 4
		gap_buf_V_1_addr : 4
		trunc_ln199 : 2
		br_ln199 : 3
		store_ln199 : 5
		store_ln199 : 5
		store_ln197 : 3


============================================================
+ Verbose Summary: Datapath Resource usage 
============================================================

* Functional unit list:
|----------|--------------------|---------|---------|
| Operation|   Functional Unit  |    FF   |   LUT   |
|----------|--------------------|---------|---------|
|    add   |   add_ln197_fu_86  |    0    |    8    |
|----------|--------------------|---------|---------|
|   icmp   |  icmp_ln197_fu_80  |    0    |    4    |
|----------|--------------------|---------|---------|
|partselect|   lshr_ln3_fu_92   |    0    |    0    |
|----------|--------------------|---------|---------|
|   zext   |  zext_ln199_fu_102 |    0    |    0    |
|----------|--------------------|---------|---------|
|   trunc  | trunc_ln199_fu_108 |    0    |    0    |
|----------|--------------------|---------|---------|
|   Total  |                    |    0    |    12   |
|----------|--------------------|---------|---------|

Memories:
N/A

* Register list:
+---------+--------+
|         |   FF   |
+---------+--------+
|c_reg_117|    8   |
+---------+--------+
|  Total  |    8   |
+---------+--------+

* Multiplexer (MUX) list: 
|--------|------|------|------|--------|
|  Comp  |  Pin | Size |  BW  | S x BW |
|--------|------|------|------|--------|
|  Total |      |      |      |    0   |
|--------|------|------|------|--------|



* Summary:
+-----------+--------+--------+
|           |   FF   |   LUT  |
+-----------+--------+--------+
|  Function |    0   |   12   |
|   Memory  |    -   |    -   |
|Multiplexer|    -   |    -   |
|  Register |    8   |    -   |
+-----------+--------+--------+
|   Total   |    8   |   12   |
+-----------+--------+--------+
