

================================================================
== Vitis HLS Report for 'ecg_classifier_Pipeline_GAP_NORM'
================================================================
* Date:           Sat Apr  4 10:53:14 2026

* Version:        2022.2 (Build 3670227 on Oct 13 2022)
* Project:        ecg_classifier_ip
* Solution:       solution1 (Vivado IP Flow Target)
* Product family: zynq
* Target device:  xc7z030-sbg485-2


================================================================
== Performance Estimates
================================================================
+ Timing: 
    * Summary: 
    +--------+----------+----------+------------+
    |  Clock |  Target  | Estimated| Uncertainty|
    +--------+----------+----------+------------+
    |ap_clk  |  13.00 ns|  7.050 ns|     3.51 ns|
    +--------+----------+----------+------------+

+ Latency: 
    * Summary: 
    +---------+---------+----------+----------+-----+-----+---------+
    |  Latency (cycles) |  Latency (absolute) |  Interval | Pipeline|
    |   min   |   max   |    min   |    max   | min | max |   Type  |
    +---------+---------+----------+----------+-----+-----+---------+
    |      387|      387|  5.031 us|  5.031 us|  387|  387|       no|
    +---------+---------+----------+----------+-----+-----+---------+

    + Detail: 
        * Instance: 
        N/A

        * Loop: 
        +------------+---------+---------+----------+-----------+-----------+------+----------+
        |            |  Latency (cycles) | Iteration|  Initiation Interval  | Trip |          |
        |  Loop Name |   min   |   max   |  Latency |  achieved |   target  | Count| Pipelined|
        +------------+---------+---------+----------+-----------+-----------+------+----------+
        |- GAP_NORM  |      385|      385|         4|          2|          1|   192|       yes|
        +------------+---------+---------+----------+-----------+-----------+------+----------+

============================================================
+ Verbose Summary: Synthesis Manager
============================================================
InlineROM: 1
ExposeGlobal: 0
============================================================
+ Verbose Summary: CDFG Model
============================================================
IsTopModel: 0
ResetActiveHigh: 1
IsCombinational: 0
IsDatapathOnly: 0
HasWiredReturn: 1
HasMFsm: 2
HasVarLatency: 1
IsPipeline: 0
IsRtlPipelined: 0
IsInstanceOverlapped: 0
IsDontTouch: 0
HasImplIP: 0
IsGatedGlobalClock: 0

+ Individual pipeline summary: 
  * Pipeline-0: initiation interval (II) = 2, depth = 4


============================================================
+ Verbose Summary: Schedule
============================================================
* Number of FSM states : 4
* Pipeline : 1
  Pipeline-0 : II = 2, D = 4, States = { 1 2 3 4 }
* Dataflow Pipeline: 0

* FSM state transitions: 
1 --> 2 
2 --> 3 
3 --> 4 
4 --> 

* FSM state operations: 

State 1 <SV = 0> <Delay = 2.61>
ST_1 : Operation 7 [1/1] (0.00ns)   --->   "%c = alloca i32 1"   --->   Operation 7 'alloca' 'c' <Predicate = true> <Delay = 0.00>
ST_1 : Operation 8 [1/1] (0.00ns)   --->   "%specmemcore_ln0 = specmemcore void @_ssdm_op_SpecMemCore, i32 %gap_buf_V, i64 666, i64 19, i64 18446744073709551615"   --->   Operation 8 'specmemcore' 'specmemcore_ln0' <Predicate = true> <Delay = 0.00>
ST_1 : Operation 9 [1/1] (0.00ns)   --->   "%specmemcore_ln0 = specmemcore void @_ssdm_op_SpecMemCore, i32 %gap_buf_V_1, i64 666, i64 19, i64 18446744073709551615"   --->   Operation 9 'specmemcore' 'specmemcore_ln0' <Predicate = true> <Delay = 0.00>
ST_1 : Operation 10 [1/1] (1.29ns)   --->   "%store_ln0 = store i8 0, i8 %c"   --->   Operation 10 'store' 'store_ln0' <Predicate = true> <Delay = 1.29>
ST_1 : Operation 11 [1/1] (0.00ns)   --->   "%br_ln0 = br void %for.body658"   --->   Operation 11 'br' 'br_ln0' <Predicate = true> <Delay = 0.00>
ST_1 : Operation 12 [1/1] (0.00ns)   --->   "%c_1 = load i8 %c" [src/ecg_classifier.cpp:283]   --->   Operation 12 'load' 'c_1' <Predicate = true> <Delay = 0.00>
ST_1 : Operation 13 [1/1] (1.31ns)   --->   "%icmp_ln280 = icmp_eq  i8 %c_1, i8 192" [src/ecg_classifier.cpp:280]   --->   Operation 13 'icmp' 'icmp_ln280' <Predicate = true> <Delay = 1.31> <CoreInst = "Cmp">   --->   Core 9 'Cmp' <Latency = 0> <II = 1> <Delay = 1.31> <FuncUnit> <Opcode : 'icmp'> <InPorts = 2> <OutPorts = 1>
ST_1 : Operation 14 [1/1] (0.00ns)   --->   "%empty = speclooptripcount i32 @_ssdm_op_SpecLoopTripCount, i64 192, i64 192, i64 192"   --->   Operation 14 'speclooptripcount' 'empty' <Predicate = true> <Delay = 0.00>
ST_1 : Operation 15 [1/1] (1.30ns)   --->   "%add_ln280 = add i8 %c_1, i8 1" [src/ecg_classifier.cpp:280]   --->   Operation 15 'add' 'add_ln280' <Predicate = true> <Delay = 1.30> <CoreInst = "Adder">   --->   Core 1 'Adder' <Latency = 0> <II = 1> <Delay = 1.30> <FuncUnit> <Opcode : 'add' 'sub'> <InPorts = 2> <OutPorts = 1>
ST_1 : Operation 16 [1/1] (0.00ns)   --->   "%br_ln280 = br i1 %icmp_ln280, void %for.body658.split, void %for.body673.preheader.exitStub" [src/ecg_classifier.cpp:280]   --->   Operation 16 'br' 'br_ln280' <Predicate = true> <Delay = 0.00>
ST_1 : Operation 17 [1/1] (0.00ns)   --->   "%lshr_ln5 = partselect i7 @_ssdm_op_PartSelect.i7.i8.i32.i32, i8 %c_1, i32 1, i32 7" [src/ecg_classifier.cpp:283]   --->   Operation 17 'partselect' 'lshr_ln5' <Predicate = (!icmp_ln280)> <Delay = 0.00>
ST_1 : Operation 18 [1/1] (0.00ns)   --->   "%zext_ln283 = zext i7 %lshr_ln5" [src/ecg_classifier.cpp:283]   --->   Operation 18 'zext' 'zext_ln283' <Predicate = (!icmp_ln280)> <Delay = 0.00>
ST_1 : Operation 19 [1/1] (0.00ns)   --->   "%gap_buf_V_addr = getelementptr i32 %gap_buf_V, i64 0, i64 %zext_ln283" [src/ecg_classifier.cpp:283]   --->   Operation 19 'getelementptr' 'gap_buf_V_addr' <Predicate = (!icmp_ln280)> <Delay = 0.00>
ST_1 : Operation 20 [1/1] (0.00ns)   --->   "%gap_buf_V_1_addr = getelementptr i32 %gap_buf_V_1, i64 0, i64 %zext_ln283" [src/ecg_classifier.cpp:283]   --->   Operation 20 'getelementptr' 'gap_buf_V_1_addr' <Predicate = (!icmp_ln280)> <Delay = 0.00>
ST_1 : Operation 21 [1/1] (0.00ns)   --->   "%trunc_ln283 = trunc i8 %c_1" [src/ecg_classifier.cpp:283]   --->   Operation 21 'trunc' 'trunc_ln283' <Predicate = (!icmp_ln280)> <Delay = 0.00>
ST_1 : Operation 22 [2/2] (1.75ns)   --->   "%gap_buf_V_load = load i7 %gap_buf_V_addr" [src/ecg_classifier.cpp:283]   --->   Operation 22 'load' 'gap_buf_V_load' <Predicate = (!icmp_ln280)> <Delay = 1.75> <CoreInst = "RAM_1P_LUTRAM">   --->   Core 87 'RAM_1P_LUTRAM' <Latency = 1> <II = 1> <Delay = 1.75> <Storage> <Opcode : 'load' 'store'> <Ports = 1> <Width = 32> <Depth = 96> <RAM>
ST_1 : Operation 23 [2/2] (1.75ns)   --->   "%gap_buf_V_1_load = load i7 %gap_buf_V_1_addr" [src/ecg_classifier.cpp:283]   --->   Operation 23 'load' 'gap_buf_V_1_load' <Predicate = (!icmp_ln280)> <Delay = 1.75> <CoreInst = "RAM_1P_LUTRAM">   --->   Core 87 'RAM_1P_LUTRAM' <Latency = 1> <II = 1> <Delay = 1.75> <Storage> <Opcode : 'load' 'store'> <Ports = 1> <Width = 32> <Depth = 96> <RAM>
ST_1 : Operation 24 [1/1] (0.00ns)   --->   "%br_ln284 = br i1 %trunc_ln283, void %arrayidx660.case.0, void %arrayidx660.case.1" [src/ecg_classifier.cpp:284]   --->   Operation 24 'br' 'br_ln284' <Predicate = (!icmp_ln280)> <Delay = 0.00>
ST_1 : Operation 25 [1/1] (1.29ns)   --->   "%store_ln280 = store i8 %add_ln280, i8 %c" [src/ecg_classifier.cpp:280]   --->   Operation 25 'store' 'store_ln280' <Predicate = (!icmp_ln280)> <Delay = 1.29>
ST_1 : Operation 26 [1/1] (0.00ns)   --->   "%br_ln280 = br void %for.body658" [src/ecg_classifier.cpp:280]   --->   Operation 26 'br' 'br_ln280' <Predicate = (!icmp_ln280)> <Delay = 0.00>

State 2 <SV = 1> <Delay = 3.05>
ST_2 : Operation 27 [1/2] (1.75ns)   --->   "%gap_buf_V_load = load i7 %gap_buf_V_addr" [src/ecg_classifier.cpp:283]   --->   Operation 27 'load' 'gap_buf_V_load' <Predicate = (!icmp_ln280)> <Delay = 1.75> <CoreInst = "RAM_1P_LUTRAM">   --->   Core 87 'RAM_1P_LUTRAM' <Latency = 1> <II = 1> <Delay = 1.75> <Storage> <Opcode : 'load' 'store'> <Ports = 1> <Width = 32> <Depth = 96> <RAM>
ST_2 : Operation 28 [1/2] (1.75ns)   --->   "%gap_buf_V_1_load = load i7 %gap_buf_V_1_addr" [src/ecg_classifier.cpp:283]   --->   Operation 28 'load' 'gap_buf_V_1_load' <Predicate = (!icmp_ln280)> <Delay = 1.75> <CoreInst = "RAM_1P_LUTRAM">   --->   Core 87 'RAM_1P_LUTRAM' <Latency = 1> <II = 1> <Delay = 1.75> <Storage> <Opcode : 'load' 'store'> <Ports = 1> <Width = 32> <Depth = 96> <RAM>
ST_2 : Operation 29 [1/1] (1.29ns)   --->   "%val_V = mux i32 @_ssdm_op_Mux.ap_auto.2i32.i1, i32 %gap_buf_V_load, i32 %gap_buf_V_1_load, i1 %trunc_ln283" [src/ecg_classifier.cpp:283]   --->   Operation 29 'mux' 'val_V' <Predicate = (!icmp_ln280)> <Delay = 1.29> <CoreInst = "Multiplexer">   --->   Core 76 'Multiplexer' <Latency = 0> <II = 1> <Delay = 1.29> <FuncUnit> <Opcode : 'mux'> <InPorts = 2> <OutPorts = 1>
ST_2 : Operation 40 [1/1] (0.00ns)   --->   "%ret_ln0 = ret"   --->   Operation 40 'ret' 'ret_ln0' <Predicate = (icmp_ln280)> <Delay = 0.00>

State 3 <SV = 2> <Delay = 7.05>
ST_3 : Operation 30 [1/1] (0.00ns)   --->   "%sext_ln1270 = sext i32 %val_V"   --->   Operation 30 'sext' 'sext_ln1270' <Predicate = true> <Delay = 0.00>
ST_3 : Operation 31 [1/1] (7.05ns)   --->   "%r_V_11 = mul i44 %sext_ln1270, i44 1394"   --->   Operation 31 'mul' 'r_V_11' <Predicate = true> <Delay = 7.05> <CoreInst = "Multiplier">   --->   Core 3 'Multiplier' <Latency = 0> <II = 1> <Delay = 7.05> <FuncUnit> <Opcode : 'mul'> <InPorts = 2> <OutPorts = 1>
ST_3 : Operation 32 [1/1] (0.00ns)   --->   "%trunc_ln818_4 = partselect i28 @_ssdm_op_PartSelect.i28.i44.i32.i32, i44 %r_V_11, i32 16, i32 43"   --->   Operation 32 'partselect' 'trunc_ln818_4' <Predicate = true> <Delay = 0.00>

State 4 <SV = 3> <Delay = 1.75>
ST_4 : Operation 33 [1/1] (0.00ns)   --->   "%specpipeline_ln281 = specpipeline void @_ssdm_op_SpecPipeline, i32 1, i32 0, i32 0, i32 0, void @empty_17" [src/ecg_classifier.cpp:281]   --->   Operation 33 'specpipeline' 'specpipeline_ln281' <Predicate = true> <Delay = 0.00>
ST_4 : Operation 34 [1/1] (0.00ns)   --->   "%specloopname_ln280 = specloopname void @_ssdm_op_SpecLoopName, void @empty_27" [src/ecg_classifier.cpp:280]   --->   Operation 34 'specloopname' 'specloopname_ln280' <Predicate = true> <Delay = 0.00>
ST_4 : Operation 35 [1/1] (0.00ns)   --->   "%sext_ln818 = sext i28 %trunc_ln818_4"   --->   Operation 35 'sext' 'sext_ln818' <Predicate = true> <Delay = 0.00>
ST_4 : Operation 36 [1/1] (1.75ns)   --->   "%store_ln284 = store i32 %sext_ln818, i7 %gap_buf_V_addr" [src/ecg_classifier.cpp:284]   --->   Operation 36 'store' 'store_ln284' <Predicate = (!trunc_ln283)> <Delay = 1.75> <CoreInst = "RAM_1P_LUTRAM">   --->   Core 87 'RAM_1P_LUTRAM' <Latency = 1> <II = 1> <Delay = 1.75> <Storage> <Opcode : 'load' 'store'> <Ports = 1> <Width = 32> <Depth = 96> <RAM>
ST_4 : Operation 37 [1/1] (0.00ns)   --->   "%br_ln284 = br void %arrayidx660.exit" [src/ecg_classifier.cpp:284]   --->   Operation 37 'br' 'br_ln284' <Predicate = (!trunc_ln283)> <Delay = 0.00>
ST_4 : Operation 38 [1/1] (1.75ns)   --->   "%store_ln284 = store i32 %sext_ln818, i7 %gap_buf_V_1_addr" [src/ecg_classifier.cpp:284]   --->   Operation 38 'store' 'store_ln284' <Predicate = (trunc_ln283)> <Delay = 1.75> <CoreInst = "RAM_1P_LUTRAM">   --->   Core 87 'RAM_1P_LUTRAM' <Latency = 1> <II = 1> <Delay = 1.75> <Storage> <Opcode : 'load' 'store'> <Ports = 1> <Width = 32> <Depth = 96> <RAM>
ST_4 : Operation 39 [1/1] (0.00ns)   --->   "%br_ln284 = br void %arrayidx660.exit" [src/ecg_classifier.cpp:284]   --->   Operation 39 'br' 'br_ln284' <Predicate = (trunc_ln283)> <Delay = 0.00>


============================================================
+ Verbose Summary: Timing violations
============================================================
Target clock period: 13ns, clock uncertainty: 3.51ns.

 <State 1>: 2.61ns
The critical path consists of the following:
	'alloca' operation ('c') [3]  (0 ns)
	'load' operation ('c', src/ecg_classifier.cpp:283) on local variable 'c' [9]  (0 ns)
	'add' operation ('add_ln280', src/ecg_classifier.cpp:280) [12]  (1.31 ns)
	'store' operation ('store_ln280', src/ecg_classifier.cpp:280) of variable 'add_ln280', src/ecg_classifier.cpp:280 on local variable 'c' [37]  (1.3 ns)
	blocking operation 0.008 ns on control path)

 <State 2>: 3.05ns
The critical path consists of the following:
	'load' operation ('gap_buf_V_load', src/ecg_classifier.cpp:283) on array 'gap_buf_V' [22]  (1.75 ns)
	'mux' operation ('val.V', src/ecg_classifier.cpp:283) [24]  (1.3 ns)

 <State 3>: 7.05ns
The critical path consists of the following:
	'mul' operation ('r.V') [26]  (7.05 ns)

 <State 4>: 1.75ns
The critical path consists of the following:
	'store' operation ('store_ln284', src/ecg_classifier.cpp:284) of variable 'sext_ln818' on array 'gap_buf_V' [31]  (1.75 ns)


============================================================
+ Verbose Summary: Binding
============================================================
N/A
* FSMD analyzer results:
  - Output states:
 - Input state : 
  - Chain level:
	State 1
	State 2
	State 3
	State 4


============================================================
+ Verbose Summary: Datapath Resource usage 
============================================================
N/A
