

================================================================
== Vitis HLS Report for 'ecg_classifier_Pipeline_WRITE_OUTPUT'
================================================================
* Date:           Sat Apr  4 10:53:15 2026

* Version:        2022.2 (Build 3670227 on Oct 13 2022)
* Project:        ecg_classifier_ip
* Solution:       solution1 (Vivado IP Flow Target)
* Product family: zynq
* Target device:  xc7z030-sbg485-2


================================================================
== Performance Estimates
================================================================
+ Timing: 
    * Summary: 
    +--------+----------+----------+------------+
    |  Clock |  Target  | Estimated| Uncertainty|
    +--------+----------+----------+------------+
    |ap_clk  |  13.00 ns|  9.281 ns|     3.51 ns|
    +--------+----------+----------+------------+

+ Latency: 
    * Summary: 
    +---------+---------+----------+----------+-----+-----+---------+
    |  Latency (cycles) |  Latency (absolute) |  Interval | Pipeline|
    |   min   |   max   |    min   |    max   | min | max |   Type  |
    +---------+---------+----------+----------+-----+-----+---------+
    |       13|       13|  0.169 us|  0.169 us|   13|   13|       no|
    +---------+---------+----------+----------+-----+-----+---------+

    + Detail: 
        * Instance: 
        N/A

        * Loop: 
        +----------------+---------+---------+----------+-----------+-----------+------+----------+
        |                |  Latency (cycles) | Iteration|  Initiation Interval  | Trip |          |
        |    Loop Name   |   min   |   max   |  Latency |  achieved |   target  | Count| Pipelined|
        +----------------+---------+---------+----------+-----------+-----------+------+----------+
        |- WRITE_OUTPUT  |       11|       11|        11|          1|          1|     2|       yes|
        +----------------+---------+---------+----------+-----------+-----------+------+----------+

============================================================
+ Verbose Summary: Synthesis Manager
============================================================
InlineROM: 1
ExposeGlobal: 0
============================================================
+ Verbose Summary: CDFG Model
============================================================
IsTopModel: 0
ResetActiveHigh: 1
IsCombinational: 0
IsDatapathOnly: 0
HasWiredReturn: 1
HasMFsm: 2
HasVarLatency: 1
IsPipeline: 0
IsRtlPipelined: 0
IsInstanceOverlapped: 0
IsDontTouch: 0
HasImplIP: 0
IsGatedGlobalClock: 0

+ Individual pipeline summary: 
  * Pipeline-0: initiation interval (II) = 1, depth = 11


============================================================
+ Verbose Summary: Schedule
============================================================
* Number of FSM states : 11
* Pipeline : 1
  Pipeline-0 : II = 1, D = 11, States = { 1 2 3 4 5 6 7 8 9 10 11 }
* Dataflow Pipeline: 0

* FSM state transitions: 
1 --> 2 
2 --> 3 
3 --> 4 
4 --> 5 
5 --> 6 
6 --> 7 
7 --> 8 
8 --> 9 
9 --> 10 
10 --> 11 
11 --> 

* FSM state operations: 

State 1 <SV = 0> <Delay = 1.93>
ST_1 : Operation 14 [1/1] (0.00ns)   --->   "%i = alloca i32 1"   --->   Operation 14 'alloca' 'i' <Predicate = true> <Delay = 0.00>
ST_1 : Operation 15 [1/1] (0.00ns)   --->   "%specaxissidechannel_ln0 = specaxissidechannel void @_ssdm_op_SpecAXISSideChannel, i32 %out_stream_V_data_V, i4 %out_stream_V_keep_V, i4 %out_stream_V_strb_V, i1 %out_stream_V_user_V, i1 %out_stream_V_last_V, i1 %out_stream_V_id_V, i1 %out_stream_V_dest_V, void @empty_18"   --->   Operation 15 'specaxissidechannel' 'specaxissidechannel_ln0' <Predicate = true> <Delay = 0.00>
ST_1 : Operation 16 [1/1] (0.00ns)   --->   "%specinterface_ln0 = specinterface void @_ssdm_op_SpecInterface, i1 %out_stream_V_dest_V, i1 %out_stream_V_id_V, i1 %out_stream_V_last_V, i1 %out_stream_V_user_V, i4 %out_stream_V_strb_V, i4 %out_stream_V_keep_V, i32 %out_stream_V_data_V, void @empty_8, i32 0, i32 0, void @empty_9, i32 0, i32 0, void @empty_17, void @empty_17, void @empty_17, i32 0, i32 0, i32 0, i32 0, void @empty_17, void @empty_17, i32 4294967295, i32 0"   --->   Operation 16 'specinterface' 'specinterface_ln0' <Predicate = true> <Delay = 0.00>
ST_1 : Operation 17 [1/1] (0.00ns)   --->   "%s_1_read = read i32 @_ssdm_op_Read.ap_auto.float, i32 %s_1"   --->   Operation 17 'read' 's_1_read' <Predicate = true> <Delay = 0.00>
ST_1 : Operation 18 [1/1] (0.00ns)   --->   "%eb_read = read i32 @_ssdm_op_Read.ap_auto.float, i32 %eb"   --->   Operation 18 'read' 'eb_read' <Predicate = true> <Delay = 0.00>
ST_1 : Operation 19 [1/1] (0.00ns)   --->   "%ea_read = read i32 @_ssdm_op_Read.ap_auto.float, i32 %ea"   --->   Operation 19 'read' 'ea_read' <Predicate = true> <Delay = 0.00>
ST_1 : Operation 20 [1/1] (1.29ns)   --->   "%store_ln0 = store i2 0, i2 %i"   --->   Operation 20 'store' 'store_ln0' <Predicate = true> <Delay = 1.29>
ST_1 : Operation 21 [1/1] (0.00ns)   --->   "%br_ln0 = br void %for.body739"   --->   Operation 21 'br' 'br_ln0' <Predicate = true> <Delay = 0.00>
ST_1 : Operation 22 [1/1] (0.00ns)   --->   "%i_1 = load i2 %i" [src/ecg_classifier.cpp:313]   --->   Operation 22 'load' 'i_1' <Predicate = true> <Delay = 0.00>
ST_1 : Operation 23 [1/1] (0.50ns)   --->   "%icmp_ln313 = icmp_eq  i2 %i_1, i2 2" [src/ecg_classifier.cpp:313]   --->   Operation 23 'icmp' 'icmp_ln313' <Predicate = true> <Delay = 0.50> <CoreInst = "Cmp">   --->   Core 9 'Cmp' <Latency = 0> <II = 1> <Delay = 0.50> <FuncUnit> <Opcode : 'icmp'> <InPorts = 2> <OutPorts = 1>
ST_1 : Operation 24 [1/1] (0.00ns)   --->   "%empty = speclooptripcount i32 @_ssdm_op_SpecLoopTripCount, i64 2, i64 2, i64 2"   --->   Operation 24 'speclooptripcount' 'empty' <Predicate = true> <Delay = 0.00>
ST_1 : Operation 25 [1/1] (0.63ns)   --->   "%i_2 = add i2 %i_1, i2 1" [src/ecg_classifier.cpp:313]   --->   Operation 25 'add' 'i_2' <Predicate = true> <Delay = 0.63> <CoreInst = "Adder">   --->   Core 1 'Adder' <Latency = 0> <II = 1> <Delay = 0.63> <FuncUnit> <Opcode : 'add' 'sub'> <InPorts = 2> <OutPorts = 1>
ST_1 : Operation 26 [1/1] (0.00ns)   --->   "%br_ln313 = br i1 %icmp_ln313, void %for.body739.split, void %for.end759.exitStub" [src/ecg_classifier.cpp:313]   --->   Operation 26 'br' 'br_ln313' <Predicate = true> <Delay = 0.00>
ST_1 : Operation 27 [1/1] (0.50ns)   --->   "%icmp_ln315 = icmp_eq  i2 %i_1, i2 0" [src/ecg_classifier.cpp:315]   --->   Operation 27 'icmp' 'icmp_ln315' <Predicate = (!icmp_ln313)> <Delay = 0.50> <CoreInst = "Cmp">   --->   Core 9 'Cmp' <Latency = 0> <II = 1> <Delay = 0.50> <FuncUnit> <Opcode : 'icmp'> <InPorts = 2> <OutPorts = 1>
ST_1 : Operation 28 [1/1] (0.70ns)   --->   "%select_ln315 = select i1 %icmp_ln315, i32 %ea_read, i32 %eb_read" [src/ecg_classifier.cpp:315]   --->   Operation 28 'select' 'select_ln315' <Predicate = (!icmp_ln313)> <Delay = 0.70> <CoreInst = "Sel">   --->   Core 73 'Sel' <Latency = 0> <II = 1> <Delay = 0.70> <FuncUnit> <Opcode : 'select'> <InPorts = 3> <OutPorts = 1>
ST_1 : Operation 29 [1/1] (0.50ns)   --->   "%pkt_last_V = icmp_eq  i2 %i_1, i2 1" [src/ecg_classifier.cpp:324]   --->   Operation 29 'icmp' 'pkt_last_V' <Predicate = (!icmp_ln313)> <Delay = 0.50> <CoreInst = "Cmp">   --->   Core 9 'Cmp' <Latency = 0> <II = 1> <Delay = 0.50> <FuncUnit> <Opcode : 'icmp'> <InPorts = 2> <OutPorts = 1>
ST_1 : Operation 30 [1/1] (1.29ns)   --->   "%store_ln313 = store i2 %i_2, i2 %i" [src/ecg_classifier.cpp:313]   --->   Operation 30 'store' 'store_ln313' <Predicate = (!icmp_ln313)> <Delay = 1.29>

State 2 <SV = 1> <Delay = 9.28>
ST_2 : Operation 31 [10/10] (9.28ns)   --->   "%val = fdiv i32 %select_ln315, i32 %s_1_read" [src/ecg_classifier.cpp:315]   --->   Operation 31 'fdiv' 'val' <Predicate = true> <Delay = 9.28> <CoreInst = "FDiv">   --->   Core 20 'FDiv' <Latency = 9> <II = 1> <Delay = 9.28> <FuncUnit> <Opcode : 'fdiv' 'frem'> <InPorts = 2> <OutPorts = 1>

State 3 <SV = 2> <Delay = 9.28>
ST_3 : Operation 32 [9/10] (9.28ns)   --->   "%val = fdiv i32 %select_ln315, i32 %s_1_read" [src/ecg_classifier.cpp:315]   --->   Operation 32 'fdiv' 'val' <Predicate = true> <Delay = 9.28> <CoreInst = "FDiv">   --->   Core 20 'FDiv' <Latency = 9> <II = 1> <Delay = 9.28> <FuncUnit> <Opcode : 'fdiv' 'frem'> <InPorts = 2> <OutPorts = 1>

State 4 <SV = 3> <Delay = 9.28>
ST_4 : Operation 33 [8/10] (9.28ns)   --->   "%val = fdiv i32 %select_ln315, i32 %s_1_read" [src/ecg_classifier.cpp:315]   --->   Operation 33 'fdiv' 'val' <Predicate = true> <Delay = 9.28> <CoreInst = "FDiv">   --->   Core 20 'FDiv' <Latency = 9> <II = 1> <Delay = 9.28> <FuncUnit> <Opcode : 'fdiv' 'frem'> <InPorts = 2> <OutPorts = 1>

State 5 <SV = 4> <Delay = 9.28>
ST_5 : Operation 34 [7/10] (9.28ns)   --->   "%val = fdiv i32 %select_ln315, i32 %s_1_read" [src/ecg_classifier.cpp:315]   --->   Operation 34 'fdiv' 'val' <Predicate = true> <Delay = 9.28> <CoreInst = "FDiv">   --->   Core 20 'FDiv' <Latency = 9> <II = 1> <Delay = 9.28> <FuncUnit> <Opcode : 'fdiv' 'frem'> <InPorts = 2> <OutPorts = 1>

State 6 <SV = 5> <Delay = 9.28>
ST_6 : Operation 35 [6/10] (9.28ns)   --->   "%val = fdiv i32 %select_ln315, i32 %s_1_read" [src/ecg_classifier.cpp:315]   --->   Operation 35 'fdiv' 'val' <Predicate = true> <Delay = 9.28> <CoreInst = "FDiv">   --->   Core 20 'FDiv' <Latency = 9> <II = 1> <Delay = 9.28> <FuncUnit> <Opcode : 'fdiv' 'frem'> <InPorts = 2> <OutPorts = 1>

State 7 <SV = 6> <Delay = 9.28>
ST_7 : Operation 36 [5/10] (9.28ns)   --->   "%val = fdiv i32 %select_ln315, i32 %s_1_read" [src/ecg_classifier.cpp:315]   --->   Operation 36 'fdiv' 'val' <Predicate = true> <Delay = 9.28> <CoreInst = "FDiv">   --->   Core 20 'FDiv' <Latency = 9> <II = 1> <Delay = 9.28> <FuncUnit> <Opcode : 'fdiv' 'frem'> <InPorts = 2> <OutPorts = 1>

State 8 <SV = 7> <Delay = 9.28>
ST_8 : Operation 37 [4/10] (9.28ns)   --->   "%val = fdiv i32 %select_ln315, i32 %s_1_read" [src/ecg_classifier.cpp:315]   --->   Operation 37 'fdiv' 'val' <Predicate = true> <Delay = 9.28> <CoreInst = "FDiv">   --->   Core 20 'FDiv' <Latency = 9> <II = 1> <Delay = 9.28> <FuncUnit> <Opcode : 'fdiv' 'frem'> <InPorts = 2> <OutPorts = 1>

State 9 <SV = 8> <Delay = 9.28>
ST_9 : Operation 38 [3/10] (9.28ns)   --->   "%val = fdiv i32 %select_ln315, i32 %s_1_read" [src/ecg_classifier.cpp:315]   --->   Operation 38 'fdiv' 'val' <Predicate = true> <Delay = 9.28> <CoreInst = "FDiv">   --->   Core 20 'FDiv' <Latency = 9> <II = 1> <Delay = 9.28> <FuncUnit> <Opcode : 'fdiv' 'frem'> <InPorts = 2> <OutPorts = 1>

State 10 <SV = 9> <Delay = 9.28>
ST_10 : Operation 39 [2/10] (9.28ns)   --->   "%val = fdiv i32 %select_ln315, i32 %s_1_read" [src/ecg_classifier.cpp:315]   --->   Operation 39 'fdiv' 'val' <Predicate = true> <Delay = 9.28> <CoreInst = "FDiv">   --->   Core 20 'FDiv' <Latency = 9> <II = 1> <Delay = 9.28> <FuncUnit> <Opcode : 'fdiv' 'frem'> <InPorts = 2> <OutPorts = 1>
ST_10 : Operation 46 [1/1] (0.00ns)   --->   "%ret_ln0 = ret"   --->   Operation 46 'ret' 'ret_ln0' <Predicate = (icmp_ln313)> <Delay = 0.00>

State 11 <SV = 10> <Delay = 9.28>
ST_11 : Operation 40 [1/1] (0.00ns)   --->   "%specpipeline_ln314 = specpipeline void @_ssdm_op_SpecPipeline, i32 1, i32 0, i32 0, i32 0, void @empty_17" [src/ecg_classifier.cpp:314]   --->   Operation 40 'specpipeline' 'specpipeline_ln314' <Predicate = true> <Delay = 0.00>
ST_11 : Operation 41 [1/1] (0.00ns)   --->   "%specloopname_ln313 = specloopname void @_ssdm_op_SpecLoopName, void @empty_11" [src/ecg_classifier.cpp:313]   --->   Operation 41 'specloopname' 'specloopname_ln313' <Predicate = true> <Delay = 0.00>
ST_11 : Operation 42 [1/10] (9.28ns)   --->   "%val = fdiv i32 %select_ln315, i32 %s_1_read" [src/ecg_classifier.cpp:315]   --->   Operation 42 'fdiv' 'val' <Predicate = true> <Delay = 9.28> <CoreInst = "FDiv">   --->   Core 20 'FDiv' <Latency = 9> <II = 1> <Delay = 9.28> <FuncUnit> <Opcode : 'fdiv' 'frem'> <InPorts = 2> <OutPorts = 1>
ST_11 : Operation 43 [1/1] (0.00ns)   --->   "%raw_V = bitcast i32 %val" [src/ecg_classifier.cpp:318]   --->   Operation 43 'bitcast' 'raw_V' <Predicate = true> <Delay = 0.00>
ST_11 : Operation 44 [1/1] (0.00ns)   --->   "%write_ln258 = write void @_ssdm_op_Write.axis.volatile.i32P0A.i4P0A.i4P0A.i1P0A.i1P0A.i1P0A.i1P0A, i32 %out_stream_V_data_V, i4 %out_stream_V_keep_V, i4 %out_stream_V_strb_V, i1 %out_stream_V_user_V, i1 %out_stream_V_last_V, i1 %out_stream_V_id_V, i1 %out_stream_V_dest_V, i32 %raw_V, i4 15, i4 15, i1 0, i1 %pkt_last_V, i1 0, i1 0"   --->   Operation 44 'write' 'write_ln258' <Predicate = true> <Delay = 0.00> <CoreInst = "axis">   --->   Core 115 'axis' <Latency = 0> <II = 1> <Delay = 1.00> <Adapter> <Opcode : >
ST_11 : Operation 45 [1/1] (0.00ns)   --->   "%br_ln313 = br void %for.body739" [src/ecg_classifier.cpp:313]   --->   Operation 45 'br' 'br_ln313' <Predicate = true> <Delay = 0.00>


============================================================
+ Verbose Summary: Timing violations
============================================================
Target clock period: 13ns, clock uncertainty: 3.51ns.

 <State 1>: 1.93ns
The critical path consists of the following:
	'alloca' operation ('i') [11]  (0 ns)
	'load' operation ('i', src/ecg_classifier.cpp:313) on local variable 'i' [20]  (0 ns)
	'add' operation ('i', src/ecg_classifier.cpp:313) [23]  (0.632 ns)
	'store' operation ('store_ln313', src/ecg_classifier.cpp:313) of variable 'i', src/ecg_classifier.cpp:313 on local variable 'i' [34]  (1.3 ns)

 <State 2>: 9.28ns
The critical path consists of the following:
	'fdiv' operation ('val', src/ecg_classifier.cpp:315) [30]  (9.28 ns)

 <State 3>: 9.28ns
The critical path consists of the following:
	'fdiv' operation ('val', src/ecg_classifier.cpp:315) [30]  (9.28 ns)

 <State 4>: 9.28ns
The critical path consists of the following:
	'fdiv' operation ('val', src/ecg_classifier.cpp:315) [30]  (9.28 ns)

 <State 5>: 9.28ns
The critical path consists of the following:
	'fdiv' operation ('val', src/ecg_classifier.cpp:315) [30]  (9.28 ns)

 <State 6>: 9.28ns
The critical path consists of the following:
	'fdiv' operation ('val', src/ecg_classifier.cpp:315) [30]  (9.28 ns)

 <State 7>: 9.28ns
The critical path consists of the following:
	'fdiv' operation ('val', src/ecg_classifier.cpp:315) [30]  (9.28 ns)

 <State 8>: 9.28ns
The critical path consists of the following:
	'fdiv' operation ('val', src/ecg_classifier.cpp:315) [30]  (9.28 ns)

 <State 9>: 9.28ns
The critical path consists of the following:
	'fdiv' operation ('val', src/ecg_classifier.cpp:315) [30]  (9.28 ns)

 <State 10>: 9.28ns
The critical path consists of the following:
	'fdiv' operation ('val', src/ecg_classifier.cpp:315) [30]  (9.28 ns)

 <State 11>: 9.28ns
The critical path consists of the following:
	'fdiv' operation ('val', src/ecg_classifier.cpp:315) [30]  (9.28 ns)


============================================================
+ Verbose Summary: Binding
============================================================
N/A
* FSMD analyzer results:
  - Output states:
 - Input state : 
  - Chain level:
	State 1
	State 2
	State 3
	State 4
	State 5
	State 6
	State 7
	State 8
	State 9
	State 10
	State 11


============================================================
+ Verbose Summary: Datapath Resource usage 
============================================================
N/A
