

================================================================
== Vitis HLS Report for 'ecg_classifier_Pipeline_ZNORM_VAR'
================================================================
* Date:           Sat Apr  4 10:53:08 2026

* Version:        2022.2 (Build 3670227 on Oct 13 2022)
* Project:        ecg_classifier_ip
* Solution:       solution1 (Vivado IP Flow Target)
* Product family: zynq
* Target device:  xc7z030-sbg485-2


================================================================
== Performance Estimates
================================================================
+ Timing: 
    * Summary: 
    +--------+----------+----------+------------+
    |  Clock |  Target  | Estimated| Uncertainty|
    +--------+----------+----------+------------+
    |ap_clk  |  13.00 ns|  7.360 ns|     3.51 ns|
    +--------+----------+----------+------------+

+ Latency: 
    * Summary: 
    +---------+---------+----------+----------+-----+-----+---------+
    |  Latency (cycles) |  Latency (absolute) |  Interval | Pipeline|
    |   min   |   max   |    min   |    max   | min | max |   Type  |
    +---------+---------+----------+----------+-----+-----+---------+
    |      191|      191|  2.483 us|  2.483 us|  191|  191|       no|
    +---------+---------+----------+----------+-----+-----+---------+

    + Detail: 
        * Instance: 
        N/A

        * Loop: 
        +-------------+---------+---------+----------+-----------+-----------+------+----------+
        |             |  Latency (cycles) | Iteration|  Initiation Interval  | Trip |          |
        |  Loop Name  |   min   |   max   |  Latency |  achieved |   target  | Count| Pipelined|
        +-------------+---------+---------+----------+-----------+-----------+------+----------+
        |- ZNORM_VAR  |      189|      189|         4|          1|          1|   187|       yes|
        +-------------+---------+---------+----------+-----------+-----------+------+----------+

============================================================
+ Verbose Summary: Synthesis Manager
============================================================
InlineROM: 1
ExposeGlobal: 0
============================================================
+ Verbose Summary: CDFG Model
============================================================
IsTopModel: 0
ResetActiveHigh: 1
IsCombinational: 0
IsDatapathOnly: 0
HasWiredReturn: 1
HasMFsm: 2
HasVarLatency: 1
IsPipeline: 0
IsRtlPipelined: 0
IsInstanceOverlapped: 0
IsDontTouch: 0
HasImplIP: 0
IsGatedGlobalClock: 0

+ Individual pipeline summary: 
  * Pipeline-0: initiation interval (II) = 1, depth = 4


============================================================
+ Verbose Summary: Schedule
============================================================
* Number of FSM states : 4
* Pipeline : 1
  Pipeline-0 : II = 1, D = 4, States = { 1 2 3 4 }
* Dataflow Pipeline: 0

* FSM state transitions: 
1 --> 2 
2 --> 3 
3 --> 4 
4 --> 

* FSM state operations: 

State 1 <SV = 0> <Delay = 2.61>
ST_1 : Operation 7 [1/1] (0.00ns)   --->   "%lhs_V = alloca i32 1"   --->   Operation 7 'alloca' 'lhs_V' <Predicate = true> <Delay = 0.00>
ST_1 : Operation 8 [1/1] (0.00ns)   --->   "%t = alloca i32 1"   --->   Operation 8 'alloca' 't' <Predicate = true> <Delay = 0.00>
ST_1 : Operation 9 [1/1] (0.00ns)   --->   "%specmemcore_ln0 = specmemcore void @_ssdm_op_SpecMemCore, i32 %input_buf_V, i64 666, i64 19, i64 18446744073709551615"   --->   Operation 9 'specmemcore' 'specmemcore_ln0' <Predicate = true> <Delay = 0.00>
ST_1 : Operation 10 [1/1] (0.00ns)   --->   "%specmemcore_ln0 = specmemcore void @_ssdm_op_SpecMemCore, i32 %input_buf_V_1, i64 666, i64 19, i64 18446744073709551615"   --->   Operation 10 'specmemcore' 'specmemcore_ln0' <Predicate = true> <Delay = 0.00>
ST_1 : Operation 11 [1/1] (0.00ns)   --->   "%mean_fx_V_read = read i32 @_ssdm_op_Read.ap_auto.i32, i32 %mean_fx_V"   --->   Operation 11 'read' 'mean_fx_V_read' <Predicate = true> <Delay = 0.00>
ST_1 : Operation 12 [1/1] (1.29ns)   --->   "%store_ln0 = store i8 0, i8 %t"   --->   Operation 12 'store' 'store_ln0' <Predicate = true> <Delay = 1.29>
ST_1 : Operation 13 [1/1] (1.29ns)   --->   "%store_ln0 = store i48 0, i48 %lhs_V"   --->   Operation 13 'store' 'store_ln0' <Predicate = true> <Delay = 1.29>
ST_1 : Operation 14 [1/1] (0.00ns)   --->   "%br_ln0 = br void %for.body55"   --->   Operation 14 'br' 'br_ln0' <Predicate = true> <Delay = 0.00>
ST_1 : Operation 15 [1/1] (0.00ns)   --->   "%t_1 = load i8 %t"   --->   Operation 15 'load' 't_1' <Predicate = true> <Delay = 0.00>
ST_1 : Operation 16 [1/1] (1.31ns)   --->   "%icmp_ln62 = icmp_eq  i8 %t_1, i8 187" [src/ecg_classifier.cpp:62]   --->   Operation 16 'icmp' 'icmp_ln62' <Predicate = true> <Delay = 1.31> <CoreInst = "Cmp">   --->   Core 9 'Cmp' <Latency = 0> <II = 1> <Delay = 1.31> <FuncUnit> <Opcode : 'icmp'> <InPorts = 2> <OutPorts = 1>
ST_1 : Operation 17 [1/1] (0.00ns)   --->   "%empty = speclooptripcount i32 @_ssdm_op_SpecLoopTripCount, i64 187, i64 187, i64 187"   --->   Operation 17 'speclooptripcount' 'empty' <Predicate = true> <Delay = 0.00>
ST_1 : Operation 18 [1/1] (1.30ns)   --->   "%add_ln62 = add i8 %t_1, i8 1" [src/ecg_classifier.cpp:62]   --->   Operation 18 'add' 'add_ln62' <Predicate = true> <Delay = 1.30> <CoreInst = "Adder">   --->   Core 1 'Adder' <Latency = 0> <II = 1> <Delay = 1.30> <FuncUnit> <Opcode : 'add' 'sub'> <InPorts = 2> <OutPorts = 1>
ST_1 : Operation 19 [1/1] (0.00ns)   --->   "%br_ln62 = br i1 %icmp_ln62, void %for.body55.split, void %for.end65_ifconv.exitStub" [src/ecg_classifier.cpp:62]   --->   Operation 19 'br' 'br_ln62' <Predicate = true> <Delay = 0.00>
ST_1 : Operation 20 [1/1] (0.00ns)   --->   "%lshr_ln2 = partselect i7 @_ssdm_op_PartSelect.i7.i8.i32.i32, i8 %t_1, i32 1, i32 7"   --->   Operation 20 'partselect' 'lshr_ln2' <Predicate = (!icmp_ln62)> <Delay = 0.00>
ST_1 : Operation 21 [1/1] (0.00ns)   --->   "%zext_ln813 = zext i7 %lshr_ln2"   --->   Operation 21 'zext' 'zext_ln813' <Predicate = (!icmp_ln62)> <Delay = 0.00>
ST_1 : Operation 22 [1/1] (0.00ns)   --->   "%input_buf_V_addr = getelementptr i32 %input_buf_V, i64 0, i64 %zext_ln813"   --->   Operation 22 'getelementptr' 'input_buf_V_addr' <Predicate = (!icmp_ln62)> <Delay = 0.00>
ST_1 : Operation 23 [1/1] (0.00ns)   --->   "%input_buf_V_1_addr = getelementptr i32 %input_buf_V_1, i64 0, i64 %zext_ln813"   --->   Operation 23 'getelementptr' 'input_buf_V_1_addr' <Predicate = (!icmp_ln62)> <Delay = 0.00>
ST_1 : Operation 24 [1/1] (0.00ns)   --->   "%trunc_ln813 = trunc i8 %t_1"   --->   Operation 24 'trunc' 'trunc_ln813' <Predicate = (!icmp_ln62)> <Delay = 0.00>
ST_1 : Operation 25 [2/2] (1.75ns)   --->   "%input_buf_V_load = load i7 %input_buf_V_addr"   --->   Operation 25 'load' 'input_buf_V_load' <Predicate = (!icmp_ln62)> <Delay = 1.75> <CoreInst = "RAM_1P_LUTRAM">   --->   Core 87 'RAM_1P_LUTRAM' <Latency = 1> <II = 1> <Delay = 1.75> <Storage> <Opcode : 'load' 'store'> <Ports = 1> <Width = 32> <Depth = 94> <RAM>
ST_1 : Operation 26 [2/2] (1.75ns)   --->   "%input_buf_V_1_load = load i7 %input_buf_V_1_addr"   --->   Operation 26 'load' 'input_buf_V_1_load' <Predicate = (!icmp_ln62)> <Delay = 1.75> <CoreInst = "RAM_1P_LUTRAM">   --->   Core 87 'RAM_1P_LUTRAM' <Latency = 1> <II = 1> <Delay = 1.75> <Storage> <Opcode : 'load' 'store'> <Ports = 1> <Width = 32> <Depth = 94> <RAM>
ST_1 : Operation 27 [1/1] (1.29ns)   --->   "%store_ln62 = store i8 %add_ln62, i8 %t" [src/ecg_classifier.cpp:62]   --->   Operation 27 'store' 'store_ln62' <Predicate = (!icmp_ln62)> <Delay = 1.29>

State 2 <SV = 1> <Delay = 4.94>
ST_2 : Operation 28 [1/2] (1.75ns)   --->   "%input_buf_V_load = load i7 %input_buf_V_addr"   --->   Operation 28 'load' 'input_buf_V_load' <Predicate = true> <Delay = 1.75> <CoreInst = "RAM_1P_LUTRAM">   --->   Core 87 'RAM_1P_LUTRAM' <Latency = 1> <II = 1> <Delay = 1.75> <Storage> <Opcode : 'load' 'store'> <Ports = 1> <Width = 32> <Depth = 94> <RAM>
ST_2 : Operation 29 [1/2] (1.75ns)   --->   "%input_buf_V_1_load = load i7 %input_buf_V_1_addr"   --->   Operation 29 'load' 'input_buf_V_1_load' <Predicate = true> <Delay = 1.75> <CoreInst = "RAM_1P_LUTRAM">   --->   Core 87 'RAM_1P_LUTRAM' <Latency = 1> <II = 1> <Delay = 1.75> <Storage> <Opcode : 'load' 'store'> <Ports = 1> <Width = 32> <Depth = 94> <RAM>
ST_2 : Operation 30 [1/1] (1.29ns)   --->   "%tmp_1 = mux i32 @_ssdm_op_Mux.ap_auto.2i32.i1, i32 %input_buf_V_load, i32 %input_buf_V_1_load, i1 %trunc_ln813"   --->   Operation 30 'mux' 'tmp_1' <Predicate = true> <Delay = 1.29> <CoreInst = "Multiplexer">   --->   Core 76 'Multiplexer' <Latency = 0> <II = 1> <Delay = 1.29> <FuncUnit> <Opcode : 'mux'> <InPorts = 2> <OutPorts = 1>
ST_2 : Operation 31 [1/1] (1.89ns)   --->   "%d = sub i32 %tmp_1, i32 %mean_fx_V_read"   --->   Operation 31 'sub' 'd' <Predicate = true> <Delay = 1.89> <CoreInst = "Adder">   --->   Core 1 'Adder' <Latency = 0> <II = 1> <Delay = 1.89> <FuncUnit> <Opcode : 'add' 'sub'> <InPorts = 2> <OutPorts = 1>

State 3 <SV = 2> <Delay = 7.36>
ST_3 : Operation 32 [1/1] (0.00ns)   --->   "%r_V = bitconcatenate i40 @_ssdm_op_BitConcatenate.i40.i32.i8, i32 %d, i8 0"   --->   Operation 32 'bitconcatenate' 'r_V' <Predicate = true> <Delay = 0.00>
ST_3 : Operation 33 [1/1] (0.00ns)   --->   "%sext_ln1270 = sext i40 %r_V"   --->   Operation 33 'sext' 'sext_ln1270' <Predicate = true> <Delay = 0.00>
ST_3 : Operation 34 [1/1] (7.36ns)   --->   "%r_V_1 = mul i72 %sext_ln1270, i72 %sext_ln1270"   --->   Operation 34 'mul' 'r_V_1' <Predicate = true> <Delay = 7.36> <CoreInst = "Multiplier">   --->   Core 3 'Multiplier' <Latency = 0> <II = 1> <Delay = 7.36> <FuncUnit> <Opcode : 'mul'> <InPorts = 2> <OutPorts = 1>
ST_3 : Operation 43 [1/1] (0.00ns)   --->   "%lhs_V_load = load i48 %lhs_V"   --->   Operation 43 'load' 'lhs_V_load' <Predicate = (icmp_ln62)> <Delay = 0.00>
ST_3 : Operation 44 [1/1] (0.00ns)   --->   "%write_ln0 = write void @_ssdm_op_Write.ap_auto.i48P0A, i48 %var_acc_V_2_out, i48 %lhs_V_load"   --->   Operation 44 'write' 'write_ln0' <Predicate = (icmp_ln62)> <Delay = 0.00>
ST_3 : Operation 45 [1/1] (0.00ns)   --->   "%ret_ln0 = ret"   --->   Operation 45 'ret' 'ret_ln0' <Predicate = (icmp_ln62)> <Delay = 0.00>

State 4 <SV = 3> <Delay = 4.11>
ST_4 : Operation 35 [1/1] (0.00ns)   --->   "%lhs_V_load_1 = load i48 %lhs_V"   --->   Operation 35 'load' 'lhs_V_load_1' <Predicate = true> <Delay = 0.00>
ST_4 : Operation 36 [1/1] (0.00ns)   --->   "%specpipeline_ln63 = specpipeline void @_ssdm_op_SpecPipeline, i32 1, i32 0, i32 0, i32 0, void @empty_17" [src/ecg_classifier.cpp:63]   --->   Operation 36 'specpipeline' 'specpipeline_ln63' <Predicate = true> <Delay = 0.00>
ST_4 : Operation 37 [1/1] (0.00ns)   --->   "%specloopname_ln60 = specloopname void @_ssdm_op_SpecLoopName, void @empty_5" [src/ecg_classifier.cpp:60]   --->   Operation 37 'specloopname' 'specloopname_ln60' <Predicate = true> <Delay = 0.00>
ST_4 : Operation 38 [1/1] (0.00ns)   --->   "%lhs_V_1 = bitconcatenate i72 @_ssdm_op_BitConcatenate.i72.i48.i24, i48 %lhs_V_load_1, i24 0"   --->   Operation 38 'bitconcatenate' 'lhs_V_1' <Predicate = true> <Delay = 0.00>
ST_4 : Operation 39 [1/1] (2.81ns)   --->   "%ret_V = add i72 %lhs_V_1, i72 %r_V_1"   --->   Operation 39 'add' 'ret_V' <Predicate = true> <Delay = 2.81> <CoreInst = "Adder">   --->   Core 1 'Adder' <Latency = 0> <II = 1> <Delay = 2.81> <FuncUnit> <Opcode : 'add' 'sub'> <InPorts = 2> <OutPorts = 1>
ST_4 : Operation 40 [1/1] (0.00ns)   --->   "%var_acc_V = partselect i48 @_ssdm_op_PartSelect.i48.i72.i32.i32, i72 %ret_V, i32 24, i32 71"   --->   Operation 40 'partselect' 'var_acc_V' <Predicate = true> <Delay = 0.00>
ST_4 : Operation 41 [1/1] (1.29ns)   --->   "%store_ln62 = store i48 %var_acc_V, i48 %lhs_V" [src/ecg_classifier.cpp:62]   --->   Operation 41 'store' 'store_ln62' <Predicate = true> <Delay = 1.29>
ST_4 : Operation 42 [1/1] (0.00ns)   --->   "%br_ln62 = br void %for.body55" [src/ecg_classifier.cpp:62]   --->   Operation 42 'br' 'br_ln62' <Predicate = true> <Delay = 0.00>


============================================================
+ Verbose Summary: Timing violations
============================================================
Target clock period: 13ns, clock uncertainty: 3.51ns.

 <State 1>: 2.61ns
The critical path consists of the following:
	'alloca' operation ('t') [6]  (0 ns)
	'load' operation ('t') on local variable 't' [14]  (0 ns)
	'add' operation ('add_ln62', src/ecg_classifier.cpp:62) [17]  (1.31 ns)
	'store' operation ('store_ln62', src/ecg_classifier.cpp:62) of variable 'add_ln62', src/ecg_classifier.cpp:62 on local variable 't' [38]  (1.3 ns)
	blocking operation 0.008 ns on control path)

 <State 2>: 4.95ns
The critical path consists of the following:
	'load' operation ('input_buf_V_load') on array 'input_buf_V' [28]  (1.75 ns)
	'mux' operation ('tmp_1') [30]  (1.3 ns)
	'sub' operation ('d') [31]  (1.9 ns)

 <State 3>: 7.36ns
The critical path consists of the following:
	'mul' operation ('r.V') [34]  (7.36 ns)

 <State 4>: 4.12ns
The critical path consists of the following:
	'load' operation ('lhs_V_load_1') on local variable 'lhs.V' [20]  (0 ns)
	'add' operation ('ret.V') [36]  (2.82 ns)
	'store' operation ('store_ln62', src/ecg_classifier.cpp:62) of variable 'var_acc.V' on local variable 'lhs.V' [39]  (1.3 ns)


============================================================
+ Verbose Summary: Binding
============================================================
N/A
* FSMD analyzer results:
  - Output states:
 - Input state : 
  - Chain level:
	State 1
	State 2
	State 3
	State 4


============================================================
+ Verbose Summary: Datapath Resource usage 
============================================================
N/A
