

================================================================
== Vitis HLS Report for 'ecg_classifier_Pipeline_D0_IC'
================================================================
* Date:           Sat Apr  4 10:53:15 2026

* Version:        2022.2 (Build 3670227 on Oct 13 2022)
* Project:        ecg_classifier_ip
* Solution:       solution1 (Vivado IP Flow Target)
* Product family: zynq
* Target device:  xc7z030-sbg485-2


================================================================
== Performance Estimates
================================================================
+ Timing: 
    * Summary: 
    +--------+----------+----------+------------+
    |  Clock |  Target  | Estimated| Uncertainty|
    +--------+----------+----------+------------+
    |ap_clk  |  13.00 ns|  7.360 ns|     3.51 ns|
    +--------+----------+----------+------------+

+ Latency: 
    * Summary: 
    +---------+---------+----------+----------+-----+-----+---------+
    |  Latency (cycles) |  Latency (absolute) |  Interval | Pipeline|
    |   min   |   max   |    min   |    max   | min | max |   Type  |
    +---------+---------+----------+----------+-----+-----+---------+
    |      196|      196|  2.548 us|  2.548 us|  196|  196|       no|
    +---------+---------+----------+----------+-----+-----+---------+

    + Detail: 
        * Instance: 
        N/A

        * Loop: 
        +----------+---------+---------+----------+-----------+-----------+------+----------+
        |          |  Latency (cycles) | Iteration|  Initiation Interval  | Trip |          |
        | Loop Name|   min   |   max   |  Latency |  achieved |   target  | Count| Pipelined|
        +----------+---------+---------+----------+-----------+-----------+------+----------+
        |- D0_IC   |      194|      194|         4|          1|          1|   192|       yes|
        +----------+---------+---------+----------+-----------+-----------+------+----------+

============================================================
+ Verbose Summary: Synthesis Manager
============================================================
InlineROM: 1
ExposeGlobal: 0
============================================================
+ Verbose Summary: CDFG Model
============================================================
IsTopModel: 0
ResetActiveHigh: 1
IsCombinational: 0
IsDatapathOnly: 0
HasWiredReturn: 1
HasMFsm: 2
HasVarLatency: 1
IsPipeline: 0
IsRtlPipelined: 0
IsInstanceOverlapped: 0
IsDontTouch: 0
HasImplIP: 0
IsGatedGlobalClock: 0

+ Individual pipeline summary: 
  * Pipeline-0: initiation interval (II) = 1, depth = 4


============================================================
+ Verbose Summary: Schedule
============================================================
* Number of FSM states : 4
* Pipeline : 1
  Pipeline-0 : II = 1, D = 4, States = { 1 2 3 4 }
* Dataflow Pipeline: 0

* FSM state transitions: 
1 --> 2 
2 --> 3 
3 --> 4 
4 --> 

* FSM state operations: 

State 1 <SV = 0> <Delay = 4.30>
ST_1 : Operation 7 [1/1] (0.00ns)   --->   "%x_V_8 = alloca i32 1"   --->   Operation 7 'alloca' 'x_V_8' <Predicate = true> <Delay = 0.00>
ST_1 : Operation 8 [1/1] (0.00ns)   --->   "%lhs_V = alloca i32 1"   --->   Operation 8 'alloca' 'lhs_V' <Predicate = true> <Delay = 0.00>
ST_1 : Operation 9 [1/1] (0.00ns)   --->   "%ic_3 = alloca i32 1"   --->   Operation 9 'alloca' 'ic_3' <Predicate = true> <Delay = 0.00>
ST_1 : Operation 10 [1/1] (0.00ns)   --->   "%sub_ln837_2_read = read i15 @_ssdm_op_Read.ap_auto.i15, i15 %sub_ln837_2"   --->   Operation 10 'read' 'sub_ln837_2_read' <Predicate = true> <Delay = 0.00>
ST_1 : Operation 11 [1/1] (0.00ns)   --->   "%sext_ln289_read = read i23 @_ssdm_op_Read.ap_auto.i23, i23 %sext_ln289"   --->   Operation 11 'read' 'sext_ln289_read' <Predicate = true> <Delay = 0.00>
ST_1 : Operation 12 [1/1] (0.00ns)   --->   "%sext_ln289_cast = sext i23 %sext_ln289_read"   --->   Operation 12 'sext' 'sext_ln289_cast' <Predicate = true> <Delay = 0.00>
ST_1 : Operation 13 [1/1] (0.00ns)   --->   "%specmemcore_ln0 = specmemcore void @_ssdm_op_SpecMemCore, i32 %gap_buf_V, i64 666, i64 19, i64 18446744073709551615"   --->   Operation 13 'specmemcore' 'specmemcore_ln0' <Predicate = true> <Delay = 0.00>
ST_1 : Operation 14 [1/1] (0.00ns)   --->   "%specmemcore_ln0 = specmemcore void @_ssdm_op_SpecMemCore, i32 %gap_buf_V_1, i64 666, i64 19, i64 18446744073709551615"   --->   Operation 14 'specmemcore' 'specmemcore_ln0' <Predicate = true> <Delay = 0.00>
ST_1 : Operation 15 [1/1] (1.29ns)   --->   "%store_ln0 = store i8 0, i8 %ic_3"   --->   Operation 15 'store' 'store_ln0' <Predicate = true> <Delay = 1.29>
ST_1 : Operation 16 [1/1] (1.29ns)   --->   "%store_ln0 = store i48 %sext_ln289_cast, i48 %lhs_V"   --->   Operation 16 'store' 'store_ln0' <Predicate = true> <Delay = 1.29>
ST_1 : Operation 17 [1/1] (1.29ns)   --->   "%store_ln0 = store i32 0, i32 %x_V_8"   --->   Operation 17 'store' 'store_ln0' <Predicate = true> <Delay = 1.29>
ST_1 : Operation 18 [1/1] (0.00ns)   --->   "%br_ln0 = br void %for.body681"   --->   Operation 18 'br' 'br_ln0' <Predicate = true> <Delay = 0.00>
ST_1 : Operation 19 [1/1] (0.00ns)   --->   "%ic = load i8 %ic_3"   --->   Operation 19 'load' 'ic' <Predicate = true> <Delay = 0.00>
ST_1 : Operation 20 [1/1] (1.31ns)   --->   "%icmp_ln291 = icmp_eq  i8 %ic, i8 192" [src/ecg_classifier.cpp:291]   --->   Operation 20 'icmp' 'icmp_ln291' <Predicate = true> <Delay = 1.31> <CoreInst = "Cmp">   --->   Core 9 'Cmp' <Latency = 0> <II = 1> <Delay = 1.31> <FuncUnit> <Opcode : 'icmp'> <InPorts = 2> <OutPorts = 1>
ST_1 : Operation 21 [1/1] (0.00ns)   --->   "%empty = speclooptripcount i32 @_ssdm_op_SpecLoopTripCount, i64 192, i64 192, i64 192"   --->   Operation 21 'speclooptripcount' 'empty' <Predicate = true> <Delay = 0.00>
ST_1 : Operation 22 [1/1] (1.30ns)   --->   "%add_ln291 = add i8 %ic, i8 1" [src/ecg_classifier.cpp:291]   --->   Operation 22 'add' 'add_ln291' <Predicate = true> <Delay = 1.30> <CoreInst = "Adder">   --->   Core 1 'Adder' <Latency = 0> <II = 1> <Delay = 1.30> <FuncUnit> <Opcode : 'add' 'sub'> <InPorts = 2> <OutPorts = 1>
ST_1 : Operation 23 [1/1] (0.00ns)   --->   "%br_ln291 = br i1 %icmp_ln291, void %for.body681.split, void %for.end694.exitStub" [src/ecg_classifier.cpp:291]   --->   Operation 23 'br' 'br_ln291' <Predicate = true> <Delay = 0.00>
ST_1 : Operation 24 [1/1] (0.00ns)   --->   "%zext_ln837 = zext i8 %ic"   --->   Operation 24 'zext' 'zext_ln837' <Predicate = (!icmp_ln291)> <Delay = 0.00>
ST_1 : Operation 25 [1/1] (1.53ns)   --->   "%add_ln837 = add i15 %sub_ln837_2_read, i15 %zext_ln837"   --->   Operation 25 'add' 'add_ln837' <Predicate = (!icmp_ln291)> <Delay = 1.53> <CoreInst = "Adder">   --->   Core 1 'Adder' <Latency = 0> <II = 1> <Delay = 1.53> <FuncUnit> <Opcode : 'add' 'sub'> <InPorts = 2> <OutPorts = 1>
ST_1 : Operation 26 [1/1] (0.00ns)   --->   "%zext_ln837_23 = zext i15 %add_ln837"   --->   Operation 26 'zext' 'zext_ln837_23' <Predicate = (!icmp_ln291)> <Delay = 0.00>
ST_1 : Operation 27 [1/1] (0.00ns)   --->   "%clf_w_L5_W_V_addr = getelementptr i4 %clf_w_L5_W_V, i64 0, i64 %zext_ln837_23"   --->   Operation 27 'getelementptr' 'clf_w_L5_W_V_addr' <Predicate = (!icmp_ln291)> <Delay = 0.00>
ST_1 : Operation 28 [1/1] (0.00ns)   --->   "%lshr_ln837_1 = partselect i7 @_ssdm_op_PartSelect.i7.i8.i32.i32, i8 %ic, i32 1, i32 7"   --->   Operation 28 'partselect' 'lshr_ln837_1' <Predicate = (!icmp_ln291)> <Delay = 0.00>
ST_1 : Operation 29 [1/1] (0.00ns)   --->   "%zext_ln837_4 = zext i7 %lshr_ln837_1"   --->   Operation 29 'zext' 'zext_ln837_4' <Predicate = (!icmp_ln291)> <Delay = 0.00>
ST_1 : Operation 30 [1/1] (0.00ns)   --->   "%gap_buf_V_addr = getelementptr i32 %gap_buf_V, i64 0, i64 %zext_ln837_4"   --->   Operation 30 'getelementptr' 'gap_buf_V_addr' <Predicate = (!icmp_ln291)> <Delay = 0.00>
ST_1 : Operation 31 [1/1] (0.00ns)   --->   "%gap_buf_V_1_addr = getelementptr i32 %gap_buf_V_1, i64 0, i64 %zext_ln837_4"   --->   Operation 31 'getelementptr' 'gap_buf_V_1_addr' <Predicate = (!icmp_ln291)> <Delay = 0.00>
ST_1 : Operation 32 [1/1] (0.00ns)   --->   "%trunc_ln837 = trunc i8 %ic"   --->   Operation 32 'trunc' 'trunc_ln837' <Predicate = (!icmp_ln291)> <Delay = 0.00>
ST_1 : Operation 33 [2/2] (1.75ns)   --->   "%gap_buf_V_load = load i7 %gap_buf_V_addr"   --->   Operation 33 'load' 'gap_buf_V_load' <Predicate = (!icmp_ln291)> <Delay = 1.75> <CoreInst = "RAM_1P_LUTRAM">   --->   Core 87 'RAM_1P_LUTRAM' <Latency = 1> <II = 1> <Delay = 1.75> <Storage> <Opcode : 'load' 'store'> <Ports = 1> <Width = 32> <Depth = 96> <RAM>
ST_1 : Operation 34 [2/2] (1.75ns)   --->   "%gap_buf_V_1_load = load i7 %gap_buf_V_1_addr"   --->   Operation 34 'load' 'gap_buf_V_1_load' <Predicate = (!icmp_ln291)> <Delay = 1.75> <CoreInst = "RAM_1P_LUTRAM">   --->   Core 87 'RAM_1P_LUTRAM' <Latency = 1> <II = 1> <Delay = 1.75> <Storage> <Opcode : 'load' 'store'> <Ports = 1> <Width = 32> <Depth = 96> <RAM>
ST_1 : Operation 35 [2/2] (2.77ns)   --->   "%clf_w_L5_W_V_load = load i15 %clf_w_L5_W_V_addr"   --->   Operation 35 'load' 'clf_w_L5_W_V_load' <Predicate = (!icmp_ln291)> <Delay = 2.77> <CoreInst = "ROM">   --->   Core 95 'ROM' <Latency = 1> <II = 1> <Delay = 2.77> <Storage> <Opcode : 'load'> <Ports = 0> <Width = 4> <Depth = 24576> <ROM>
ST_1 : Operation 36 [1/1] (1.29ns)   --->   "%store_ln291 = store i8 %add_ln291, i8 %ic_3" [src/ecg_classifier.cpp:291]   --->   Operation 36 'store' 'store_ln291' <Predicate = (!icmp_ln291)> <Delay = 1.29>

State 2 <SV = 1> <Delay = 3.05>
ST_2 : Operation 37 [1/2] (1.75ns)   --->   "%gap_buf_V_load = load i7 %gap_buf_V_addr"   --->   Operation 37 'load' 'gap_buf_V_load' <Predicate = true> <Delay = 1.75> <CoreInst = "RAM_1P_LUTRAM">   --->   Core 87 'RAM_1P_LUTRAM' <Latency = 1> <II = 1> <Delay = 1.75> <Storage> <Opcode : 'load' 'store'> <Ports = 1> <Width = 32> <Depth = 96> <RAM>
ST_2 : Operation 38 [1/2] (1.75ns)   --->   "%gap_buf_V_1_load = load i7 %gap_buf_V_1_addr"   --->   Operation 38 'load' 'gap_buf_V_1_load' <Predicate = true> <Delay = 1.75> <CoreInst = "RAM_1P_LUTRAM">   --->   Core 87 'RAM_1P_LUTRAM' <Latency = 1> <II = 1> <Delay = 1.75> <Storage> <Opcode : 'load' 'store'> <Ports = 1> <Width = 32> <Depth = 96> <RAM>
ST_2 : Operation 39 [1/1] (1.29ns)   --->   "%tmp_8 = mux i32 @_ssdm_op_Mux.ap_auto.2i32.i1, i32 %gap_buf_V_load, i32 %gap_buf_V_1_load, i1 %trunc_ln837"   --->   Operation 39 'mux' 'tmp_8' <Predicate = true> <Delay = 1.29> <CoreInst = "Multiplexer">   --->   Core 76 'Multiplexer' <Latency = 0> <II = 1> <Delay = 1.29> <FuncUnit> <Opcode : 'mux'> <InPorts = 2> <OutPorts = 1>
ST_2 : Operation 40 [1/2] (2.77ns)   --->   "%clf_w_L5_W_V_load = load i15 %clf_w_L5_W_V_addr"   --->   Operation 40 'load' 'clf_w_L5_W_V_load' <Predicate = true> <Delay = 2.77> <CoreInst = "ROM">   --->   Core 95 'ROM' <Latency = 1> <II = 1> <Delay = 2.77> <Storage> <Opcode : 'load'> <Ports = 0> <Width = 4> <Depth = 24576> <ROM>

State 3 <SV = 2> <Delay = 7.36>
ST_3 : Operation 41 [1/1] (0.00ns)   --->   "%r_V = bitconcatenate i40 @_ssdm_op_BitConcatenate.i40.i32.i8, i32 %tmp_8, i8 0"   --->   Operation 41 'bitconcatenate' 'r_V' <Predicate = true> <Delay = 0.00>
ST_3 : Operation 42 [1/1] (0.00ns)   --->   "%shl_ln838_4 = bitconcatenate i24 @_ssdm_op_BitConcatenate.i24.i4.i20, i4 %clf_w_L5_W_V_load, i20 0"   --->   Operation 42 'bitconcatenate' 'shl_ln838_4' <Predicate = true> <Delay = 0.00>
ST_3 : Operation 43 [1/1] (0.00ns)   --->   "%sext_ln1270 = sext i40 %r_V"   --->   Operation 43 'sext' 'sext_ln1270' <Predicate = true> <Delay = 0.00>
ST_3 : Operation 44 [1/1] (0.00ns)   --->   "%sext_ln1273_2 = sext i24 %shl_ln838_4"   --->   Operation 44 'sext' 'sext_ln1273_2' <Predicate = true> <Delay = 0.00>
ST_3 : Operation 45 [1/1] (7.36ns)   --->   "%r_V_13 = mul i63 %sext_ln1273_2, i63 %sext_ln1270"   --->   Operation 45 'mul' 'r_V_13' <Predicate = true> <Delay = 7.36> <CoreInst = "Multiplier">   --->   Core 3 'Multiplier' <Latency = 0> <II = 1> <Delay = 7.36> <FuncUnit> <Opcode : 'mul'> <InPorts = 2> <OutPorts = 1>
ST_3 : Operation 61 [1/1] (0.00ns)   --->   "%x_V_8_load = load i32 %x_V_8"   --->   Operation 61 'load' 'x_V_8_load' <Predicate = (icmp_ln291)> <Delay = 0.00>
ST_3 : Operation 62 [1/1] (0.00ns)   --->   "%write_ln0 = write void @_ssdm_op_Write.ap_auto.i32P0A, i32 %x_V_8_out, i32 %x_V_8_load"   --->   Operation 62 'write' 'write_ln0' <Predicate = (icmp_ln291)> <Delay = 0.00>
ST_3 : Operation 63 [1/1] (0.00ns)   --->   "%ret_ln0 = ret"   --->   Operation 63 'ret' 'ret_ln0' <Predicate = (icmp_ln291)> <Delay = 0.00>

State 4 <SV = 3> <Delay = 4.11>
ST_4 : Operation 46 [1/1] (0.00ns)   --->   "%lhs_V_load = load i48 %lhs_V"   --->   Operation 46 'load' 'lhs_V_load' <Predicate = true> <Delay = 0.00>
ST_4 : Operation 47 [1/1] (0.00ns)   --->   "%specpipeline_ln292 = specpipeline void @_ssdm_op_SpecPipeline, i32 1, i32 0, i32 0, i32 0, void @empty_17" [src/ecg_classifier.cpp:292]   --->   Operation 47 'specpipeline' 'specpipeline_ln292' <Predicate = true> <Delay = 0.00>
ST_4 : Operation 48 [1/1] (0.00ns)   --->   "%specloopname_ln289 = specloopname void @_ssdm_op_SpecLoopName, void @empty_14" [src/ecg_classifier.cpp:289]   --->   Operation 48 'specloopname' 'specloopname_ln289' <Predicate = true> <Delay = 0.00>
ST_4 : Operation 49 [1/1] (0.00ns)   --->   "%lhs_V_8 = bitconcatenate i72 @_ssdm_op_BitConcatenate.i72.i48.i24, i48 %lhs_V_load, i24 0"   --->   Operation 49 'bitconcatenate' 'lhs_V_8' <Predicate = true> <Delay = 0.00>
ST_4 : Operation 50 [1/1] (0.00ns)   --->   "%sext_ln1347 = sext i63 %r_V_13"   --->   Operation 50 'sext' 'sext_ln1347' <Predicate = true> <Delay = 0.00>
ST_4 : Operation 51 [1/1] (0.00ns)   --->   "%sext_ln1347_5 = sext i63 %r_V_13"   --->   Operation 51 'sext' 'sext_ln1347_5' <Predicate = true> <Delay = 0.00>
ST_4 : Operation 52 [1/1] (0.00ns)   --->   "%trunc_ln1347 = trunc i48 %lhs_V_load"   --->   Operation 52 'trunc' 'trunc_ln1347' <Predicate = true> <Delay = 0.00>
ST_4 : Operation 53 [1/1] (0.00ns)   --->   "%trunc_ln1347_2 = bitconcatenate i64 @_ssdm_op_BitConcatenate.i64.i40.i24, i40 %trunc_ln1347, i24 0"   --->   Operation 53 'bitconcatenate' 'trunc_ln1347_2' <Predicate = true> <Delay = 0.00>
ST_4 : Operation 54 [1/1] (2.81ns)   --->   "%ret_V = add i72 %lhs_V_8, i72 %sext_ln1347"   --->   Operation 54 'add' 'ret_V' <Predicate = true> <Delay = 2.81> <CoreInst = "Adder">   --->   Core 1 'Adder' <Latency = 0> <II = 1> <Delay = 2.81> <FuncUnit> <Opcode : 'add' 'sub'> <InPorts = 2> <OutPorts = 1>
ST_4 : Operation 55 [1/1] (2.69ns)   --->   "%add_ln1347_3 = add i64 %trunc_ln1347_2, i64 %sext_ln1347_5"   --->   Operation 55 'add' 'add_ln1347_3' <Predicate = true> <Delay = 2.69> <CoreInst = "Adder">   --->   Core 1 'Adder' <Latency = 0> <II = 1> <Delay = 2.69> <FuncUnit> <Opcode : 'add' 'sub'> <InPorts = 2> <OutPorts = 1>
ST_4 : Operation 56 [1/1] (0.00ns)   --->   "%acc_V = partselect i48 @_ssdm_op_PartSelect.i48.i72.i32.i32, i72 %ret_V, i32 24, i32 71"   --->   Operation 56 'partselect' 'acc_V' <Predicate = true> <Delay = 0.00>
ST_4 : Operation 57 [1/1] (0.00ns)   --->   "%trunc_ln = partselect i32 @_ssdm_op_PartSelect.i32.i64.i32.i32, i64 %add_ln1347_3, i32 32, i32 63" [src/ecg_classifier.cpp:291]   --->   Operation 57 'partselect' 'trunc_ln' <Predicate = true> <Delay = 0.00>
ST_4 : Operation 58 [1/1] (1.29ns)   --->   "%store_ln291 = store i48 %acc_V, i48 %lhs_V" [src/ecg_classifier.cpp:291]   --->   Operation 58 'store' 'store_ln291' <Predicate = true> <Delay = 1.29>
ST_4 : Operation 59 [1/1] (1.29ns)   --->   "%store_ln291 = store i32 %trunc_ln, i32 %x_V_8" [src/ecg_classifier.cpp:291]   --->   Operation 59 'store' 'store_ln291' <Predicate = true> <Delay = 1.29>
ST_4 : Operation 60 [1/1] (0.00ns)   --->   "%br_ln291 = br void %for.body681" [src/ecg_classifier.cpp:291]   --->   Operation 60 'br' 'br_ln291' <Predicate = true> <Delay = 0.00>


============================================================
+ Verbose Summary: Binding
============================================================
STG Binding: 
---------------- STG Properties BEGIN ----------------
- Is combinational: 0
- Is one-state seq: 0
- Is datapath-only: 0
- Is pipelined: 0
- Is top level: 0
Port [ Return ] is wired: 1; IO mode=ap_ctrl_hs:ce=0
Port [ sext_ln289]:  wired=1; compound=0; hidden=0; nouse=0; global=0; static=0; extern=0; dir=0; type=0; pingpong=0; private_global=0; IO mode=ap_none:ce=0
Port [ sub_ln837_2]:  wired=1; compound=0; hidden=0; nouse=0; global=0; static=0; extern=0; dir=0; type=0; pingpong=0; private_global=0; IO mode=ap_none:ce=0
Port [ gap_buf_V]:  wired=1; compound=1; hidden=0; nouse=0; global=0; static=0; extern=0; dir=0; type=1; pingpong=0; private_global=0; MemPort=[1]; IO mode=ap_memory:ce=0
Port [ gap_buf_V_1]:  wired=1; compound=1; hidden=0; nouse=0; global=0; static=0; extern=0; dir=0; type=1; pingpong=0; private_global=0; MemPort=[1]; IO mode=ap_memory:ce=0
Port [ x_V_8_out]:  wired=1; compound=0; hidden=0; nouse=0; global=0; static=0; extern=0; dir=1; type=0; pingpong=0; private_global=0; IO mode=ap_vld:ce=0
Port [ clf_w_L5_W_V]:  wired=0; compound=1; hidden=1; nouse=0; global=1; static=1; extern=0; dir=0; type=1; pingpong=0; private_global=1; MemPort=[1]; IO mode=ap_memory:ce=0
---------------- STG Properties END ------------------

---------------- Datapath Model BEGIN ----------------

<LifeTime>
<method=bitvector/>
x_V_8              (alloca           ) [ 01111]
lhs_V              (alloca           ) [ 01111]
ic_3               (alloca           ) [ 01000]
sub_ln837_2_read   (read             ) [ 00000]
sext_ln289_read    (read             ) [ 00000]
sext_ln289_cast    (sext             ) [ 00000]
specmemcore_ln0    (specmemcore      ) [ 00000]
specmemcore_ln0    (specmemcore      ) [ 00000]
store_ln0          (store            ) [ 00000]
store_ln0          (store            ) [ 00000]
store_ln0          (store            ) [ 00000]
br_ln0             (br               ) [ 00000]
ic                 (load             ) [ 00000]
icmp_ln291         (icmp             ) [ 01110]
empty              (speclooptripcount) [ 00000]
add_ln291          (add              ) [ 00000]
br_ln291           (br               ) [ 00000]
zext_ln837         (zext             ) [ 00000]
add_ln837          (add              ) [ 00000]
zext_ln837_23      (zext             ) [ 00000]
clf_w_L5_W_V_addr  (getelementptr    ) [ 01100]
lshr_ln837_1       (partselect       ) [ 00000]
zext_ln837_4       (zext             ) [ 00000]
gap_buf_V_addr     (getelementptr    ) [ 01100]
gap_buf_V_1_addr   (getelementptr    ) [ 01100]
trunc_ln837        (trunc            ) [ 01100]
store_ln291        (store            ) [ 00000]
gap_buf_V_load     (load             ) [ 00000]
gap_buf_V_1_load   (load             ) [ 00000]
tmp_8              (mux              ) [ 01010]
clf_w_L5_W_V_load  (load             ) [ 01010]
r_V                (bitconcatenate   ) [ 00000]
shl_ln838_4        (bitconcatenate   ) [ 00000]
sext_ln1270        (sext             ) [ 00000]
sext_ln1273_2      (sext             ) [ 00000]
r_V_13             (mul              ) [ 01001]
lhs_V_load         (load             ) [ 00000]
specpipeline_ln292 (specpipeline     ) [ 00000]
specloopname_ln289 (specloopname     ) [ 00000]
lhs_V_8            (bitconcatenate   ) [ 00000]
sext_ln1347        (sext             ) [ 00000]
sext_ln1347_5      (sext             ) [ 00000]
trunc_ln1347       (trunc            ) [ 00000]
trunc_ln1347_2     (bitconcatenate   ) [ 00000]
ret_V              (add              ) [ 00000]
add_ln1347_3       (add              ) [ 00000]
acc_V              (partselect       ) [ 00000]
trunc_ln           (partselect       ) [ 00000]
store_ln291        (store            ) [ 00000]
store_ln291        (store            ) [ 00000]
br_ln291           (br               ) [ 00000]
x_V_8_load         (load             ) [ 00000]
write_ln0          (write            ) [ 00000]
ret_ln0            (ret              ) [ 00000]
</LifeTime>

<model>

<comp_list>
<comp id="0" class="1000" name="sext_ln289">
<pin_list>
<pin id="1" dir="1" index="0" bw="1" slack="0"/>
</pin_list>
<bind>
<StgValue><ssdm name="sext_ln289"/></StgValue>
</bind>
</comp>

<comp id="2" class="1000" name="sub_ln837_2">
<pin_list>
<pin id="3" dir="1" index="0" bw="1" slack="0"/>
</pin_list>
<bind>
<StgValue><ssdm name="sub_ln837_2"/></StgValue>
</bind>
</comp>

<comp id="4" class="1000" name="gap_buf_V">
<pin_list>
<pin id="5" dir="1" index="0" bw="1" slack="0"/>
</pin_list>
<bind>
<StgValue><ssdm name="gap_buf_V"/><MemPortTyVec>1 </MemPortTyVec>
</StgValue>
</bind>
</comp>

<comp id="6" class="1000" name="gap_buf_V_1">
<pin_list>
<pin id="7" dir="1" index="0" bw="1" slack="0"/>
</pin_list>
<bind>
<StgValue><ssdm name="gap_buf_V_1"/><MemPortTyVec>1 </MemPortTyVec>
</StgValue>
</bind>
</comp>

<comp id="8" class="1000" name="x_V_8_out">
<pin_list>
<pin id="9" dir="1" index="0" bw="1" slack="0"/>
</pin_list>
<bind>
<StgValue><ssdm name="x_V_8_out"/></StgValue>
</bind>
</comp>

<comp id="10" class="1000" name="clf_w_L5_W_V">
<pin_list>
<pin id="11" dir="1" index="0" bw="1" slack="0"/>
</pin_list>
<bind>
<StgValue><ssdm name="clf_w_L5_W_V"/><MemPortTyVec>1 </MemPortTyVec>
</StgValue>
</bind>
</comp>

<comp id="12" class="1001" name="const_12">
<pin_list>
<pin id="13" dir="1" index="0" bw="1" slack="0"/>
</pin_list>
<bind>
<StgValue><ssdm name=""/></StgValue>
</bind>
</comp>

<comp id="14" class="1001" name="const_14">
<pin_list>
<pin id="15" dir="1" index="0" bw="1" slack="0"/>
</pin_list>
<bind>
<StgValue><ssdm name="_ssdm_op_Read.ap_auto.i15"/></StgValue>
</bind>
</comp>

<comp id="16" class="1001" name="const_16">
<pin_list>
<pin id="17" dir="1" index="0" bw="1" slack="0"/>
</pin_list>
<bind>
<StgValue><ssdm name="_ssdm_op_Read.ap_auto.i23"/></StgValue>
</bind>
</comp>

<comp id="18" class="1001" name="const_18">
<pin_list>
<pin id="19" dir="1" index="0" bw="1" slack="2147483647"/>
</pin_list>
<bind>
<StgValue><ssdm name="_ssdm_op_SpecMemCore"/></StgValue>
</bind>
</comp>

<comp id="20" class="1001" name="const_20">
<pin_list>
<pin id="21" dir="1" index="0" bw="1" slack="2147483647"/>
</pin_list>
<bind>
<StgValue><ssdm name=""/></StgValue>
</bind>
</comp>

<comp id="22" class="1001" name="const_22">
<pin_list>
<pin id="23" dir="1" index="0" bw="1" slack="2147483647"/>
</pin_list>
<bind>
<StgValue><ssdm name=""/></StgValue>
</bind>
</comp>

<comp id="24" class="1001" name="const_24">
<pin_list>
<pin id="25" dir="1" index="0" bw="1" slack="2147483647"/>
</pin_list>
<bind>
<StgValue><ssdm name=""/></StgValue>
</bind>
</comp>

<comp id="26" class="1001" name="const_26">
<pin_list>
<pin id="27" dir="1" index="0" bw="1" slack="0"/>
</pin_list>
<bind>
<StgValue><ssdm name=""/></StgValue>
</bind>
</comp>

<comp id="28" class="1001" name="const_28">
<pin_list>
<pin id="29" dir="1" index="0" bw="1" slack="0"/>
</pin_list>
<bind>
<StgValue><ssdm name=""/></StgValue>
</bind>
</comp>

<comp id="30" class="1001" name="const_30">
<pin_list>
<pin id="31" dir="1" index="0" bw="1" slack="0"/>
</pin_list>
<bind>
<StgValue><ssdm name=""/></StgValue>
</bind>
</comp>

<comp id="32" class="1001" name="const_32">
<pin_list>
<pin id="33" dir="1" index="0" bw="1" slack="2147483647"/>
</pin_list>
<bind>
<StgValue><ssdm name="_ssdm_op_SpecLoopTripCount"/></StgValue>
</bind>
</comp>

<comp id="34" class="1001" name="const_34">
<pin_list>
<pin id="35" dir="1" index="0" bw="1" slack="2147483647"/>
</pin_list>
<bind>
<StgValue><ssdm name=""/></StgValue>
</bind>
</comp>

<comp id="36" class="1001" name="const_36">
<pin_list>
<pin id="37" dir="1" index="0" bw="1" slack="0"/>
</pin_list>
<bind>
<StgValue><ssdm name=""/></StgValue>
</bind>
</comp>

<comp id="38" class="1001" name="const_38">
<pin_list>
<pin id="39" dir="1" index="0" bw="1" slack="0"/>
</pin_list>
<bind>
<StgValue><ssdm name=""/></StgValue>
</bind>
</comp>

<comp id="40" class="1001" name="const_40">
<pin_list>
<pin id="41" dir="1" index="0" bw="1" slack="0"/>
</pin_list>
<bind>
<StgValue><ssdm name="_ssdm_op_PartSelect.i7.i8.i32.i32"/></StgValue>
</bind>
</comp>

<comp id="42" class="1001" name="const_42">
<pin_list>
<pin id="43" dir="1" index="0" bw="1" slack="0"/>
</pin_list>
<bind>
<StgValue><ssdm name=""/></StgValue>
</bind>
</comp>

<comp id="44" class="1001" name="const_44">
<pin_list>
<pin id="45" dir="1" index="0" bw="1" slack="0"/>
</pin_list>
<bind>
<StgValue><ssdm name="_ssdm_op_Mux.ap_auto.2i32.i1"/></StgValue>
</bind>
</comp>

<comp id="46" class="1001" name="const_46">
<pin_list>
<pin id="47" dir="1" index="0" bw="1" slack="0"/>
</pin_list>
<bind>
<StgValue><ssdm name="_ssdm_op_BitConcatenate.i40.i32.i8"/></StgValue>
</bind>
</comp>

<comp id="48" class="1001" name="const_48">
<pin_list>
<pin id="49" dir="1" index="0" bw="1" slack="0"/>
</pin_list>
<bind>
<StgValue><ssdm name="_ssdm_op_BitConcatenate.i24.i4.i20"/></StgValue>
</bind>
</comp>

<comp id="50" class="1001" name="const_50">
<pin_list>
<pin id="51" dir="1" index="0" bw="1" slack="0"/>
</pin_list>
<bind>
<StgValue><ssdm name=""/></StgValue>
</bind>
</comp>

<comp id="52" class="1001" name="const_52">
<pin_list>
<pin id="53" dir="1" index="0" bw="1" slack="2147483647"/>
</pin_list>
<bind>
<StgValue><ssdm name="_ssdm_op_SpecPipeline"/></StgValue>
</bind>
</comp>

<comp id="54" class="1001" name="const_54">
<pin_list>
<pin id="55" dir="1" index="0" bw="1" slack="2147483647"/>
</pin_list>
<bind>
<StgValue><ssdm name="empty_17"/></StgValue>
</bind>
</comp>

<comp id="56" class="1001" name="const_56">
<pin_list>
<pin id="57" dir="1" index="0" bw="1" slack="2147483647"/>
</pin_list>
<bind>
<StgValue><ssdm name="_ssdm_op_SpecLoopName"/></StgValue>
</bind>
</comp>

<comp id="58" class="1001" name="const_58">
<pin_list>
<pin id="59" dir="1" index="0" bw="1" slack="2147483647"/>
</pin_list>
<bind>
<StgValue><ssdm name="empty_14"/></StgValue>
</bind>
</comp>

<comp id="60" class="1001" name="const_60">
<pin_list>
<pin id="61" dir="1" index="0" bw="1" slack="0"/>
</pin_list>
<bind>
<StgValue><ssdm name="_ssdm_op_BitConcatenate.i72.i48.i24"/></StgValue>
</bind>
</comp>

<comp id="62" class="1001" name="const_62">
<pin_list>
<pin id="63" dir="1" index="0" bw="1" slack="0"/>
</pin_list>
<bind>
<StgValue><ssdm name=""/></StgValue>
</bind>
</comp>

<comp id="64" class="1001" name="const_64">
<pin_list>
<pin id="65" dir="1" index="0" bw="1" slack="0"/>
</pin_list>
<bind>
<StgValue><ssdm name="_ssdm_op_BitConcatenate.i64.i40.i24"/></StgValue>
</bind>
</comp>

<comp id="66" class="1001" name="const_66">
<pin_list>
<pin id="67" dir="1" index="0" bw="1" slack="0"/>
</pin_list>
<bind>
<StgValue><ssdm name="_ssdm_op_PartSelect.i48.i72.i32.i32"/></StgValue>
</bind>
</comp>

<comp id="68" class="1001" name="const_68">
<pin_list>
<pin id="69" dir="1" index="0" bw="1" slack="0"/>
</pin_list>
<bind>
<StgValue><ssdm name=""/></StgValue>
</bind>
</comp>

<comp id="70" class="1001" name="const_70">
<pin_list>
<pin id="71" dir="1" index="0" bw="1" slack="0"/>
</pin_list>
<bind>
<StgValue><ssdm name=""/></StgValue>
</bind>
</comp>

<comp id="72" class="1001" name="const_72">
<pin_list>
<pin id="73" dir="1" index="0" bw="1" slack="0"/>
</pin_list>
<bind>
<StgValue><ssdm name="_ssdm_op_PartSelect.i32.i64.i32.i32"/></StgValue>
</bind>
</comp>

<comp id="74" class="1001" name="const_74">
<pin_list>
<pin id="75" dir="1" index="0" bw="1" slack="0"/>
</pin_list>
<bind>
<StgValue><ssdm name=""/></StgValue>
</bind>
</comp>

<comp id="76" class="1001" name="const_76">
<pin_list>
<pin id="77" dir="1" index="0" bw="1" slack="0"/>
</pin_list>
<bind>
<StgValue><ssdm name=""/></StgValue>
</bind>
</comp>

<comp id="78" class="1001" name="const_78">
<pin_list>
<pin id="79" dir="1" index="0" bw="1" slack="0"/>
</pin_list>
<bind>
<StgValue><ssdm name="_ssdm_op_Write.ap_auto.i32P0A"/></StgValue>
</bind>
</comp>

<comp id="80" class="1004" name="x_V_8_fu_80">
<pin_list>
<pin id="81" dir="0" index="0" bw="1" slack="0"/>
<pin id="82" dir="1" index="1" bw="32" slack="0"/>
</pin_list>
<bind>
<opcode="alloca(26) " fcode="alloca"/>
<opset="x_V_8/1 "/>
</bind>
</comp>

<comp id="84" class="1004" name="lhs_V_fu_84">
<pin_list>
<pin id="85" dir="0" index="0" bw="1" slack="0"/>
<pin id="86" dir="1" index="1" bw="48" slack="0"/>
</pin_list>
<bind>
<opcode="alloca(26) " fcode="alloca"/>
<opset="lhs_V/1 "/>
</bind>
</comp>

<comp id="88" class="1004" name="ic_3_fu_88">
<pin_list>
<pin id="89" dir="0" index="0" bw="1" slack="0"/>
<pin id="90" dir="1" index="1" bw="8" slack="0"/>
</pin_list>
<bind>
<opcode="alloca(26) " fcode="alloca"/>
<opset="ic_3/1 "/>
</bind>
</comp>

<comp id="92" class="1004" name="sub_ln837_2_read_read_fu_92">
<pin_list>
<pin id="93" dir="0" index="0" bw="15" slack="0"/>
<pin id="94" dir="0" index="1" bw="15" slack="0"/>
<pin id="95" dir="1" index="2" bw="15" slack="0"/>
</pin_list>
<bind>
<opcode="read(1150) " fcode="read"/>
<opset="sub_ln837_2_read/1 "/>
</bind>
</comp>

<comp id="98" class="1004" name="sext_ln289_read_read_fu_98">
<pin_list>
<pin id="99" dir="0" index="0" bw="23" slack="0"/>
<pin id="100" dir="0" index="1" bw="23" slack="0"/>
<pin id="101" dir="1" index="2" bw="23" slack="0"/>
</pin_list>
<bind>
<opcode="read(1150) " fcode="read"/>
<opset="sext_ln289_read/1 "/>
</bind>
</comp>

<comp id="104" class="1004" name="write_ln0_write_fu_104">
<pin_list>
<pin id="105" dir="0" index="0" bw="0" slack="0"/>
<pin id="106" dir="0" index="1" bw="32" slack="0"/>
<pin id="107" dir="0" index="2" bw="32" slack="0"/>
<pin id="108" dir="1" index="3" bw="0" slack="2147483647"/>
</pin_list>
<bind>
<opcode="write(1151) " fcode="write"/>
<opset="write_ln0/3 "/>
</bind>
</comp>

<comp id="111" class="1004" name="clf_w_L5_W_V_addr_gep_fu_111">
<pin_list>
<pin id="112" dir="0" index="0" bw="4" slack="0"/>
<pin id="113" dir="0" index="1" bw="1" slack="0"/>
<pin id="114" dir="0" index="2" bw="15" slack="0"/>
<pin id="115" dir="1" index="3" bw="15" slack="0"/>
</pin_list>
<bind>
<opcode="getelementptr(29) " fcode="getelementptr"/>
<opset="clf_w_L5_W_V_addr/1 "/>
</bind>
</comp>

<comp id="118" class="1004" name="gap_buf_V_addr_gep_fu_118">
<pin_list>
<pin id="119" dir="0" index="0" bw="32" slack="0"/>
<pin id="120" dir="0" index="1" bw="1" slack="0"/>
<pin id="121" dir="0" index="2" bw="7" slack="0"/>
<pin id="122" dir="1" index="3" bw="7" slack="0"/>
</pin_list>
<bind>
<opcode="getelementptr(29) " fcode="getelementptr"/>
<opset="gap_buf_V_addr/1 "/>
</bind>
</comp>

<comp id="125" class="1004" name="gap_buf_V_1_addr_gep_fu_125">
<pin_list>
<pin id="126" dir="0" index="0" bw="32" slack="0"/>
<pin id="127" dir="0" index="1" bw="1" slack="0"/>
<pin id="128" dir="0" index="2" bw="7" slack="0"/>
<pin id="129" dir="1" index="3" bw="7" slack="0"/>
</pin_list>
<bind>
<opcode="getelementptr(29) " fcode="getelementptr"/>
<opset="gap_buf_V_1_addr/1 "/>
</bind>
</comp>

<comp id="132" class="1004" name="grp_access_fu_132">
<pin_list>
<pin id="133" dir="0" index="0" bw="7" slack="0"/>
<pin id="134" dir="0" index="1" bw="32" slack="2147483647"/>
<pin id="135" dir="0" index="2" bw="0" slack="2147483647"/>
<pin id="136" dir="1" index="3" bw="32" slack="0"/>
</pin_list>
<bind>
<opcode="load(27) " fcode="load"/>
<opset="gap_buf_V_load/1 "/>
</bind>
</comp>

<comp id="138" class="1004" name="grp_access_fu_138">
<pin_list>
<pin id="139" dir="0" index="0" bw="7" slack="0"/>
<pin id="140" dir="0" index="1" bw="32" slack="2147483647"/>
<pin id="141" dir="0" index="2" bw="0" slack="2147483647"/>
<pin id="142" dir="1" index="3" bw="32" slack="0"/>
</pin_list>
<bind>
<opcode="load(27) " fcode="load"/>
<opset="gap_buf_V_1_load/1 "/>
</bind>
</comp>

<comp id="144" class="1004" name="grp_access_fu_144">
<pin_list>
<pin id="145" dir="0" index="0" bw="15" slack="0"/>
<pin id="146" dir="0" index="1" bw="4" slack="2147483647"/>
<pin id="147" dir="0" index="2" bw="0" slack="2147483647"/>
<pin id="148" dir="1" index="3" bw="4" slack="1"/>
</pin_list>
<bind>
<opcode="load(27) " fcode="load"/>
<opset="clf_w_L5_W_V_load/1 "/>
</bind>
</comp>

<comp id="150" class="1004" name="sext_ln289_cast_fu_150">
<pin_list>
<pin id="151" dir="0" index="0" bw="23" slack="0"/>
<pin id="152" dir="1" index="1" bw="48" slack="0"/>
</pin_list>
<bind>
<opcode="sext(35) " fcode="sext"/>
<opset="sext_ln289_cast/1 "/>
</bind>
</comp>

<comp id="154" class="1004" name="store_ln0_store_fu_154">
<pin_list>
<pin id="155" dir="0" index="0" bw="1" slack="0"/>
<pin id="156" dir="0" index="1" bw="8" slack="0"/>
<pin id="157" dir="1" index="2" bw="0" slack="2147483647"/>
</pin_list>
<bind>
<opcode="store(28) " fcode="store"/>
<opset="store_ln0/1 "/>
</bind>
</comp>

<comp id="159" class="1004" name="store_ln0_store_fu_159">
<pin_list>
<pin id="160" dir="0" index="0" bw="23" slack="0"/>
<pin id="161" dir="0" index="1" bw="48" slack="0"/>
<pin id="162" dir="1" index="2" bw="0" slack="2147483647"/>
</pin_list>
<bind>
<opcode="store(28) " fcode="store"/>
<opset="store_ln0/1 "/>
</bind>
</comp>

<comp id="164" class="1004" name="store_ln0_store_fu_164">
<pin_list>
<pin id="165" dir="0" index="0" bw="1" slack="0"/>
<pin id="166" dir="0" index="1" bw="32" slack="0"/>
<pin id="167" dir="1" index="2" bw="0" slack="2147483647"/>
</pin_list>
<bind>
<opcode="store(28) " fcode="store"/>
<opset="store_ln0/1 "/>
</bind>
</comp>

<comp id="169" class="1004" name="ic_load_fu_169">
<pin_list>
<pin id="170" dir="0" index="0" bw="8" slack="0"/>
<pin id="171" dir="1" index="1" bw="8" slack="0"/>
</pin_list>
<bind>
<opcode="load(27) " fcode="load"/>
<opset="ic/1 "/>
</bind>
</comp>

<comp id="172" class="1004" name="icmp_ln291_fu_172">
<pin_list>
<pin id="173" dir="0" index="0" bw="8" slack="0"/>
<pin id="174" dir="0" index="1" bw="7" slack="0"/>
<pin id="175" dir="1" index="2" bw="1" slack="2"/>
</pin_list>
<bind>
<opcode="icmp(45) " fcode="icmp"/>
<opset="icmp_ln291/1 "/>
</bind>
</comp>

<comp id="178" class="1004" name="add_ln291_fu_178">
<pin_list>
<pin id="179" dir="0" index="0" bw="8" slack="0"/>
<pin id="180" dir="0" index="1" bw="1" slack="0"/>
<pin id="181" dir="1" index="2" bw="8" slack="0"/>
</pin_list>
<bind>
<opcode="add(8) " fcode="add"/>
<opset="add_ln291/1 "/>
</bind>
</comp>

<comp id="184" class="1004" name="zext_ln837_fu_184">
<pin_list>
<pin id="185" dir="0" index="0" bw="8" slack="0"/>
<pin id="186" dir="1" index="1" bw="15" slack="0"/>
</pin_list>
<bind>
<opcode="zext(34) " fcode="zext"/>
<opset="zext_ln837/1 "/>
</bind>
</comp>

<comp id="188" class="1004" name="add_ln837_fu_188">
<pin_list>
<pin id="189" dir="0" index="0" bw="15" slack="0"/>
<pin id="190" dir="0" index="1" bw="8" slack="0"/>
<pin id="191" dir="1" index="2" bw="15" slack="0"/>
</pin_list>
<bind>
<opcode="add(8) " fcode="add"/>
<opset="add_ln837/1 "/>
</bind>
</comp>

<comp id="194" class="1004" name="zext_ln837_23_fu_194">
<pin_list>
<pin id="195" dir="0" index="0" bw="15" slack="0"/>
<pin id="196" dir="1" index="1" bw="64" slack="0"/>
</pin_list>
<bind>
<opcode="zext(34) " fcode="zext"/>
<opset="zext_ln837_23/1 "/>
</bind>
</comp>

<comp id="199" class="1004" name="lshr_ln837_1_fu_199">
<pin_list>
<pin id="200" dir="0" index="0" bw="7" slack="0"/>
<pin id="201" dir="0" index="1" bw="8" slack="0"/>
<pin id="202" dir="0" index="2" bw="1" slack="0"/>
<pin id="203" dir="0" index="3" bw="4" slack="0"/>
<pin id="204" dir="1" index="4" bw="7" slack="0"/>
</pin_list>
<bind>
<opcode="partselect(1002) " fcode="partselect"/>
<opset="lshr_ln837_1/1 "/>
</bind>
</comp>

<comp id="209" class="1004" name="zext_ln837_4_fu_209">
<pin_list>
<pin id="210" dir="0" index="0" bw="7" slack="0"/>
<pin id="211" dir="1" index="1" bw="64" slack="0"/>
</pin_list>
<bind>
<opcode="zext(34) " fcode="zext"/>
<opset="zext_ln837_4/1 "/>
</bind>
</comp>

<comp id="215" class="1004" name="trunc_ln837_fu_215">
<pin_list>
<pin id="216" dir="0" index="0" bw="8" slack="0"/>
<pin id="217" dir="1" index="1" bw="1" slack="1"/>
</pin_list>
<bind>
<opcode="trunc(33) " fcode="trunc"/>
<opset="trunc_ln837/1 "/>
</bind>
</comp>

<comp id="219" class="1004" name="store_ln291_store_fu_219">
<pin_list>
<pin id="220" dir="0" index="0" bw="8" slack="0"/>
<pin id="221" dir="0" index="1" bw="8" slack="0"/>
<pin id="222" dir="1" index="2" bw="0" slack="2147483647"/>
</pin_list>
<bind>
<opcode="store(28) " fcode="store"/>
<opset="store_ln291/1 "/>
</bind>
</comp>

<comp id="224" class="1004" name="tmp_8_fu_224">
<pin_list>
<pin id="225" dir="0" index="0" bw="32" slack="0"/>
<pin id="226" dir="0" index="1" bw="32" slack="0"/>
<pin id="227" dir="0" index="2" bw="32" slack="0"/>
<pin id="228" dir="0" index="3" bw="1" slack="1"/>
<pin id="229" dir="1" index="4" bw="32" slack="1"/>
</pin_list>
<bind>
<opcode="mux(1196) " fcode="mux"/>
<opset="tmp_8/2 "/>
</bind>
</comp>

<comp id="233" class="1004" name="r_V_fu_233">
<pin_list>
<pin id="234" dir="0" index="0" bw="40" slack="0"/>
<pin id="235" dir="0" index="1" bw="32" slack="1"/>
<pin id="236" dir="0" index="2" bw="1" slack="0"/>
<pin id="237" dir="1" index="3" bw="40" slack="0"/>
</pin_list>
<bind>
<opcode="bitconcatenate(1004) " fcode="bitconcatenate"/>
<opset="r_V/3 "/>
</bind>
</comp>

<comp id="240" class="1004" name="shl_ln838_4_fu_240">
<pin_list>
<pin id="241" dir="0" index="0" bw="24" slack="0"/>
<pin id="242" dir="0" index="1" bw="4" slack="1"/>
<pin id="243" dir="0" index="2" bw="1" slack="0"/>
<pin id="244" dir="1" index="3" bw="24" slack="0"/>
</pin_list>
<bind>
<opcode="bitconcatenate(1004) " fcode="bitconcatenate"/>
<opset="shl_ln838_4/3 "/>
</bind>
</comp>

<comp id="247" class="1004" name="sext_ln1270_fu_247">
<pin_list>
<pin id="248" dir="0" index="0" bw="40" slack="0"/>
<pin id="249" dir="1" index="1" bw="63" slack="0"/>
</pin_list>
<bind>
<opcode="sext(35) " fcode="sext"/>
<opset="sext_ln1270/3 "/>
</bind>
</comp>

<comp id="251" class="1004" name="sext_ln1273_2_fu_251">
<pin_list>
<pin id="252" dir="0" index="0" bw="24" slack="0"/>
<pin id="253" dir="1" index="1" bw="63" slack="0"/>
</pin_list>
<bind>
<opcode="sext(35) " fcode="sext"/>
<opset="sext_ln1273_2/3 "/>
</bind>
</comp>

<comp id="255" class="1004" name="r_V_13_fu_255">
<pin_list>
<pin id="256" dir="0" index="0" bw="24" slack="0"/>
<pin id="257" dir="0" index="1" bw="40" slack="0"/>
<pin id="258" dir="1" index="2" bw="63" slack="1"/>
</pin_list>
<bind>
<opcode="mul(12) " fcode="mul"/>
<opset="r_V_13/3 "/>
</bind>
</comp>

<comp id="261" class="1004" name="lhs_V_load_load_fu_261">
<pin_list>
<pin id="262" dir="0" index="0" bw="48" slack="3"/>
<pin id="263" dir="1" index="1" bw="48" slack="0"/>
</pin_list>
<bind>
<opcode="load(27) " fcode="load"/>
<opset="lhs_V_load/4 "/>
</bind>
</comp>

<comp id="264" class="1004" name="lhs_V_8_fu_264">
<pin_list>
<pin id="265" dir="0" index="0" bw="72" slack="0"/>
<pin id="266" dir="0" index="1" bw="48" slack="0"/>
<pin id="267" dir="0" index="2" bw="1" slack="0"/>
<pin id="268" dir="1" index="3" bw="72" slack="0"/>
</pin_list>
<bind>
<opcode="bitconcatenate(1004) " fcode="bitconcatenate"/>
<opset="lhs_V_8/4 "/>
</bind>
</comp>

<comp id="272" class="1004" name="sext_ln1347_fu_272">
<pin_list>
<pin id="273" dir="0" index="0" bw="63" slack="1"/>
<pin id="274" dir="1" index="1" bw="72" slack="0"/>
</pin_list>
<bind>
<opcode="sext(35) " fcode="sext"/>
<opset="sext_ln1347/4 "/>
</bind>
</comp>

<comp id="275" class="1004" name="sext_ln1347_5_fu_275">
<pin_list>
<pin id="276" dir="0" index="0" bw="63" slack="1"/>
<pin id="277" dir="1" index="1" bw="64" slack="0"/>
</pin_list>
<bind>
<opcode="sext(35) " fcode="sext"/>
<opset="sext_ln1347_5/4 "/>
</bind>
</comp>

<comp id="278" class="1004" name="trunc_ln1347_fu_278">
<pin_list>
<pin id="279" dir="0" index="0" bw="48" slack="0"/>
<pin id="280" dir="1" index="1" bw="40" slack="0"/>
</pin_list>
<bind>
<opcode="trunc(33) " fcode="trunc"/>
<opset="trunc_ln1347/4 "/>
</bind>
</comp>

<comp id="282" class="1004" name="trunc_ln1347_2_fu_282">
<pin_list>
<pin id="283" dir="0" index="0" bw="64" slack="0"/>
<pin id="284" dir="0" index="1" bw="40" slack="0"/>
<pin id="285" dir="0" index="2" bw="1" slack="0"/>
<pin id="286" dir="1" index="3" bw="64" slack="0"/>
</pin_list>
<bind>
<opcode="bitconcatenate(1004) " fcode="bitconcatenate"/>
<opset="trunc_ln1347_2/4 "/>
</bind>
</comp>

<comp id="290" class="1004" name="ret_V_fu_290">
<pin_list>
<pin id="291" dir="0" index="0" bw="72" slack="0"/>
<pin id="292" dir="0" index="1" bw="63" slack="0"/>
<pin id="293" dir="1" index="2" bw="72" slack="0"/>
</pin_list>
<bind>
<opcode="add(8) " fcode="add"/>
<opset="ret_V/4 "/>
</bind>
</comp>

<comp id="296" class="1004" name="add_ln1347_3_fu_296">
<pin_list>
<pin id="297" dir="0" index="0" bw="64" slack="0"/>
<pin id="298" dir="0" index="1" bw="63" slack="0"/>
<pin id="299" dir="1" index="2" bw="64" slack="0"/>
</pin_list>
<bind>
<opcode="add(8) " fcode="add"/>
<opset="add_ln1347_3/4 "/>
</bind>
</comp>

<comp id="302" class="1004" name="acc_V_fu_302">
<pin_list>
<pin id="303" dir="0" index="0" bw="48" slack="0"/>
<pin id="304" dir="0" index="1" bw="72" slack="0"/>
<pin id="305" dir="0" index="2" bw="6" slack="0"/>
<pin id="306" dir="0" index="3" bw="8" slack="0"/>
<pin id="307" dir="1" index="4" bw="48" slack="0"/>
</pin_list>
<bind>
<opcode="partselect(1002) " fcode="partselect"/>
<opset="acc_V/4 "/>
</bind>
</comp>

<comp id="312" class="1004" name="trunc_ln_fu_312">
<pin_list>
<pin id="313" dir="0" index="0" bw="32" slack="0"/>
<pin id="314" dir="0" index="1" bw="64" slack="0"/>
<pin id="315" dir="0" index="2" bw="7" slack="0"/>
<pin id="316" dir="0" index="3" bw="7" slack="0"/>
<pin id="317" dir="1" index="4" bw="32" slack="0"/>
</pin_list>
<bind>
<opcode="partselect(1002) " fcode="partselect"/>
<opset="trunc_ln/4 "/>
</bind>
</comp>

<comp id="322" class="1004" name="store_ln291_store_fu_322">
<pin_list>
<pin id="323" dir="0" index="0" bw="48" slack="0"/>
<pin id="324" dir="0" index="1" bw="48" slack="3"/>
<pin id="325" dir="1" index="2" bw="0" slack="2147483647"/>
</pin_list>
<bind>
<opcode="store(28) " fcode="store"/>
<opset="store_ln291/4 "/>
</bind>
</comp>

<comp id="327" class="1004" name="store_ln291_store_fu_327">
<pin_list>
<pin id="328" dir="0" index="0" bw="32" slack="0"/>
<pin id="329" dir="0" index="1" bw="32" slack="3"/>
<pin id="330" dir="1" index="2" bw="0" slack="2147483647"/>
</pin_list>
<bind>
<opcode="store(28) " fcode="store"/>
<opset="store_ln291/4 "/>
</bind>
</comp>

<comp id="332" class="1004" name="x_V_8_load_load_fu_332">
<pin_list>
<pin id="333" dir="0" index="0" bw="32" slack="2"/>
<pin id="334" dir="1" index="1" bw="32" slack="0"/>
</pin_list>
<bind>
<opcode="load(27) " fcode="load"/>
<opset="x_V_8_load/3 "/>
</bind>
</comp>

<comp id="336" class="1005" name="x_V_8_reg_336">
<pin_list>
<pin id="337" dir="0" index="0" bw="32" slack="0"/>
<pin id="338" dir="1" index="1" bw="32" slack="0"/>
</pin_list>
<bind>
<opset="x_V_8 "/>
</bind>
</comp>

<comp id="343" class="1005" name="lhs_V_reg_343">
<pin_list>
<pin id="344" dir="0" index="0" bw="48" slack="0"/>
<pin id="345" dir="1" index="1" bw="48" slack="0"/>
</pin_list>
<bind>
<opset="lhs_V "/>
</bind>
</comp>

<comp id="350" class="1005" name="ic_3_reg_350">
<pin_list>
<pin id="351" dir="0" index="0" bw="8" slack="0"/>
<pin id="352" dir="1" index="1" bw="8" slack="0"/>
</pin_list>
<bind>
<opset="ic_3 "/>
</bind>
</comp>

<comp id="357" class="1005" name="icmp_ln291_reg_357">
<pin_list>
<pin id="358" dir="0" index="0" bw="1" slack="2"/>
<pin id="359" dir="1" index="1" bw="1" slack="2147483647"/>
</pin_list>
<bind>
<opset="icmp_ln291 "/>
</bind>
</comp>

<comp id="361" class="1005" name="clf_w_L5_W_V_addr_reg_361">
<pin_list>
<pin id="362" dir="0" index="0" bw="15" slack="1"/>
<pin id="363" dir="1" index="1" bw="15" slack="1"/>
</pin_list>
<bind>
<opset="clf_w_L5_W_V_addr "/>
</bind>
</comp>

<comp id="366" class="1005" name="gap_buf_V_addr_reg_366">
<pin_list>
<pin id="367" dir="0" index="0" bw="7" slack="1"/>
<pin id="368" dir="1" index="1" bw="7" slack="1"/>
</pin_list>
<bind>
<opset="gap_buf_V_addr "/>
</bind>
</comp>

<comp id="371" class="1005" name="gap_buf_V_1_addr_reg_371">
<pin_list>
<pin id="372" dir="0" index="0" bw="7" slack="1"/>
<pin id="373" dir="1" index="1" bw="7" slack="1"/>
</pin_list>
<bind>
<opset="gap_buf_V_1_addr "/>
</bind>
</comp>

<comp id="376" class="1005" name="trunc_ln837_reg_376">
<pin_list>
<pin id="377" dir="0" index="0" bw="1" slack="1"/>
<pin id="378" dir="1" index="1" bw="1" slack="1"/>
</pin_list>
<bind>
<opset="trunc_ln837 "/>
</bind>
</comp>

<comp id="381" class="1005" name="tmp_8_reg_381">
<pin_list>
<pin id="382" dir="0" index="0" bw="32" slack="1"/>
<pin id="383" dir="1" index="1" bw="32" slack="1"/>
</pin_list>
<bind>
<opset="tmp_8 "/>
</bind>
</comp>

<comp id="386" class="1005" name="clf_w_L5_W_V_load_reg_386">
<pin_list>
<pin id="387" dir="0" index="0" bw="4" slack="1"/>
<pin id="388" dir="1" index="1" bw="4" slack="1"/>
</pin_list>
<bind>
<opset="clf_w_L5_W_V_load "/>
</bind>
</comp>

<comp id="391" class="1005" name="r_V_13_reg_391">
<pin_list>
<pin id="392" dir="0" index="0" bw="63" slack="1"/>
<pin id="393" dir="1" index="1" bw="63" slack="1"/>
</pin_list>
<bind>
<opset="r_V_13 "/>
</bind>
</comp>

</comp_list>

<net_list>
<net id="83"><net_src comp="12" pin="0"/><net_sink comp="80" pin=0"/></net>

<net id="87"><net_src comp="12" pin="0"/><net_sink comp="84" pin=0"/></net>

<net id="91"><net_src comp="12" pin="0"/><net_sink comp="88" pin=0"/></net>

<net id="96"><net_src comp="14" pin="0"/><net_sink comp="92" pin=0"/></net>

<net id="97"><net_src comp="2" pin="0"/><net_sink comp="92" pin=1"/></net>

<net id="102"><net_src comp="16" pin="0"/><net_sink comp="98" pin=0"/></net>

<net id="103"><net_src comp="0" pin="0"/><net_sink comp="98" pin=1"/></net>

<net id="109"><net_src comp="78" pin="0"/><net_sink comp="104" pin=0"/></net>

<net id="110"><net_src comp="8" pin="0"/><net_sink comp="104" pin=1"/></net>

<net id="116"><net_src comp="10" pin="0"/><net_sink comp="111" pin=0"/></net>

<net id="117"><net_src comp="38" pin="0"/><net_sink comp="111" pin=1"/></net>

<net id="123"><net_src comp="4" pin="0"/><net_sink comp="118" pin=0"/></net>

<net id="124"><net_src comp="38" pin="0"/><net_sink comp="118" pin=1"/></net>

<net id="130"><net_src comp="6" pin="0"/><net_sink comp="125" pin=0"/></net>

<net id="131"><net_src comp="38" pin="0"/><net_sink comp="125" pin=1"/></net>

<net id="137"><net_src comp="118" pin="3"/><net_sink comp="132" pin=0"/></net>

<net id="143"><net_src comp="125" pin="3"/><net_sink comp="138" pin=0"/></net>

<net id="149"><net_src comp="111" pin="3"/><net_sink comp="144" pin=0"/></net>

<net id="153"><net_src comp="98" pin="2"/><net_sink comp="150" pin=0"/></net>

<net id="158"><net_src comp="26" pin="0"/><net_sink comp="154" pin=0"/></net>

<net id="163"><net_src comp="150" pin="1"/><net_sink comp="159" pin=0"/></net>

<net id="168"><net_src comp="28" pin="0"/><net_sink comp="164" pin=0"/></net>

<net id="176"><net_src comp="169" pin="1"/><net_sink comp="172" pin=0"/></net>

<net id="177"><net_src comp="30" pin="0"/><net_sink comp="172" pin=1"/></net>

<net id="182"><net_src comp="169" pin="1"/><net_sink comp="178" pin=0"/></net>

<net id="183"><net_src comp="36" pin="0"/><net_sink comp="178" pin=1"/></net>

<net id="187"><net_src comp="169" pin="1"/><net_sink comp="184" pin=0"/></net>

<net id="192"><net_src comp="92" pin="2"/><net_sink comp="188" pin=0"/></net>

<net id="193"><net_src comp="184" pin="1"/><net_sink comp="188" pin=1"/></net>

<net id="197"><net_src comp="188" pin="2"/><net_sink comp="194" pin=0"/></net>

<net id="198"><net_src comp="194" pin="1"/><net_sink comp="111" pin=2"/></net>

<net id="205"><net_src comp="40" pin="0"/><net_sink comp="199" pin=0"/></net>

<net id="206"><net_src comp="169" pin="1"/><net_sink comp="199" pin=1"/></net>

<net id="207"><net_src comp="12" pin="0"/><net_sink comp="199" pin=2"/></net>

<net id="208"><net_src comp="42" pin="0"/><net_sink comp="199" pin=3"/></net>

<net id="212"><net_src comp="199" pin="4"/><net_sink comp="209" pin=0"/></net>

<net id="213"><net_src comp="209" pin="1"/><net_sink comp="118" pin=2"/></net>

<net id="214"><net_src comp="209" pin="1"/><net_sink comp="125" pin=2"/></net>

<net id="218"><net_src comp="169" pin="1"/><net_sink comp="215" pin=0"/></net>

<net id="223"><net_src comp="178" pin="2"/><net_sink comp="219" pin=0"/></net>

<net id="230"><net_src comp="44" pin="0"/><net_sink comp="224" pin=0"/></net>

<net id="231"><net_src comp="132" pin="3"/><net_sink comp="224" pin=1"/></net>

<net id="232"><net_src comp="138" pin="3"/><net_sink comp="224" pin=2"/></net>

<net id="238"><net_src comp="46" pin="0"/><net_sink comp="233" pin=0"/></net>

<net id="239"><net_src comp="26" pin="0"/><net_sink comp="233" pin=2"/></net>

<net id="245"><net_src comp="48" pin="0"/><net_sink comp="240" pin=0"/></net>

<net id="246"><net_src comp="50" pin="0"/><net_sink comp="240" pin=2"/></net>

<net id="250"><net_src comp="233" pin="3"/><net_sink comp="247" pin=0"/></net>

<net id="254"><net_src comp="240" pin="3"/><net_sink comp="251" pin=0"/></net>

<net id="259"><net_src comp="251" pin="1"/><net_sink comp="255" pin=0"/></net>

<net id="260"><net_src comp="247" pin="1"/><net_sink comp="255" pin=1"/></net>

<net id="269"><net_src comp="60" pin="0"/><net_sink comp="264" pin=0"/></net>

<net id="270"><net_src comp="261" pin="1"/><net_sink comp="264" pin=1"/></net>

<net id="271"><net_src comp="62" pin="0"/><net_sink comp="264" pin=2"/></net>

<net id="281"><net_src comp="261" pin="1"/><net_sink comp="278" pin=0"/></net>

<net id="287"><net_src comp="64" pin="0"/><net_sink comp="282" pin=0"/></net>

<net id="288"><net_src comp="278" pin="1"/><net_sink comp="282" pin=1"/></net>

<net id="289"><net_src comp="62" pin="0"/><net_sink comp="282" pin=2"/></net>

<net id="294"><net_src comp="264" pin="3"/><net_sink comp="290" pin=0"/></net>

<net id="295"><net_src comp="272" pin="1"/><net_sink comp="290" pin=1"/></net>

<net id="300"><net_src comp="282" pin="3"/><net_sink comp="296" pin=0"/></net>

<net id="301"><net_src comp="275" pin="1"/><net_sink comp="296" pin=1"/></net>

<net id="308"><net_src comp="66" pin="0"/><net_sink comp="302" pin=0"/></net>

<net id="309"><net_src comp="290" pin="2"/><net_sink comp="302" pin=1"/></net>

<net id="310"><net_src comp="68" pin="0"/><net_sink comp="302" pin=2"/></net>

<net id="311"><net_src comp="70" pin="0"/><net_sink comp="302" pin=3"/></net>

<net id="318"><net_src comp="72" pin="0"/><net_sink comp="312" pin=0"/></net>

<net id="319"><net_src comp="296" pin="2"/><net_sink comp="312" pin=1"/></net>

<net id="320"><net_src comp="74" pin="0"/><net_sink comp="312" pin=2"/></net>

<net id="321"><net_src comp="76" pin="0"/><net_sink comp="312" pin=3"/></net>

<net id="326"><net_src comp="302" pin="4"/><net_sink comp="322" pin=0"/></net>

<net id="331"><net_src comp="312" pin="4"/><net_sink comp="327" pin=0"/></net>

<net id="335"><net_src comp="332" pin="1"/><net_sink comp="104" pin=2"/></net>

<net id="339"><net_src comp="80" pin="1"/><net_sink comp="336" pin=0"/></net>

<net id="340"><net_src comp="336" pin="1"/><net_sink comp="164" pin=1"/></net>

<net id="341"><net_src comp="336" pin="1"/><net_sink comp="327" pin=1"/></net>

<net id="342"><net_src comp="336" pin="1"/><net_sink comp="332" pin=0"/></net>

<net id="346"><net_src comp="84" pin="1"/><net_sink comp="343" pin=0"/></net>

<net id="347"><net_src comp="343" pin="1"/><net_sink comp="159" pin=1"/></net>

<net id="348"><net_src comp="343" pin="1"/><net_sink comp="261" pin=0"/></net>

<net id="349"><net_src comp="343" pin="1"/><net_sink comp="322" pin=1"/></net>

<net id="353"><net_src comp="88" pin="1"/><net_sink comp="350" pin=0"/></net>

<net id="354"><net_src comp="350" pin="1"/><net_sink comp="154" pin=1"/></net>

<net id="355"><net_src comp="350" pin="1"/><net_sink comp="169" pin=0"/></net>

<net id="356"><net_src comp="350" pin="1"/><net_sink comp="219" pin=1"/></net>

<net id="360"><net_src comp="172" pin="2"/><net_sink comp="357" pin=0"/></net>

<net id="364"><net_src comp="111" pin="3"/><net_sink comp="361" pin=0"/></net>

<net id="365"><net_src comp="361" pin="1"/><net_sink comp="144" pin=0"/></net>

<net id="369"><net_src comp="118" pin="3"/><net_sink comp="366" pin=0"/></net>

<net id="370"><net_src comp="366" pin="1"/><net_sink comp="132" pin=0"/></net>

<net id="374"><net_src comp="125" pin="3"/><net_sink comp="371" pin=0"/></net>

<net id="375"><net_src comp="371" pin="1"/><net_sink comp="138" pin=0"/></net>

<net id="379"><net_src comp="215" pin="1"/><net_sink comp="376" pin=0"/></net>

<net id="380"><net_src comp="376" pin="1"/><net_sink comp="224" pin=3"/></net>

<net id="384"><net_src comp="224" pin="4"/><net_sink comp="381" pin=0"/></net>

<net id="385"><net_src comp="381" pin="1"/><net_sink comp="233" pin=1"/></net>

<net id="389"><net_src comp="144" pin="3"/><net_sink comp="386" pin=0"/></net>

<net id="390"><net_src comp="386" pin="1"/><net_sink comp="240" pin=1"/></net>

<net id="394"><net_src comp="255" pin="2"/><net_sink comp="391" pin=0"/></net>

<net id="395"><net_src comp="391" pin="1"/><net_sink comp="272" pin=0"/></net>

<net id="396"><net_src comp="391" pin="1"/><net_sink comp="275" pin=0"/></net>

</net_list>

</model> 
---------------- Datapath Model END ------------------

* FSMD analyzer results:
  - Output states:
	Port: x_V_8_out | {3 }
 - Input state : 
	Port: ecg_classifier_Pipeline_D0_IC : sext_ln289 | {1 }
	Port: ecg_classifier_Pipeline_D0_IC : sub_ln837_2 | {1 }
	Port: ecg_classifier_Pipeline_D0_IC : gap_buf_V | {1 2 }
	Port: ecg_classifier_Pipeline_D0_IC : gap_buf_V_1 | {1 2 }
	Port: ecg_classifier_Pipeline_D0_IC : clf_w_L5_W_V | {1 2 }
  - Chain level:
	State 1
		store_ln0 : 1
		store_ln0 : 1
		store_ln0 : 1
		ic : 1
		icmp_ln291 : 2
		add_ln291 : 2
		br_ln291 : 3
		zext_ln837 : 2
		add_ln837 : 3
		zext_ln837_23 : 4
		clf_w_L5_W_V_addr : 5
		lshr_ln837_1 : 2
		zext_ln837_4 : 3
		gap_buf_V_addr : 4
		gap_buf_V_1_addr : 4
		trunc_ln837 : 2
		gap_buf_V_load : 5
		gap_buf_V_1_load : 5
		clf_w_L5_W_V_load : 6
		store_ln291 : 3
	State 2
		tmp_8 : 1
	State 3
		sext_ln1270 : 1
		sext_ln1273_2 : 1
		r_V_13 : 2
		write_ln0 : 1
	State 4
		lhs_V_8 : 1
		trunc_ln1347 : 1
		trunc_ln1347_2 : 2
		ret_V : 2
		add_ln1347_3 : 3
		acc_V : 3
		trunc_ln : 4
		store_ln291 : 4
		store_ln291 : 5


============================================================
+ Verbose Summary: Datapath Resource usage 
============================================================

* Functional unit list:
|----------|-----------------------------|---------|---------|---------|
| Operation|       Functional Unit       |   DSP   |    FF   |   LUT   |
|----------|-----------------------------|---------|---------|---------|
|          |       add_ln291_fu_178      |    0    |    0    |    8    |
|    add   |       add_ln837_fu_188      |    0    |    0    |    15   |
|          |         ret_V_fu_290        |    0    |    0    |    72   |
|          |     add_ln1347_3_fu_296     |    0    |    0    |    64   |
|----------|-----------------------------|---------|---------|---------|
|    mul   |        r_V_13_fu_255        |    2    |    0    |    29   |
|----------|-----------------------------|---------|---------|---------|
|    mux   |         tmp_8_fu_224        |    0    |    0    |    9    |
|----------|-----------------------------|---------|---------|---------|
|   icmp   |      icmp_ln291_fu_172      |    0    |    0    |    4    |
|----------|-----------------------------|---------|---------|---------|
|   read   | sub_ln837_2_read_read_fu_92 |    0    |    0    |    0    |
|          |  sext_ln289_read_read_fu_98 |    0    |    0    |    0    |
|----------|-----------------------------|---------|---------|---------|
|   write  |    write_ln0_write_fu_104   |    0    |    0    |    0    |
|----------|-----------------------------|---------|---------|---------|
|          |    sext_ln289_cast_fu_150   |    0    |    0    |    0    |
|          |      sext_ln1270_fu_247     |    0    |    0    |    0    |
|   sext   |     sext_ln1273_2_fu_251    |    0    |    0    |    0    |
|          |      sext_ln1347_fu_272     |    0    |    0    |    0    |
|          |     sext_ln1347_5_fu_275    |    0    |    0    |    0    |
|----------|-----------------------------|---------|---------|---------|
|          |      zext_ln837_fu_184      |    0    |    0    |    0    |
|   zext   |     zext_ln837_23_fu_194    |    0    |    0    |    0    |
|          |     zext_ln837_4_fu_209     |    0    |    0    |    0    |
|----------|-----------------------------|---------|---------|---------|
|          |     lshr_ln837_1_fu_199     |    0    |    0    |    0    |
|partselect|         acc_V_fu_302        |    0    |    0    |    0    |
|          |       trunc_ln_fu_312       |    0    |    0    |    0    |
|----------|-----------------------------|---------|---------|---------|
|   trunc  |      trunc_ln837_fu_215     |    0    |    0    |    0    |
|          |     trunc_ln1347_fu_278     |    0    |    0    |    0    |
|----------|-----------------------------|---------|---------|---------|
|          |          r_V_fu_233         |    0    |    0    |    0    |
|bitconcatenate|      shl_ln838_4_fu_240     |    0    |    0    |    0    |
|          |        lhs_V_8_fu_264       |    0    |    0    |    0    |
|          |    trunc_ln1347_2_fu_282    |    0    |    0    |    0    |
|----------|-----------------------------|---------|---------|---------|
|   Total  |                             |    2    |    0    |   201   |
|----------|-----------------------------|---------|---------|---------|

Memories:
N/A

* Register list:
+-------------------------+--------+
|                         |   FF   |
+-------------------------+--------+
|clf_w_L5_W_V_addr_reg_361|   15   |
|clf_w_L5_W_V_load_reg_386|    4   |
| gap_buf_V_1_addr_reg_371|    7   |
|  gap_buf_V_addr_reg_366 |    7   |
|       ic_3_reg_350      |    8   |
|    icmp_ln291_reg_357   |    1   |
|      lhs_V_reg_343      |   48   |
|      r_V_13_reg_391     |   63   |
|      tmp_8_reg_381      |   32   |
|   trunc_ln837_reg_376   |    1   |
|      x_V_8_reg_336      |   32   |
+-------------------------+--------+
|          Total          |   218  |
+-------------------------+--------+

* Multiplexer (MUX) list: 
|-------------------|------|------|------|--------||---------||---------|
|        Comp       |  Pin | Size |  BW  | S x BW ||  Delay  ||   LUT   |
|-------------------|------|------|------|--------||---------||---------|
| grp_access_fu_132 |  p0  |   2  |   7  |   14   ||    9    |
| grp_access_fu_138 |  p0  |   2  |   7  |   14   ||    9    |
| grp_access_fu_144 |  p0  |   2  |  15  |   30   ||    9    |
|-------------------|------|------|------|--------||---------||---------|
|       Total       |      |      |      |   58   ||  3.894  ||    27   |
|-------------------|------|------|------|--------||---------||---------|



* Summary:
+-----------+--------+--------+--------+--------+
|           |   DSP  |  Delay |   FF   |   LUT  |
+-----------+--------+--------+--------+--------+
|  Function |    2   |    -   |    0   |   201  |
|   Memory  |    -   |    -   |    -   |    -   |
|Multiplexer|    -   |    3   |    -   |   27   |
|  Register |    -   |    -   |   218  |    -   |
+-----------+--------+--------+--------+--------+
|   Total   |    2   |    3   |   218  |   228  |
+-----------+--------+--------+--------+--------+
