

================================================================
== Vitis HLS Report for 'ecg_classifier_Pipeline_ZNORM_VAR'
================================================================
* Date:           Sat Apr  4 10:53:48 2026

* Version:        2022.2 (Build 3670227 on Oct 13 2022)
* Project:        ecg_classifier_ip
* Solution:       solution1 (Vivado IP Flow Target)
* Product family: zynq
* Target device:  xc7z030-sbg485-2


================================================================
== Performance Estimates
================================================================
+ Timing: 
    * Summary: 
    +--------+----------+----------+------------+
    |  Clock |  Target  | Estimated| Uncertainty|
    +--------+----------+----------+------------+
    |ap_clk  |  13.00 ns|  7.360 ns|     3.51 ns|
    +--------+----------+----------+------------+

+ Latency: 
    * Summary: 
    +---------+---------+----------+----------+-----+-----+---------+
    |  Latency (cycles) |  Latency (absolute) |  Interval | Pipeline|
    |   min   |   max   |    min   |    max   | min | max |   Type  |
    +---------+---------+----------+----------+-----+-----+---------+
    |      191|      191|  2.483 us|  2.483 us|  191|  191|       no|
    +---------+---------+----------+----------+-----+-----+---------+

    + Detail: 
        * Instance: 
        N/A

        * Loop: 
        +-------------+---------+---------+----------+-----------+-----------+------+----------+
        |             |  Latency (cycles) | Iteration|  Initiation Interval  | Trip |          |
        |  Loop Name  |   min   |   max   |  Latency |  achieved |   target  | Count| Pipelined|
        +-------------+---------+---------+----------+-----------+-----------+------+----------+
        |- ZNORM_VAR  |      189|      189|         4|          1|          1|   187|       yes|
        +-------------+---------+---------+----------+-----------+-----------+------+----------+



================================================================
== Utilization Estimates
================================================================
* Summary: 
+-----------------+---------+-----+--------+-------+-----+
|       Name      | BRAM_18K| DSP |   FF   |  LUT  | URAM|
+-----------------+---------+-----+--------+-------+-----+
|DSP              |        -|    -|       -|      -|    -|
|Expression       |        -|    -|       0|    118|    -|
|FIFO             |        -|    -|       -|      -|    -|
|Instance         |        -|    4|       0|     38|    -|
|Memory           |        -|    -|       -|      -|    -|
|Multiplexer      |        -|    -|       -|     45|    -|
|Register         |        -|    -|     170|      -|    -|
+-----------------+---------+-----+--------+-------+-----+
|Total            |        0|    4|     170|    201|    0|
+-----------------+---------+-----+--------+-------+-----+
|Available        |      530|  400|  157200|  78600|    0|
+-----------------+---------+-----+--------+-------+-----+
|Utilization (%)  |        0|    1|      ~0|     ~0|    0|
+-----------------+---------+-----+--------+-------+-----+

+ Detail: 
    * Instance: 
    +------------------------+--------------------+---------+----+---+----+-----+
    |        Instance        |       Module       | BRAM_18K| DSP| FF| LUT| URAM|
    +------------------------+--------------------+---------+----+---+----+-----+
    |mul_40s_40s_72_1_1_U16  |mul_40s_40s_72_1_1  |        0|   4|  0|  29|    0|
    |mux_21_32_1_1_U15       |mux_21_32_1_1       |        0|   0|  0|   9|    0|
    +------------------------+--------------------+---------+----+---+----+-----+
    |Total                   |                    |        0|   4|  0|  38|    0|
    +------------------------+--------------------+---------+----+---+----+-----+

    * DSP: 
    N/A

    * Memory: 
    N/A

    * FIFO: 
    N/A

    * Expression: 
    +---------------------+----------+----+---+----+------------+------------+
    |    Variable Name    | Operation| DSP| FF| LUT| Bitwidth P0| Bitwidth P1|
    +---------------------+----------+----+---+----+------------+------------+
    |add_ln62_fu_130_p2   |         +|   0|  0|   8|           8|           1|
    |ret_V_fu_203_p2      |         +|   0|  0|  72|          72|          72|
    |d_fu_170_p2          |         -|   0|  0|  32|          32|          32|
    |icmp_ln62_fu_124_p2  |      icmp|   0|  0|   4|           8|           8|
    |ap_enable_pp0        |       xor|   0|  0|   2|           1|           2|
    +---------------------+----------+----+---+----+------------+------------+
    |Total                |          |   0|  0| 118|         121|         115|
    +---------------------+----------+----+---+----+------------+------------+

    * Multiplexer: 
    +-------------------------+----+-----------+-----+-----------+
    |           Name          | LUT| Input Size| Bits| Total Bits|
    +-------------------------+----+-----------+-----+-----------+
    |ap_done_int              |   9|          2|    1|          2|
    |ap_enable_reg_pp0_iter1  |   9|          2|    1|          2|
    |ap_sig_allocacmp_t_1     |   9|          2|    8|         16|
    |lhs_V_fu_64              |   9|          2|   48|         96|
    |t_fu_68                  |   9|          2|    8|         16|
    +-------------------------+----+-----------+-----+-----------+
    |Total                    |  45|         10|   66|        132|
    +-------------------------+----+-----------+-----+-----------+

    * Register: 
    +----------------------------------+----+----+-----+-----------+
    |               Name               | FF | LUT| Bits| Const Bits|
    +----------------------------------+----+----+-----+-----------+
    |ap_CS_fsm                         |   1|   0|    1|          0|
    |ap_done_reg                       |   1|   0|    1|          0|
    |ap_enable_reg_pp0_iter1           |   1|   0|    1|          0|
    |ap_enable_reg_pp0_iter2           |   1|   0|    1|          0|
    |ap_enable_reg_pp0_iter3           |   1|   0|    1|          0|
    |ap_loop_exit_ready_pp0_iter1_reg  |   1|   0|    1|          0|
    |ap_loop_exit_ready_pp0_iter2_reg  |   1|   0|    1|          0|
    |d_reg_266                         |  32|   0|   32|          0|
    |icmp_ln62_reg_247                 |   1|   0|    1|          0|
    |icmp_ln62_reg_247_pp0_iter1_reg   |   1|   0|    1|          0|
    |lhs_V_fu_64                       |  48|   0|   48|          0|
    |r_V_1_reg_271                     |  72|   0|   72|          0|
    |t_fu_68                           |   8|   0|    8|          0|
    |trunc_ln813_reg_261               |   1|   0|    1|          0|
    +----------------------------------+----+----+-----+-----------+
    |Total                             | 170|   0|  170|          0|
    +----------------------------------+----+----+-----+-----------+



================================================================
== Interface
================================================================
* Summary: 
+------------------------+-----+-----+------------+-----------------------------------+--------------+
|        RTL Ports       | Dir | Bits|  Protocol  |           Source Object           |    C Type    |
+------------------------+-----+-----+------------+-----------------------------------+--------------+
|ap_clk                  |   in|    1|  ap_ctrl_hs|  ecg_classifier_Pipeline_ZNORM_VAR|  return value|
|ap_rst                  |   in|    1|  ap_ctrl_hs|  ecg_classifier_Pipeline_ZNORM_VAR|  return value|
|ap_start                |   in|    1|  ap_ctrl_hs|  ecg_classifier_Pipeline_ZNORM_VAR|  return value|
|ap_done                 |  out|    1|  ap_ctrl_hs|  ecg_classifier_Pipeline_ZNORM_VAR|  return value|
|ap_idle                 |  out|    1|  ap_ctrl_hs|  ecg_classifier_Pipeline_ZNORM_VAR|  return value|
|ap_ready                |  out|    1|  ap_ctrl_hs|  ecg_classifier_Pipeline_ZNORM_VAR|  return value|
|input_buf_V_address0    |  out|    7|   ap_memory|                        input_buf_V|         array|
|input_buf_V_ce0         |  out|    1|   ap_memory|                        input_buf_V|         array|
|input_buf_V_q0          |   in|   32|   ap_memory|                        input_buf_V|         array|
|input_buf_V_1_address0  |  out|    7|   ap_memory|                      input_buf_V_1|         array|
|input_buf_V_1_ce0       |  out|    1|   ap_memory|                      input_buf_V_1|         array|
|input_buf_V_1_q0        |   in|   32|   ap_memory|                      input_buf_V_1|         array|
|mean_fx_V               |   in|   32|     ap_none|                          mean_fx_V|        scalar|
|var_acc_V_2_out         |  out|   48|      ap_vld|                    var_acc_V_2_out|       pointer|
|var_acc_V_2_out_ap_vld  |  out|    1|      ap_vld|                    var_acc_V_2_out|       pointer|
+------------------------+-----+-----+------------+-----------------------------------+--------------+

============================================================
+ Verbose Summary: Synthesis Manager
============================================================
InlineROM: 1
ExposeGlobal: 0
============================================================
+ Verbose Summary: CDFG Model
============================================================
IsTopModel: 0
ResetActiveHigh: 1
IsCombinational: 2
IsDatapathOnly: 2
HasWiredReturn: 1
HasMFsm: 2
HasVarLatency: 1
IsPipeline: 0
IsRtlPipelined: 0
IsInstanceOverlapped: 0
IsDontTouch: 0
HasImplIP: 0
IsGatedGlobalClock: 0

+ Individual pipeline summary: 
  * Pipeline-0: initiation interval (II) = 1, depth = 4


============================================================
+ Verbose Summary: Schedule
============================================================
* Number of FSM states : 4
* Pipeline : 1
  Pipeline-0 : II = 1, D = 4, States = { 1 2 3 4 }
* Dataflow Pipeline: 0

* FSM state transitions: 
1 --> 2 
2 --> 3 
3 --> 4 
4 --> 

* FSM state operations: 

State 1 <SV = 0> <Delay = 2.61>
ST_1 : Operation 7 [1/1] (0.00ns)   --->   "%lhs_V = alloca i32 1"   --->   Operation 7 'alloca' 'lhs_V' <Predicate = true> <Delay = 0.00>
ST_1 : Operation 8 [1/1] (0.00ns)   --->   "%t = alloca i32 1"   --->   Operation 8 'alloca' 't' <Predicate = true> <Delay = 0.00>
ST_1 : Operation 9 [1/1] (0.00ns)   --->   "%specmemcore_ln0 = specmemcore void @_ssdm_op_SpecMemCore, i32 %input_buf_V, i64 666, i64 19, i64 18446744073709551615"   --->   Operation 9 'specmemcore' 'specmemcore_ln0' <Predicate = true> <Delay = 0.00>
ST_1 : Operation 10 [1/1] (0.00ns)   --->   "%specmemcore_ln0 = specmemcore void @_ssdm_op_SpecMemCore, i32 %input_buf_V_1, i64 666, i64 19, i64 18446744073709551615"   --->   Operation 10 'specmemcore' 'specmemcore_ln0' <Predicate = true> <Delay = 0.00>
ST_1 : Operation 11 [1/1] (0.00ns)   --->   "%mean_fx_V_read = read i32 @_ssdm_op_Read.ap_auto.i32, i32 %mean_fx_V"   --->   Operation 11 'read' 'mean_fx_V_read' <Predicate = true> <Delay = 0.00>
ST_1 : Operation 12 [1/1] (1.29ns)   --->   "%store_ln0 = store i8 0, i8 %t"   --->   Operation 12 'store' 'store_ln0' <Predicate = true> <Delay = 1.29>
ST_1 : Operation 13 [1/1] (1.29ns)   --->   "%store_ln0 = store i48 0, i48 %lhs_V"   --->   Operation 13 'store' 'store_ln0' <Predicate = true> <Delay = 1.29>
ST_1 : Operation 14 [1/1] (0.00ns)   --->   "%br_ln0 = br void %for.body55"   --->   Operation 14 'br' 'br_ln0' <Predicate = true> <Delay = 0.00>
ST_1 : Operation 15 [1/1] (0.00ns)   --->   "%t_1 = load i8 %t"   --->   Operation 15 'load' 't_1' <Predicate = true> <Delay = 0.00>
ST_1 : Operation 16 [1/1] (1.31ns)   --->   "%icmp_ln62 = icmp_eq  i8 %t_1, i8 187" [src/ecg_classifier.cpp:62]   --->   Operation 16 'icmp' 'icmp_ln62' <Predicate = true> <Delay = 1.31> <CoreInst = "Cmp">   --->   Core 9 'Cmp' <Latency = 0> <II = 1> <Delay = 1.31> <FuncUnit> <Opcode : 'icmp'> <InPorts = 2> <OutPorts = 1>
ST_1 : Operation 17 [1/1] (0.00ns)   --->   "%empty = speclooptripcount i32 @_ssdm_op_SpecLoopTripCount, i64 187, i64 187, i64 187"   --->   Operation 17 'speclooptripcount' 'empty' <Predicate = true> <Delay = 0.00>
ST_1 : Operation 18 [1/1] (1.30ns)   --->   "%add_ln62 = add i8 %t_1, i8 1" [src/ecg_classifier.cpp:62]   --->   Operation 18 'add' 'add_ln62' <Predicate = true> <Delay = 1.30> <CoreInst = "Adder">   --->   Core 1 'Adder' <Latency = 0> <II = 1> <Delay = 1.30> <FuncUnit> <Opcode : 'add' 'sub'> <InPorts = 2> <OutPorts = 1>
ST_1 : Operation 19 [1/1] (0.00ns)   --->   "%br_ln62 = br i1 %icmp_ln62, void %for.body55.split, void %for.end65_ifconv.exitStub" [src/ecg_classifier.cpp:62]   --->   Operation 19 'br' 'br_ln62' <Predicate = true> <Delay = 0.00>
ST_1 : Operation 20 [1/1] (0.00ns)   --->   "%lshr_ln2 = partselect i7 @_ssdm_op_PartSelect.i7.i8.i32.i32, i8 %t_1, i32 1, i32 7"   --->   Operation 20 'partselect' 'lshr_ln2' <Predicate = (!icmp_ln62)> <Delay = 0.00>
ST_1 : Operation 21 [1/1] (0.00ns)   --->   "%zext_ln813 = zext i7 %lshr_ln2"   --->   Operation 21 'zext' 'zext_ln813' <Predicate = (!icmp_ln62)> <Delay = 0.00>
ST_1 : Operation 22 [1/1] (0.00ns)   --->   "%input_buf_V_addr = getelementptr i32 %input_buf_V, i64 0, i64 %zext_ln813"   --->   Operation 22 'getelementptr' 'input_buf_V_addr' <Predicate = (!icmp_ln62)> <Delay = 0.00>
ST_1 : Operation 23 [1/1] (0.00ns)   --->   "%input_buf_V_1_addr = getelementptr i32 %input_buf_V_1, i64 0, i64 %zext_ln813"   --->   Operation 23 'getelementptr' 'input_buf_V_1_addr' <Predicate = (!icmp_ln62)> <Delay = 0.00>
ST_1 : Operation 24 [1/1] (0.00ns)   --->   "%trunc_ln813 = trunc i8 %t_1"   --->   Operation 24 'trunc' 'trunc_ln813' <Predicate = (!icmp_ln62)> <Delay = 0.00>
ST_1 : Operation 25 [2/2] (1.75ns)   --->   "%input_buf_V_load = load i7 %input_buf_V_addr"   --->   Operation 25 'load' 'input_buf_V_load' <Predicate = (!icmp_ln62)> <Delay = 1.75> <CoreInst = "RAM_1P_LUTRAM">   --->   Core 87 'RAM_1P_LUTRAM' <Latency = 1> <II = 1> <Delay = 1.75> <Storage> <Opcode : 'load' 'store'> <Ports = 1> <Width = 32> <Depth = 94> <RAM>
ST_1 : Operation 26 [2/2] (1.75ns)   --->   "%input_buf_V_1_load = load i7 %input_buf_V_1_addr"   --->   Operation 26 'load' 'input_buf_V_1_load' <Predicate = (!icmp_ln62)> <Delay = 1.75> <CoreInst = "RAM_1P_LUTRAM">   --->   Core 87 'RAM_1P_LUTRAM' <Latency = 1> <II = 1> <Delay = 1.75> <Storage> <Opcode : 'load' 'store'> <Ports = 1> <Width = 32> <Depth = 94> <RAM>
ST_1 : Operation 27 [1/1] (1.29ns)   --->   "%store_ln62 = store i8 %add_ln62, i8 %t" [src/ecg_classifier.cpp:62]   --->   Operation 27 'store' 'store_ln62' <Predicate = (!icmp_ln62)> <Delay = 1.29>

State 2 <SV = 1> <Delay = 4.94>
ST_2 : Operation 28 [1/2] (1.75ns)   --->   "%input_buf_V_load = load i7 %input_buf_V_addr"   --->   Operation 28 'load' 'input_buf_V_load' <Predicate = true> <Delay = 1.75> <CoreInst = "RAM_1P_LUTRAM">   --->   Core 87 'RAM_1P_LUTRAM' <Latency = 1> <II = 1> <Delay = 1.75> <Storage> <Opcode : 'load' 'store'> <Ports = 1> <Width = 32> <Depth = 94> <RAM>
ST_2 : Operation 29 [1/2] (1.75ns)   --->   "%input_buf_V_1_load = load i7 %input_buf_V_1_addr"   --->   Operation 29 'load' 'input_buf_V_1_load' <Predicate = true> <Delay = 1.75> <CoreInst = "RAM_1P_LUTRAM">   --->   Core 87 'RAM_1P_LUTRAM' <Latency = 1> <II = 1> <Delay = 1.75> <Storage> <Opcode : 'load' 'store'> <Ports = 1> <Width = 32> <Depth = 94> <RAM>
ST_2 : Operation 30 [1/1] (1.29ns)   --->   "%tmp_1 = mux i32 @_ssdm_op_Mux.ap_auto.2i32.i1, i32 %input_buf_V_load, i32 %input_buf_V_1_load, i1 %trunc_ln813"   --->   Operation 30 'mux' 'tmp_1' <Predicate = true> <Delay = 1.29> <CoreInst = "Multiplexer">   --->   Core 76 'Multiplexer' <Latency = 0> <II = 1> <Delay = 1.29> <FuncUnit> <Opcode : 'mux'> <InPorts = 2> <OutPorts = 1>
ST_2 : Operation 31 [1/1] (1.89ns)   --->   "%d = sub i32 %tmp_1, i32 %mean_fx_V_read"   --->   Operation 31 'sub' 'd' <Predicate = true> <Delay = 1.89> <CoreInst = "Adder">   --->   Core 1 'Adder' <Latency = 0> <II = 1> <Delay = 1.89> <FuncUnit> <Opcode : 'add' 'sub'> <InPorts = 2> <OutPorts = 1>

State 3 <SV = 2> <Delay = 7.36>
ST_3 : Operation 32 [1/1] (0.00ns)   --->   "%r_V = bitconcatenate i40 @_ssdm_op_BitConcatenate.i40.i32.i8, i32 %d, i8 0"   --->   Operation 32 'bitconcatenate' 'r_V' <Predicate = true> <Delay = 0.00>
ST_3 : Operation 33 [1/1] (0.00ns)   --->   "%sext_ln1270 = sext i40 %r_V"   --->   Operation 33 'sext' 'sext_ln1270' <Predicate = true> <Delay = 0.00>
ST_3 : Operation 34 [1/1] (7.36ns)   --->   "%r_V_1 = mul i72 %sext_ln1270, i72 %sext_ln1270"   --->   Operation 34 'mul' 'r_V_1' <Predicate = true> <Delay = 7.36> <CoreInst = "Multiplier">   --->   Core 3 'Multiplier' <Latency = 0> <II = 1> <Delay = 7.36> <FuncUnit> <Opcode : 'mul'> <InPorts = 2> <OutPorts = 1>
ST_3 : Operation 43 [1/1] (0.00ns)   --->   "%lhs_V_load = load i48 %lhs_V"   --->   Operation 43 'load' 'lhs_V_load' <Predicate = (icmp_ln62)> <Delay = 0.00>
ST_3 : Operation 44 [1/1] (0.00ns)   --->   "%write_ln0 = write void @_ssdm_op_Write.ap_auto.i48P0A, i48 %var_acc_V_2_out, i48 %lhs_V_load"   --->   Operation 44 'write' 'write_ln0' <Predicate = (icmp_ln62)> <Delay = 0.00>
ST_3 : Operation 45 [1/1] (0.00ns)   --->   "%ret_ln0 = ret"   --->   Operation 45 'ret' 'ret_ln0' <Predicate = (icmp_ln62)> <Delay = 0.00>

State 4 <SV = 3> <Delay = 4.11>
ST_4 : Operation 35 [1/1] (0.00ns)   --->   "%lhs_V_load_1 = load i48 %lhs_V"   --->   Operation 35 'load' 'lhs_V_load_1' <Predicate = true> <Delay = 0.00>
ST_4 : Operation 36 [1/1] (0.00ns)   --->   "%specpipeline_ln63 = specpipeline void @_ssdm_op_SpecPipeline, i32 1, i32 0, i32 0, i32 0, void @empty_17" [src/ecg_classifier.cpp:63]   --->   Operation 36 'specpipeline' 'specpipeline_ln63' <Predicate = true> <Delay = 0.00>
ST_4 : Operation 37 [1/1] (0.00ns)   --->   "%specloopname_ln60 = specloopname void @_ssdm_op_SpecLoopName, void @empty_5" [src/ecg_classifier.cpp:60]   --->   Operation 37 'specloopname' 'specloopname_ln60' <Predicate = true> <Delay = 0.00>
ST_4 : Operation 38 [1/1] (0.00ns)   --->   "%lhs_V_1 = bitconcatenate i72 @_ssdm_op_BitConcatenate.i72.i48.i24, i48 %lhs_V_load_1, i24 0"   --->   Operation 38 'bitconcatenate' 'lhs_V_1' <Predicate = true> <Delay = 0.00>
ST_4 : Operation 39 [1/1] (2.81ns)   --->   "%ret_V = add i72 %lhs_V_1, i72 %r_V_1"   --->   Operation 39 'add' 'ret_V' <Predicate = true> <Delay = 2.81> <CoreInst = "Adder">   --->   Core 1 'Adder' <Latency = 0> <II = 1> <Delay = 2.81> <FuncUnit> <Opcode : 'add' 'sub'> <InPorts = 2> <OutPorts = 1>
ST_4 : Operation 40 [1/1] (0.00ns)   --->   "%var_acc_V = partselect i48 @_ssdm_op_PartSelect.i48.i72.i32.i32, i72 %ret_V, i32 24, i32 71"   --->   Operation 40 'partselect' 'var_acc_V' <Predicate = true> <Delay = 0.00>
ST_4 : Operation 41 [1/1] (1.29ns)   --->   "%store_ln62 = store i48 %var_acc_V, i48 %lhs_V" [src/ecg_classifier.cpp:62]   --->   Operation 41 'store' 'store_ln62' <Predicate = true> <Delay = 1.29>
ST_4 : Operation 42 [1/1] (0.00ns)   --->   "%br_ln62 = br void %for.body55" [src/ecg_classifier.cpp:62]   --->   Operation 42 'br' 'br_ln62' <Predicate = true> <Delay = 0.00>


============================================================
+ Verbose Summary: Binding
============================================================
STG Binding: 
---------------- STG Properties BEGIN ----------------
- Is combinational: 0
- Is one-state seq: 0
- Is datapath-only: 0
- Is pipelined: 0
- Is top level: 0
Port [ Return ] is wired: 1; IO mode=ap_ctrl_hs:ce=0
Port [ input_buf_V]:  wired=1; compound=1; hidden=0; nouse=0; global=0; static=0; extern=0; dir=0; type=1; pingpong=0; private_global=0; MemPort=[1]; IO mode=ap_memory:ce=0
Port [ input_buf_V_1]:  wired=1; compound=1; hidden=0; nouse=0; global=0; static=0; extern=0; dir=0; type=1; pingpong=0; private_global=0; MemPort=[1]; IO mode=ap_memory:ce=0
Port [ mean_fx_V]:  wired=1; compound=0; hidden=0; nouse=0; global=0; static=0; extern=0; dir=0; type=0; pingpong=0; private_global=0; IO mode=ap_none:ce=0
Port [ var_acc_V_2_out]:  wired=1; compound=0; hidden=0; nouse=0; global=0; static=0; extern=0; dir=1; type=0; pingpong=0; private_global=0; IO mode=ap_vld:ce=0
---------------- STG Properties END ------------------

---------------- Datapath Model BEGIN ----------------

<LifeTime>
<method=bitvector/>
lhs_V              (alloca           ) [ 01111]
t                  (alloca           ) [ 01000]
specmemcore_ln0    (specmemcore      ) [ 00000]
specmemcore_ln0    (specmemcore      ) [ 00000]
mean_fx_V_read     (read             ) [ 01100]
store_ln0          (store            ) [ 00000]
store_ln0          (store            ) [ 00000]
br_ln0             (br               ) [ 00000]
t_1                (load             ) [ 00000]
icmp_ln62          (icmp             ) [ 01110]
empty              (speclooptripcount) [ 00000]
add_ln62           (add              ) [ 00000]
br_ln62            (br               ) [ 00000]
lshr_ln2           (partselect       ) [ 00000]
zext_ln813         (zext             ) [ 00000]
input_buf_V_addr   (getelementptr    ) [ 01100]
input_buf_V_1_addr (getelementptr    ) [ 01100]
trunc_ln813        (trunc            ) [ 01100]
store_ln62         (store            ) [ 00000]
input_buf_V_load   (load             ) [ 00000]
input_buf_V_1_load (load             ) [ 00000]
tmp_1              (mux              ) [ 00000]
d                  (sub              ) [ 01010]
r_V                (bitconcatenate   ) [ 00000]
sext_ln1270        (sext             ) [ 00000]
r_V_1              (mul              ) [ 01001]
lhs_V_load_1       (load             ) [ 00000]
specpipeline_ln63  (specpipeline     ) [ 00000]
specloopname_ln60  (specloopname     ) [ 00000]
lhs_V_1            (bitconcatenate   ) [ 00000]
ret_V              (add              ) [ 00000]
var_acc_V          (partselect       ) [ 00000]
store_ln62         (store            ) [ 00000]
br_ln62            (br               ) [ 00000]
lhs_V_load         (load             ) [ 00000]
write_ln0          (write            ) [ 00000]
ret_ln0            (ret              ) [ 00000]
</LifeTime>

<model>

<comp_list>
<comp id="0" class="1000" name="input_buf_V">
<pin_list>
<pin id="1" dir="1" index="0" bw="1" slack="0"/>
</pin_list>
<bind>
<StgValue><ssdm name="input_buf_V"/><MemPortTyVec>1 </MemPortTyVec>
</StgValue>
</bind>
</comp>

<comp id="2" class="1000" name="input_buf_V_1">
<pin_list>
<pin id="3" dir="1" index="0" bw="1" slack="0"/>
</pin_list>
<bind>
<StgValue><ssdm name="input_buf_V_1"/><MemPortTyVec>1 </MemPortTyVec>
</StgValue>
</bind>
</comp>

<comp id="4" class="1000" name="mean_fx_V">
<pin_list>
<pin id="5" dir="1" index="0" bw="1" slack="0"/>
</pin_list>
<bind>
<StgValue><ssdm name="mean_fx_V"/></StgValue>
</bind>
</comp>

<comp id="6" class="1000" name="var_acc_V_2_out">
<pin_list>
<pin id="7" dir="1" index="0" bw="1" slack="0"/>
</pin_list>
<bind>
<StgValue><ssdm name="var_acc_V_2_out"/></StgValue>
</bind>
</comp>

<comp id="8" class="1001" name="const_8">
<pin_list>
<pin id="9" dir="1" index="0" bw="1" slack="0"/>
</pin_list>
<bind>
<StgValue><ssdm name=""/></StgValue>
</bind>
</comp>

<comp id="10" class="1001" name="const_10">
<pin_list>
<pin id="11" dir="1" index="0" bw="1" slack="2147483647"/>
</pin_list>
<bind>
<StgValue><ssdm name="_ssdm_op_SpecMemCore"/></StgValue>
</bind>
</comp>

<comp id="12" class="1001" name="const_12">
<pin_list>
<pin id="13" dir="1" index="0" bw="1" slack="2147483647"/>
</pin_list>
<bind>
<StgValue><ssdm name=""/></StgValue>
</bind>
</comp>

<comp id="14" class="1001" name="const_14">
<pin_list>
<pin id="15" dir="1" index="0" bw="1" slack="2147483647"/>
</pin_list>
<bind>
<StgValue><ssdm name=""/></StgValue>
</bind>
</comp>

<comp id="16" class="1001" name="const_16">
<pin_list>
<pin id="17" dir="1" index="0" bw="1" slack="2147483647"/>
</pin_list>
<bind>
<StgValue><ssdm name=""/></StgValue>
</bind>
</comp>

<comp id="18" class="1001" name="const_18">
<pin_list>
<pin id="19" dir="1" index="0" bw="1" slack="0"/>
</pin_list>
<bind>
<StgValue><ssdm name="_ssdm_op_Read.ap_auto.i32"/></StgValue>
</bind>
</comp>

<comp id="20" class="1001" name="const_20">
<pin_list>
<pin id="21" dir="1" index="0" bw="1" slack="0"/>
</pin_list>
<bind>
<StgValue><ssdm name=""/></StgValue>
</bind>
</comp>

<comp id="22" class="1001" name="const_22">
<pin_list>
<pin id="23" dir="1" index="0" bw="1" slack="0"/>
</pin_list>
<bind>
<StgValue><ssdm name=""/></StgValue>
</bind>
</comp>

<comp id="24" class="1001" name="const_24">
<pin_list>
<pin id="25" dir="1" index="0" bw="1" slack="0"/>
</pin_list>
<bind>
<StgValue><ssdm name=""/></StgValue>
</bind>
</comp>

<comp id="26" class="1001" name="const_26">
<pin_list>
<pin id="27" dir="1" index="0" bw="1" slack="2147483647"/>
</pin_list>
<bind>
<StgValue><ssdm name="_ssdm_op_SpecLoopTripCount"/></StgValue>
</bind>
</comp>

<comp id="28" class="1001" name="const_28">
<pin_list>
<pin id="29" dir="1" index="0" bw="1" slack="2147483647"/>
</pin_list>
<bind>
<StgValue><ssdm name=""/></StgValue>
</bind>
</comp>

<comp id="30" class="1001" name="const_30">
<pin_list>
<pin id="31" dir="1" index="0" bw="1" slack="0"/>
</pin_list>
<bind>
<StgValue><ssdm name=""/></StgValue>
</bind>
</comp>

<comp id="32" class="1001" name="const_32">
<pin_list>
<pin id="33" dir="1" index="0" bw="1" slack="0"/>
</pin_list>
<bind>
<StgValue><ssdm name="_ssdm_op_PartSelect.i7.i8.i32.i32"/></StgValue>
</bind>
</comp>

<comp id="34" class="1001" name="const_34">
<pin_list>
<pin id="35" dir="1" index="0" bw="1" slack="0"/>
</pin_list>
<bind>
<StgValue><ssdm name=""/></StgValue>
</bind>
</comp>

<comp id="36" class="1001" name="const_36">
<pin_list>
<pin id="37" dir="1" index="0" bw="1" slack="0"/>
</pin_list>
<bind>
<StgValue><ssdm name=""/></StgValue>
</bind>
</comp>

<comp id="38" class="1001" name="const_38">
<pin_list>
<pin id="39" dir="1" index="0" bw="1" slack="0"/>
</pin_list>
<bind>
<StgValue><ssdm name="_ssdm_op_Mux.ap_auto.2i32.i1"/></StgValue>
</bind>
</comp>

<comp id="40" class="1001" name="const_40">
<pin_list>
<pin id="41" dir="1" index="0" bw="1" slack="0"/>
</pin_list>
<bind>
<StgValue><ssdm name="_ssdm_op_BitConcatenate.i40.i32.i8"/></StgValue>
</bind>
</comp>

<comp id="42" class="1001" name="const_42">
<pin_list>
<pin id="43" dir="1" index="0" bw="1" slack="2147483647"/>
</pin_list>
<bind>
<StgValue><ssdm name="_ssdm_op_SpecPipeline"/></StgValue>
</bind>
</comp>

<comp id="44" class="1001" name="const_44">
<pin_list>
<pin id="45" dir="1" index="0" bw="1" slack="2147483647"/>
</pin_list>
<bind>
<StgValue><ssdm name=""/></StgValue>
</bind>
</comp>

<comp id="46" class="1001" name="const_46">
<pin_list>
<pin id="47" dir="1" index="0" bw="1" slack="2147483647"/>
</pin_list>
<bind>
<StgValue><ssdm name="empty_17"/></StgValue>
</bind>
</comp>

<comp id="48" class="1001" name="const_48">
<pin_list>
<pin id="49" dir="1" index="0" bw="1" slack="2147483647"/>
</pin_list>
<bind>
<StgValue><ssdm name="_ssdm_op_SpecLoopName"/></StgValue>
</bind>
</comp>

<comp id="50" class="1001" name="const_50">
<pin_list>
<pin id="51" dir="1" index="0" bw="1" slack="2147483647"/>
</pin_list>
<bind>
<StgValue><ssdm name="empty_5"/></StgValue>
</bind>
</comp>

<comp id="52" class="1001" name="const_52">
<pin_list>
<pin id="53" dir="1" index="0" bw="1" slack="0"/>
</pin_list>
<bind>
<StgValue><ssdm name="_ssdm_op_BitConcatenate.i72.i48.i24"/></StgValue>
</bind>
</comp>

<comp id="54" class="1001" name="const_54">
<pin_list>
<pin id="55" dir="1" index="0" bw="1" slack="0"/>
</pin_list>
<bind>
<StgValue><ssdm name=""/></StgValue>
</bind>
</comp>

<comp id="56" class="1001" name="const_56">
<pin_list>
<pin id="57" dir="1" index="0" bw="1" slack="0"/>
</pin_list>
<bind>
<StgValue><ssdm name="_ssdm_op_PartSelect.i48.i72.i32.i32"/></StgValue>
</bind>
</comp>

<comp id="58" class="1001" name="const_58">
<pin_list>
<pin id="59" dir="1" index="0" bw="1" slack="0"/>
</pin_list>
<bind>
<StgValue><ssdm name=""/></StgValue>
</bind>
</comp>

<comp id="60" class="1001" name="const_60">
<pin_list>
<pin id="61" dir="1" index="0" bw="1" slack="0"/>
</pin_list>
<bind>
<StgValue><ssdm name=""/></StgValue>
</bind>
</comp>

<comp id="62" class="1001" name="const_62">
<pin_list>
<pin id="63" dir="1" index="0" bw="1" slack="0"/>
</pin_list>
<bind>
<StgValue><ssdm name="_ssdm_op_Write.ap_auto.i48P0A"/></StgValue>
</bind>
</comp>

<comp id="64" class="1004" name="lhs_V_fu_64">
<pin_list>
<pin id="65" dir="0" index="0" bw="1" slack="0"/>
<pin id="66" dir="1" index="1" bw="48" slack="0"/>
</pin_list>
<bind>
<opcode="alloca(26) " fcode="alloca"/>
<opset="lhs_V/1 "/>
</bind>
</comp>

<comp id="68" class="1004" name="t_fu_68">
<pin_list>
<pin id="69" dir="0" index="0" bw="1" slack="0"/>
<pin id="70" dir="1" index="1" bw="8" slack="0"/>
</pin_list>
<bind>
<opcode="alloca(26) " fcode="alloca"/>
<opset="t/1 "/>
</bind>
</comp>

<comp id="72" class="1004" name="mean_fx_V_read_read_fu_72">
<pin_list>
<pin id="73" dir="0" index="0" bw="32" slack="0"/>
<pin id="74" dir="0" index="1" bw="32" slack="0"/>
<pin id="75" dir="1" index="2" bw="32" slack="1"/>
</pin_list>
<bind>
<opcode="read(1150) " fcode="read"/>
<opset="mean_fx_V_read/1 "/>
</bind>
</comp>

<comp id="78" class="1004" name="write_ln0_write_fu_78">
<pin_list>
<pin id="79" dir="0" index="0" bw="0" slack="0"/>
<pin id="80" dir="0" index="1" bw="48" slack="0"/>
<pin id="81" dir="0" index="2" bw="48" slack="0"/>
<pin id="82" dir="1" index="3" bw="0" slack="2147483647"/>
</pin_list>
<bind>
<opcode="write(1151) " fcode="write"/>
<opset="write_ln0/3 "/>
</bind>
</comp>

<comp id="85" class="1004" name="input_buf_V_addr_gep_fu_85">
<pin_list>
<pin id="86" dir="0" index="0" bw="32" slack="0"/>
<pin id="87" dir="0" index="1" bw="1" slack="0"/>
<pin id="88" dir="0" index="2" bw="7" slack="0"/>
<pin id="89" dir="1" index="3" bw="7" slack="0"/>
</pin_list>
<bind>
<opcode="getelementptr(29) " fcode="getelementptr"/>
<opset="input_buf_V_addr/1 "/>
</bind>
</comp>

<comp id="92" class="1004" name="input_buf_V_1_addr_gep_fu_92">
<pin_list>
<pin id="93" dir="0" index="0" bw="32" slack="0"/>
<pin id="94" dir="0" index="1" bw="1" slack="0"/>
<pin id="95" dir="0" index="2" bw="7" slack="0"/>
<pin id="96" dir="1" index="3" bw="7" slack="0"/>
</pin_list>
<bind>
<opcode="getelementptr(29) " fcode="getelementptr"/>
<opset="input_buf_V_1_addr/1 "/>
</bind>
</comp>

<comp id="99" class="1004" name="grp_access_fu_99">
<pin_list>
<pin id="100" dir="0" index="0" bw="7" slack="0"/>
<pin id="101" dir="0" index="1" bw="32" slack="2147483647"/>
<pin id="102" dir="0" index="2" bw="0" slack="2147483647"/>
<pin id="103" dir="1" index="3" bw="32" slack="0"/>
</pin_list>
<bind>
<opcode="load(27) " fcode="load"/>
<opset="input_buf_V_load/1 "/>
</bind>
</comp>

<comp id="105" class="1004" name="grp_access_fu_105">
<pin_list>
<pin id="106" dir="0" index="0" bw="7" slack="0"/>
<pin id="107" dir="0" index="1" bw="32" slack="2147483647"/>
<pin id="108" dir="0" index="2" bw="0" slack="2147483647"/>
<pin id="109" dir="1" index="3" bw="32" slack="0"/>
</pin_list>
<bind>
<opcode="load(27) " fcode="load"/>
<opset="input_buf_V_1_load/1 "/>
</bind>
</comp>

<comp id="111" class="1004" name="store_ln0_store_fu_111">
<pin_list>
<pin id="112" dir="0" index="0" bw="1" slack="0"/>
<pin id="113" dir="0" index="1" bw="8" slack="0"/>
<pin id="114" dir="1" index="2" bw="0" slack="2147483647"/>
</pin_list>
<bind>
<opcode="store(28) " fcode="store"/>
<opset="store_ln0/1 "/>
</bind>
</comp>

<comp id="116" class="1004" name="store_ln0_store_fu_116">
<pin_list>
<pin id="117" dir="0" index="0" bw="1" slack="0"/>
<pin id="118" dir="0" index="1" bw="48" slack="0"/>
<pin id="119" dir="1" index="2" bw="0" slack="2147483647"/>
</pin_list>
<bind>
<opcode="store(28) " fcode="store"/>
<opset="store_ln0/1 "/>
</bind>
</comp>

<comp id="121" class="1004" name="t_1_load_fu_121">
<pin_list>
<pin id="122" dir="0" index="0" bw="8" slack="0"/>
<pin id="123" dir="1" index="1" bw="8" slack="0"/>
</pin_list>
<bind>
<opcode="load(27) " fcode="load"/>
<opset="t_1/1 "/>
</bind>
</comp>

<comp id="124" class="1004" name="icmp_ln62_fu_124">
<pin_list>
<pin id="125" dir="0" index="0" bw="8" slack="0"/>
<pin id="126" dir="0" index="1" bw="8" slack="0"/>
<pin id="127" dir="1" index="2" bw="1" slack="2"/>
</pin_list>
<bind>
<opcode="icmp(45) " fcode="icmp"/>
<opset="icmp_ln62/1 "/>
</bind>
</comp>

<comp id="130" class="1004" name="add_ln62_fu_130">
<pin_list>
<pin id="131" dir="0" index="0" bw="8" slack="0"/>
<pin id="132" dir="0" index="1" bw="1" slack="0"/>
<pin id="133" dir="1" index="2" bw="8" slack="0"/>
</pin_list>
<bind>
<opcode="add(8) " fcode="add"/>
<opset="add_ln62/1 "/>
</bind>
</comp>

<comp id="136" class="1004" name="lshr_ln2_fu_136">
<pin_list>
<pin id="137" dir="0" index="0" bw="7" slack="0"/>
<pin id="138" dir="0" index="1" bw="8" slack="0"/>
<pin id="139" dir="0" index="2" bw="1" slack="0"/>
<pin id="140" dir="0" index="3" bw="4" slack="0"/>
<pin id="141" dir="1" index="4" bw="7" slack="0"/>
</pin_list>
<bind>
<opcode="partselect(1002) " fcode="partselect"/>
<opset="lshr_ln2/1 "/>
</bind>
</comp>

<comp id="146" class="1004" name="zext_ln813_fu_146">
<pin_list>
<pin id="147" dir="0" index="0" bw="7" slack="0"/>
<pin id="148" dir="1" index="1" bw="64" slack="0"/>
</pin_list>
<bind>
<opcode="zext(34) " fcode="zext"/>
<opset="zext_ln813/1 "/>
</bind>
</comp>

<comp id="152" class="1004" name="trunc_ln813_fu_152">
<pin_list>
<pin id="153" dir="0" index="0" bw="8" slack="0"/>
<pin id="154" dir="1" index="1" bw="1" slack="1"/>
</pin_list>
<bind>
<opcode="trunc(33) " fcode="trunc"/>
<opset="trunc_ln813/1 "/>
</bind>
</comp>

<comp id="156" class="1004" name="store_ln62_store_fu_156">
<pin_list>
<pin id="157" dir="0" index="0" bw="8" slack="0"/>
<pin id="158" dir="0" index="1" bw="8" slack="0"/>
<pin id="159" dir="1" index="2" bw="0" slack="2147483647"/>
</pin_list>
<bind>
<opcode="store(28) " fcode="store"/>
<opset="store_ln62/1 "/>
</bind>
</comp>

<comp id="161" class="1004" name="tmp_1_fu_161">
<pin_list>
<pin id="162" dir="0" index="0" bw="32" slack="0"/>
<pin id="163" dir="0" index="1" bw="32" slack="0"/>
<pin id="164" dir="0" index="2" bw="32" slack="0"/>
<pin id="165" dir="0" index="3" bw="1" slack="1"/>
<pin id="166" dir="1" index="4" bw="32" slack="0"/>
</pin_list>
<bind>
<opcode="mux(1196) " fcode="mux"/>
<opset="tmp_1/2 "/>
</bind>
</comp>

<comp id="170" class="1004" name="d_fu_170">
<pin_list>
<pin id="171" dir="0" index="0" bw="32" slack="0"/>
<pin id="172" dir="0" index="1" bw="32" slack="1"/>
<pin id="173" dir="1" index="2" bw="32" slack="1"/>
</pin_list>
<bind>
<opcode="sub(10) " fcode="sub"/>
<opset="d/2 "/>
</bind>
</comp>

<comp id="175" class="1004" name="r_V_fu_175">
<pin_list>
<pin id="176" dir="0" index="0" bw="40" slack="0"/>
<pin id="177" dir="0" index="1" bw="32" slack="1"/>
<pin id="178" dir="0" index="2" bw="1" slack="0"/>
<pin id="179" dir="1" index="3" bw="40" slack="0"/>
</pin_list>
<bind>
<opcode="bitconcatenate(1004) " fcode="bitconcatenate"/>
<opset="r_V/3 "/>
</bind>
</comp>

<comp id="182" class="1004" name="sext_ln1270_fu_182">
<pin_list>
<pin id="183" dir="0" index="0" bw="40" slack="0"/>
<pin id="184" dir="1" index="1" bw="72" slack="0"/>
</pin_list>
<bind>
<opcode="sext(35) " fcode="sext"/>
<opset="sext_ln1270/3 "/>
</bind>
</comp>

<comp id="186" class="1004" name="r_V_1_fu_186">
<pin_list>
<pin id="187" dir="0" index="0" bw="40" slack="0"/>
<pin id="188" dir="0" index="1" bw="40" slack="0"/>
<pin id="189" dir="1" index="2" bw="72" slack="1"/>
</pin_list>
<bind>
<opcode="mul(12) " fcode="mul"/>
<opset="r_V_1/3 "/>
</bind>
</comp>

<comp id="192" class="1004" name="lhs_V_load_1_load_fu_192">
<pin_list>
<pin id="193" dir="0" index="0" bw="48" slack="3"/>
<pin id="194" dir="1" index="1" bw="48" slack="0"/>
</pin_list>
<bind>
<opcode="load(27) " fcode="load"/>
<opset="lhs_V_load_1/4 "/>
</bind>
</comp>

<comp id="195" class="1004" name="lhs_V_1_fu_195">
<pin_list>
<pin id="196" dir="0" index="0" bw="72" slack="0"/>
<pin id="197" dir="0" index="1" bw="48" slack="0"/>
<pin id="198" dir="0" index="2" bw="1" slack="0"/>
<pin id="199" dir="1" index="3" bw="72" slack="0"/>
</pin_list>
<bind>
<opcode="bitconcatenate(1004) " fcode="bitconcatenate"/>
<opset="lhs_V_1/4 "/>
</bind>
</comp>

<comp id="203" class="1004" name="ret_V_fu_203">
<pin_list>
<pin id="204" dir="0" index="0" bw="72" slack="0"/>
<pin id="205" dir="0" index="1" bw="72" slack="1"/>
<pin id="206" dir="1" index="2" bw="72" slack="0"/>
</pin_list>
<bind>
<opcode="add(8) " fcode="add"/>
<opset="ret_V/4 "/>
</bind>
</comp>

<comp id="208" class="1004" name="var_acc_V_fu_208">
<pin_list>
<pin id="209" dir="0" index="0" bw="48" slack="0"/>
<pin id="210" dir="0" index="1" bw="72" slack="0"/>
<pin id="211" dir="0" index="2" bw="6" slack="0"/>
<pin id="212" dir="0" index="3" bw="8" slack="0"/>
<pin id="213" dir="1" index="4" bw="48" slack="0"/>
</pin_list>
<bind>
<opcode="partselect(1002) " fcode="partselect"/>
<opset="var_acc_V/4 "/>
</bind>
</comp>

<comp id="218" class="1004" name="store_ln62_store_fu_218">
<pin_list>
<pin id="219" dir="0" index="0" bw="48" slack="0"/>
<pin id="220" dir="0" index="1" bw="48" slack="3"/>
<pin id="221" dir="1" index="2" bw="0" slack="2147483647"/>
</pin_list>
<bind>
<opcode="store(28) " fcode="store"/>
<opset="store_ln62/4 "/>
</bind>
</comp>

<comp id="223" class="1004" name="lhs_V_load_load_fu_223">
<pin_list>
<pin id="224" dir="0" index="0" bw="48" slack="2"/>
<pin id="225" dir="1" index="1" bw="48" slack="0"/>
</pin_list>
<bind>
<opcode="load(27) " fcode="load"/>
<opset="lhs_V_load/3 "/>
</bind>
</comp>

<comp id="227" class="1005" name="lhs_V_reg_227">
<pin_list>
<pin id="228" dir="0" index="0" bw="48" slack="0"/>
<pin id="229" dir="1" index="1" bw="48" slack="0"/>
</pin_list>
<bind>
<opset="lhs_V "/>
</bind>
</comp>

<comp id="235" class="1005" name="t_reg_235">
<pin_list>
<pin id="236" dir="0" index="0" bw="8" slack="0"/>
<pin id="237" dir="1" index="1" bw="8" slack="0"/>
</pin_list>
<bind>
<opset="t "/>
</bind>
</comp>

<comp id="242" class="1005" name="mean_fx_V_read_reg_242">
<pin_list>
<pin id="243" dir="0" index="0" bw="32" slack="1"/>
<pin id="244" dir="1" index="1" bw="32" slack="1"/>
</pin_list>
<bind>
<opset="mean_fx_V_read "/>
</bind>
</comp>

<comp id="247" class="1005" name="icmp_ln62_reg_247">
<pin_list>
<pin id="248" dir="0" index="0" bw="1" slack="2"/>
<pin id="249" dir="1" index="1" bw="1" slack="2147483647"/>
</pin_list>
<bind>
<opset="icmp_ln62 "/>
</bind>
</comp>

<comp id="251" class="1005" name="input_buf_V_addr_reg_251">
<pin_list>
<pin id="252" dir="0" index="0" bw="7" slack="1"/>
<pin id="253" dir="1" index="1" bw="7" slack="1"/>
</pin_list>
<bind>
<opset="input_buf_V_addr "/>
</bind>
</comp>

<comp id="256" class="1005" name="input_buf_V_1_addr_reg_256">
<pin_list>
<pin id="257" dir="0" index="0" bw="7" slack="1"/>
<pin id="258" dir="1" index="1" bw="7" slack="1"/>
</pin_list>
<bind>
<opset="input_buf_V_1_addr "/>
</bind>
</comp>

<comp id="261" class="1005" name="trunc_ln813_reg_261">
<pin_list>
<pin id="262" dir="0" index="0" bw="1" slack="1"/>
<pin id="263" dir="1" index="1" bw="1" slack="1"/>
</pin_list>
<bind>
<opset="trunc_ln813 "/>
</bind>
</comp>

<comp id="266" class="1005" name="d_reg_266">
<pin_list>
<pin id="267" dir="0" index="0" bw="32" slack="1"/>
<pin id="268" dir="1" index="1" bw="32" slack="1"/>
</pin_list>
<bind>
<opset="d "/>
</bind>
</comp>

<comp id="271" class="1005" name="r_V_1_reg_271">
<pin_list>
<pin id="272" dir="0" index="0" bw="72" slack="1"/>
<pin id="273" dir="1" index="1" bw="72" slack="1"/>
</pin_list>
<bind>
<opset="r_V_1 "/>
</bind>
</comp>

</comp_list>

<net_list>
<net id="67"><net_src comp="8" pin="0"/><net_sink comp="64" pin=0"/></net>

<net id="71"><net_src comp="8" pin="0"/><net_sink comp="68" pin=0"/></net>

<net id="76"><net_src comp="18" pin="0"/><net_sink comp="72" pin=0"/></net>

<net id="77"><net_src comp="4" pin="0"/><net_sink comp="72" pin=1"/></net>

<net id="83"><net_src comp="62" pin="0"/><net_sink comp="78" pin=0"/></net>

<net id="84"><net_src comp="6" pin="0"/><net_sink comp="78" pin=1"/></net>

<net id="90"><net_src comp="0" pin="0"/><net_sink comp="85" pin=0"/></net>

<net id="91"><net_src comp="36" pin="0"/><net_sink comp="85" pin=1"/></net>

<net id="97"><net_src comp="2" pin="0"/><net_sink comp="92" pin=0"/></net>

<net id="98"><net_src comp="36" pin="0"/><net_sink comp="92" pin=1"/></net>

<net id="104"><net_src comp="85" pin="3"/><net_sink comp="99" pin=0"/></net>

<net id="110"><net_src comp="92" pin="3"/><net_sink comp="105" pin=0"/></net>

<net id="115"><net_src comp="20" pin="0"/><net_sink comp="111" pin=0"/></net>

<net id="120"><net_src comp="22" pin="0"/><net_sink comp="116" pin=0"/></net>

<net id="128"><net_src comp="121" pin="1"/><net_sink comp="124" pin=0"/></net>

<net id="129"><net_src comp="24" pin="0"/><net_sink comp="124" pin=1"/></net>

<net id="134"><net_src comp="121" pin="1"/><net_sink comp="130" pin=0"/></net>

<net id="135"><net_src comp="30" pin="0"/><net_sink comp="130" pin=1"/></net>

<net id="142"><net_src comp="32" pin="0"/><net_sink comp="136" pin=0"/></net>

<net id="143"><net_src comp="121" pin="1"/><net_sink comp="136" pin=1"/></net>

<net id="144"><net_src comp="8" pin="0"/><net_sink comp="136" pin=2"/></net>

<net id="145"><net_src comp="34" pin="0"/><net_sink comp="136" pin=3"/></net>

<net id="149"><net_src comp="136" pin="4"/><net_sink comp="146" pin=0"/></net>

<net id="150"><net_src comp="146" pin="1"/><net_sink comp="85" pin=2"/></net>

<net id="151"><net_src comp="146" pin="1"/><net_sink comp="92" pin=2"/></net>

<net id="155"><net_src comp="121" pin="1"/><net_sink comp="152" pin=0"/></net>

<net id="160"><net_src comp="130" pin="2"/><net_sink comp="156" pin=0"/></net>

<net id="167"><net_src comp="38" pin="0"/><net_sink comp="161" pin=0"/></net>

<net id="168"><net_src comp="99" pin="3"/><net_sink comp="161" pin=1"/></net>

<net id="169"><net_src comp="105" pin="3"/><net_sink comp="161" pin=2"/></net>

<net id="174"><net_src comp="161" pin="4"/><net_sink comp="170" pin=0"/></net>

<net id="180"><net_src comp="40" pin="0"/><net_sink comp="175" pin=0"/></net>

<net id="181"><net_src comp="20" pin="0"/><net_sink comp="175" pin=2"/></net>

<net id="185"><net_src comp="175" pin="3"/><net_sink comp="182" pin=0"/></net>

<net id="190"><net_src comp="182" pin="1"/><net_sink comp="186" pin=0"/></net>

<net id="191"><net_src comp="182" pin="1"/><net_sink comp="186" pin=1"/></net>

<net id="200"><net_src comp="52" pin="0"/><net_sink comp="195" pin=0"/></net>

<net id="201"><net_src comp="192" pin="1"/><net_sink comp="195" pin=1"/></net>

<net id="202"><net_src comp="54" pin="0"/><net_sink comp="195" pin=2"/></net>

<net id="207"><net_src comp="195" pin="3"/><net_sink comp="203" pin=0"/></net>

<net id="214"><net_src comp="56" pin="0"/><net_sink comp="208" pin=0"/></net>

<net id="215"><net_src comp="203" pin="2"/><net_sink comp="208" pin=1"/></net>

<net id="216"><net_src comp="58" pin="0"/><net_sink comp="208" pin=2"/></net>

<net id="217"><net_src comp="60" pin="0"/><net_sink comp="208" pin=3"/></net>

<net id="222"><net_src comp="208" pin="4"/><net_sink comp="218" pin=0"/></net>

<net id="226"><net_src comp="223" pin="1"/><net_sink comp="78" pin=2"/></net>

<net id="230"><net_src comp="64" pin="1"/><net_sink comp="227" pin=0"/></net>

<net id="231"><net_src comp="227" pin="1"/><net_sink comp="116" pin=1"/></net>

<net id="232"><net_src comp="227" pin="1"/><net_sink comp="192" pin=0"/></net>

<net id="233"><net_src comp="227" pin="1"/><net_sink comp="218" pin=1"/></net>

<net id="234"><net_src comp="227" pin="1"/><net_sink comp="223" pin=0"/></net>

<net id="238"><net_src comp="68" pin="1"/><net_sink comp="235" pin=0"/></net>

<net id="239"><net_src comp="235" pin="1"/><net_sink comp="111" pin=1"/></net>

<net id="240"><net_src comp="235" pin="1"/><net_sink comp="121" pin=0"/></net>

<net id="241"><net_src comp="235" pin="1"/><net_sink comp="156" pin=1"/></net>

<net id="245"><net_src comp="72" pin="2"/><net_sink comp="242" pin=0"/></net>

<net id="246"><net_src comp="242" pin="1"/><net_sink comp="170" pin=1"/></net>

<net id="250"><net_src comp="124" pin="2"/><net_sink comp="247" pin=0"/></net>

<net id="254"><net_src comp="85" pin="3"/><net_sink comp="251" pin=0"/></net>

<net id="255"><net_src comp="251" pin="1"/><net_sink comp="99" pin=0"/></net>

<net id="259"><net_src comp="92" pin="3"/><net_sink comp="256" pin=0"/></net>

<net id="260"><net_src comp="256" pin="1"/><net_sink comp="105" pin=0"/></net>

<net id="264"><net_src comp="152" pin="1"/><net_sink comp="261" pin=0"/></net>

<net id="265"><net_src comp="261" pin="1"/><net_sink comp="161" pin=3"/></net>

<net id="269"><net_src comp="170" pin="2"/><net_sink comp="266" pin=0"/></net>

<net id="270"><net_src comp="266" pin="1"/><net_sink comp="175" pin=1"/></net>

<net id="274"><net_src comp="186" pin="2"/><net_sink comp="271" pin=0"/></net>

<net id="275"><net_src comp="271" pin="1"/><net_sink comp="203" pin=1"/></net>

</net_list>

</model> 
---------------- Datapath Model END ------------------

* FSMD analyzer results:
  - Output states:
	Port: var_acc_V_2_out | {3 }
 - Input state : 
	Port: ecg_classifier_Pipeline_ZNORM_VAR : input_buf_V | {1 2 }
	Port: ecg_classifier_Pipeline_ZNORM_VAR : input_buf_V_1 | {1 2 }
	Port: ecg_classifier_Pipeline_ZNORM_VAR : mean_fx_V | {1 }
  - Chain level:
	State 1
		store_ln0 : 1
		store_ln0 : 1
		t_1 : 1
		icmp_ln62 : 2
		add_ln62 : 2
		br_ln62 : 3
		lshr_ln2 : 2
		zext_ln813 : 3
		input_buf_V_addr : 4
		input_buf_V_1_addr : 4
		trunc_ln813 : 2
		input_buf_V_load : 5
		input_buf_V_1_load : 5
		store_ln62 : 3
	State 2
		tmp_1 : 1
		d : 2
	State 3
		sext_ln1270 : 1
		r_V_1 : 2
		write_ln0 : 1
	State 4
		lhs_V_1 : 1
		ret_V : 2
		var_acc_V : 3
		store_ln62 : 4


============================================================
+ Verbose Summary: Datapath Resource usage 
============================================================

* Functional unit list:
|----------|---------------------------|---------|---------|---------|
| Operation|      Functional Unit      |   DSP   |    FF   |   LUT   |
|----------|---------------------------|---------|---------|---------|
|    add   |      add_ln62_fu_130      |    0    |    0    |    8    |
|          |        ret_V_fu_203       |    0    |    0    |    72   |
|----------|---------------------------|---------|---------|---------|
|    mul   |        r_V_1_fu_186       |    4    |    0    |    29   |
|----------|---------------------------|---------|---------|---------|
|    sub   |          d_fu_170         |    0    |    0    |    32   |
|----------|---------------------------|---------|---------|---------|
|    mux   |        tmp_1_fu_161       |    0    |    0    |    9    |
|----------|---------------------------|---------|---------|---------|
|   icmp   |      icmp_ln62_fu_124     |    0    |    0    |    4    |
|----------|---------------------------|---------|---------|---------|
|   read   | mean_fx_V_read_read_fu_72 |    0    |    0    |    0    |
|----------|---------------------------|---------|---------|---------|
|   write  |   write_ln0_write_fu_78   |    0    |    0    |    0    |
|----------|---------------------------|---------|---------|---------|
|partselect|      lshr_ln2_fu_136      |    0    |    0    |    0    |
|          |      var_acc_V_fu_208     |    0    |    0    |    0    |
|----------|---------------------------|---------|---------|---------|
|   zext   |     zext_ln813_fu_146     |    0    |    0    |    0    |
|----------|---------------------------|---------|---------|---------|
|   trunc  |     trunc_ln813_fu_152    |    0    |    0    |    0    |
|----------|---------------------------|---------|---------|---------|
|bitconcatenate|         r_V_fu_175        |    0    |    0    |    0    |
|          |       lhs_V_1_fu_195      |    0    |    0    |    0    |
|----------|---------------------------|---------|---------|---------|
|   sext   |     sext_ln1270_fu_182    |    0    |    0    |    0    |
|----------|---------------------------|---------|---------|---------|
|   Total  |                           |    4    |    0    |   154   |
|----------|---------------------------|---------|---------|---------|

Memories:
N/A

* Register list:
+--------------------------+--------+
|                          |   FF   |
+--------------------------+--------+
|         d_reg_266        |   32   |
|     icmp_ln62_reg_247    |    1   |
|input_buf_V_1_addr_reg_256|    7   |
| input_buf_V_addr_reg_251 |    7   |
|       lhs_V_reg_227      |   48   |
|  mean_fx_V_read_reg_242  |   32   |
|       r_V_1_reg_271      |   72   |
|         t_reg_235        |    8   |
|    trunc_ln813_reg_261   |    1   |
+--------------------------+--------+
|           Total          |   208  |
+--------------------------+--------+

* Multiplexer (MUX) list: 
|-------------------|------|------|------|--------||---------||---------|
|        Comp       |  Pin | Size |  BW  | S x BW ||  Delay  ||   LUT   |
|-------------------|------|------|------|--------||---------||---------|
|  grp_access_fu_99 |  p0  |   2  |   7  |   14   ||    9    |
| grp_access_fu_105 |  p0  |   2  |   7  |   14   ||    9    |
|-------------------|------|------|------|--------||---------||---------|
|       Total       |      |      |      |   28   ||  2.596  ||    18   |
|-------------------|------|------|------|--------||---------||---------|



* Summary:
+-----------+--------+--------+--------+--------+
|           |   DSP  |  Delay |   FF   |   LUT  |
+-----------+--------+--------+--------+--------+
|  Function |    4   |    -   |    0   |   154  |
|   Memory  |    -   |    -   |    -   |    -   |
|Multiplexer|    -   |    2   |    -   |   18   |
|  Register |    -   |    -   |   208  |    -   |
+-----------+--------+--------+--------+--------+
|   Total   |    4   |    2   |   208  |   172  |
+-----------+--------+--------+--------+--------+
