

================================================================
== Vitis HLS Report for 'ecg_classifier_Pipeline_D0_IC'
================================================================
* Date:           Sat Apr  4 10:53:14 2026

* Version:        2022.2 (Build 3670227 on Oct 13 2022)
* Project:        ecg_classifier_ip
* Solution:       solution1 (Vivado IP Flow Target)
* Product family: zynq
* Target device:  xc7z030-sbg485-2


================================================================
== Performance Estimates
================================================================
+ Timing: 
    * Summary: 
    +--------+----------+----------+------------+
    |  Clock |  Target  | Estimated| Uncertainty|
    +--------+----------+----------+------------+
    |ap_clk  |  13.00 ns|  7.360 ns|     3.51 ns|
    +--------+----------+----------+------------+

+ Latency: 
    * Summary: 
    +---------+---------+----------+----------+-----+-----+---------+
    |  Latency (cycles) |  Latency (absolute) |  Interval | Pipeline|
    |   min   |   max   |    min   |    max   | min | max |   Type  |
    +---------+---------+----------+----------+-----+-----+---------+
    |      196|      196|  2.548 us|  2.548 us|  196|  196|       no|
    +---------+---------+----------+----------+-----+-----+---------+

    + Detail: 
        * Instance: 
        N/A

        * Loop: 
        +----------+---------+---------+----------+-----------+-----------+------+----------+
        |          |  Latency (cycles) | Iteration|  Initiation Interval  | Trip |          |
        | Loop Name|   min   |   max   |  Latency |  achieved |   target  | Count| Pipelined|
        +----------+---------+---------+----------+-----------+-----------+------+----------+
        |- D0_IC   |      194|      194|         4|          1|          1|   192|       yes|
        +----------+---------+---------+----------+-----------+-----------+------+----------+

============================================================
+ Verbose Summary: Synthesis Manager
============================================================
InlineROM: 1
ExposeGlobal: 0
============================================================
+ Verbose Summary: CDFG Model
============================================================
IsTopModel: 0
ResetActiveHigh: 1
IsCombinational: 0
IsDatapathOnly: 0
HasWiredReturn: 1
HasMFsm: 2
HasVarLatency: 1
IsPipeline: 0
IsRtlPipelined: 0
IsInstanceOverlapped: 0
IsDontTouch: 0
HasImplIP: 0
IsGatedGlobalClock: 0

+ Individual pipeline summary: 
  * Pipeline-0: initiation interval (II) = 1, depth = 4


============================================================
+ Verbose Summary: Schedule
============================================================
* Number of FSM states : 4
* Pipeline : 1
  Pipeline-0 : II = 1, D = 4, States = { 1 2 3 4 }
* Dataflow Pipeline: 0

* FSM state transitions: 
1 --> 2 
2 --> 3 
3 --> 4 
4 --> 

* FSM state operations: 

State 1 <SV = 0> <Delay = 4.30>
ST_1 : Operation 7 [1/1] (0.00ns)   --->   "%x_V_8 = alloca i32 1"   --->   Operation 7 'alloca' 'x_V_8' <Predicate = true> <Delay = 0.00>
ST_1 : Operation 8 [1/1] (0.00ns)   --->   "%lhs_V = alloca i32 1"   --->   Operation 8 'alloca' 'lhs_V' <Predicate = true> <Delay = 0.00>
ST_1 : Operation 9 [1/1] (0.00ns)   --->   "%ic_3 = alloca i32 1"   --->   Operation 9 'alloca' 'ic_3' <Predicate = true> <Delay = 0.00>
ST_1 : Operation 10 [1/1] (0.00ns)   --->   "%sub_ln837_2_read = read i15 @_ssdm_op_Read.ap_auto.i15, i15 %sub_ln837_2"   --->   Operation 10 'read' 'sub_ln837_2_read' <Predicate = true> <Delay = 0.00>
ST_1 : Operation 11 [1/1] (0.00ns)   --->   "%sext_ln289_read = read i23 @_ssdm_op_Read.ap_auto.i23, i23 %sext_ln289"   --->   Operation 11 'read' 'sext_ln289_read' <Predicate = true> <Delay = 0.00>
ST_1 : Operation 12 [1/1] (0.00ns)   --->   "%sext_ln289_cast = sext i23 %sext_ln289_read"   --->   Operation 12 'sext' 'sext_ln289_cast' <Predicate = true> <Delay = 0.00>
ST_1 : Operation 13 [1/1] (0.00ns)   --->   "%specmemcore_ln0 = specmemcore void @_ssdm_op_SpecMemCore, i32 %gap_buf_V, i64 666, i64 19, i64 18446744073709551615"   --->   Operation 13 'specmemcore' 'specmemcore_ln0' <Predicate = true> <Delay = 0.00>
ST_1 : Operation 14 [1/1] (0.00ns)   --->   "%specmemcore_ln0 = specmemcore void @_ssdm_op_SpecMemCore, i32 %gap_buf_V_1, i64 666, i64 19, i64 18446744073709551615"   --->   Operation 14 'specmemcore' 'specmemcore_ln0' <Predicate = true> <Delay = 0.00>
ST_1 : Operation 15 [1/1] (1.29ns)   --->   "%store_ln0 = store i8 0, i8 %ic_3"   --->   Operation 15 'store' 'store_ln0' <Predicate = true> <Delay = 1.29>
ST_1 : Operation 16 [1/1] (1.29ns)   --->   "%store_ln0 = store i48 %sext_ln289_cast, i48 %lhs_V"   --->   Operation 16 'store' 'store_ln0' <Predicate = true> <Delay = 1.29>
ST_1 : Operation 17 [1/1] (1.29ns)   --->   "%store_ln0 = store i32 0, i32 %x_V_8"   --->   Operation 17 'store' 'store_ln0' <Predicate = true> <Delay = 1.29>
ST_1 : Operation 18 [1/1] (0.00ns)   --->   "%br_ln0 = br void %for.body681"   --->   Operation 18 'br' 'br_ln0' <Predicate = true> <Delay = 0.00>
ST_1 : Operation 19 [1/1] (0.00ns)   --->   "%ic = load i8 %ic_3"   --->   Operation 19 'load' 'ic' <Predicate = true> <Delay = 0.00>
ST_1 : Operation 20 [1/1] (1.31ns)   --->   "%icmp_ln291 = icmp_eq  i8 %ic, i8 192" [src/ecg_classifier.cpp:291]   --->   Operation 20 'icmp' 'icmp_ln291' <Predicate = true> <Delay = 1.31> <CoreInst = "Cmp">   --->   Core 9 'Cmp' <Latency = 0> <II = 1> <Delay = 1.31> <FuncUnit> <Opcode : 'icmp'> <InPorts = 2> <OutPorts = 1>
ST_1 : Operation 21 [1/1] (0.00ns)   --->   "%empty = speclooptripcount i32 @_ssdm_op_SpecLoopTripCount, i64 192, i64 192, i64 192"   --->   Operation 21 'speclooptripcount' 'empty' <Predicate = true> <Delay = 0.00>
ST_1 : Operation 22 [1/1] (1.30ns)   --->   "%add_ln291 = add i8 %ic, i8 1" [src/ecg_classifier.cpp:291]   --->   Operation 22 'add' 'add_ln291' <Predicate = true> <Delay = 1.30> <CoreInst = "Adder">   --->   Core 1 'Adder' <Latency = 0> <II = 1> <Delay = 1.30> <FuncUnit> <Opcode : 'add' 'sub'> <InPorts = 2> <OutPorts = 1>
ST_1 : Operation 23 [1/1] (0.00ns)   --->   "%br_ln291 = br i1 %icmp_ln291, void %for.body681.split, void %for.end694.exitStub" [src/ecg_classifier.cpp:291]   --->   Operation 23 'br' 'br_ln291' <Predicate = true> <Delay = 0.00>
ST_1 : Operation 24 [1/1] (0.00ns)   --->   "%zext_ln837 = zext i8 %ic"   --->   Operation 24 'zext' 'zext_ln837' <Predicate = (!icmp_ln291)> <Delay = 0.00>
ST_1 : Operation 25 [1/1] (1.53ns)   --->   "%add_ln837 = add i15 %sub_ln837_2_read, i15 %zext_ln837"   --->   Operation 25 'add' 'add_ln837' <Predicate = (!icmp_ln291)> <Delay = 1.53> <CoreInst = "Adder">   --->   Core 1 'Adder' <Latency = 0> <II = 1> <Delay = 1.53> <FuncUnit> <Opcode : 'add' 'sub'> <InPorts = 2> <OutPorts = 1>
ST_1 : Operation 26 [1/1] (0.00ns)   --->   "%zext_ln837_23 = zext i15 %add_ln837"   --->   Operation 26 'zext' 'zext_ln837_23' <Predicate = (!icmp_ln291)> <Delay = 0.00>
ST_1 : Operation 27 [1/1] (0.00ns)   --->   "%clf_w_L5_W_V_addr = getelementptr i4 %clf_w_L5_W_V, i64 0, i64 %zext_ln837_23"   --->   Operation 27 'getelementptr' 'clf_w_L5_W_V_addr' <Predicate = (!icmp_ln291)> <Delay = 0.00>
ST_1 : Operation 28 [1/1] (0.00ns)   --->   "%lshr_ln837_1 = partselect i7 @_ssdm_op_PartSelect.i7.i8.i32.i32, i8 %ic, i32 1, i32 7"   --->   Operation 28 'partselect' 'lshr_ln837_1' <Predicate = (!icmp_ln291)> <Delay = 0.00>
ST_1 : Operation 29 [1/1] (0.00ns)   --->   "%zext_ln837_4 = zext i7 %lshr_ln837_1"   --->   Operation 29 'zext' 'zext_ln837_4' <Predicate = (!icmp_ln291)> <Delay = 0.00>
ST_1 : Operation 30 [1/1] (0.00ns)   --->   "%gap_buf_V_addr = getelementptr i32 %gap_buf_V, i64 0, i64 %zext_ln837_4"   --->   Operation 30 'getelementptr' 'gap_buf_V_addr' <Predicate = (!icmp_ln291)> <Delay = 0.00>
ST_1 : Operation 31 [1/1] (0.00ns)   --->   "%gap_buf_V_1_addr = getelementptr i32 %gap_buf_V_1, i64 0, i64 %zext_ln837_4"   --->   Operation 31 'getelementptr' 'gap_buf_V_1_addr' <Predicate = (!icmp_ln291)> <Delay = 0.00>
ST_1 : Operation 32 [1/1] (0.00ns)   --->   "%trunc_ln837 = trunc i8 %ic"   --->   Operation 32 'trunc' 'trunc_ln837' <Predicate = (!icmp_ln291)> <Delay = 0.00>
ST_1 : Operation 33 [2/2] (1.75ns)   --->   "%gap_buf_V_load = load i7 %gap_buf_V_addr"   --->   Operation 33 'load' 'gap_buf_V_load' <Predicate = (!icmp_ln291)> <Delay = 1.75> <CoreInst = "RAM_1P_LUTRAM">   --->   Core 87 'RAM_1P_LUTRAM' <Latency = 1> <II = 1> <Delay = 1.75> <Storage> <Opcode : 'load' 'store'> <Ports = 1> <Width = 32> <Depth = 96> <RAM>
ST_1 : Operation 34 [2/2] (1.75ns)   --->   "%gap_buf_V_1_load = load i7 %gap_buf_V_1_addr"   --->   Operation 34 'load' 'gap_buf_V_1_load' <Predicate = (!icmp_ln291)> <Delay = 1.75> <CoreInst = "RAM_1P_LUTRAM">   --->   Core 87 'RAM_1P_LUTRAM' <Latency = 1> <II = 1> <Delay = 1.75> <Storage> <Opcode : 'load' 'store'> <Ports = 1> <Width = 32> <Depth = 96> <RAM>
ST_1 : Operation 35 [2/2] (2.77ns)   --->   "%clf_w_L5_W_V_load = load i15 %clf_w_L5_W_V_addr"   --->   Operation 35 'load' 'clf_w_L5_W_V_load' <Predicate = (!icmp_ln291)> <Delay = 2.77> <CoreInst = "ROM">   --->   Core 95 'ROM' <Latency = 1> <II = 1> <Delay = 2.77> <Storage> <Opcode : 'load'> <Ports = 0> <Width = 4> <Depth = 24576> <ROM>
ST_1 : Operation 36 [1/1] (1.29ns)   --->   "%store_ln291 = store i8 %add_ln291, i8 %ic_3" [src/ecg_classifier.cpp:291]   --->   Operation 36 'store' 'store_ln291' <Predicate = (!icmp_ln291)> <Delay = 1.29>

State 2 <SV = 1> <Delay = 3.05>
ST_2 : Operation 37 [1/2] (1.75ns)   --->   "%gap_buf_V_load = load i7 %gap_buf_V_addr"   --->   Operation 37 'load' 'gap_buf_V_load' <Predicate = true> <Delay = 1.75> <CoreInst = "RAM_1P_LUTRAM">   --->   Core 87 'RAM_1P_LUTRAM' <Latency = 1> <II = 1> <Delay = 1.75> <Storage> <Opcode : 'load' 'store'> <Ports = 1> <Width = 32> <Depth = 96> <RAM>
ST_2 : Operation 38 [1/2] (1.75ns)   --->   "%gap_buf_V_1_load = load i7 %gap_buf_V_1_addr"   --->   Operation 38 'load' 'gap_buf_V_1_load' <Predicate = true> <Delay = 1.75> <CoreInst = "RAM_1P_LUTRAM">   --->   Core 87 'RAM_1P_LUTRAM' <Latency = 1> <II = 1> <Delay = 1.75> <Storage> <Opcode : 'load' 'store'> <Ports = 1> <Width = 32> <Depth = 96> <RAM>
ST_2 : Operation 39 [1/1] (1.29ns)   --->   "%tmp_8 = mux i32 @_ssdm_op_Mux.ap_auto.2i32.i1, i32 %gap_buf_V_load, i32 %gap_buf_V_1_load, i1 %trunc_ln837"   --->   Operation 39 'mux' 'tmp_8' <Predicate = true> <Delay = 1.29> <CoreInst = "Multiplexer">   --->   Core 76 'Multiplexer' <Latency = 0> <II = 1> <Delay = 1.29> <FuncUnit> <Opcode : 'mux'> <InPorts = 2> <OutPorts = 1>
ST_2 : Operation 40 [1/2] (2.77ns)   --->   "%clf_w_L5_W_V_load = load i15 %clf_w_L5_W_V_addr"   --->   Operation 40 'load' 'clf_w_L5_W_V_load' <Predicate = true> <Delay = 2.77> <CoreInst = "ROM">   --->   Core 95 'ROM' <Latency = 1> <II = 1> <Delay = 2.77> <Storage> <Opcode : 'load'> <Ports = 0> <Width = 4> <Depth = 24576> <ROM>

State 3 <SV = 2> <Delay = 7.36>
ST_3 : Operation 41 [1/1] (0.00ns)   --->   "%r_V = bitconcatenate i40 @_ssdm_op_BitConcatenate.i40.i32.i8, i32 %tmp_8, i8 0"   --->   Operation 41 'bitconcatenate' 'r_V' <Predicate = true> <Delay = 0.00>
ST_3 : Operation 42 [1/1] (0.00ns)   --->   "%shl_ln838_4 = bitconcatenate i24 @_ssdm_op_BitConcatenate.i24.i4.i20, i4 %clf_w_L5_W_V_load, i20 0"   --->   Operation 42 'bitconcatenate' 'shl_ln838_4' <Predicate = true> <Delay = 0.00>
ST_3 : Operation 43 [1/1] (0.00ns)   --->   "%sext_ln1270 = sext i40 %r_V"   --->   Operation 43 'sext' 'sext_ln1270' <Predicate = true> <Delay = 0.00>
ST_3 : Operation 44 [1/1] (0.00ns)   --->   "%sext_ln1273_2 = sext i24 %shl_ln838_4"   --->   Operation 44 'sext' 'sext_ln1273_2' <Predicate = true> <Delay = 0.00>
ST_3 : Operation 45 [1/1] (7.36ns)   --->   "%r_V_13 = mul i63 %sext_ln1273_2, i63 %sext_ln1270"   --->   Operation 45 'mul' 'r_V_13' <Predicate = true> <Delay = 7.36> <CoreInst = "Multiplier">   --->   Core 3 'Multiplier' <Latency = 0> <II = 1> <Delay = 7.36> <FuncUnit> <Opcode : 'mul'> <InPorts = 2> <OutPorts = 1>
ST_3 : Operation 61 [1/1] (0.00ns)   --->   "%x_V_8_load = load i32 %x_V_8"   --->   Operation 61 'load' 'x_V_8_load' <Predicate = (icmp_ln291)> <Delay = 0.00>
ST_3 : Operation 62 [1/1] (0.00ns)   --->   "%write_ln0 = write void @_ssdm_op_Write.ap_auto.i32P0A, i32 %x_V_8_out, i32 %x_V_8_load"   --->   Operation 62 'write' 'write_ln0' <Predicate = (icmp_ln291)> <Delay = 0.00>
ST_3 : Operation 63 [1/1] (0.00ns)   --->   "%ret_ln0 = ret"   --->   Operation 63 'ret' 'ret_ln0' <Predicate = (icmp_ln291)> <Delay = 0.00>

State 4 <SV = 3> <Delay = 4.11>
ST_4 : Operation 46 [1/1] (0.00ns)   --->   "%lhs_V_load = load i48 %lhs_V"   --->   Operation 46 'load' 'lhs_V_load' <Predicate = true> <Delay = 0.00>
ST_4 : Operation 47 [1/1] (0.00ns)   --->   "%specpipeline_ln292 = specpipeline void @_ssdm_op_SpecPipeline, i32 1, i32 0, i32 0, i32 0, void @empty_17" [src/ecg_classifier.cpp:292]   --->   Operation 47 'specpipeline' 'specpipeline_ln292' <Predicate = true> <Delay = 0.00>
ST_4 : Operation 48 [1/1] (0.00ns)   --->   "%specloopname_ln289 = specloopname void @_ssdm_op_SpecLoopName, void @empty_14" [src/ecg_classifier.cpp:289]   --->   Operation 48 'specloopname' 'specloopname_ln289' <Predicate = true> <Delay = 0.00>
ST_4 : Operation 49 [1/1] (0.00ns)   --->   "%lhs_V_8 = bitconcatenate i72 @_ssdm_op_BitConcatenate.i72.i48.i24, i48 %lhs_V_load, i24 0"   --->   Operation 49 'bitconcatenate' 'lhs_V_8' <Predicate = true> <Delay = 0.00>
ST_4 : Operation 50 [1/1] (0.00ns)   --->   "%sext_ln1347 = sext i63 %r_V_13"   --->   Operation 50 'sext' 'sext_ln1347' <Predicate = true> <Delay = 0.00>
ST_4 : Operation 51 [1/1] (0.00ns)   --->   "%sext_ln1347_5 = sext i63 %r_V_13"   --->   Operation 51 'sext' 'sext_ln1347_5' <Predicate = true> <Delay = 0.00>
ST_4 : Operation 52 [1/1] (0.00ns)   --->   "%trunc_ln1347 = trunc i48 %lhs_V_load"   --->   Operation 52 'trunc' 'trunc_ln1347' <Predicate = true> <Delay = 0.00>
ST_4 : Operation 53 [1/1] (0.00ns)   --->   "%trunc_ln1347_2 = bitconcatenate i64 @_ssdm_op_BitConcatenate.i64.i40.i24, i40 %trunc_ln1347, i24 0"   --->   Operation 53 'bitconcatenate' 'trunc_ln1347_2' <Predicate = true> <Delay = 0.00>
ST_4 : Operation 54 [1/1] (2.81ns)   --->   "%ret_V = add i72 %lhs_V_8, i72 %sext_ln1347"   --->   Operation 54 'add' 'ret_V' <Predicate = true> <Delay = 2.81> <CoreInst = "Adder">   --->   Core 1 'Adder' <Latency = 0> <II = 1> <Delay = 2.81> <FuncUnit> <Opcode : 'add' 'sub'> <InPorts = 2> <OutPorts = 1>
ST_4 : Operation 55 [1/1] (2.69ns)   --->   "%add_ln1347_3 = add i64 %trunc_ln1347_2, i64 %sext_ln1347_5"   --->   Operation 55 'add' 'add_ln1347_3' <Predicate = true> <Delay = 2.69> <CoreInst = "Adder">   --->   Core 1 'Adder' <Latency = 0> <II = 1> <Delay = 2.69> <FuncUnit> <Opcode : 'add' 'sub'> <InPorts = 2> <OutPorts = 1>
ST_4 : Operation 56 [1/1] (0.00ns)   --->   "%acc_V = partselect i48 @_ssdm_op_PartSelect.i48.i72.i32.i32, i72 %ret_V, i32 24, i32 71"   --->   Operation 56 'partselect' 'acc_V' <Predicate = true> <Delay = 0.00>
ST_4 : Operation 57 [1/1] (0.00ns)   --->   "%trunc_ln = partselect i32 @_ssdm_op_PartSelect.i32.i64.i32.i32, i64 %add_ln1347_3, i32 32, i32 63" [src/ecg_classifier.cpp:291]   --->   Operation 57 'partselect' 'trunc_ln' <Predicate = true> <Delay = 0.00>
ST_4 : Operation 58 [1/1] (1.29ns)   --->   "%store_ln291 = store i48 %acc_V, i48 %lhs_V" [src/ecg_classifier.cpp:291]   --->   Operation 58 'store' 'store_ln291' <Predicate = true> <Delay = 1.29>
ST_4 : Operation 59 [1/1] (1.29ns)   --->   "%store_ln291 = store i32 %trunc_ln, i32 %x_V_8" [src/ecg_classifier.cpp:291]   --->   Operation 59 'store' 'store_ln291' <Predicate = true> <Delay = 1.29>
ST_4 : Operation 60 [1/1] (0.00ns)   --->   "%br_ln291 = br void %for.body681" [src/ecg_classifier.cpp:291]   --->   Operation 60 'br' 'br_ln291' <Predicate = true> <Delay = 0.00>


============================================================
+ Verbose Summary: Timing violations
============================================================
Target clock period: 13ns, clock uncertainty: 3.51ns.

 <State 1>: 4.31ns
The critical path consists of the following:
	'alloca' operation ('ic') [9]  (0 ns)
	'load' operation ('ic') on local variable 'ic' [20]  (0 ns)
	'add' operation ('add_ln837') [28]  (1.54 ns)
	'getelementptr' operation ('clf_w_L5_W_V_addr') [30]  (0 ns)
	'load' operation ('clf_w_L5_W_V_load') on array 'clf_w_L5_W_V' [42]  (2.77 ns)

 <State 2>: 3.05ns
The critical path consists of the following:
	'load' operation ('gap_buf_V_load') on array 'gap_buf_V' [38]  (1.75 ns)
	'mux' operation ('tmp_8') [40]  (1.3 ns)

 <State 3>: 7.36ns
The critical path consists of the following:
	'mul' operation ('r.V') [46]  (7.36 ns)

 <State 4>: 4.12ns
The critical path consists of the following:
	'load' operation ('lhs_V_load') on local variable 'lhs.V' [26]  (0 ns)
	'add' operation ('ret.V') [52]  (2.82 ns)
	'store' operation ('store_ln291', src/ecg_classifier.cpp:291) of variable 'acc.V' on local variable 'lhs.V' [57]  (1.3 ns)


============================================================
+ Verbose Summary: Binding
============================================================
N/A
* FSMD analyzer results:
  - Output states:
 - Input state : 
  - Chain level:
	State 1
	State 2
	State 3
	State 4


============================================================
+ Verbose Summary: Datapath Resource usage 
============================================================
N/A
