

================================================================
== Vitis HLS Report for 'ecg_classifier_Pipeline_L3_IC_L3_K'
================================================================
* Date:           Sat Apr  4 10:53:12 2026

* Version:        2022.2 (Build 3670227 on Oct 13 2022)
* Project:        ecg_classifier_ip
* Solution:       solution1 (Vivado IP Flow Target)
* Product family: zynq
* Target device:  xc7z030-sbg485-2


================================================================
== Performance Estimates
================================================================
+ Timing: 
    * Summary: 
    +--------+----------+----------+------------+
    |  Clock |  Target  | Estimated| Uncertainty|
    +--------+----------+----------+------------+
    |ap_clk  |  13.00 ns|  9.264 ns|     3.51 ns|
    +--------+----------+----------+------------+

+ Latency: 
    * Summary: 
    +---------+---------+----------+----------+-----+-----+---------+
    |  Latency (cycles) |  Latency (absolute) |  Interval | Pipeline|
    |   min   |   max   |    min   |    max   | min | max |   Type  |
    +---------+---------+----------+----------+-----+-----+---------+
    |      678|      678|  8.814 us|  8.814 us|  678|  678|       no|
    +---------+---------+----------+----------+-----+-----+---------+

    + Detail: 
        * Instance: 
        N/A

        * Loop: 
        +--------------+---------+---------+----------+-----------+-----------+------+----------+
        |              |  Latency (cycles) | Iteration|  Initiation Interval  | Trip |          |
        |   Loop Name  |   min   |   max   |  Latency |  achieved |   target  | Count| Pipelined|
        +--------------+---------+---------+----------+-----------+-----------+------+----------+
        |- L3_IC_L3_K  |      676|      676|        38|          1|          1|   640|       yes|
        +--------------+---------+---------+----------+-----------+-----------+------+----------+

============================================================
+ Verbose Summary: Synthesis Manager
============================================================
InlineROM: 1
ExposeGlobal: 0
============================================================
+ Verbose Summary: CDFG Model
============================================================
IsTopModel: 0
ResetActiveHigh: 1
IsCombinational: 0
IsDatapathOnly: 0
HasWiredReturn: 1
HasMFsm: 2
HasVarLatency: 1
IsPipeline: 0
IsRtlPipelined: 0
IsInstanceOverlapped: 0
IsDontTouch: 0
HasImplIP: 0
IsGatedGlobalClock: 0

+ Individual pipeline summary: 
  * Pipeline-0: initiation interval (II) = 1, depth = 38


============================================================
+ Verbose Summary: Schedule
============================================================
* Number of FSM states : 38
* Pipeline : 1
  Pipeline-0 : II = 1, D = 38, States = { 1 2 3 4 5 6 7 8 9 10 11 12 13 14 15 16 17 18 19 20 21 22 23 24 25 26 27 28 29 30 31 32 33 34 35 36 37 38 }
* Dataflow Pipeline: 0

* FSM state transitions: 
1 --> 2 
2 --> 3 
3 --> 4 
4 --> 5 
5 --> 6 
6 --> 7 
7 --> 8 
8 --> 9 
9 --> 10 
10 --> 11 
11 --> 12 
12 --> 13 
13 --> 14 
14 --> 15 
15 --> 16 
16 --> 17 
17 --> 18 
18 --> 19 
19 --> 20 
20 --> 21 
21 --> 22 
22 --> 23 
23 --> 24 
24 --> 25 
25 --> 26 
26 --> 27 
27 --> 28 
28 --> 29 
29 --> 30 
30 --> 31 
31 --> 32 
32 --> 33 
33 --> 34 
34 --> 35 
35 --> 36 
36 --> 37 
37 --> 38 
38 --> 

* FSM state operations: 

State 1 <SV = 0> <Delay = 7.45>
ST_1 : Operation 41 [1/1] (0.00ns)   --->   "%phi_ln818_2 = alloca i32 1"   --->   Operation 41 'alloca' 'phi_ln818_2' <Predicate = true> <Delay = 0.00>
ST_1 : Operation 42 [1/1] (0.00ns)   --->   "%phi_ln818_1 = alloca i32 1"   --->   Operation 42 'alloca' 'phi_ln818_1' <Predicate = true> <Delay = 0.00>
ST_1 : Operation 43 [1/1] (0.00ns)   --->   "%lhs_V = alloca i32 1"   --->   Operation 43 'alloca' 'lhs_V' <Predicate = true> <Delay = 0.00>
ST_1 : Operation 44 [1/1] (0.00ns)   --->   "%lhs_V_5 = alloca i32 1"   --->   Operation 44 'alloca' 'lhs_V_5' <Predicate = true> <Delay = 0.00>
ST_1 : Operation 45 [1/1] (0.00ns)   --->   "%k = alloca i32 1"   --->   Operation 45 'alloca' 'k' <Predicate = true> <Delay = 0.00>
ST_1 : Operation 46 [1/1] (0.00ns)   --->   "%ic_1 = alloca i32 1"   --->   Operation 46 'alloca' 'ic_1' <Predicate = true> <Delay = 0.00>
ST_1 : Operation 47 [1/1] (0.00ns)   --->   "%indvar_flatten65 = alloca i32 1"   --->   Operation 47 'alloca' 'indvar_flatten65' <Predicate = true> <Delay = 0.00>
ST_1 : Operation 48 [1/1] (0.00ns)   --->   "%add_ln233_1_read = read i8 @_ssdm_op_Read.ap_auto.i8, i8 %add_ln233_1"   --->   Operation 48 'read' 'add_ln233_1_read' <Predicate = true> <Delay = 0.00>
ST_1 : Operation 49 [1/1] (0.00ns)   --->   "%zext_ln837_8_read = read i14 @_ssdm_op_Read.ap_auto.i14, i14 %zext_ln837_8"   --->   Operation 49 'read' 'zext_ln837_8_read' <Predicate = true> <Delay = 0.00>
ST_1 : Operation 50 [1/1] (0.00ns)   --->   "%oc_base_read = read i7 @_ssdm_op_Read.ap_auto.i7, i7 %oc_base"   --->   Operation 50 'read' 'oc_base_read' <Predicate = true> <Delay = 0.00>
ST_1 : Operation 51 [1/1] (0.00ns)   --->   "%sext_ln225_read = read i26 @_ssdm_op_Read.ap_auto.i26, i26 %sext_ln225"   --->   Operation 51 'read' 'sext_ln225_read' <Predicate = true> <Delay = 0.00>
ST_1 : Operation 52 [1/1] (0.00ns)   --->   "%sext_ln226_read = read i26 @_ssdm_op_Read.ap_auto.i26, i26 %sext_ln226"   --->   Operation 52 'read' 'sext_ln226_read' <Predicate = true> <Delay = 0.00>
ST_1 : Operation 53 [1/1] (0.00ns)   --->   "%sext_ln225_cast = sext i26 %sext_ln225_read"   --->   Operation 53 'sext' 'sext_ln225_cast' <Predicate = true> <Delay = 0.00>
ST_1 : Operation 54 [1/1] (0.00ns)   --->   "%sext_ln226_cast = sext i26 %sext_ln226_read"   --->   Operation 54 'sext' 'sext_ln226_cast' <Predicate = true> <Delay = 0.00>
ST_1 : Operation 55 [1/1] (0.00ns)   --->   "%zext_ln837_8_cast = zext i14 %zext_ln837_8_read"   --->   Operation 55 'zext' 'zext_ln837_8_cast' <Predicate = true> <Delay = 0.00>
ST_1 : Operation 56 [1/1] (1.29ns)   --->   "%store_ln0 = store i10 0, i10 %indvar_flatten65"   --->   Operation 56 'store' 'store_ln0' <Predicate = true> <Delay = 1.29>
ST_1 : Operation 57 [1/1] (1.29ns)   --->   "%store_ln0 = store i8 0, i8 %ic_1"   --->   Operation 57 'store' 'store_ln0' <Predicate = true> <Delay = 1.29>
ST_1 : Operation 58 [1/1] (1.29ns)   --->   "%store_ln0 = store i3 0, i3 %k"   --->   Operation 58 'store' 'store_ln0' <Predicate = true> <Delay = 1.29>
ST_1 : Operation 59 [1/1] (1.29ns)   --->   "%store_ln0 = store i48 %sext_ln226_cast, i48 %lhs_V_5"   --->   Operation 59 'store' 'store_ln0' <Predicate = true> <Delay = 1.29>
ST_1 : Operation 60 [1/1] (1.29ns)   --->   "%store_ln0 = store i48 %sext_ln225_cast, i48 %lhs_V"   --->   Operation 60 'store' 'store_ln0' <Predicate = true> <Delay = 1.29>
ST_1 : Operation 61 [1/1] (1.29ns)   --->   "%store_ln0 = store i32 0, i32 %phi_ln818_1"   --->   Operation 61 'store' 'store_ln0' <Predicate = true> <Delay = 1.29>
ST_1 : Operation 62 [1/1] (1.29ns)   --->   "%store_ln0 = store i32 0, i32 %phi_ln818_2"   --->   Operation 62 'store' 'store_ln0' <Predicate = true> <Delay = 1.29>
ST_1 : Operation 63 [1/1] (0.00ns)   --->   "%br_ln0 = br void %for.body475"   --->   Operation 63 'br' 'br_ln0' <Predicate = true> <Delay = 0.00>
ST_1 : Operation 64 [1/1] (0.00ns)   --->   "%indvar_flatten65_load = load i10 %indvar_flatten65" [src/ecg_classifier.cpp:228]   --->   Operation 64 'load' 'indvar_flatten65_load' <Predicate = true> <Delay = 0.00>
ST_1 : Operation 65 [1/1] (1.94ns)   --->   "%icmp_ln228 = icmp_eq  i10 %indvar_flatten65_load, i10 640" [src/ecg_classifier.cpp:228]   --->   Operation 65 'icmp' 'icmp_ln228' <Predicate = true> <Delay = 1.94> <CoreInst = "Cmp">   --->   Core 9 'Cmp' <Latency = 0> <II = 1> <Delay = 1.94> <FuncUnit> <Opcode : 'icmp'> <InPorts = 2> <OutPorts = 1>
ST_1 : Operation 66 [1/1] (1.41ns)   --->   "%add_ln228_1 = add i10 %indvar_flatten65_load, i10 1" [src/ecg_classifier.cpp:228]   --->   Operation 66 'add' 'add_ln228_1' <Predicate = true> <Delay = 1.41> <CoreInst = "Adder">   --->   Core 1 'Adder' <Latency = 0> <II = 1> <Delay = 1.41> <FuncUnit> <Opcode : 'add' 'sub'> <InPorts = 2> <OutPorts = 1>
ST_1 : Operation 67 [1/1] (0.00ns)   --->   "%br_ln228 = br i1 %icmp_ln228, void %for.inc517, void %for.end519.exitStub" [src/ecg_classifier.cpp:228]   --->   Operation 67 'br' 'br_ln228' <Predicate = true> <Delay = 0.00>
ST_1 : Operation 68 [1/1] (0.00ns)   --->   "%k_load = load i3 %k" [src/ecg_classifier.cpp:230]   --->   Operation 68 'load' 'k_load' <Predicate = (!icmp_ln228)> <Delay = 0.00>
ST_1 : Operation 69 [1/1] (0.98ns)   --->   "%icmp_ln230 = icmp_eq  i3 %k_load, i3 5" [src/ecg_classifier.cpp:230]   --->   Operation 69 'icmp' 'icmp_ln230' <Predicate = (!icmp_ln228)> <Delay = 0.98> <CoreInst = "Cmp">   --->   Core 9 'Cmp' <Latency = 0> <II = 1> <Delay = 0.98> <FuncUnit> <Opcode : 'icmp'> <InPorts = 2> <OutPorts = 1>
ST_1 : Operation 70 [1/1] (0.79ns)   --->   "%select_ln228 = select i1 %icmp_ln230, i3 0, i3 %k_load" [src/ecg_classifier.cpp:228]   --->   Operation 70 'select' 'select_ln228' <Predicate = (!icmp_ln228)> <Delay = 0.79> <CoreInst = "Sel">   --->   Core 73 'Sel' <Latency = 0> <II = 1> <Delay = 0.79> <FuncUnit> <Opcode : 'select'> <InPorts = 3> <OutPorts = 1>
ST_1 : Operation 71 [1/1] (0.00ns)   --->   "%zext_ln233 = zext i3 %select_ln228" [src/ecg_classifier.cpp:233]   --->   Operation 71 'zext' 'zext_ln233' <Predicate = (!icmp_ln228)> <Delay = 0.00>
ST_1 : Operation 72 [1/1] (1.30ns)   --->   "%add_ln233 = add i8 %add_ln233_1_read, i8 %zext_ln233" [src/ecg_classifier.cpp:233]   --->   Operation 72 'add' 'add_ln233' <Predicate = (!icmp_ln228)> <Delay = 1.30> <CoreInst = "Adder">   --->   Core 1 'Adder' <Latency = 0> <II = 1> <Delay = 1.30> <FuncUnit> <Opcode : 'add' 'sub'> <InPorts = 2> <OutPorts = 1>
ST_1 : Operation 73 [1/1] (1.31ns)   --->   "%icmp_ln233 = icmp_ult  i8 %add_ln233, i8 94" [src/ecg_classifier.cpp:233]   --->   Operation 73 'icmp' 'icmp_ln233' <Predicate = (!icmp_ln228)> <Delay = 1.31> <CoreInst = "Cmp">   --->   Core 9 'Cmp' <Latency = 0> <II = 1> <Delay = 1.31> <FuncUnit> <Opcode : 'icmp'> <InPorts = 2> <OutPorts = 1>
ST_1 : Operation 74 [1/1] (0.00ns)   --->   "%tmp_3 = bitselect i1 @_ssdm_op_BitSelect.i1.i8.i32, i8 %add_ln233, i32 7" [src/ecg_classifier.cpp:233]   --->   Operation 74 'bitselect' 'tmp_3' <Predicate = (!icmp_ln228)> <Delay = 0.00>
ST_1 : Operation 75 [1/1] (0.00ns)   --->   "%p_cast23_cast = zext i1 %tmp_3" [src/ecg_classifier.cpp:233]   --->   Operation 75 'zext' 'p_cast23_cast' <Predicate = (!icmp_ln228)> <Delay = 0.00>
ST_1 : Operation 76 [1/1] (0.80ns)   --->   "%p_smodpre5 = xor i8 %add_ln233, i8 %p_cast23_cast" [src/ecg_classifier.cpp:233]   --->   Operation 76 'xor' 'p_smodpre5' <Predicate = (!icmp_ln228)> <Delay = 0.80> <CoreInst = "LogicGate">   --->   Core 74 'LogicGate' <Latency = 0> <II = 1> <Delay = 0.80> <FuncUnit> <Opcode : 'and' 'or' 'xor'> <InPorts = 2> <OutPorts = 1>
ST_1 : Operation 77 [1/1] (0.00ns)   --->   "%p_smodpre5_cast = sext i8 %p_smodpre5" [src/ecg_classifier.cpp:233]   --->   Operation 77 'sext' 'p_smodpre5_cast' <Predicate = (!icmp_ln228)> <Delay = 0.00>
ST_1 : Operation 78 [36/36] (3.56ns)   --->   "%empty_60 = urem i32 %p_smodpre5_cast, i32 5" [src/ecg_classifier.cpp:233]   --->   Operation 78 'urem' 'empty_60' <Predicate = (!icmp_ln228)> <Delay = 3.56> <CoreInst = "Divider">   --->   Core 6 'Divider' <Latency = 35> <II = 1> <Delay = 3.56> <FuncUnit> <Opcode : 'sdiv' 'srem' 'udiv' 'urem'> <InPorts = 2> <OutPorts = 1>
ST_1 : Operation 79 [1/1] (0.76ns)   --->   "%add_ln230 = add i3 %select_ln228, i3 1" [src/ecg_classifier.cpp:230]   --->   Operation 79 'add' 'add_ln230' <Predicate = (!icmp_ln228)> <Delay = 0.76> <CoreInst = "Adder">   --->   Core 1 'Adder' <Latency = 0> <II = 1> <Delay = 0.76> <FuncUnit> <Opcode : 'add' 'sub'> <InPorts = 2> <OutPorts = 1>
ST_1 : Operation 80 [1/1] (1.29ns)   --->   "%store_ln230 = store i10 %add_ln228_1, i10 %indvar_flatten65" [src/ecg_classifier.cpp:230]   --->   Operation 80 'store' 'store_ln230' <Predicate = (!icmp_ln228)> <Delay = 1.29>
ST_1 : Operation 81 [1/1] (1.29ns)   --->   "%store_ln230 = store i3 %add_ln230, i3 %k" [src/ecg_classifier.cpp:230]   --->   Operation 81 'store' 'store_ln230' <Predicate = (!icmp_ln228)> <Delay = 1.29>

State 2 <SV = 1> <Delay = 3.56>
ST_2 : Operation 82 [35/36] (3.56ns)   --->   "%empty_60 = urem i32 %p_smodpre5_cast, i32 5" [src/ecg_classifier.cpp:233]   --->   Operation 82 'urem' 'empty_60' <Predicate = true> <Delay = 3.56> <CoreInst = "Divider">   --->   Core 6 'Divider' <Latency = 35> <II = 1> <Delay = 3.56> <FuncUnit> <Opcode : 'sdiv' 'srem' 'udiv' 'urem'> <InPorts = 2> <OutPorts = 1>

State 3 <SV = 2> <Delay = 3.56>
ST_3 : Operation 83 [34/36] (3.56ns)   --->   "%empty_60 = urem i32 %p_smodpre5_cast, i32 5" [src/ecg_classifier.cpp:233]   --->   Operation 83 'urem' 'empty_60' <Predicate = true> <Delay = 3.56> <CoreInst = "Divider">   --->   Core 6 'Divider' <Latency = 35> <II = 1> <Delay = 3.56> <FuncUnit> <Opcode : 'sdiv' 'srem' 'udiv' 'urem'> <InPorts = 2> <OutPorts = 1>

State 4 <SV = 3> <Delay = 3.56>
ST_4 : Operation 84 [33/36] (3.56ns)   --->   "%empty_60 = urem i32 %p_smodpre5_cast, i32 5" [src/ecg_classifier.cpp:233]   --->   Operation 84 'urem' 'empty_60' <Predicate = true> <Delay = 3.56> <CoreInst = "Divider">   --->   Core 6 'Divider' <Latency = 35> <II = 1> <Delay = 3.56> <FuncUnit> <Opcode : 'sdiv' 'srem' 'udiv' 'urem'> <InPorts = 2> <OutPorts = 1>

State 5 <SV = 4> <Delay = 3.56>
ST_5 : Operation 85 [32/36] (3.56ns)   --->   "%empty_60 = urem i32 %p_smodpre5_cast, i32 5" [src/ecg_classifier.cpp:233]   --->   Operation 85 'urem' 'empty_60' <Predicate = true> <Delay = 3.56> <CoreInst = "Divider">   --->   Core 6 'Divider' <Latency = 35> <II = 1> <Delay = 3.56> <FuncUnit> <Opcode : 'sdiv' 'srem' 'udiv' 'urem'> <InPorts = 2> <OutPorts = 1>

State 6 <SV = 5> <Delay = 3.56>
ST_6 : Operation 86 [31/36] (3.56ns)   --->   "%empty_60 = urem i32 %p_smodpre5_cast, i32 5" [src/ecg_classifier.cpp:233]   --->   Operation 86 'urem' 'empty_60' <Predicate = true> <Delay = 3.56> <CoreInst = "Divider">   --->   Core 6 'Divider' <Latency = 35> <II = 1> <Delay = 3.56> <FuncUnit> <Opcode : 'sdiv' 'srem' 'udiv' 'urem'> <InPorts = 2> <OutPorts = 1>

State 7 <SV = 6> <Delay = 3.56>
ST_7 : Operation 87 [30/36] (3.56ns)   --->   "%empty_60 = urem i32 %p_smodpre5_cast, i32 5" [src/ecg_classifier.cpp:233]   --->   Operation 87 'urem' 'empty_60' <Predicate = true> <Delay = 3.56> <CoreInst = "Divider">   --->   Core 6 'Divider' <Latency = 35> <II = 1> <Delay = 3.56> <FuncUnit> <Opcode : 'sdiv' 'srem' 'udiv' 'urem'> <InPorts = 2> <OutPorts = 1>

State 8 <SV = 7> <Delay = 3.56>
ST_8 : Operation 88 [29/36] (3.56ns)   --->   "%empty_60 = urem i32 %p_smodpre5_cast, i32 5" [src/ecg_classifier.cpp:233]   --->   Operation 88 'urem' 'empty_60' <Predicate = true> <Delay = 3.56> <CoreInst = "Divider">   --->   Core 6 'Divider' <Latency = 35> <II = 1> <Delay = 3.56> <FuncUnit> <Opcode : 'sdiv' 'srem' 'udiv' 'urem'> <InPorts = 2> <OutPorts = 1>

State 9 <SV = 8> <Delay = 3.56>
ST_9 : Operation 89 [28/36] (3.56ns)   --->   "%empty_60 = urem i32 %p_smodpre5_cast, i32 5" [src/ecg_classifier.cpp:233]   --->   Operation 89 'urem' 'empty_60' <Predicate = true> <Delay = 3.56> <CoreInst = "Divider">   --->   Core 6 'Divider' <Latency = 35> <II = 1> <Delay = 3.56> <FuncUnit> <Opcode : 'sdiv' 'srem' 'udiv' 'urem'> <InPorts = 2> <OutPorts = 1>

State 10 <SV = 9> <Delay = 3.56>
ST_10 : Operation 90 [27/36] (3.56ns)   --->   "%empty_60 = urem i32 %p_smodpre5_cast, i32 5" [src/ecg_classifier.cpp:233]   --->   Operation 90 'urem' 'empty_60' <Predicate = true> <Delay = 3.56> <CoreInst = "Divider">   --->   Core 6 'Divider' <Latency = 35> <II = 1> <Delay = 3.56> <FuncUnit> <Opcode : 'sdiv' 'srem' 'udiv' 'urem'> <InPorts = 2> <OutPorts = 1>

State 11 <SV = 10> <Delay = 3.56>
ST_11 : Operation 91 [26/36] (3.56ns)   --->   "%empty_60 = urem i32 %p_smodpre5_cast, i32 5" [src/ecg_classifier.cpp:233]   --->   Operation 91 'urem' 'empty_60' <Predicate = true> <Delay = 3.56> <CoreInst = "Divider">   --->   Core 6 'Divider' <Latency = 35> <II = 1> <Delay = 3.56> <FuncUnit> <Opcode : 'sdiv' 'srem' 'udiv' 'urem'> <InPorts = 2> <OutPorts = 1>

State 12 <SV = 11> <Delay = 3.56>
ST_12 : Operation 92 [25/36] (3.56ns)   --->   "%empty_60 = urem i32 %p_smodpre5_cast, i32 5" [src/ecg_classifier.cpp:233]   --->   Operation 92 'urem' 'empty_60' <Predicate = true> <Delay = 3.56> <CoreInst = "Divider">   --->   Core 6 'Divider' <Latency = 35> <II = 1> <Delay = 3.56> <FuncUnit> <Opcode : 'sdiv' 'srem' 'udiv' 'urem'> <InPorts = 2> <OutPorts = 1>

State 13 <SV = 12> <Delay = 3.56>
ST_13 : Operation 93 [24/36] (3.56ns)   --->   "%empty_60 = urem i32 %p_smodpre5_cast, i32 5" [src/ecg_classifier.cpp:233]   --->   Operation 93 'urem' 'empty_60' <Predicate = true> <Delay = 3.56> <CoreInst = "Divider">   --->   Core 6 'Divider' <Latency = 35> <II = 1> <Delay = 3.56> <FuncUnit> <Opcode : 'sdiv' 'srem' 'udiv' 'urem'> <InPorts = 2> <OutPorts = 1>

State 14 <SV = 13> <Delay = 3.56>
ST_14 : Operation 94 [23/36] (3.56ns)   --->   "%empty_60 = urem i32 %p_smodpre5_cast, i32 5" [src/ecg_classifier.cpp:233]   --->   Operation 94 'urem' 'empty_60' <Predicate = true> <Delay = 3.56> <CoreInst = "Divider">   --->   Core 6 'Divider' <Latency = 35> <II = 1> <Delay = 3.56> <FuncUnit> <Opcode : 'sdiv' 'srem' 'udiv' 'urem'> <InPorts = 2> <OutPorts = 1>

State 15 <SV = 14> <Delay = 3.56>
ST_15 : Operation 95 [22/36] (3.56ns)   --->   "%empty_60 = urem i32 %p_smodpre5_cast, i32 5" [src/ecg_classifier.cpp:233]   --->   Operation 95 'urem' 'empty_60' <Predicate = true> <Delay = 3.56> <CoreInst = "Divider">   --->   Core 6 'Divider' <Latency = 35> <II = 1> <Delay = 3.56> <FuncUnit> <Opcode : 'sdiv' 'srem' 'udiv' 'urem'> <InPorts = 2> <OutPorts = 1>

State 16 <SV = 15> <Delay = 3.56>
ST_16 : Operation 96 [21/36] (3.56ns)   --->   "%empty_60 = urem i32 %p_smodpre5_cast, i32 5" [src/ecg_classifier.cpp:233]   --->   Operation 96 'urem' 'empty_60' <Predicate = true> <Delay = 3.56> <CoreInst = "Divider">   --->   Core 6 'Divider' <Latency = 35> <II = 1> <Delay = 3.56> <FuncUnit> <Opcode : 'sdiv' 'srem' 'udiv' 'urem'> <InPorts = 2> <OutPorts = 1>

State 17 <SV = 16> <Delay = 3.56>
ST_17 : Operation 97 [20/36] (3.56ns)   --->   "%empty_60 = urem i32 %p_smodpre5_cast, i32 5" [src/ecg_classifier.cpp:233]   --->   Operation 97 'urem' 'empty_60' <Predicate = true> <Delay = 3.56> <CoreInst = "Divider">   --->   Core 6 'Divider' <Latency = 35> <II = 1> <Delay = 3.56> <FuncUnit> <Opcode : 'sdiv' 'srem' 'udiv' 'urem'> <InPorts = 2> <OutPorts = 1>

State 18 <SV = 17> <Delay = 3.56>
ST_18 : Operation 98 [19/36] (3.56ns)   --->   "%empty_60 = urem i32 %p_smodpre5_cast, i32 5" [src/ecg_classifier.cpp:233]   --->   Operation 98 'urem' 'empty_60' <Predicate = true> <Delay = 3.56> <CoreInst = "Divider">   --->   Core 6 'Divider' <Latency = 35> <II = 1> <Delay = 3.56> <FuncUnit> <Opcode : 'sdiv' 'srem' 'udiv' 'urem'> <InPorts = 2> <OutPorts = 1>

State 19 <SV = 18> <Delay = 3.56>
ST_19 : Operation 99 [18/36] (3.56ns)   --->   "%empty_60 = urem i32 %p_smodpre5_cast, i32 5" [src/ecg_classifier.cpp:233]   --->   Operation 99 'urem' 'empty_60' <Predicate = true> <Delay = 3.56> <CoreInst = "Divider">   --->   Core 6 'Divider' <Latency = 35> <II = 1> <Delay = 3.56> <FuncUnit> <Opcode : 'sdiv' 'srem' 'udiv' 'urem'> <InPorts = 2> <OutPorts = 1>

State 20 <SV = 19> <Delay = 3.56>
ST_20 : Operation 100 [17/36] (3.56ns)   --->   "%empty_60 = urem i32 %p_smodpre5_cast, i32 5" [src/ecg_classifier.cpp:233]   --->   Operation 100 'urem' 'empty_60' <Predicate = true> <Delay = 3.56> <CoreInst = "Divider">   --->   Core 6 'Divider' <Latency = 35> <II = 1> <Delay = 3.56> <FuncUnit> <Opcode : 'sdiv' 'srem' 'udiv' 'urem'> <InPorts = 2> <OutPorts = 1>

State 21 <SV = 20> <Delay = 3.56>
ST_21 : Operation 101 [16/36] (3.56ns)   --->   "%empty_60 = urem i32 %p_smodpre5_cast, i32 5" [src/ecg_classifier.cpp:233]   --->   Operation 101 'urem' 'empty_60' <Predicate = true> <Delay = 3.56> <CoreInst = "Divider">   --->   Core 6 'Divider' <Latency = 35> <II = 1> <Delay = 3.56> <FuncUnit> <Opcode : 'sdiv' 'srem' 'udiv' 'urem'> <InPorts = 2> <OutPorts = 1>

State 22 <SV = 21> <Delay = 3.56>
ST_22 : Operation 102 [15/36] (3.56ns)   --->   "%empty_60 = urem i32 %p_smodpre5_cast, i32 5" [src/ecg_classifier.cpp:233]   --->   Operation 102 'urem' 'empty_60' <Predicate = true> <Delay = 3.56> <CoreInst = "Divider">   --->   Core 6 'Divider' <Latency = 35> <II = 1> <Delay = 3.56> <FuncUnit> <Opcode : 'sdiv' 'srem' 'udiv' 'urem'> <InPorts = 2> <OutPorts = 1>

State 23 <SV = 22> <Delay = 3.56>
ST_23 : Operation 103 [14/36] (3.56ns)   --->   "%empty_60 = urem i32 %p_smodpre5_cast, i32 5" [src/ecg_classifier.cpp:233]   --->   Operation 103 'urem' 'empty_60' <Predicate = true> <Delay = 3.56> <CoreInst = "Divider">   --->   Core 6 'Divider' <Latency = 35> <II = 1> <Delay = 3.56> <FuncUnit> <Opcode : 'sdiv' 'srem' 'udiv' 'urem'> <InPorts = 2> <OutPorts = 1>

State 24 <SV = 23> <Delay = 3.56>
ST_24 : Operation 104 [13/36] (3.56ns)   --->   "%empty_60 = urem i32 %p_smodpre5_cast, i32 5" [src/ecg_classifier.cpp:233]   --->   Operation 104 'urem' 'empty_60' <Predicate = true> <Delay = 3.56> <CoreInst = "Divider">   --->   Core 6 'Divider' <Latency = 35> <II = 1> <Delay = 3.56> <FuncUnit> <Opcode : 'sdiv' 'srem' 'udiv' 'urem'> <InPorts = 2> <OutPorts = 1>

State 25 <SV = 24> <Delay = 3.56>
ST_25 : Operation 105 [12/36] (3.56ns)   --->   "%empty_60 = urem i32 %p_smodpre5_cast, i32 5" [src/ecg_classifier.cpp:233]   --->   Operation 105 'urem' 'empty_60' <Predicate = true> <Delay = 3.56> <CoreInst = "Divider">   --->   Core 6 'Divider' <Latency = 35> <II = 1> <Delay = 3.56> <FuncUnit> <Opcode : 'sdiv' 'srem' 'udiv' 'urem'> <InPorts = 2> <OutPorts = 1>

State 26 <SV = 25> <Delay = 3.56>
ST_26 : Operation 106 [11/36] (3.56ns)   --->   "%empty_60 = urem i32 %p_smodpre5_cast, i32 5" [src/ecg_classifier.cpp:233]   --->   Operation 106 'urem' 'empty_60' <Predicate = true> <Delay = 3.56> <CoreInst = "Divider">   --->   Core 6 'Divider' <Latency = 35> <II = 1> <Delay = 3.56> <FuncUnit> <Opcode : 'sdiv' 'srem' 'udiv' 'urem'> <InPorts = 2> <OutPorts = 1>

State 27 <SV = 26> <Delay = 3.56>
ST_27 : Operation 107 [10/36] (3.56ns)   --->   "%empty_60 = urem i32 %p_smodpre5_cast, i32 5" [src/ecg_classifier.cpp:233]   --->   Operation 107 'urem' 'empty_60' <Predicate = true> <Delay = 3.56> <CoreInst = "Divider">   --->   Core 6 'Divider' <Latency = 35> <II = 1> <Delay = 3.56> <FuncUnit> <Opcode : 'sdiv' 'srem' 'udiv' 'urem'> <InPorts = 2> <OutPorts = 1>

State 28 <SV = 27> <Delay = 3.56>
ST_28 : Operation 108 [9/36] (3.56ns)   --->   "%empty_60 = urem i32 %p_smodpre5_cast, i32 5" [src/ecg_classifier.cpp:233]   --->   Operation 108 'urem' 'empty_60' <Predicate = true> <Delay = 3.56> <CoreInst = "Divider">   --->   Core 6 'Divider' <Latency = 35> <II = 1> <Delay = 3.56> <FuncUnit> <Opcode : 'sdiv' 'srem' 'udiv' 'urem'> <InPorts = 2> <OutPorts = 1>

State 29 <SV = 28> <Delay = 3.56>
ST_29 : Operation 109 [8/36] (3.56ns)   --->   "%empty_60 = urem i32 %p_smodpre5_cast, i32 5" [src/ecg_classifier.cpp:233]   --->   Operation 109 'urem' 'empty_60' <Predicate = true> <Delay = 3.56> <CoreInst = "Divider">   --->   Core 6 'Divider' <Latency = 35> <II = 1> <Delay = 3.56> <FuncUnit> <Opcode : 'sdiv' 'srem' 'udiv' 'urem'> <InPorts = 2> <OutPorts = 1>

State 30 <SV = 29> <Delay = 3.56>
ST_30 : Operation 110 [7/36] (3.56ns)   --->   "%empty_60 = urem i32 %p_smodpre5_cast, i32 5" [src/ecg_classifier.cpp:233]   --->   Operation 110 'urem' 'empty_60' <Predicate = true> <Delay = 3.56> <CoreInst = "Divider">   --->   Core 6 'Divider' <Latency = 35> <II = 1> <Delay = 3.56> <FuncUnit> <Opcode : 'sdiv' 'srem' 'udiv' 'urem'> <InPorts = 2> <OutPorts = 1>

State 31 <SV = 30> <Delay = 3.56>
ST_31 : Operation 111 [6/36] (3.56ns)   --->   "%empty_60 = urem i32 %p_smodpre5_cast, i32 5" [src/ecg_classifier.cpp:233]   --->   Operation 111 'urem' 'empty_60' <Predicate = true> <Delay = 3.56> <CoreInst = "Divider">   --->   Core 6 'Divider' <Latency = 35> <II = 1> <Delay = 3.56> <FuncUnit> <Opcode : 'sdiv' 'srem' 'udiv' 'urem'> <InPorts = 2> <OutPorts = 1>

State 32 <SV = 31> <Delay = 3.56>
ST_32 : Operation 112 [5/36] (3.56ns)   --->   "%empty_60 = urem i32 %p_smodpre5_cast, i32 5" [src/ecg_classifier.cpp:233]   --->   Operation 112 'urem' 'empty_60' <Predicate = true> <Delay = 3.56> <CoreInst = "Divider">   --->   Core 6 'Divider' <Latency = 35> <II = 1> <Delay = 3.56> <FuncUnit> <Opcode : 'sdiv' 'srem' 'udiv' 'urem'> <InPorts = 2> <OutPorts = 1>

State 33 <SV = 32> <Delay = 3.56>
ST_33 : Operation 113 [4/36] (3.56ns)   --->   "%empty_60 = urem i32 %p_smodpre5_cast, i32 5" [src/ecg_classifier.cpp:233]   --->   Operation 113 'urem' 'empty_60' <Predicate = true> <Delay = 3.56> <CoreInst = "Divider">   --->   Core 6 'Divider' <Latency = 35> <II = 1> <Delay = 3.56> <FuncUnit> <Opcode : 'sdiv' 'srem' 'udiv' 'urem'> <InPorts = 2> <OutPorts = 1>

State 34 <SV = 33> <Delay = 3.56>
ST_34 : Operation 114 [3/36] (3.56ns)   --->   "%empty_60 = urem i32 %p_smodpre5_cast, i32 5" [src/ecg_classifier.cpp:233]   --->   Operation 114 'urem' 'empty_60' <Predicate = true> <Delay = 3.56> <CoreInst = "Divider">   --->   Core 6 'Divider' <Latency = 35> <II = 1> <Delay = 3.56> <FuncUnit> <Opcode : 'sdiv' 'srem' 'udiv' 'urem'> <InPorts = 2> <OutPorts = 1>

State 35 <SV = 34> <Delay = 9.26>
ST_35 : Operation 115 [1/1] (0.00ns)   --->   "%ic_1_load = load i8 %ic_1" [src/ecg_classifier.cpp:228]   --->   Operation 115 'load' 'ic_1_load' <Predicate = true> <Delay = 0.00>
ST_35 : Operation 116 [1/1] (1.30ns)   --->   "%add_ln228 = add i8 %ic_1_load, i8 1" [src/ecg_classifier.cpp:228]   --->   Operation 116 'add' 'add_ln228' <Predicate = true> <Delay = 1.30> <CoreInst = "Adder">   --->   Core 1 'Adder' <Latency = 0> <II = 1> <Delay = 1.30> <FuncUnit> <Opcode : 'add' 'sub'> <InPorts = 2> <OutPorts = 1>
ST_35 : Operation 117 [1/1] (0.44ns)   --->   "%select_ln228_1 = select i1 %icmp_ln230, i8 %add_ln228, i8 %ic_1_load" [src/ecg_classifier.cpp:228]   --->   Operation 117 'select' 'select_ln228_1' <Predicate = true> <Delay = 0.44> <CoreInst = "Sel">   --->   Core 73 'Sel' <Latency = 0> <II = 1> <Delay = 0.44> <FuncUnit> <Opcode : 'select'> <InPorts = 3> <OutPorts = 1>
ST_35 : Operation 118 [1/1] (0.00ns)   --->   "%zext_ln837 = zext i8 %select_ln228_1"   --->   Operation 118 'zext' 'zext_ln837' <Predicate = true> <Delay = 0.00>
ST_35 : Operation 119 [1/1] (0.00ns)   --->   "%tmp = partselect i6 @_ssdm_op_PartSelect.i6.i7.i32.i32, i7 %oc_base_read, i32 1, i32 6"   --->   Operation 119 'partselect' 'tmp' <Predicate = true> <Delay = 0.00>
ST_35 : Operation 120 [1/1] (0.00ns)   --->   "%tmp_1 = bitconcatenate i14 @_ssdm_op_BitConcatenate.i14.i6.i8, i6 %tmp, i8 %select_ln228_1"   --->   Operation 120 'bitconcatenate' 'tmp_1' <Predicate = true> <Delay = 0.00>
ST_35 : Operation 121 [1/1] (0.00ns)   --->   "%zext_ln837_6 = zext i14 %tmp_1"   --->   Operation 121 'zext' 'zext_ln837_6' <Predicate = true> <Delay = 0.00>
ST_35 : Operation 122 [1/1] (0.00ns)   --->   "%tmp_2 = bitconcatenate i16 @_ssdm_op_BitConcatenate.i16.i6.i8.i2, i6 %tmp, i8 %select_ln228_1, i2 0"   --->   Operation 122 'bitconcatenate' 'tmp_2' <Predicate = true> <Delay = 0.00>
ST_35 : Operation 123 [1/1] (0.00ns)   --->   "%zext_ln837_7 = zext i16 %tmp_2"   --->   Operation 123 'zext' 'zext_ln837_7' <Predicate = true> <Delay = 0.00>
ST_35 : Operation 124 [1/1] (0.00ns) (grouped into TernaryAdder)   --->   "%add_ln837 = add i17 %zext_ln837_7, i17 %zext_ln837_6"   --->   Operation 124 'add' 'add_ln837' <Predicate = true> <Delay = 0.00> <CoreInst = "TAddSub">   --->   Core 10 'TAddSub' <Latency = 0> <II = 1> <Delay = 1.60> <IPBlock> <Opcode : 'add' 'sub'> <InPorts = 3> <OutPorts = 1> <Sync> <CReg>
ST_35 : Operation 125 [1/1] (1.52ns)   --->   "%add_ln837_3 = add i15 %zext_ln837_8_cast, i15 %zext_ln837"   --->   Operation 125 'add' 'add_ln837_3' <Predicate = true> <Delay = 1.52> <CoreInst = "Adder">   --->   Core 1 'Adder' <Latency = 0> <II = 1> <Delay = 1.52> <FuncUnit> <Opcode : 'add' 'sub'> <InPorts = 2> <OutPorts = 1>
ST_35 : Operation 126 [1/1] (0.00ns)   --->   "%zext_ln837_9 = zext i15 %add_ln837_3"   --->   Operation 126 'zext' 'zext_ln837_9' <Predicate = true> <Delay = 0.00>
ST_35 : Operation 127 [1/1] (0.00ns)   --->   "%p_shl1 = bitconcatenate i17 @_ssdm_op_BitConcatenate.i17.i15.i2, i15 %add_ln837_3, i2 0"   --->   Operation 127 'bitconcatenate' 'p_shl1' <Predicate = true> <Delay = 0.00>
ST_35 : Operation 128 [1/1] (0.00ns) (grouped into TernaryAdder)   --->   "%add_ln837_4 = add i17 %p_shl1, i17 %zext_ln837_9"   --->   Operation 128 'add' 'add_ln837_4' <Predicate = true> <Delay = 0.00> <CoreInst = "TAddSub">   --->   Core 10 'TAddSub' <Latency = 0> <II = 1> <Delay = 1.60> <IPBlock> <Opcode : 'add' 'sub'> <InPorts = 3> <OutPorts = 1> <Sync> <CReg>
ST_35 : Operation 129 [1/1] (0.00ns)   --->   "%p_mid = partselect i6 @_ssdm_op_PartSelect.i6.i8.i32.i32, i8 %add_ln228, i32 1, i32 6" [src/ecg_classifier.cpp:228]   --->   Operation 129 'partselect' 'p_mid' <Predicate = (icmp_ln233 & icmp_ln230)> <Delay = 0.00>
ST_35 : Operation 130 [1/1] (0.00ns)   --->   "%trunc_ln228 = trunc i8 %select_ln228_1" [src/ecg_classifier.cpp:228]   --->   Operation 130 'trunc' 'trunc_ln228' <Predicate = (icmp_ln233)> <Delay = 0.00>
ST_35 : Operation 131 [1/1] (0.00ns)   --->   "%tmp_s = partselect i6 @_ssdm_op_PartSelect.i6.i8.i32.i32, i8 %ic_1_load, i32 1, i32 6" [src/ecg_classifier.cpp:228]   --->   Operation 131 'partselect' 'tmp_s' <Predicate = (icmp_ln233 & !icmp_ln230)> <Delay = 0.00>
ST_35 : Operation 132 [1/1] (0.97ns)   --->   "%select_ln228_2 = select i1 %icmp_ln230, i6 %p_mid, i6 %tmp_s" [src/ecg_classifier.cpp:228]   --->   Operation 132 'select' 'select_ln228_2' <Predicate = (icmp_ln233)> <Delay = 0.97> <CoreInst = "Sel">   --->   Core 73 'Sel' <Latency = 0> <II = 1> <Delay = 0.97> <FuncUnit> <Opcode : 'select'> <InPorts = 3> <OutPorts = 1>
ST_35 : Operation 133 [1/1] (0.00ns)   --->   "%zext_ln228 = zext i6 %select_ln228_2" [src/ecg_classifier.cpp:228]   --->   Operation 133 'zext' 'zext_ln228' <Predicate = (icmp_ln233)> <Delay = 0.00>
ST_35 : Operation 134 [1/1] (0.00ns)   --->   "%buf2_circ_V_addr = getelementptr i15 %buf2_circ_V, i64 0, i64 %zext_ln228" [src/ecg_classifier.cpp:228]   --->   Operation 134 'getelementptr' 'buf2_circ_V_addr' <Predicate = (icmp_ln233)> <Delay = 0.00>
ST_35 : Operation 135 [2/2] (1.75ns)   --->   "%buf2_circ_V_load = load i6 %buf2_circ_V_addr" [src/ecg_classifier.cpp:228]   --->   Operation 135 'load' 'buf2_circ_V_load' <Predicate = (icmp_ln233)> <Delay = 1.75> <CoreInst = "RAM">   --->   Core 82 'RAM' <Latency = 1> <II = 1> <Delay = 1.75> <Storage> <Opcode : 'load' 'store'> <Ports = 2> <Width = 15> <Depth = 64> <RAM>
ST_35 : Operation 136 [1/1] (0.00ns)   --->   "%buf2_circ_V_1_addr = getelementptr i15 %buf2_circ_V_1, i64 0, i64 %zext_ln228" [src/ecg_classifier.cpp:228]   --->   Operation 136 'getelementptr' 'buf2_circ_V_1_addr' <Predicate = (icmp_ln233)> <Delay = 0.00>
ST_35 : Operation 137 [2/2] (1.75ns)   --->   "%buf2_circ_V_1_load = load i6 %buf2_circ_V_1_addr" [src/ecg_classifier.cpp:228]   --->   Operation 137 'load' 'buf2_circ_V_1_load' <Predicate = (icmp_ln233)> <Delay = 1.75> <CoreInst = "RAM">   --->   Core 82 'RAM' <Latency = 1> <II = 1> <Delay = 1.75> <Storage> <Opcode : 'load' 'store'> <Ports = 2> <Width = 15> <Depth = 64> <RAM>
ST_35 : Operation 138 [1/1] (0.00ns)   --->   "%buf2_circ_V_2_addr = getelementptr i15 %buf2_circ_V_2, i64 0, i64 %zext_ln228" [src/ecg_classifier.cpp:228]   --->   Operation 138 'getelementptr' 'buf2_circ_V_2_addr' <Predicate = (icmp_ln233)> <Delay = 0.00>
ST_35 : Operation 139 [2/2] (1.75ns)   --->   "%buf2_circ_V_2_load = load i6 %buf2_circ_V_2_addr" [src/ecg_classifier.cpp:228]   --->   Operation 139 'load' 'buf2_circ_V_2_load' <Predicate = (icmp_ln233)> <Delay = 1.75> <CoreInst = "RAM">   --->   Core 82 'RAM' <Latency = 1> <II = 1> <Delay = 1.75> <Storage> <Opcode : 'load' 'store'> <Ports = 2> <Width = 15> <Depth = 64> <RAM>
ST_35 : Operation 140 [1/1] (0.00ns)   --->   "%buf2_circ_V_3_addr = getelementptr i15 %buf2_circ_V_3, i64 0, i64 %zext_ln228" [src/ecg_classifier.cpp:228]   --->   Operation 140 'getelementptr' 'buf2_circ_V_3_addr' <Predicate = (icmp_ln233)> <Delay = 0.00>
ST_35 : Operation 141 [2/2] (1.75ns)   --->   "%buf2_circ_V_3_load = load i6 %buf2_circ_V_3_addr" [src/ecg_classifier.cpp:228]   --->   Operation 141 'load' 'buf2_circ_V_3_load' <Predicate = (icmp_ln233)> <Delay = 1.75> <CoreInst = "RAM">   --->   Core 82 'RAM' <Latency = 1> <II = 1> <Delay = 1.75> <Storage> <Opcode : 'load' 'store'> <Ports = 2> <Width = 15> <Depth = 64> <RAM>
ST_35 : Operation 142 [1/1] (0.00ns)   --->   "%buf2_circ_V_4_addr = getelementptr i15 %buf2_circ_V_4, i64 0, i64 %zext_ln228" [src/ecg_classifier.cpp:228]   --->   Operation 142 'getelementptr' 'buf2_circ_V_4_addr' <Predicate = (icmp_ln233)> <Delay = 0.00>
ST_35 : Operation 143 [2/2] (1.75ns)   --->   "%buf2_circ_V_4_load = load i6 %buf2_circ_V_4_addr" [src/ecg_classifier.cpp:228]   --->   Operation 143 'load' 'buf2_circ_V_4_load' <Predicate = (icmp_ln233)> <Delay = 1.75> <CoreInst = "RAM">   --->   Core 82 'RAM' <Latency = 1> <II = 1> <Delay = 1.75> <Storage> <Opcode : 'load' 'store'> <Ports = 2> <Width = 15> <Depth = 64> <RAM>
ST_35 : Operation 144 [1/1] (0.00ns)   --->   "%buf2_circ_V_5_addr = getelementptr i15 %buf2_circ_V_5, i64 0, i64 %zext_ln228" [src/ecg_classifier.cpp:228]   --->   Operation 144 'getelementptr' 'buf2_circ_V_5_addr' <Predicate = (icmp_ln233)> <Delay = 0.00>
ST_35 : Operation 145 [2/2] (1.75ns)   --->   "%buf2_circ_V_5_load = load i6 %buf2_circ_V_5_addr" [src/ecg_classifier.cpp:228]   --->   Operation 145 'load' 'buf2_circ_V_5_load' <Predicate = (icmp_ln233)> <Delay = 1.75> <CoreInst = "RAM">   --->   Core 82 'RAM' <Latency = 1> <II = 1> <Delay = 1.75> <Storage> <Opcode : 'load' 'store'> <Ports = 2> <Width = 15> <Depth = 64> <RAM>
ST_35 : Operation 146 [1/1] (0.00ns)   --->   "%buf2_circ_V_6_addr = getelementptr i15 %buf2_circ_V_6, i64 0, i64 %zext_ln228" [src/ecg_classifier.cpp:228]   --->   Operation 146 'getelementptr' 'buf2_circ_V_6_addr' <Predicate = (icmp_ln233)> <Delay = 0.00>
ST_35 : Operation 147 [2/2] (1.75ns)   --->   "%buf2_circ_V_6_load = load i6 %buf2_circ_V_6_addr" [src/ecg_classifier.cpp:228]   --->   Operation 147 'load' 'buf2_circ_V_6_load' <Predicate = (icmp_ln233)> <Delay = 1.75> <CoreInst = "RAM">   --->   Core 82 'RAM' <Latency = 1> <II = 1> <Delay = 1.75> <Storage> <Opcode : 'load' 'store'> <Ports = 2> <Width = 15> <Depth = 64> <RAM>
ST_35 : Operation 148 [1/1] (0.00ns)   --->   "%buf2_circ_V_7_addr = getelementptr i15 %buf2_circ_V_7, i64 0, i64 %zext_ln228" [src/ecg_classifier.cpp:228]   --->   Operation 148 'getelementptr' 'buf2_circ_V_7_addr' <Predicate = (icmp_ln233)> <Delay = 0.00>
ST_35 : Operation 149 [2/2] (1.75ns)   --->   "%buf2_circ_V_7_load = load i6 %buf2_circ_V_7_addr" [src/ecg_classifier.cpp:228]   --->   Operation 149 'load' 'buf2_circ_V_7_load' <Predicate = (icmp_ln233)> <Delay = 1.75> <CoreInst = "RAM">   --->   Core 82 'RAM' <Latency = 1> <II = 1> <Delay = 1.75> <Storage> <Opcode : 'load' 'store'> <Ports = 2> <Width = 15> <Depth = 64> <RAM>
ST_35 : Operation 150 [1/1] (0.00ns)   --->   "%buf2_circ_V_8_addr = getelementptr i15 %buf2_circ_V_8, i64 0, i64 %zext_ln228" [src/ecg_classifier.cpp:228]   --->   Operation 150 'getelementptr' 'buf2_circ_V_8_addr' <Predicate = (icmp_ln233)> <Delay = 0.00>
ST_35 : Operation 151 [2/2] (1.75ns)   --->   "%buf2_circ_V_8_load = load i6 %buf2_circ_V_8_addr" [src/ecg_classifier.cpp:228]   --->   Operation 151 'load' 'buf2_circ_V_8_load' <Predicate = (icmp_ln233)> <Delay = 1.75> <CoreInst = "RAM">   --->   Core 82 'RAM' <Latency = 1> <II = 1> <Delay = 1.75> <Storage> <Opcode : 'load' 'store'> <Ports = 2> <Width = 15> <Depth = 64> <RAM>
ST_35 : Operation 152 [1/1] (0.00ns)   --->   "%buf2_circ_V_9_addr = getelementptr i15 %buf2_circ_V_9, i64 0, i64 %zext_ln228" [src/ecg_classifier.cpp:228]   --->   Operation 152 'getelementptr' 'buf2_circ_V_9_addr' <Predicate = (icmp_ln233)> <Delay = 0.00>
ST_35 : Operation 153 [2/2] (1.75ns)   --->   "%buf2_circ_V_9_load = load i6 %buf2_circ_V_9_addr" [src/ecg_classifier.cpp:228]   --->   Operation 153 'load' 'buf2_circ_V_9_load' <Predicate = (icmp_ln233)> <Delay = 1.75> <CoreInst = "RAM">   --->   Core 82 'RAM' <Latency = 1> <II = 1> <Delay = 1.75> <Storage> <Opcode : 'load' 'store'> <Ports = 2> <Width = 15> <Depth = 64> <RAM>
ST_35 : Operation 154 [1/1] (0.00ns)   --->   "%zext_ln837_10 = zext i3 %select_ln228"   --->   Operation 154 'zext' 'zext_ln837_10' <Predicate = true> <Delay = 0.00>
ST_35 : Operation 155 [1/1] (3.21ns) (root node of TernaryAdder)   --->   "%add_ln837_5 = add i17 %add_ln837, i17 %zext_ln837_10"   --->   Operation 155 'add' 'add_ln837_5' <Predicate = true> <Delay = 3.21> <CoreInst = "TAddSub">   --->   Core 10 'TAddSub' <Latency = 0> <II = 1> <Delay = 1.60> <IPBlock> <Opcode : 'add' 'sub'> <InPorts = 3> <OutPorts = 1> <Sync> <CReg>
ST_35 : Operation 156 [1/1] (0.00ns)   --->   "%zext_ln837_11 = zext i17 %add_ln837_5"   --->   Operation 156 'zext' 'zext_ln837_11' <Predicate = true> <Delay = 0.00>
ST_35 : Operation 157 [1/1] (0.00ns)   --->   "%clf_w_L3_W_V_addr = getelementptr i2 %clf_w_L3_W_V, i64 0, i64 %zext_ln837_11"   --->   Operation 157 'getelementptr' 'clf_w_L3_W_V_addr' <Predicate = true> <Delay = 0.00>
ST_35 : Operation 158 [1/1] (3.21ns) (root node of TernaryAdder)   --->   "%add_ln837_6 = add i17 %add_ln837_4, i17 %zext_ln837_10"   --->   Operation 158 'add' 'add_ln837_6' <Predicate = true> <Delay = 3.21> <CoreInst = "TAddSub">   --->   Core 10 'TAddSub' <Latency = 0> <II = 1> <Delay = 1.60> <IPBlock> <Opcode : 'add' 'sub'> <InPorts = 3> <OutPorts = 1> <Sync> <CReg>
ST_35 : Operation 159 [1/1] (0.00ns)   --->   "%zext_ln837_12 = zext i17 %add_ln837_6"   --->   Operation 159 'zext' 'zext_ln837_12' <Predicate = true> <Delay = 0.00>
ST_35 : Operation 160 [1/1] (0.00ns)   --->   "%clf_w_L3_W_V_addr_1 = getelementptr i2 %clf_w_L3_W_V, i64 0, i64 %zext_ln837_12"   --->   Operation 160 'getelementptr' 'clf_w_L3_W_V_addr_1' <Predicate = true> <Delay = 0.00>
ST_35 : Operation 161 [2/36] (3.56ns)   --->   "%empty_60 = urem i32 %p_smodpre5_cast, i32 5" [src/ecg_classifier.cpp:233]   --->   Operation 161 'urem' 'empty_60' <Predicate = true> <Delay = 3.56> <CoreInst = "Divider">   --->   Core 6 'Divider' <Latency = 35> <II = 1> <Delay = 3.56> <FuncUnit> <Opcode : 'sdiv' 'srem' 'udiv' 'urem'> <InPorts = 2> <OutPorts = 1>
ST_35 : Operation 162 [2/2] (2.77ns)   --->   "%clf_w_L3_W_V_load = load i17 %clf_w_L3_W_V_addr"   --->   Operation 162 'load' 'clf_w_L3_W_V_load' <Predicate = true> <Delay = 2.77> <CoreInst = "ROM">   --->   Core 95 'ROM' <Latency = 1> <II = 1> <Delay = 2.77> <Storage> <Opcode : 'load'> <Ports = 0> <Width = 2> <Depth = 81920> <ROM>
ST_35 : Operation 163 [2/2] (2.77ns)   --->   "%clf_w_L3_W_V_load_1 = load i17 %clf_w_L3_W_V_addr_1"   --->   Operation 163 'load' 'clf_w_L3_W_V_load_1' <Predicate = true> <Delay = 2.77> <CoreInst = "ROM">   --->   Core 95 'ROM' <Latency = 1> <II = 1> <Delay = 2.77> <Storage> <Opcode : 'load'> <Ports = 0> <Width = 2> <Depth = 81920> <ROM>
ST_35 : Operation 164 [1/1] (1.29ns)   --->   "%store_ln230 = store i8 %select_ln228_1, i8 %ic_1" [src/ecg_classifier.cpp:230]   --->   Operation 164 'store' 'store_ln230' <Predicate = true> <Delay = 1.29>

State 36 <SV = 35> <Delay = 4.94>
ST_36 : Operation 165 [1/2] (1.75ns)   --->   "%buf2_circ_V_load = load i6 %buf2_circ_V_addr" [src/ecg_classifier.cpp:228]   --->   Operation 165 'load' 'buf2_circ_V_load' <Predicate = (icmp_ln233)> <Delay = 1.75> <CoreInst = "RAM">   --->   Core 82 'RAM' <Latency = 1> <II = 1> <Delay = 1.75> <Storage> <Opcode : 'load' 'store'> <Ports = 2> <Width = 15> <Depth = 64> <RAM>
ST_36 : Operation 166 [1/2] (1.75ns)   --->   "%buf2_circ_V_1_load = load i6 %buf2_circ_V_1_addr" [src/ecg_classifier.cpp:228]   --->   Operation 166 'load' 'buf2_circ_V_1_load' <Predicate = (icmp_ln233)> <Delay = 1.75> <CoreInst = "RAM">   --->   Core 82 'RAM' <Latency = 1> <II = 1> <Delay = 1.75> <Storage> <Opcode : 'load' 'store'> <Ports = 2> <Width = 15> <Depth = 64> <RAM>
ST_36 : Operation 167 [1/2] (1.75ns)   --->   "%buf2_circ_V_2_load = load i6 %buf2_circ_V_2_addr" [src/ecg_classifier.cpp:228]   --->   Operation 167 'load' 'buf2_circ_V_2_load' <Predicate = (icmp_ln233)> <Delay = 1.75> <CoreInst = "RAM">   --->   Core 82 'RAM' <Latency = 1> <II = 1> <Delay = 1.75> <Storage> <Opcode : 'load' 'store'> <Ports = 2> <Width = 15> <Depth = 64> <RAM>
ST_36 : Operation 168 [1/2] (1.75ns)   --->   "%buf2_circ_V_3_load = load i6 %buf2_circ_V_3_addr" [src/ecg_classifier.cpp:228]   --->   Operation 168 'load' 'buf2_circ_V_3_load' <Predicate = (icmp_ln233)> <Delay = 1.75> <CoreInst = "RAM">   --->   Core 82 'RAM' <Latency = 1> <II = 1> <Delay = 1.75> <Storage> <Opcode : 'load' 'store'> <Ports = 2> <Width = 15> <Depth = 64> <RAM>
ST_36 : Operation 169 [1/2] (1.75ns)   --->   "%buf2_circ_V_4_load = load i6 %buf2_circ_V_4_addr" [src/ecg_classifier.cpp:228]   --->   Operation 169 'load' 'buf2_circ_V_4_load' <Predicate = (icmp_ln233)> <Delay = 1.75> <CoreInst = "RAM">   --->   Core 82 'RAM' <Latency = 1> <II = 1> <Delay = 1.75> <Storage> <Opcode : 'load' 'store'> <Ports = 2> <Width = 15> <Depth = 64> <RAM>
ST_36 : Operation 170 [1/2] (1.75ns)   --->   "%buf2_circ_V_5_load = load i6 %buf2_circ_V_5_addr" [src/ecg_classifier.cpp:228]   --->   Operation 170 'load' 'buf2_circ_V_5_load' <Predicate = (icmp_ln233)> <Delay = 1.75> <CoreInst = "RAM">   --->   Core 82 'RAM' <Latency = 1> <II = 1> <Delay = 1.75> <Storage> <Opcode : 'load' 'store'> <Ports = 2> <Width = 15> <Depth = 64> <RAM>
ST_36 : Operation 171 [1/2] (1.75ns)   --->   "%buf2_circ_V_6_load = load i6 %buf2_circ_V_6_addr" [src/ecg_classifier.cpp:228]   --->   Operation 171 'load' 'buf2_circ_V_6_load' <Predicate = (icmp_ln233)> <Delay = 1.75> <CoreInst = "RAM">   --->   Core 82 'RAM' <Latency = 1> <II = 1> <Delay = 1.75> <Storage> <Opcode : 'load' 'store'> <Ports = 2> <Width = 15> <Depth = 64> <RAM>
ST_36 : Operation 172 [1/2] (1.75ns)   --->   "%buf2_circ_V_7_load = load i6 %buf2_circ_V_7_addr" [src/ecg_classifier.cpp:228]   --->   Operation 172 'load' 'buf2_circ_V_7_load' <Predicate = (icmp_ln233)> <Delay = 1.75> <CoreInst = "RAM">   --->   Core 82 'RAM' <Latency = 1> <II = 1> <Delay = 1.75> <Storage> <Opcode : 'load' 'store'> <Ports = 2> <Width = 15> <Depth = 64> <RAM>
ST_36 : Operation 173 [1/2] (1.75ns)   --->   "%buf2_circ_V_8_load = load i6 %buf2_circ_V_8_addr" [src/ecg_classifier.cpp:228]   --->   Operation 173 'load' 'buf2_circ_V_8_load' <Predicate = (icmp_ln233)> <Delay = 1.75> <CoreInst = "RAM">   --->   Core 82 'RAM' <Latency = 1> <II = 1> <Delay = 1.75> <Storage> <Opcode : 'load' 'store'> <Ports = 2> <Width = 15> <Depth = 64> <RAM>
ST_36 : Operation 174 [1/2] (1.75ns)   --->   "%buf2_circ_V_9_load = load i6 %buf2_circ_V_9_addr" [src/ecg_classifier.cpp:228]   --->   Operation 174 'load' 'buf2_circ_V_9_load' <Predicate = (icmp_ln233)> <Delay = 1.75> <CoreInst = "RAM">   --->   Core 82 'RAM' <Latency = 1> <II = 1> <Delay = 1.75> <Storage> <Opcode : 'load' 'store'> <Ports = 2> <Width = 15> <Depth = 64> <RAM>
ST_36 : Operation 175 [1/36] (3.56ns)   --->   "%empty_60 = urem i32 %p_smodpre5_cast, i32 5" [src/ecg_classifier.cpp:233]   --->   Operation 175 'urem' 'empty_60' <Predicate = true> <Delay = 3.56> <CoreInst = "Divider">   --->   Core 6 'Divider' <Latency = 35> <II = 1> <Delay = 3.56> <FuncUnit> <Opcode : 'sdiv' 'srem' 'udiv' 'urem'> <InPorts = 2> <OutPorts = 1>
ST_36 : Operation 176 [1/1] (0.00ns)   --->   "%empty_61 = trunc i3 %empty_60" [src/ecg_classifier.cpp:233]   --->   Operation 176 'trunc' 'empty_61' <Predicate = (icmp_ln233)> <Delay = 0.00>
ST_36 : Operation 177 [1/1] (1.29ns)   --->   "%tmp_9 = mux i15 @_ssdm_op_Mux.ap_auto.2i15.i1, i15 %buf2_circ_V_load, i15 %buf2_circ_V_1_load, i1 %trunc_ln228"   --->   Operation 177 'mux' 'tmp_9' <Predicate = (icmp_ln233)> <Delay = 1.29> <CoreInst = "Multiplexer">   --->   Core 76 'Multiplexer' <Latency = 0> <II = 1> <Delay = 1.29> <FuncUnit> <Opcode : 'mux'> <InPorts = 2> <OutPorts = 1>
ST_36 : Operation 178 [1/1] (1.29ns)   --->   "%tmp_10 = mux i15 @_ssdm_op_Mux.ap_auto.2i15.i1, i15 %buf2_circ_V_2_load, i15 %buf2_circ_V_3_load, i1 %trunc_ln228"   --->   Operation 178 'mux' 'tmp_10' <Predicate = (icmp_ln233)> <Delay = 1.29> <CoreInst = "Multiplexer">   --->   Core 76 'Multiplexer' <Latency = 0> <II = 1> <Delay = 1.29> <FuncUnit> <Opcode : 'mux'> <InPorts = 2> <OutPorts = 1>
ST_36 : Operation 179 [1/1] (1.29ns)   --->   "%tmp_11 = mux i15 @_ssdm_op_Mux.ap_auto.2i15.i1, i15 %buf2_circ_V_4_load, i15 %buf2_circ_V_5_load, i1 %trunc_ln228"   --->   Operation 179 'mux' 'tmp_11' <Predicate = (icmp_ln233)> <Delay = 1.29> <CoreInst = "Multiplexer">   --->   Core 76 'Multiplexer' <Latency = 0> <II = 1> <Delay = 1.29> <FuncUnit> <Opcode : 'mux'> <InPorts = 2> <OutPorts = 1>
ST_36 : Operation 180 [1/1] (1.29ns)   --->   "%tmp_12 = mux i15 @_ssdm_op_Mux.ap_auto.2i15.i1, i15 %buf2_circ_V_6_load, i15 %buf2_circ_V_7_load, i1 %trunc_ln228"   --->   Operation 180 'mux' 'tmp_12' <Predicate = (icmp_ln233)> <Delay = 1.29> <CoreInst = "Multiplexer">   --->   Core 76 'Multiplexer' <Latency = 0> <II = 1> <Delay = 1.29> <FuncUnit> <Opcode : 'mux'> <InPorts = 2> <OutPorts = 1>
ST_36 : Operation 181 [1/1] (1.29ns)   --->   "%tmp_13 = mux i15 @_ssdm_op_Mux.ap_auto.2i15.i1, i15 %buf2_circ_V_8_load, i15 %buf2_circ_V_9_load, i1 %trunc_ln228"   --->   Operation 181 'mux' 'tmp_13' <Predicate = (icmp_ln233)> <Delay = 1.29> <CoreInst = "Multiplexer">   --->   Core 76 'Multiplexer' <Latency = 0> <II = 1> <Delay = 1.29> <FuncUnit> <Opcode : 'mux'> <InPorts = 2> <OutPorts = 1>
ST_36 : Operation 182 [1/1] (1.37ns)   --->   "%tmp_14 = mux i15 @_ssdm_op_Mux.ap_auto.5i15.i3, i15 %tmp_9, i15 %tmp_10, i15 %tmp_11, i15 %tmp_12, i15 %tmp_13, i3 %empty_61"   --->   Operation 182 'mux' 'tmp_14' <Predicate = (icmp_ln233)> <Delay = 1.37> <CoreInst = "Multiplexer">   --->   Core 76 'Multiplexer' <Latency = 0> <II = 1> <Delay = 1.37> <FuncUnit> <Opcode : 'mux'> <InPorts = 2> <OutPorts = 1>
ST_36 : Operation 183 [1/2] (2.77ns)   --->   "%clf_w_L3_W_V_load = load i17 %clf_w_L3_W_V_addr"   --->   Operation 183 'load' 'clf_w_L3_W_V_load' <Predicate = true> <Delay = 2.77> <CoreInst = "ROM">   --->   Core 95 'ROM' <Latency = 1> <II = 1> <Delay = 2.77> <Storage> <Opcode : 'load'> <Ports = 0> <Width = 2> <Depth = 81920> <ROM>
ST_36 : Operation 184 [1/2] (2.77ns)   --->   "%clf_w_L3_W_V_load_1 = load i17 %clf_w_L3_W_V_addr_1"   --->   Operation 184 'load' 'clf_w_L3_W_V_load_1' <Predicate = true> <Delay = 2.77> <CoreInst = "ROM">   --->   Core 95 'ROM' <Latency = 1> <II = 1> <Delay = 2.77> <Storage> <Opcode : 'load'> <Ports = 0> <Width = 2> <Depth = 81920> <ROM>

State 37 <SV = 36> <Delay = 7.82>
ST_37 : Operation 185 [1/1] (0.00ns)   --->   "%x_V = bitconcatenate i23 @_ssdm_op_BitConcatenate.i23.i15.i8, i15 %tmp_14, i8 0"   --->   Operation 185 'bitconcatenate' 'x_V' <Predicate = (icmp_ln233)> <Delay = 0.00>
ST_37 : Operation 186 [1/1] (0.99ns)   --->   "%select_ln233 = select i1 %icmp_ln233, i23 %x_V, i23 0" [src/ecg_classifier.cpp:233]   --->   Operation 186 'select' 'select_ln233' <Predicate = true> <Delay = 0.99> <CoreInst = "Sel">   --->   Core 73 'Sel' <Latency = 0> <II = 1> <Delay = 0.99> <FuncUnit> <Opcode : 'select'> <InPorts = 3> <OutPorts = 1>
ST_37 : Operation 187 [1/1] (0.00ns)   --->   "%r_V = bitconcatenate i31 @_ssdm_op_BitConcatenate.i31.i23.i8, i23 %select_ln233, i8 0"   --->   Operation 187 'bitconcatenate' 'r_V' <Predicate = true> <Delay = 0.00>
ST_37 : Operation 188 [1/1] (0.00ns)   --->   "%shl_ln838_5 = bitconcatenate i22 @_ssdm_op_BitConcatenate.i22.i2.i20, i2 %clf_w_L3_W_V_load, i20 0"   --->   Operation 188 'bitconcatenate' 'shl_ln838_5' <Predicate = true> <Delay = 0.00>
ST_37 : Operation 189 [1/1] (0.00ns)   --->   "%zext_ln1270 = zext i31 %r_V"   --->   Operation 189 'zext' 'zext_ln1270' <Predicate = true> <Delay = 0.00>
ST_37 : Operation 190 [1/1] (0.00ns)   --->   "%sext_ln1273 = sext i22 %shl_ln838_5"   --->   Operation 190 'sext' 'sext_ln1273' <Predicate = true> <Delay = 0.00>
ST_37 : Operation 191 [1/1] (6.82ns)   --->   "%r_V_6 = mul i53 %sext_ln1273, i53 %zext_ln1270"   --->   Operation 191 'mul' 'r_V_6' <Predicate = true> <Delay = 6.82> <CoreInst = "Multiplier">   --->   Core 3 'Multiplier' <Latency = 0> <II = 1> <Delay = 6.82> <FuncUnit> <Opcode : 'mul'> <InPorts = 2> <OutPorts = 1>
ST_37 : Operation 192 [1/1] (0.00ns)   --->   "%shl_ln2 = bitconcatenate i22 @_ssdm_op_BitConcatenate.i22.i2.i20, i2 %clf_w_L3_W_V_load_1, i20 0"   --->   Operation 192 'bitconcatenate' 'shl_ln2' <Predicate = true> <Delay = 0.00>
ST_37 : Operation 193 [1/1] (0.00ns)   --->   "%sext_ln1273_2 = sext i22 %shl_ln2"   --->   Operation 193 'sext' 'sext_ln1273_2' <Predicate = true> <Delay = 0.00>
ST_37 : Operation 194 [1/1] (6.82ns)   --->   "%r_V_7 = mul i53 %sext_ln1273_2, i53 %zext_ln1270"   --->   Operation 194 'mul' 'r_V_7' <Predicate = true> <Delay = 6.82> <CoreInst = "Multiplier">   --->   Core 3 'Multiplier' <Latency = 0> <II = 1> <Delay = 6.82> <FuncUnit> <Opcode : 'mul'> <InPorts = 2> <OutPorts = 1>
ST_37 : Operation 224 [1/1] (0.00ns)   --->   "%phi_ln818_2_load = load i32 %phi_ln818_2"   --->   Operation 224 'load' 'phi_ln818_2_load' <Predicate = (icmp_ln228)> <Delay = 0.00>
ST_37 : Operation 225 [1/1] (0.00ns)   --->   "%phi_ln818_1_load = load i32 %phi_ln818_1"   --->   Operation 225 'load' 'phi_ln818_1_load' <Predicate = (icmp_ln228)> <Delay = 0.00>
ST_37 : Operation 226 [1/1] (0.00ns)   --->   "%write_ln0 = write void @_ssdm_op_Write.ap_auto.i32P0A, i32 %phi_ln818_1_out, i32 %phi_ln818_1_load"   --->   Operation 226 'write' 'write_ln0' <Predicate = (icmp_ln228)> <Delay = 0.00>
ST_37 : Operation 227 [1/1] (0.00ns)   --->   "%write_ln0 = write void @_ssdm_op_Write.ap_auto.i32P0A, i32 %phi_ln818_2_out, i32 %phi_ln818_2_load"   --->   Operation 227 'write' 'write_ln0' <Predicate = (icmp_ln228)> <Delay = 0.00>
ST_37 : Operation 228 [1/1] (0.00ns)   --->   "%ret_ln0 = ret"   --->   Operation 228 'ret' 'ret_ln0' <Predicate = (icmp_ln228)> <Delay = 0.00>

State 38 <SV = 37> <Delay = 4.11>
ST_38 : Operation 195 [1/1] (0.00ns)   --->   "%lhs_V_load = load i48 %lhs_V" [src/ecg_classifier.cpp:230]   --->   Operation 195 'load' 'lhs_V_load' <Predicate = true> <Delay = 0.00>
ST_38 : Operation 196 [1/1] (0.00ns)   --->   "%lhs_V_5_load = load i48 %lhs_V_5" [src/ecg_classifier.cpp:230]   --->   Operation 196 'load' 'lhs_V_5_load' <Predicate = true> <Delay = 0.00>
ST_38 : Operation 197 [1/1] (0.00ns)   --->   "%specloopname_ln0 = specloopname void @_ssdm_op_SpecLoopName, void @L3_IC_L3_K_str"   --->   Operation 197 'specloopname' 'specloopname_ln0' <Predicate = true> <Delay = 0.00>
ST_38 : Operation 198 [1/1] (0.00ns)   --->   "%empty = speclooptripcount i32 @_ssdm_op_SpecLoopTripCount, i64 640, i64 640, i64 640"   --->   Operation 198 'speclooptripcount' 'empty' <Predicate = true> <Delay = 0.00>
ST_38 : Operation 199 [1/1] (0.00ns)   --->   "%specpipeline_ln231 = specpipeline void @_ssdm_op_SpecPipeline, i32 1, i32 0, i32 0, i32 0, void @empty_17" [src/ecg_classifier.cpp:231]   --->   Operation 199 'specpipeline' 'specpipeline_ln231' <Predicate = true> <Delay = 0.00>
ST_38 : Operation 200 [1/1] (0.00ns)   --->   "%specloopname_ln225 = specloopname void @_ssdm_op_SpecLoopName, void @empty_28" [src/ecg_classifier.cpp:225]   --->   Operation 200 'specloopname' 'specloopname_ln225' <Predicate = true> <Delay = 0.00>
ST_38 : Operation 201 [1/1] (0.00ns)   --->   "%lhs_V_6 = bitconcatenate i72 @_ssdm_op_BitConcatenate.i72.i48.i24, i48 %lhs_V_load, i24 0"   --->   Operation 201 'bitconcatenate' 'lhs_V_6' <Predicate = true> <Delay = 0.00>
ST_38 : Operation 202 [1/1] (0.00ns)   --->   "%trunc_ln230 = trunc i48 %lhs_V_load" [src/ecg_classifier.cpp:230]   --->   Operation 202 'trunc' 'trunc_ln230' <Predicate = true> <Delay = 0.00>
ST_38 : Operation 203 [1/1] (0.00ns)   --->   "%sext_ln1347_2 = bitconcatenate i64 @_ssdm_op_BitConcatenate.i64.i40.i24, i40 %trunc_ln230, i24 0" [src/ecg_classifier.cpp:230]   --->   Operation 203 'bitconcatenate' 'sext_ln1347_2' <Predicate = true> <Delay = 0.00>
ST_38 : Operation 204 [1/1] (0.00ns)   --->   "%sext_ln230 = sext i53 %r_V_6" [src/ecg_classifier.cpp:230]   --->   Operation 204 'sext' 'sext_ln230' <Predicate = true> <Delay = 0.00>
ST_38 : Operation 205 [1/1] (0.00ns)   --->   "%sext_ln1347 = sext i53 %r_V_6"   --->   Operation 205 'sext' 'sext_ln1347' <Predicate = true> <Delay = 0.00>
ST_38 : Operation 206 [1/1] (2.69ns)   --->   "%add_ln230_1 = add i64 %sext_ln1347_2, i64 %sext_ln230" [src/ecg_classifier.cpp:230]   --->   Operation 206 'add' 'add_ln230_1' <Predicate = true> <Delay = 2.69> <CoreInst = "Adder">   --->   Core 1 'Adder' <Latency = 0> <II = 1> <Delay = 2.69> <FuncUnit> <Opcode : 'add' 'sub'> <InPorts = 2> <OutPorts = 1>
ST_38 : Operation 207 [1/1] (2.81ns)   --->   "%add_ln1347 = add i72 %lhs_V_6, i72 %sext_ln1347"   --->   Operation 207 'add' 'add_ln1347' <Predicate = true> <Delay = 2.81> <CoreInst = "Adder">   --->   Core 1 'Adder' <Latency = 0> <II = 1> <Delay = 2.81> <FuncUnit> <Opcode : 'add' 'sub'> <InPorts = 2> <OutPorts = 1>
ST_38 : Operation 208 [1/1] (0.00ns)   --->   "%acc0_V = partselect i48 @_ssdm_op_PartSelect.i48.i72.i32.i32, i72 %add_ln1347, i32 24, i32 71"   --->   Operation 208 'partselect' 'acc0_V' <Predicate = true> <Delay = 0.00>
ST_38 : Operation 209 [1/1] (0.00ns)   --->   "%lhs_V_7 = bitconcatenate i72 @_ssdm_op_BitConcatenate.i72.i48.i24, i48 %lhs_V_5_load, i24 0"   --->   Operation 209 'bitconcatenate' 'lhs_V_7' <Predicate = true> <Delay = 0.00>
ST_38 : Operation 210 [1/1] (0.00ns)   --->   "%trunc_ln230_1 = trunc i48 %lhs_V_5_load" [src/ecg_classifier.cpp:230]   --->   Operation 210 'trunc' 'trunc_ln230_1' <Predicate = true> <Delay = 0.00>
ST_38 : Operation 211 [1/1] (0.00ns)   --->   "%sext_ln1347_4 = bitconcatenate i64 @_ssdm_op_BitConcatenate.i64.i40.i24, i40 %trunc_ln230_1, i24 0" [src/ecg_classifier.cpp:230]   --->   Operation 211 'bitconcatenate' 'sext_ln1347_4' <Predicate = true> <Delay = 0.00>
ST_38 : Operation 212 [1/1] (0.00ns)   --->   "%sext_ln230_1 = sext i53 %r_V_7" [src/ecg_classifier.cpp:230]   --->   Operation 212 'sext' 'sext_ln230_1' <Predicate = true> <Delay = 0.00>
ST_38 : Operation 213 [1/1] (0.00ns)   --->   "%sext_ln1347_3 = sext i53 %r_V_7"   --->   Operation 213 'sext' 'sext_ln1347_3' <Predicate = true> <Delay = 0.00>
ST_38 : Operation 214 [1/1] (2.69ns)   --->   "%add_ln230_2 = add i64 %sext_ln1347_4, i64 %sext_ln230_1" [src/ecg_classifier.cpp:230]   --->   Operation 214 'add' 'add_ln230_2' <Predicate = true> <Delay = 2.69> <CoreInst = "Adder">   --->   Core 1 'Adder' <Latency = 0> <II = 1> <Delay = 2.69> <FuncUnit> <Opcode : 'add' 'sub'> <InPorts = 2> <OutPorts = 1>
ST_38 : Operation 215 [1/1] (2.81ns)   --->   "%add_ln1347_2 = add i72 %lhs_V_7, i72 %sext_ln1347_3"   --->   Operation 215 'add' 'add_ln1347_2' <Predicate = true> <Delay = 2.81> <CoreInst = "Adder">   --->   Core 1 'Adder' <Latency = 0> <II = 1> <Delay = 2.81> <FuncUnit> <Opcode : 'add' 'sub'> <InPorts = 2> <OutPorts = 1>
ST_38 : Operation 216 [1/1] (0.00ns)   --->   "%acc1_V = partselect i48 @_ssdm_op_PartSelect.i48.i72.i32.i32, i72 %add_ln1347_2, i32 24, i32 71"   --->   Operation 216 'partselect' 'acc1_V' <Predicate = true> <Delay = 0.00>
ST_38 : Operation 217 [1/1] (0.00ns)   --->   "%phitmp1 = partselect i32 @_ssdm_op_PartSelect.i32.i64.i32.i32, i64 %add_ln230_1, i32 32, i32 63" [src/ecg_classifier.cpp:230]   --->   Operation 217 'partselect' 'phitmp1' <Predicate = true> <Delay = 0.00>
ST_38 : Operation 218 [1/1] (0.00ns)   --->   "%phitmp2 = partselect i32 @_ssdm_op_PartSelect.i32.i64.i32.i32, i64 %add_ln230_2, i32 32, i32 63" [src/ecg_classifier.cpp:230]   --->   Operation 218 'partselect' 'phitmp2' <Predicate = true> <Delay = 0.00>
ST_38 : Operation 219 [1/1] (1.29ns)   --->   "%store_ln230 = store i48 %acc1_V, i48 %lhs_V_5" [src/ecg_classifier.cpp:230]   --->   Operation 219 'store' 'store_ln230' <Predicate = true> <Delay = 1.29>
ST_38 : Operation 220 [1/1] (1.29ns)   --->   "%store_ln230 = store i48 %acc0_V, i48 %lhs_V" [src/ecg_classifier.cpp:230]   --->   Operation 220 'store' 'store_ln230' <Predicate = true> <Delay = 1.29>
ST_38 : Operation 221 [1/1] (1.29ns)   --->   "%store_ln230 = store i32 %phitmp1, i32 %phi_ln818_1" [src/ecg_classifier.cpp:230]   --->   Operation 221 'store' 'store_ln230' <Predicate = true> <Delay = 1.29>
ST_38 : Operation 222 [1/1] (1.29ns)   --->   "%store_ln230 = store i32 %phitmp2, i32 %phi_ln818_2" [src/ecg_classifier.cpp:230]   --->   Operation 222 'store' 'store_ln230' <Predicate = true> <Delay = 1.29>
ST_38 : Operation 223 [1/1] (0.00ns)   --->   "%br_ln230 = br void %for.body475" [src/ecg_classifier.cpp:230]   --->   Operation 223 'br' 'br_ln230' <Predicate = true> <Delay = 0.00>


============================================================
+ Verbose Summary: Timing violations
============================================================
Target clock period: 13ns, clock uncertainty: 3.51ns.

 <State 1>: 7.45ns
The critical path consists of the following:
	'alloca' operation ('k') [23]  (0 ns)
	'load' operation ('k_load', src/ecg_classifier.cpp:230) on local variable 'k' [50]  (0 ns)
	'icmp' operation ('icmp_ln230', src/ecg_classifier.cpp:230) [55]  (0.98 ns)
	'select' operation ('select_ln228', src/ecg_classifier.cpp:228) [56]  (0.795 ns)
	'add' operation ('add_ln233', src/ecg_classifier.cpp:233) [104]  (1.31 ns)
	'xor' operation ('p_smodpre5', src/ecg_classifier.cpp:233) [108]  (0.806 ns)
	'urem' operation ('empty_60', src/ecg_classifier.cpp:233) [110]  (3.57 ns)

 <State 2>: 3.57ns
The critical path consists of the following:
	'urem' operation ('empty_60', src/ecg_classifier.cpp:233) [110]  (3.57 ns)

 <State 3>: 3.57ns
The critical path consists of the following:
	'urem' operation ('empty_60', src/ecg_classifier.cpp:233) [110]  (3.57 ns)

 <State 4>: 3.57ns
The critical path consists of the following:
	'urem' operation ('empty_60', src/ecg_classifier.cpp:233) [110]  (3.57 ns)

 <State 5>: 3.57ns
The critical path consists of the following:
	'urem' operation ('empty_60', src/ecg_classifier.cpp:233) [110]  (3.57 ns)

 <State 6>: 3.57ns
The critical path consists of the following:
	'urem' operation ('empty_60', src/ecg_classifier.cpp:233) [110]  (3.57 ns)

 <State 7>: 3.57ns
The critical path consists of the following:
	'urem' operation ('empty_60', src/ecg_classifier.cpp:233) [110]  (3.57 ns)

 <State 8>: 3.57ns
The critical path consists of the following:
	'urem' operation ('empty_60', src/ecg_classifier.cpp:233) [110]  (3.57 ns)

 <State 9>: 3.57ns
The critical path consists of the following:
	'urem' operation ('empty_60', src/ecg_classifier.cpp:233) [110]  (3.57 ns)

 <State 10>: 3.57ns
The critical path consists of the following:
	'urem' operation ('empty_60', src/ecg_classifier.cpp:233) [110]  (3.57 ns)

 <State 11>: 3.57ns
The critical path consists of the following:
	'urem' operation ('empty_60', src/ecg_classifier.cpp:233) [110]  (3.57 ns)

 <State 12>: 3.57ns
The critical path consists of the following:
	'urem' operation ('empty_60', src/ecg_classifier.cpp:233) [110]  (3.57 ns)

 <State 13>: 3.57ns
The critical path consists of the following:
	'urem' operation ('empty_60', src/ecg_classifier.cpp:233) [110]  (3.57 ns)

 <State 14>: 3.57ns
The critical path consists of the following:
	'urem' operation ('empty_60', src/ecg_classifier.cpp:233) [110]  (3.57 ns)

 <State 15>: 3.57ns
The critical path consists of the following:
	'urem' operation ('empty_60', src/ecg_classifier.cpp:233) [110]  (3.57 ns)

 <State 16>: 3.57ns
The critical path consists of the following:
	'urem' operation ('empty_60', src/ecg_classifier.cpp:233) [110]  (3.57 ns)

 <State 17>: 3.57ns
The critical path consists of the following:
	'urem' operation ('empty_60', src/ecg_classifier.cpp:233) [110]  (3.57 ns)

 <State 18>: 3.57ns
The critical path consists of the following:
	'urem' operation ('empty_60', src/ecg_classifier.cpp:233) [110]  (3.57 ns)

 <State 19>: 3.57ns
The critical path consists of the following:
	'urem' operation ('empty_60', src/ecg_classifier.cpp:233) [110]  (3.57 ns)

 <State 20>: 3.57ns
The critical path consists of the following:
	'urem' operation ('empty_60', src/ecg_classifier.cpp:233) [110]  (3.57 ns)

 <State 21>: 3.57ns
The critical path consists of the following:
	'urem' operation ('empty_60', src/ecg_classifier.cpp:233) [110]  (3.57 ns)

 <State 22>: 3.57ns
The critical path consists of the following:
	'urem' operation ('empty_60', src/ecg_classifier.cpp:233) [110]  (3.57 ns)

 <State 23>: 3.57ns
The critical path consists of the following:
	'urem' operation ('empty_60', src/ecg_classifier.cpp:233) [110]  (3.57 ns)

 <State 24>: 3.57ns
The critical path consists of the following:
	'urem' operation ('empty_60', src/ecg_classifier.cpp:233) [110]  (3.57 ns)

 <State 25>: 3.57ns
The critical path consists of the following:
	'urem' operation ('empty_60', src/ecg_classifier.cpp:233) [110]  (3.57 ns)

 <State 26>: 3.57ns
The critical path consists of the following:
	'urem' operation ('empty_60', src/ecg_classifier.cpp:233) [110]  (3.57 ns)

 <State 27>: 3.57ns
The critical path consists of the following:
	'urem' operation ('empty_60', src/ecg_classifier.cpp:233) [110]  (3.57 ns)

 <State 28>: 3.57ns
The critical path consists of the following:
	'urem' operation ('empty_60', src/ecg_classifier.cpp:233) [110]  (3.57 ns)

 <State 29>: 3.57ns
The critical path consists of the following:
	'urem' operation ('empty_60', src/ecg_classifier.cpp:233) [110]  (3.57 ns)

 <State 30>: 3.57ns
The critical path consists of the following:
	'urem' operation ('empty_60', src/ecg_classifier.cpp:233) [110]  (3.57 ns)

 <State 31>: 3.57ns
The critical path consists of the following:
	'urem' operation ('empty_60', src/ecg_classifier.cpp:233) [110]  (3.57 ns)

 <State 32>: 3.57ns
The critical path consists of the following:
	'urem' operation ('empty_60', src/ecg_classifier.cpp:233) [110]  (3.57 ns)

 <State 33>: 3.57ns
The critical path consists of the following:
	'urem' operation ('empty_60', src/ecg_classifier.cpp:233) [110]  (3.57 ns)

 <State 34>: 3.57ns
The critical path consists of the following:
	'urem' operation ('empty_60', src/ecg_classifier.cpp:233) [110]  (3.57 ns)

 <State 35>: 9.26ns
The critical path consists of the following:
	'load' operation ('ic_1_load', src/ecg_classifier.cpp:228) on local variable 'ic' [51]  (0 ns)
	'add' operation ('add_ln228', src/ecg_classifier.cpp:228) [52]  (1.31 ns)
	'select' operation ('select_ln228_1', src/ecg_classifier.cpp:228) [57]  (0.448 ns)
	'add' operation ('add_ln837_3') [65]  (1.53 ns)
	'add' operation ('add_ln837_4') [68]  (0 ns)
	'add' operation ('add_ln837_6') [98]  (3.21 ns)
	'getelementptr' operation ('clf_w_L3_W_V_addr_1') [100]  (0 ns)
	'load' operation ('clf_w_L3_W_V_load_1') on array 'clf_w_L3_W_V' [134]  (2.77 ns)

 <State 36>: 4.95ns
The critical path consists of the following:
	'urem' operation ('empty_60', src/ecg_classifier.cpp:233) [110]  (3.57 ns)
	'mux' operation ('tmp_14') [117]  (1.38 ns)

 <State 37>: 7.83ns
The critical path consists of the following:
	'select' operation ('select_ln233', src/ecg_classifier.cpp:233) [119]  (0.998 ns)
	'mul' operation ('r.V') [125]  (6.83 ns)

 <State 38>: 4.12ns
The critical path consists of the following:
	'load' operation ('lhs_V_5_load', src/ecg_classifier.cpp:230) on local variable 'lhs.V' [49]  (0 ns)
	'add' operation ('add_ln1347_2') [144]  (2.82 ns)
	'store' operation ('store_ln230', src/ecg_classifier.cpp:230) of variable 'acc1_V' on local variable 'lhs.V' [152]  (1.3 ns)


============================================================
+ Verbose Summary: Binding
============================================================
N/A
* FSMD analyzer results:
  - Output states:
 - Input state : 
  - Chain level:
	State 1
	State 2
	State 3
	State 4
	State 5
	State 6
	State 7
	State 8
	State 9
	State 10
	State 11
	State 12
	State 13
	State 14
	State 15
	State 16
	State 17
	State 18
	State 19
	State 20
	State 21
	State 22
	State 23
	State 24
	State 25
	State 26
	State 27
	State 28
	State 29
	State 30
	State 31
	State 32
	State 33
	State 34
	State 35
	State 36
	State 37
	State 38


============================================================
+ Verbose Summary: Datapath Resource usage 
============================================================
N/A
