

================================================================
== Vitis HLS Report for 'ecg_classifier_Pipeline_L1_IC_L1_K'
================================================================
* Date:           Sat Apr  4 10:53:09 2026

* Version:        2022.2 (Build 3670227 on Oct 13 2022)
* Project:        ecg_classifier_ip
* Solution:       solution1 (Vivado IP Flow Target)
* Product family: zynq
* Target device:  xc7z030-sbg485-2


================================================================
== Performance Estimates
================================================================
+ Timing: 
    * Summary: 
    +--------+----------+----------+------------+
    |  Clock |  Target  | Estimated| Uncertainty|
    +--------+----------+----------+------------+
    |ap_clk  |  13.00 ns|  7.466 ns|     3.51 ns|
    +--------+----------+----------+------------+

+ Latency: 
    * Summary: 
    +---------+---------+----------+----------+-----+-----+---------+
    |  Latency (cycles) |  Latency (absolute) |  Interval | Pipeline|
    |   min   |   max   |    min   |    max   | min | max |   Type  |
    +---------+---------+----------+----------+-----+-----+---------+
    |      453|      453|  5.889 us|  5.889 us|  453|  453|       no|
    +---------+---------+----------+----------+-----+-----+---------+

    + Detail: 
        * Instance: 
        N/A

        * Loop: 
        +--------------+---------+---------+----------+-----------+-----------+------+----------+
        |              |  Latency (cycles) | Iteration|  Initiation Interval  | Trip |          |
        |   Loop Name  |   min   |   max   |  Latency |  achieved |   target  | Count| Pipelined|
        +--------------+---------+---------+----------+-----------+-----------+------+----------+
        |- L1_IC_L1_K  |      451|      451|         5|          1|          1|   448|       yes|
        +--------------+---------+---------+----------+-----------+-----------+------+----------+

============================================================
+ Verbose Summary: Synthesis Manager
============================================================
InlineROM: 1
ExposeGlobal: 0
============================================================
+ Verbose Summary: CDFG Model
============================================================
IsTopModel: 0
ResetActiveHigh: 1
IsCombinational: 0
IsDatapathOnly: 0
HasWiredReturn: 1
HasMFsm: 2
HasVarLatency: 1
IsPipeline: 0
IsRtlPipelined: 0
IsInstanceOverlapped: 0
IsDontTouch: 0
HasImplIP: 0
IsGatedGlobalClock: 0

+ Individual pipeline summary: 
  * Pipeline-0: initiation interval (II) = 1, depth = 5


============================================================
+ Verbose Summary: Schedule
============================================================
* Number of FSM states : 5
* Pipeline : 1
  Pipeline-0 : II = 1, D = 5, States = { 1 2 3 4 5 }
* Dataflow Pipeline: 0

* FSM state transitions: 
1 --> 2 
2 --> 3 
3 --> 4 
4 --> 5 
5 --> 

* FSM state operations: 

State 1 <SV = 0> <Delay = 3.84>
ST_1 : Operation 8 [1/1] (0.00ns)   --->   "%phi_ln818 = alloca i32 1"   --->   Operation 8 'alloca' 'phi_ln818' <Predicate = true> <Delay = 0.00>
ST_1 : Operation 9 [1/1] (0.00ns)   --->   "%lhs_V = alloca i32 1"   --->   Operation 9 'alloca' 'lhs_V' <Predicate = true> <Delay = 0.00>
ST_1 : Operation 10 [1/1] (0.00ns)   --->   "%k = alloca i32 1"   --->   Operation 10 'alloca' 'k' <Predicate = true> <Delay = 0.00>
ST_1 : Operation 11 [1/1] (0.00ns)   --->   "%ic = alloca i32 1"   --->   Operation 11 'alloca' 'ic' <Predicate = true> <Delay = 0.00>
ST_1 : Operation 12 [1/1] (0.00ns)   --->   "%indvar_flatten13 = alloca i32 1"   --->   Operation 12 'alloca' 'indvar_flatten13' <Predicate = true> <Delay = 0.00>
ST_1 : Operation 13 [1/1] (0.00ns)   --->   "%zext_ln837_7_read = read i13 @_ssdm_op_Read.ap_auto.i13, i13 %zext_ln837_7"   --->   Operation 13 'read' 'zext_ln837_7_read' <Predicate = true> <Delay = 0.00>
ST_1 : Operation 14 [1/1] (0.00ns)   --->   "%sext_ln146_read = read i26 @_ssdm_op_Read.ap_auto.i26, i26 %sext_ln146"   --->   Operation 14 'read' 'sext_ln146_read' <Predicate = true> <Delay = 0.00>
ST_1 : Operation 15 [1/1] (0.00ns)   --->   "%sext_ln146_cast = sext i26 %sext_ln146_read"   --->   Operation 15 'sext' 'sext_ln146_cast' <Predicate = true> <Delay = 0.00>
ST_1 : Operation 16 [1/1] (0.00ns)   --->   "%zext_ln837_7_cast = zext i13 %zext_ln837_7_read"   --->   Operation 16 'zext' 'zext_ln837_7_cast' <Predicate = true> <Delay = 0.00>
ST_1 : Operation 17 [1/1] (1.29ns)   --->   "%store_ln0 = store i9 0, i9 %indvar_flatten13"   --->   Operation 17 'store' 'store_ln0' <Predicate = true> <Delay = 1.29>
ST_1 : Operation 18 [1/1] (1.29ns)   --->   "%store_ln0 = store i7 0, i7 %ic"   --->   Operation 18 'store' 'store_ln0' <Predicate = true> <Delay = 1.29>
ST_1 : Operation 19 [1/1] (1.29ns)   --->   "%store_ln0 = store i3 0, i3 %k"   --->   Operation 19 'store' 'store_ln0' <Predicate = true> <Delay = 1.29>
ST_1 : Operation 20 [1/1] (1.29ns)   --->   "%store_ln0 = store i48 %sext_ln146_cast, i48 %lhs_V"   --->   Operation 20 'store' 'store_ln0' <Predicate = true> <Delay = 1.29>
ST_1 : Operation 21 [1/1] (1.29ns)   --->   "%store_ln0 = store i32 0, i32 %phi_ln818"   --->   Operation 21 'store' 'store_ln0' <Predicate = true> <Delay = 1.29>
ST_1 : Operation 22 [1/1] (0.00ns)   --->   "%br_ln0 = br void %for.body256"   --->   Operation 22 'br' 'br_ln0' <Predicate = true> <Delay = 0.00>
ST_1 : Operation 23 [1/1] (0.00ns)   --->   "%indvar_flatten13_load = load i9 %indvar_flatten13" [src/ecg_classifier.cpp:148]   --->   Operation 23 'load' 'indvar_flatten13_load' <Predicate = true> <Delay = 0.00>
ST_1 : Operation 24 [1/1] (1.62ns)   --->   "%icmp_ln148 = icmp_eq  i9 %indvar_flatten13_load, i9 448" [src/ecg_classifier.cpp:148]   --->   Operation 24 'icmp' 'icmp_ln148' <Predicate = true> <Delay = 1.62> <CoreInst = "Cmp">   --->   Core 9 'Cmp' <Latency = 0> <II = 1> <Delay = 1.62> <FuncUnit> <Opcode : 'icmp'> <InPorts = 2> <OutPorts = 1>
ST_1 : Operation 25 [1/1] (1.36ns)   --->   "%add_ln148_1 = add i9 %indvar_flatten13_load, i9 1" [src/ecg_classifier.cpp:148]   --->   Operation 25 'add' 'add_ln148_1' <Predicate = true> <Delay = 1.36> <CoreInst = "Adder">   --->   Core 1 'Adder' <Latency = 0> <II = 1> <Delay = 1.36> <FuncUnit> <Opcode : 'add' 'sub'> <InPorts = 2> <OutPorts = 1>
ST_1 : Operation 26 [1/1] (0.00ns)   --->   "%br_ln148 = br i1 %icmp_ln148, void %for.inc274, void %for.end276.exitStub" [src/ecg_classifier.cpp:148]   --->   Operation 26 'br' 'br_ln148' <Predicate = true> <Delay = 0.00>
ST_1 : Operation 27 [1/1] (0.00ns)   --->   "%k_load = load i3 %k" [src/ecg_classifier.cpp:150]   --->   Operation 27 'load' 'k_load' <Predicate = (!icmp_ln148)> <Delay = 0.00>
ST_1 : Operation 28 [1/1] (0.00ns)   --->   "%ic_load = load i7 %ic" [src/ecg_classifier.cpp:148]   --->   Operation 28 'load' 'ic_load' <Predicate = (!icmp_ln148)> <Delay = 0.00>
ST_1 : Operation 29 [1/1] (1.31ns)   --->   "%add_ln148 = add i7 %ic_load, i7 1" [src/ecg_classifier.cpp:148]   --->   Operation 29 'add' 'add_ln148' <Predicate = (!icmp_ln148)> <Delay = 1.31> <CoreInst = "Adder">   --->   Core 1 'Adder' <Latency = 0> <II = 1> <Delay = 1.31> <FuncUnit> <Opcode : 'add' 'sub'> <InPorts = 2> <OutPorts = 1>
ST_1 : Operation 30 [1/1] (0.98ns)   --->   "%icmp_ln150 = icmp_eq  i3 %k_load, i3 7" [src/ecg_classifier.cpp:150]   --->   Operation 30 'icmp' 'icmp_ln150' <Predicate = (!icmp_ln148)> <Delay = 0.98> <CoreInst = "Cmp">   --->   Core 9 'Cmp' <Latency = 0> <II = 1> <Delay = 0.98> <FuncUnit> <Opcode : 'icmp'> <InPorts = 2> <OutPorts = 1>
ST_1 : Operation 31 [1/1] (0.79ns)   --->   "%select_ln148 = select i1 %icmp_ln150, i3 0, i3 %k_load" [src/ecg_classifier.cpp:148]   --->   Operation 31 'select' 'select_ln148' <Predicate = (!icmp_ln148)> <Delay = 0.79> <CoreInst = "Sel">   --->   Core 73 'Sel' <Latency = 0> <II = 1> <Delay = 0.79> <FuncUnit> <Opcode : 'select'> <InPorts = 3> <OutPorts = 1>
ST_1 : Operation 32 [1/1] (0.80ns)   --->   "%select_ln148_1 = select i1 %icmp_ln150, i7 %add_ln148, i7 %ic_load" [src/ecg_classifier.cpp:148]   --->   Operation 32 'select' 'select_ln148_1' <Predicate = (!icmp_ln148)> <Delay = 0.80> <CoreInst = "Sel">   --->   Core 73 'Sel' <Latency = 0> <II = 1> <Delay = 0.80> <FuncUnit> <Opcode : 'select'> <InPorts = 3> <OutPorts = 1>
ST_1 : Operation 33 [1/1] (0.76ns)   --->   "%add_ln150 = add i3 %select_ln148, i3 1" [src/ecg_classifier.cpp:150]   --->   Operation 33 'add' 'add_ln150' <Predicate = (!icmp_ln148)> <Delay = 0.76> <CoreInst = "Adder">   --->   Core 1 'Adder' <Latency = 0> <II = 1> <Delay = 0.76> <FuncUnit> <Opcode : 'add' 'sub'> <InPorts = 2> <OutPorts = 1>
ST_1 : Operation 34 [1/1] (1.29ns)   --->   "%store_ln150 = store i9 %add_ln148_1, i9 %indvar_flatten13" [src/ecg_classifier.cpp:150]   --->   Operation 34 'store' 'store_ln150' <Predicate = (!icmp_ln148)> <Delay = 1.29>
ST_1 : Operation 35 [1/1] (1.29ns)   --->   "%store_ln150 = store i7 %select_ln148_1, i7 %ic" [src/ecg_classifier.cpp:150]   --->   Operation 35 'store' 'store_ln150' <Predicate = (!icmp_ln148)> <Delay = 1.29>
ST_1 : Operation 36 [1/1] (1.29ns)   --->   "%store_ln150 = store i3 %add_ln150, i3 %k" [src/ecg_classifier.cpp:150]   --->   Operation 36 'store' 'store_ln150' <Predicate = (!icmp_ln148)> <Delay = 1.29>

State 2 <SV = 1> <Delay = 7.46>
ST_2 : Operation 37 [1/1] (0.00ns)   --->   "%zext_ln148 = zext i7 %select_ln148_1" [src/ecg_classifier.cpp:148]   --->   Operation 37 'zext' 'zext_ln148' <Predicate = true> <Delay = 0.00>
ST_2 : Operation 38 [1/1] (0.00ns)   --->   "%zext_ln837 = zext i7 %select_ln148_1"   --->   Operation 38 'zext' 'zext_ln837' <Predicate = true> <Delay = 0.00>
ST_2 : Operation 39 [1/1] (1.53ns)   --->   "%add_ln837_1 = add i14 %zext_ln837_7_cast, i14 %zext_ln837"   --->   Operation 39 'add' 'add_ln837_1' <Predicate = true> <Delay = 1.53> <CoreInst = "Adder">   --->   Core 1 'Adder' <Latency = 0> <II = 1> <Delay = 1.53> <FuncUnit> <Opcode : 'add' 'sub'> <InPorts = 2> <OutPorts = 1>
ST_2 : Operation 40 [1/1] (0.00ns)   --->   "%zext_ln837_19 = zext i14 %add_ln837_1"   --->   Operation 40 'zext' 'zext_ln837_19' <Predicate = true> <Delay = 0.00>
ST_2 : Operation 41 [1/1] (0.00ns)   --->   "%trunc_ln837 = trunc i14 %add_ln837_1"   --->   Operation 41 'trunc' 'trunc_ln837' <Predicate = true> <Delay = 0.00>
ST_2 : Operation 42 [1/1] (0.00ns)   --->   "%p_shl = bitconcatenate i15 @_ssdm_op_BitConcatenate.i15.i12.i3, i12 %trunc_ln837, i3 0"   --->   Operation 42 'bitconcatenate' 'p_shl' <Predicate = true> <Delay = 0.00>
ST_2 : Operation 43 [1/1] (0.00ns) (grouped into TernaryAdder)   --->   "%sub_ln837_1 = sub i15 %p_shl, i15 %zext_ln837_19"   --->   Operation 43 'sub' 'sub_ln837_1' <Predicate = true> <Delay = 0.00> <CoreInst = "TAddSub">   --->   Core 10 'TAddSub' <Latency = 0> <II = 1> <Delay = 1.57> <IPBlock> <Opcode : 'add' 'sub'> <InPorts = 3> <OutPorts = 1> <Sync> <CReg>
ST_2 : Operation 44 [1/1] (0.00ns)   --->   "%win0_V_addr = getelementptr i32 %win0_V, i64 0, i64 %zext_ln148" [src/ecg_classifier.cpp:148]   --->   Operation 44 'getelementptr' 'win0_V_addr' <Predicate = true> <Delay = 0.00>
ST_2 : Operation 45 [2/2] (2.77ns)   --->   "%win0_V_load = load i6 %win0_V_addr" [src/ecg_classifier.cpp:148]   --->   Operation 45 'load' 'win0_V_load' <Predicate = true> <Delay = 2.77> <CoreInst = "RAM">   --->   Core 82 'RAM' <Latency = 1> <II = 1> <Delay = 2.77> <Storage> <Opcode : 'load' 'store'> <Ports = 2> <Width = 32> <Depth = 64> <RAM>
ST_2 : Operation 46 [1/1] (0.00ns)   --->   "%win0_V_1_addr = getelementptr i32 %win0_V_1, i64 0, i64 %zext_ln148" [src/ecg_classifier.cpp:148]   --->   Operation 46 'getelementptr' 'win0_V_1_addr' <Predicate = true> <Delay = 0.00>
ST_2 : Operation 47 [2/2] (2.77ns)   --->   "%win0_V_1_load = load i6 %win0_V_1_addr" [src/ecg_classifier.cpp:148]   --->   Operation 47 'load' 'win0_V_1_load' <Predicate = true> <Delay = 2.77> <CoreInst = "RAM">   --->   Core 82 'RAM' <Latency = 1> <II = 1> <Delay = 2.77> <Storage> <Opcode : 'load' 'store'> <Ports = 2> <Width = 32> <Depth = 64> <RAM>
ST_2 : Operation 48 [1/1] (0.00ns)   --->   "%win0_V_2_addr = getelementptr i32 %win0_V_2, i64 0, i64 %zext_ln148" [src/ecg_classifier.cpp:148]   --->   Operation 48 'getelementptr' 'win0_V_2_addr' <Predicate = true> <Delay = 0.00>
ST_2 : Operation 49 [2/2] (2.77ns)   --->   "%win0_V_2_load = load i6 %win0_V_2_addr" [src/ecg_classifier.cpp:148]   --->   Operation 49 'load' 'win0_V_2_load' <Predicate = true> <Delay = 2.77> <CoreInst = "RAM">   --->   Core 82 'RAM' <Latency = 1> <II = 1> <Delay = 2.77> <Storage> <Opcode : 'load' 'store'> <Ports = 2> <Width = 32> <Depth = 64> <RAM>
ST_2 : Operation 50 [1/1] (0.00ns)   --->   "%win0_V_3_addr = getelementptr i32 %win0_V_3, i64 0, i64 %zext_ln148" [src/ecg_classifier.cpp:148]   --->   Operation 50 'getelementptr' 'win0_V_3_addr' <Predicate = true> <Delay = 0.00>
ST_2 : Operation 51 [2/2] (2.77ns)   --->   "%win0_V_3_load = load i6 %win0_V_3_addr" [src/ecg_classifier.cpp:148]   --->   Operation 51 'load' 'win0_V_3_load' <Predicate = true> <Delay = 2.77> <CoreInst = "RAM">   --->   Core 82 'RAM' <Latency = 1> <II = 1> <Delay = 2.77> <Storage> <Opcode : 'load' 'store'> <Ports = 2> <Width = 32> <Depth = 64> <RAM>
ST_2 : Operation 52 [1/1] (0.00ns)   --->   "%win0_V_4_addr = getelementptr i32 %win0_V_4, i64 0, i64 %zext_ln148" [src/ecg_classifier.cpp:148]   --->   Operation 52 'getelementptr' 'win0_V_4_addr' <Predicate = true> <Delay = 0.00>
ST_2 : Operation 53 [2/2] (2.77ns)   --->   "%win0_V_4_load = load i6 %win0_V_4_addr" [src/ecg_classifier.cpp:148]   --->   Operation 53 'load' 'win0_V_4_load' <Predicate = true> <Delay = 2.77> <CoreInst = "RAM">   --->   Core 82 'RAM' <Latency = 1> <II = 1> <Delay = 2.77> <Storage> <Opcode : 'load' 'store'> <Ports = 2> <Width = 32> <Depth = 64> <RAM>
ST_2 : Operation 54 [1/1] (0.00ns)   --->   "%win0_V_5_addr = getelementptr i32 %win0_V_5, i64 0, i64 %zext_ln148" [src/ecg_classifier.cpp:148]   --->   Operation 54 'getelementptr' 'win0_V_5_addr' <Predicate = true> <Delay = 0.00>
ST_2 : Operation 55 [2/2] (2.77ns)   --->   "%win0_V_5_load = load i6 %win0_V_5_addr" [src/ecg_classifier.cpp:148]   --->   Operation 55 'load' 'win0_V_5_load' <Predicate = true> <Delay = 2.77> <CoreInst = "RAM">   --->   Core 82 'RAM' <Latency = 1> <II = 1> <Delay = 2.77> <Storage> <Opcode : 'load' 'store'> <Ports = 2> <Width = 32> <Depth = 64> <RAM>
ST_2 : Operation 56 [1/1] (0.00ns)   --->   "%win0_V_6_addr = getelementptr i31 %win0_V_6, i64 0, i64 %zext_ln148" [src/ecg_classifier.cpp:148]   --->   Operation 56 'getelementptr' 'win0_V_6_addr' <Predicate = true> <Delay = 0.00>
ST_2 : Operation 57 [2/2] (2.77ns)   --->   "%win0_V_6_load = load i6 %win0_V_6_addr" [src/ecg_classifier.cpp:148]   --->   Operation 57 'load' 'win0_V_6_load' <Predicate = true> <Delay = 2.77> <CoreInst = "RAM">   --->   Core 82 'RAM' <Latency = 1> <II = 1> <Delay = 2.77> <Storage> <Opcode : 'load' 'store'> <Ports = 2> <Width = 31> <Depth = 64> <RAM>
ST_2 : Operation 58 [1/1] (0.00ns)   --->   "%zext_ln837_20 = zext i3 %select_ln148"   --->   Operation 58 'zext' 'zext_ln837_20' <Predicate = true> <Delay = 0.00>
ST_2 : Operation 59 [1/1] (3.15ns) (root node of TernaryAdder)   --->   "%add_ln837_2 = add i15 %sub_ln837_1, i15 %zext_ln837_20"   --->   Operation 59 'add' 'add_ln837_2' <Predicate = true> <Delay = 3.15> <CoreInst = "TAddSub">   --->   Core 10 'TAddSub' <Latency = 0> <II = 1> <Delay = 1.57> <IPBlock> <Opcode : 'add' 'sub'> <InPorts = 3> <OutPorts = 1> <Sync> <CReg>
ST_2 : Operation 60 [1/1] (0.00ns)   --->   "%zext_ln837_21 = zext i15 %add_ln837_2"   --->   Operation 60 'zext' 'zext_ln837_21' <Predicate = true> <Delay = 0.00>
ST_2 : Operation 61 [1/1] (0.00ns)   --->   "%clf_w_L1_W_V_addr = getelementptr i3 %clf_w_L1_W_V, i64 0, i64 %zext_ln837_21"   --->   Operation 61 'getelementptr' 'clf_w_L1_W_V_addr' <Predicate = true> <Delay = 0.00>
ST_2 : Operation 62 [2/2] (2.77ns)   --->   "%clf_w_L1_W_V_load = load i15 %clf_w_L1_W_V_addr"   --->   Operation 62 'load' 'clf_w_L1_W_V_load' <Predicate = true> <Delay = 2.77> <CoreInst = "ROM">   --->   Core 95 'ROM' <Latency = 1> <II = 1> <Delay = 2.77> <Storage> <Opcode : 'load'> <Ports = 0> <Width = 3> <Depth = 28672> <ROM>

State 3 <SV = 2> <Delay = 4.20>
ST_3 : Operation 63 [1/2] (2.77ns)   --->   "%win0_V_load = load i6 %win0_V_addr" [src/ecg_classifier.cpp:148]   --->   Operation 63 'load' 'win0_V_load' <Predicate = true> <Delay = 2.77> <CoreInst = "RAM">   --->   Core 82 'RAM' <Latency = 1> <II = 1> <Delay = 2.77> <Storage> <Opcode : 'load' 'store'> <Ports = 2> <Width = 32> <Depth = 64> <RAM>
ST_3 : Operation 64 [1/2] (2.77ns)   --->   "%win0_V_1_load = load i6 %win0_V_1_addr" [src/ecg_classifier.cpp:148]   --->   Operation 64 'load' 'win0_V_1_load' <Predicate = true> <Delay = 2.77> <CoreInst = "RAM">   --->   Core 82 'RAM' <Latency = 1> <II = 1> <Delay = 2.77> <Storage> <Opcode : 'load' 'store'> <Ports = 2> <Width = 32> <Depth = 64> <RAM>
ST_3 : Operation 65 [1/2] (2.77ns)   --->   "%win0_V_2_load = load i6 %win0_V_2_addr" [src/ecg_classifier.cpp:148]   --->   Operation 65 'load' 'win0_V_2_load' <Predicate = true> <Delay = 2.77> <CoreInst = "RAM">   --->   Core 82 'RAM' <Latency = 1> <II = 1> <Delay = 2.77> <Storage> <Opcode : 'load' 'store'> <Ports = 2> <Width = 32> <Depth = 64> <RAM>
ST_3 : Operation 66 [1/2] (2.77ns)   --->   "%win0_V_3_load = load i6 %win0_V_3_addr" [src/ecg_classifier.cpp:148]   --->   Operation 66 'load' 'win0_V_3_load' <Predicate = true> <Delay = 2.77> <CoreInst = "RAM">   --->   Core 82 'RAM' <Latency = 1> <II = 1> <Delay = 2.77> <Storage> <Opcode : 'load' 'store'> <Ports = 2> <Width = 32> <Depth = 64> <RAM>
ST_3 : Operation 67 [1/2] (2.77ns)   --->   "%win0_V_4_load = load i6 %win0_V_4_addr" [src/ecg_classifier.cpp:148]   --->   Operation 67 'load' 'win0_V_4_load' <Predicate = true> <Delay = 2.77> <CoreInst = "RAM">   --->   Core 82 'RAM' <Latency = 1> <II = 1> <Delay = 2.77> <Storage> <Opcode : 'load' 'store'> <Ports = 2> <Width = 32> <Depth = 64> <RAM>
ST_3 : Operation 68 [1/2] (2.77ns)   --->   "%win0_V_5_load = load i6 %win0_V_5_addr" [src/ecg_classifier.cpp:148]   --->   Operation 68 'load' 'win0_V_5_load' <Predicate = true> <Delay = 2.77> <CoreInst = "RAM">   --->   Core 82 'RAM' <Latency = 1> <II = 1> <Delay = 2.77> <Storage> <Opcode : 'load' 'store'> <Ports = 2> <Width = 32> <Depth = 64> <RAM>
ST_3 : Operation 69 [1/2] (2.77ns)   --->   "%win0_V_6_load = load i6 %win0_V_6_addr" [src/ecg_classifier.cpp:148]   --->   Operation 69 'load' 'win0_V_6_load' <Predicate = true> <Delay = 2.77> <CoreInst = "RAM">   --->   Core 82 'RAM' <Latency = 1> <II = 1> <Delay = 2.77> <Storage> <Opcode : 'load' 'store'> <Ports = 2> <Width = 31> <Depth = 64> <RAM>
ST_3 : Operation 70 [1/1] (0.00ns)   --->   "%zext_ln148_1 = zext i31 %win0_V_6_load" [src/ecg_classifier.cpp:148]   --->   Operation 70 'zext' 'zext_ln148_1' <Predicate = true> <Delay = 0.00>
ST_3 : Operation 71 [1/1] (1.43ns)   --->   "%tmp_7 = mux i32 @_ssdm_op_Mux.ap_auto.7i32.i3, i32 %win0_V_load, i32 %win0_V_1_load, i32 %win0_V_2_load, i32 %win0_V_3_load, i32 %win0_V_4_load, i32 %win0_V_5_load, i32 %zext_ln148_1, i3 %select_ln148"   --->   Operation 71 'mux' 'tmp_7' <Predicate = true> <Delay = 1.43> <CoreInst = "Multiplexer">   --->   Core 76 'Multiplexer' <Latency = 0> <II = 1> <Delay = 1.43> <FuncUnit> <Opcode : 'mux'> <InPorts = 2> <OutPorts = 1>
ST_3 : Operation 72 [1/2] (2.77ns)   --->   "%clf_w_L1_W_V_load = load i15 %clf_w_L1_W_V_addr"   --->   Operation 72 'load' 'clf_w_L1_W_V_load' <Predicate = true> <Delay = 2.77> <CoreInst = "ROM">   --->   Core 95 'ROM' <Latency = 1> <II = 1> <Delay = 2.77> <Storage> <Opcode : 'load'> <Ports = 0> <Width = 3> <Depth = 28672> <ROM>

State 4 <SV = 3> <Delay = 7.36>
ST_4 : Operation 73 [1/1] (0.00ns)   --->   "%r_V = bitconcatenate i40 @_ssdm_op_BitConcatenate.i40.i32.i8, i32 %tmp_7, i8 0"   --->   Operation 73 'bitconcatenate' 'r_V' <Predicate = true> <Delay = 0.00>
ST_4 : Operation 74 [1/1] (0.00ns)   --->   "%shl_ln838_3 = bitconcatenate i23 @_ssdm_op_BitConcatenate.i23.i3.i20, i3 %clf_w_L1_W_V_load, i20 0"   --->   Operation 74 'bitconcatenate' 'shl_ln838_3' <Predicate = true> <Delay = 0.00>
ST_4 : Operation 75 [1/1] (0.00ns)   --->   "%sext_ln1270 = sext i40 %r_V"   --->   Operation 75 'sext' 'sext_ln1270' <Predicate = true> <Delay = 0.00>
ST_4 : Operation 76 [1/1] (0.00ns)   --->   "%sext_ln1273_1 = sext i23 %shl_ln838_3"   --->   Operation 76 'sext' 'sext_ln1273_1' <Predicate = true> <Delay = 0.00>
ST_4 : Operation 77 [1/1] (7.36ns)   --->   "%r_V_10 = mul i62 %sext_ln1273_1, i62 %sext_ln1270"   --->   Operation 77 'mul' 'r_V_10' <Predicate = true> <Delay = 7.36> <CoreInst = "Multiplier">   --->   Core 3 'Multiplier' <Latency = 0> <II = 1> <Delay = 7.36> <FuncUnit> <Opcode : 'mul'> <InPorts = 2> <OutPorts = 1>
ST_4 : Operation 95 [1/1] (0.00ns)   --->   "%phi_ln818_load = load i32 %phi_ln818"   --->   Operation 95 'load' 'phi_ln818_load' <Predicate = (icmp_ln148)> <Delay = 0.00>
ST_4 : Operation 96 [1/1] (0.00ns)   --->   "%write_ln0 = write void @_ssdm_op_Write.ap_auto.i32P0A, i32 %phi_ln818_out, i32 %phi_ln818_load"   --->   Operation 96 'write' 'write_ln0' <Predicate = (icmp_ln148)> <Delay = 0.00>
ST_4 : Operation 97 [1/1] (0.00ns)   --->   "%ret_ln0 = ret"   --->   Operation 97 'ret' 'ret_ln0' <Predicate = (icmp_ln148)> <Delay = 0.00>

State 5 <SV = 4> <Delay = 4.11>
ST_5 : Operation 78 [1/1] (0.00ns)   --->   "%lhs_V_load = load i48 %lhs_V" [src/ecg_classifier.cpp:150]   --->   Operation 78 'load' 'lhs_V_load' <Predicate = true> <Delay = 0.00>
ST_5 : Operation 79 [1/1] (0.00ns)   --->   "%specloopname_ln0 = specloopname void @_ssdm_op_SpecLoopName, void @L1_IC_L1_K_str"   --->   Operation 79 'specloopname' 'specloopname_ln0' <Predicate = true> <Delay = 0.00>
ST_5 : Operation 80 [1/1] (0.00ns)   --->   "%empty = speclooptripcount i32 @_ssdm_op_SpecLoopTripCount, i64 448, i64 448, i64 448"   --->   Operation 80 'speclooptripcount' 'empty' <Predicate = true> <Delay = 0.00>
ST_5 : Operation 81 [1/1] (0.00ns)   --->   "%specpipeline_ln151 = specpipeline void @_ssdm_op_SpecPipeline, i32 1, i32 0, i32 0, i32 0, void @empty_17" [src/ecg_classifier.cpp:151]   --->   Operation 81 'specpipeline' 'specpipeline_ln151' <Predicate = true> <Delay = 0.00>
ST_5 : Operation 82 [1/1] (0.00ns)   --->   "%specloopname_ln146 = specloopname void @_ssdm_op_SpecLoopName, void @empty_23" [src/ecg_classifier.cpp:146]   --->   Operation 82 'specloopname' 'specloopname_ln146' <Predicate = true> <Delay = 0.00>
ST_5 : Operation 83 [1/1] (0.00ns)   --->   "%lhs_V_6 = bitconcatenate i72 @_ssdm_op_BitConcatenate.i72.i48.i24, i48 %lhs_V_load, i24 0"   --->   Operation 83 'bitconcatenate' 'lhs_V_6' <Predicate = true> <Delay = 0.00>
ST_5 : Operation 84 [1/1] (0.00ns)   --->   "%trunc_ln150 = trunc i48 %lhs_V_load" [src/ecg_classifier.cpp:150]   --->   Operation 84 'trunc' 'trunc_ln150' <Predicate = true> <Delay = 0.00>
ST_5 : Operation 85 [1/1] (0.00ns)   --->   "%sext_ln1347_s = bitconcatenate i64 @_ssdm_op_BitConcatenate.i64.i40.i24, i40 %trunc_ln150, i24 0" [src/ecg_classifier.cpp:150]   --->   Operation 85 'bitconcatenate' 'sext_ln1347_s' <Predicate = true> <Delay = 0.00>
ST_5 : Operation 86 [1/1] (0.00ns)   --->   "%sext_ln150 = sext i62 %r_V_10" [src/ecg_classifier.cpp:150]   --->   Operation 86 'sext' 'sext_ln150' <Predicate = true> <Delay = 0.00>
ST_5 : Operation 87 [1/1] (0.00ns)   --->   "%sext_ln1347_1 = sext i62 %r_V_10"   --->   Operation 87 'sext' 'sext_ln1347_1' <Predicate = true> <Delay = 0.00>
ST_5 : Operation 88 [1/1] (2.69ns)   --->   "%add_ln150_1 = add i64 %sext_ln1347_s, i64 %sext_ln150" [src/ecg_classifier.cpp:150]   --->   Operation 88 'add' 'add_ln150_1' <Predicate = true> <Delay = 2.69> <CoreInst = "Adder">   --->   Core 1 'Adder' <Latency = 0> <II = 1> <Delay = 2.69> <FuncUnit> <Opcode : 'add' 'sub'> <InPorts = 2> <OutPorts = 1>
ST_5 : Operation 89 [1/1] (2.81ns)   --->   "%add_ln1347 = add i72 %lhs_V_6, i72 %sext_ln1347_1"   --->   Operation 89 'add' 'add_ln1347' <Predicate = true> <Delay = 2.81> <CoreInst = "Adder">   --->   Core 1 'Adder' <Latency = 0> <II = 1> <Delay = 2.81> <FuncUnit> <Opcode : 'add' 'sub'> <InPorts = 2> <OutPorts = 1>
ST_5 : Operation 90 [1/1] (0.00ns)   --->   "%acc_V = partselect i48 @_ssdm_op_PartSelect.i48.i72.i32.i32, i72 %add_ln1347, i32 24, i32 71"   --->   Operation 90 'partselect' 'acc_V' <Predicate = true> <Delay = 0.00>
ST_5 : Operation 91 [1/1] (0.00ns)   --->   "%phitmp = partselect i32 @_ssdm_op_PartSelect.i32.i64.i32.i32, i64 %add_ln150_1, i32 32, i32 63" [src/ecg_classifier.cpp:150]   --->   Operation 91 'partselect' 'phitmp' <Predicate = true> <Delay = 0.00>
ST_5 : Operation 92 [1/1] (1.29ns)   --->   "%store_ln150 = store i48 %acc_V, i48 %lhs_V" [src/ecg_classifier.cpp:150]   --->   Operation 92 'store' 'store_ln150' <Predicate = true> <Delay = 1.29>
ST_5 : Operation 93 [1/1] (1.29ns)   --->   "%store_ln150 = store i32 %phitmp, i32 %phi_ln818" [src/ecg_classifier.cpp:150]   --->   Operation 93 'store' 'store_ln150' <Predicate = true> <Delay = 1.29>
ST_5 : Operation 94 [1/1] (0.00ns)   --->   "%br_ln150 = br void %for.body256" [src/ecg_classifier.cpp:150]   --->   Operation 94 'br' 'br_ln150' <Predicate = true> <Delay = 0.00>


============================================================
+ Verbose Summary: Timing violations
============================================================
Target clock period: 13ns, clock uncertainty: 3.51ns.

 <State 1>: 3.84ns
The critical path consists of the following:
	'alloca' operation ('k') [14]  (0 ns)
	'load' operation ('k_load', src/ecg_classifier.cpp:150) on local variable 'k' [34]  (0 ns)
	'icmp' operation ('icmp_ln150', src/ecg_classifier.cpp:150) [39]  (0.98 ns)
	'select' operation ('select_ln148', src/ecg_classifier.cpp:148) [40]  (0.795 ns)
	'add' operation ('add_ln150', src/ecg_classifier.cpp:150) [85]  (0.768 ns)
	'store' operation ('store_ln150', src/ecg_classifier.cpp:150) of variable 'add_ln150', src/ecg_classifier.cpp:150 on local variable 'k' [89]  (1.3 ns)

 <State 2>: 7.47ns
The critical path consists of the following:
	'add' operation ('add_ln837_1') [44]  (1.54 ns)
	'sub' operation ('sub_ln837_1') [48]  (0 ns)
	'add' operation ('add_ln837_2') [65]  (3.16 ns)
	'getelementptr' operation ('clf_w_L1_W_V_addr') [67]  (0 ns)
	'load' operation ('clf_w_L1_W_V_load') on array 'clf_w_L1_W_V' [72]  (2.77 ns)

 <State 3>: 4.2ns
The critical path consists of the following:
	'load' operation ('win0_V_load', src/ecg_classifier.cpp:148) on array 'win0_V' [50]  (2.77 ns)
	'mux' operation ('tmp_7') [70]  (1.43 ns)

 <State 4>: 7.36ns
The critical path consists of the following:
	'mul' operation ('r.V') [76]  (7.36 ns)

 <State 5>: 4.12ns
The critical path consists of the following:
	'load' operation ('lhs_V_load', src/ecg_classifier.cpp:150) on local variable 'lhs.V' [33]  (0 ns)
	'add' operation ('add_ln1347') [83]  (2.82 ns)
	'store' operation ('store_ln150', src/ecg_classifier.cpp:150) of variable 'acc_V' on local variable 'lhs.V' [90]  (1.3 ns)


============================================================
+ Verbose Summary: Binding
============================================================
N/A
* FSMD analyzer results:
  - Output states:
 - Input state : 
  - Chain level:
	State 1
	State 2
	State 3
	State 4
	State 5


============================================================
+ Verbose Summary: Datapath Resource usage 
============================================================
N/A
