

================================================================
== Vitis HLS Report for 'ecg_classifier_Pipeline_ZNORM_APPLY'
================================================================
* Date:           Sat Apr  4 10:53:08 2026

* Version:        2022.2 (Build 3670227 on Oct 13 2022)
* Project:        ecg_classifier_ip
* Solution:       solution1 (Vivado IP Flow Target)
* Product family: zynq
* Target device:  xc7z030-sbg485-2


================================================================
== Performance Estimates
================================================================
+ Timing: 
    * Summary: 
    +--------+----------+----------+------------+
    |  Clock |  Target  | Estimated| Uncertainty|
    +--------+----------+----------+------------+
    |ap_clk  |  13.00 ns|  8.802 ns|     3.51 ns|
    +--------+----------+----------+------------+

+ Latency: 
    * Summary: 
    +---------+---------+----------+----------+-----+-----+---------+
    |  Latency (cycles) |  Latency (absolute) |  Interval | Pipeline|
    |   min   |   max   |    min   |    max   | min | max |   Type  |
    +---------+---------+----------+----------+-----+-----+---------+
    |      190|      190|  2.470 us|  2.470 us|  190|  190|       no|
    +---------+---------+----------+----------+-----+-----+---------+

    + Detail: 
        * Instance: 
        N/A

        * Loop: 
        +---------------+---------+---------+----------+-----------+-----------+------+----------+
        |               |  Latency (cycles) | Iteration|  Initiation Interval  | Trip |          |
        |   Loop Name   |   min   |   max   |  Latency |  achieved |   target  | Count| Pipelined|
        +---------------+---------+---------+----------+-----------+-----------+------+----------+
        |- ZNORM_APPLY  |      188|      188|         3|          1|          1|   187|       yes|
        +---------------+---------+---------+----------+-----------+-----------+------+----------+

============================================================
+ Verbose Summary: Synthesis Manager
============================================================
InlineROM: 1
ExposeGlobal: 0
============================================================
+ Verbose Summary: CDFG Model
============================================================
IsTopModel: 0
ResetActiveHigh: 1
IsCombinational: 0
IsDatapathOnly: 0
HasWiredReturn: 1
HasMFsm: 2
HasVarLatency: 1
IsPipeline: 0
IsRtlPipelined: 0
IsInstanceOverlapped: 0
IsDontTouch: 0
HasImplIP: 0
IsGatedGlobalClock: 0

+ Individual pipeline summary: 
  * Pipeline-0: initiation interval (II) = 1, depth = 3


============================================================
+ Verbose Summary: Schedule
============================================================
* Number of FSM states : 3
* Pipeline : 1
  Pipeline-0 : II = 1, D = 3, States = { 1 2 3 }
* Dataflow Pipeline: 0

* FSM state transitions: 
1 --> 2 
2 --> 3 
3 --> 

* FSM state operations: 

State 1 <SV = 0> <Delay = 2.61>
ST_1 : Operation 6 [1/1] (0.00ns)   --->   "%t = alloca i32 1"   --->   Operation 6 'alloca' 't' <Predicate = true> <Delay = 0.00>
ST_1 : Operation 7 [1/1] (0.00ns)   --->   "%sext_ln74_read = read i32 @_ssdm_op_Read.ap_auto.i32, i32 %sext_ln74"   --->   Operation 7 'read' 'sext_ln74_read' <Predicate = true> <Delay = 0.00>
ST_1 : Operation 8 [1/1] (0.00ns)   --->   "%rhs_read = read i32 @_ssdm_op_Read.ap_auto.i32, i32 %rhs"   --->   Operation 8 'read' 'rhs_read' <Predicate = true> <Delay = 0.00>
ST_1 : Operation 9 [1/1] (0.00ns)   --->   "%sext_ln74_cast = sext i32 %sext_ln74_read"   --->   Operation 9 'sext' 'sext_ln74_cast' <Predicate = true> <Delay = 0.00>
ST_1 : Operation 10 [1/1] (0.00ns)   --->   "%rhs_cast = sext i32 %rhs_read"   --->   Operation 10 'sext' 'rhs_cast' <Predicate = true> <Delay = 0.00>
ST_1 : Operation 11 [1/1] (0.00ns)   --->   "%specmemcore_ln0 = specmemcore void @_ssdm_op_SpecMemCore, i32 %norm_buf_V, i64 666, i64 19, i64 18446744073709551615"   --->   Operation 11 'specmemcore' 'specmemcore_ln0' <Predicate = true> <Delay = 0.00>
ST_1 : Operation 12 [1/1] (0.00ns)   --->   "%specmemcore_ln0 = specmemcore void @_ssdm_op_SpecMemCore, i32 %norm_buf_V_1, i64 666, i64 19, i64 18446744073709551615"   --->   Operation 12 'specmemcore' 'specmemcore_ln0' <Predicate = true> <Delay = 0.00>
ST_1 : Operation 13 [1/1] (0.00ns)   --->   "%specmemcore_ln0 = specmemcore void @_ssdm_op_SpecMemCore, i32 %input_buf_V, i64 666, i64 19, i64 18446744073709551615"   --->   Operation 13 'specmemcore' 'specmemcore_ln0' <Predicate = true> <Delay = 0.00>
ST_1 : Operation 14 [1/1] (0.00ns)   --->   "%specmemcore_ln0 = specmemcore void @_ssdm_op_SpecMemCore, i32 %input_buf_V_1, i64 666, i64 19, i64 18446744073709551615"   --->   Operation 14 'specmemcore' 'specmemcore_ln0' <Predicate = true> <Delay = 0.00>
ST_1 : Operation 15 [1/1] (1.29ns)   --->   "%store_ln0 = store i8 0, i8 %t"   --->   Operation 15 'store' 'store_ln0' <Predicate = true> <Delay = 1.29>
ST_1 : Operation 16 [1/1] (0.00ns)   --->   "%br_ln0 = br void %for.body80"   --->   Operation 16 'br' 'br_ln0' <Predicate = true> <Delay = 0.00>
ST_1 : Operation 17 [1/1] (0.00ns)   --->   "%t_2 = load i8 %t"   --->   Operation 17 'load' 't_2' <Predicate = true> <Delay = 0.00>
ST_1 : Operation 18 [1/1] (1.31ns)   --->   "%icmp_ln74 = icmp_eq  i8 %t_2, i8 187" [src/ecg_classifier.cpp:74]   --->   Operation 18 'icmp' 'icmp_ln74' <Predicate = true> <Delay = 1.31> <CoreInst = "Cmp">   --->   Core 9 'Cmp' <Latency = 0> <II = 1> <Delay = 1.31> <FuncUnit> <Opcode : 'icmp'> <InPorts = 2> <OutPorts = 1>
ST_1 : Operation 19 [1/1] (0.00ns)   --->   "%empty = speclooptripcount i32 @_ssdm_op_SpecLoopTripCount, i64 187, i64 187, i64 187"   --->   Operation 19 'speclooptripcount' 'empty' <Predicate = true> <Delay = 0.00>
ST_1 : Operation 20 [1/1] (1.30ns)   --->   "%add_ln74 = add i8 %t_2, i8 1" [src/ecg_classifier.cpp:74]   --->   Operation 20 'add' 'add_ln74' <Predicate = true> <Delay = 1.30> <CoreInst = "Adder">   --->   Core 1 'Adder' <Latency = 0> <II = 1> <Delay = 1.30> <FuncUnit> <Opcode : 'add' 'sub'> <InPorts = 2> <OutPorts = 1>
ST_1 : Operation 21 [1/1] (0.00ns)   --->   "%br_ln74 = br i1 %icmp_ln74, void %for.body80.split, void %for.end90.exitStub" [src/ecg_classifier.cpp:74]   --->   Operation 21 'br' 'br_ln74' <Predicate = true> <Delay = 0.00>
ST_1 : Operation 22 [1/1] (0.00ns)   --->   "%lshr_ln813_1 = partselect i7 @_ssdm_op_PartSelect.i7.i8.i32.i32, i8 %t_2, i32 1, i32 7"   --->   Operation 22 'partselect' 'lshr_ln813_1' <Predicate = (!icmp_ln74)> <Delay = 0.00>
ST_1 : Operation 23 [1/1] (0.00ns)   --->   "%zext_ln813 = zext i7 %lshr_ln813_1"   --->   Operation 23 'zext' 'zext_ln813' <Predicate = (!icmp_ln74)> <Delay = 0.00>
ST_1 : Operation 24 [1/1] (0.00ns)   --->   "%input_buf_V_addr = getelementptr i32 %input_buf_V, i64 0, i64 %zext_ln813"   --->   Operation 24 'getelementptr' 'input_buf_V_addr' <Predicate = (!icmp_ln74)> <Delay = 0.00>
ST_1 : Operation 25 [1/1] (0.00ns)   --->   "%input_buf_V_1_addr = getelementptr i32 %input_buf_V_1, i64 0, i64 %zext_ln813"   --->   Operation 25 'getelementptr' 'input_buf_V_1_addr' <Predicate = (!icmp_ln74)> <Delay = 0.00>
ST_1 : Operation 26 [1/1] (0.00ns)   --->   "%trunc_ln813 = trunc i8 %t_2"   --->   Operation 26 'trunc' 'trunc_ln813' <Predicate = (!icmp_ln74)> <Delay = 0.00>
ST_1 : Operation 27 [2/2] (1.75ns)   --->   "%input_buf_V_load = load i7 %input_buf_V_addr"   --->   Operation 27 'load' 'input_buf_V_load' <Predicate = (!icmp_ln74)> <Delay = 1.75> <CoreInst = "RAM_1P_LUTRAM">   --->   Core 87 'RAM_1P_LUTRAM' <Latency = 1> <II = 1> <Delay = 1.75> <Storage> <Opcode : 'load' 'store'> <Ports = 1> <Width = 32> <Depth = 94> <RAM>
ST_1 : Operation 28 [2/2] (1.75ns)   --->   "%input_buf_V_1_load = load i7 %input_buf_V_1_addr"   --->   Operation 28 'load' 'input_buf_V_1_load' <Predicate = (!icmp_ln74)> <Delay = 1.75> <CoreInst = "RAM_1P_LUTRAM">   --->   Core 87 'RAM_1P_LUTRAM' <Latency = 1> <II = 1> <Delay = 1.75> <Storage> <Opcode : 'load' 'store'> <Ports = 1> <Width = 32> <Depth = 94> <RAM>
ST_1 : Operation 29 [1/1] (0.00ns)   --->   "%norm_buf_V_addr = getelementptr i32 %norm_buf_V, i64 0, i64 %zext_ln813" [src/ecg_classifier.cpp:76]   --->   Operation 29 'getelementptr' 'norm_buf_V_addr' <Predicate = (!icmp_ln74)> <Delay = 0.00>
ST_1 : Operation 30 [1/1] (0.00ns)   --->   "%norm_buf_V_1_addr = getelementptr i32 %norm_buf_V_1, i64 0, i64 %zext_ln813" [src/ecg_classifier.cpp:76]   --->   Operation 30 'getelementptr' 'norm_buf_V_1_addr' <Predicate = (!icmp_ln74)> <Delay = 0.00>
ST_1 : Operation 31 [1/1] (0.00ns)   --->   "%br_ln76 = br i1 %trunc_ln813, void %arrayidx87.case.0, void %arrayidx87.case.1" [src/ecg_classifier.cpp:76]   --->   Operation 31 'br' 'br_ln76' <Predicate = (!icmp_ln74)> <Delay = 0.00>
ST_1 : Operation 32 [1/1] (1.29ns)   --->   "%store_ln74 = store i8 %add_ln74, i8 %t" [src/ecg_classifier.cpp:74]   --->   Operation 32 'store' 'store_ln74' <Predicate = (!icmp_ln74)> <Delay = 1.29>
ST_1 : Operation 33 [1/1] (0.00ns)   --->   "%br_ln74 = br void %for.body80" [src/ecg_classifier.cpp:74]   --->   Operation 33 'br' 'br_ln74' <Predicate = (!icmp_ln74)> <Delay = 0.00>

State 2 <SV = 1> <Delay = 4.94>
ST_2 : Operation 34 [1/2] (1.75ns)   --->   "%input_buf_V_load = load i7 %input_buf_V_addr"   --->   Operation 34 'load' 'input_buf_V_load' <Predicate = true> <Delay = 1.75> <CoreInst = "RAM_1P_LUTRAM">   --->   Core 87 'RAM_1P_LUTRAM' <Latency = 1> <II = 1> <Delay = 1.75> <Storage> <Opcode : 'load' 'store'> <Ports = 1> <Width = 32> <Depth = 94> <RAM>
ST_2 : Operation 35 [1/2] (1.75ns)   --->   "%input_buf_V_1_load = load i7 %input_buf_V_1_addr"   --->   Operation 35 'load' 'input_buf_V_1_load' <Predicate = true> <Delay = 1.75> <CoreInst = "RAM_1P_LUTRAM">   --->   Core 87 'RAM_1P_LUTRAM' <Latency = 1> <II = 1> <Delay = 1.75> <Storage> <Opcode : 'load' 'store'> <Ports = 1> <Width = 32> <Depth = 94> <RAM>
ST_2 : Operation 36 [1/1] (1.29ns)   --->   "%lhs_V = mux i32 @_ssdm_op_Mux.ap_auto.2i32.i1, i32 %input_buf_V_load, i32 %input_buf_V_1_load, i1 %trunc_ln813"   --->   Operation 36 'mux' 'lhs_V' <Predicate = true> <Delay = 1.29> <CoreInst = "Multiplexer">   --->   Core 76 'Multiplexer' <Latency = 0> <II = 1> <Delay = 1.29> <FuncUnit> <Opcode : 'mux'> <InPorts = 2> <OutPorts = 1>
ST_2 : Operation 37 [1/1] (0.00ns)   --->   "%sext_ln813 = sext i32 %lhs_V"   --->   Operation 37 'sext' 'sext_ln813' <Predicate = true> <Delay = 0.00>
ST_2 : Operation 38 [1/1] (1.89ns)   --->   "%ret_V = sub i33 %sext_ln813, i33 %rhs_cast"   --->   Operation 38 'sub' 'ret_V' <Predicate = true> <Delay = 1.89> <CoreInst = "Adder">   --->   Core 1 'Adder' <Latency = 0> <II = 1> <Delay = 1.89> <FuncUnit> <Opcode : 'add' 'sub'> <InPorts = 2> <OutPorts = 1>
ST_2 : Operation 48 [1/1] (0.00ns)   --->   "%ret_ln0 = ret"   --->   Operation 48 'ret' 'ret_ln0' <Predicate = (icmp_ln74)> <Delay = 0.00>

State 3 <SV = 2> <Delay = 8.80>
ST_3 : Operation 39 [1/1] (0.00ns)   --->   "%specpipeline_ln75 = specpipeline void @_ssdm_op_SpecPipeline, i32 1, i32 0, i32 0, i32 0, void @empty_17" [src/ecg_classifier.cpp:75]   --->   Operation 39 'specpipeline' 'specpipeline_ln75' <Predicate = true> <Delay = 0.00>
ST_3 : Operation 40 [1/1] (0.00ns)   --->   "%specloopname_ln74 = specloopname void @_ssdm_op_SpecLoopName, void @empty_4" [src/ecg_classifier.cpp:74]   --->   Operation 40 'specloopname' 'specloopname_ln74' <Predicate = true> <Delay = 0.00>
ST_3 : Operation 41 [1/1] (0.00ns)   --->   "%sext_ln1270 = sext i33 %ret_V"   --->   Operation 41 'sext' 'sext_ln1270' <Predicate = true> <Delay = 0.00>
ST_3 : Operation 42 [1/1] (7.04ns)   --->   "%r_V_2 = mul i48 %sext_ln1270, i48 %sext_ln74_cast"   --->   Operation 42 'mul' 'r_V_2' <Predicate = true> <Delay = 7.04> <CoreInst = "Multiplier">   --->   Core 3 'Multiplier' <Latency = 0> <II = 1> <Delay = 7.04> <FuncUnit> <Opcode : 'mul'> <InPorts = 2> <OutPorts = 1>
ST_3 : Operation 43 [1/1] (0.00ns)   --->   "%trunc_ln = partselect i32 @_ssdm_op_PartSelect.i32.i48.i32.i32, i48 %r_V_2, i32 16, i32 47"   --->   Operation 43 'partselect' 'trunc_ln' <Predicate = true> <Delay = 0.00>
ST_3 : Operation 44 [1/1] (1.75ns)   --->   "%store_ln76 = store i32 %trunc_ln, i7 %norm_buf_V_addr" [src/ecg_classifier.cpp:76]   --->   Operation 44 'store' 'store_ln76' <Predicate = (!trunc_ln813)> <Delay = 1.75> <CoreInst = "RAM_1P_LUTRAM">   --->   Core 87 'RAM_1P_LUTRAM' <Latency = 1> <II = 1> <Delay = 1.75> <Storage> <Opcode : 'load' 'store'> <Ports = 1> <Width = 32> <Depth = 94> <RAM>
ST_3 : Operation 45 [1/1] (0.00ns)   --->   "%br_ln76 = br void %arrayidx87.exit" [src/ecg_classifier.cpp:76]   --->   Operation 45 'br' 'br_ln76' <Predicate = (!trunc_ln813)> <Delay = 0.00>
ST_3 : Operation 46 [1/1] (1.75ns)   --->   "%store_ln76 = store i32 %trunc_ln, i7 %norm_buf_V_1_addr" [src/ecg_classifier.cpp:76]   --->   Operation 46 'store' 'store_ln76' <Predicate = (trunc_ln813)> <Delay = 1.75> <CoreInst = "RAM_1P_LUTRAM">   --->   Core 87 'RAM_1P_LUTRAM' <Latency = 1> <II = 1> <Delay = 1.75> <Storage> <Opcode : 'load' 'store'> <Ports = 1> <Width = 32> <Depth = 94> <RAM>
ST_3 : Operation 47 [1/1] (0.00ns)   --->   "%br_ln76 = br void %arrayidx87.exit" [src/ecg_classifier.cpp:76]   --->   Operation 47 'br' 'br_ln76' <Predicate = (trunc_ln813)> <Delay = 0.00>


============================================================
+ Verbose Summary: Timing violations
============================================================
Target clock period: 13ns, clock uncertainty: 3.51ns.

 <State 1>: 2.61ns
The critical path consists of the following:
	'alloca' operation ('t') [7]  (0 ns)
	'load' operation ('t') on local variable 't' [19]  (0 ns)
	'add' operation ('add_ln74', src/ecg_classifier.cpp:74) [22]  (1.31 ns)
	'store' operation ('store_ln74', src/ecg_classifier.cpp:74) of variable 'add_ln74', src/ecg_classifier.cpp:74 on local variable 't' [50]  (1.3 ns)
	blocking operation 0.008 ns on control path)

 <State 2>: 4.95ns
The critical path consists of the following:
	'load' operation ('input_buf_V_load') on array 'input_buf_V' [32]  (1.75 ns)
	'mux' operation ('lhs.V') [34]  (1.3 ns)
	'sub' operation ('ret.V') [36]  (1.9 ns)

 <State 3>: 8.8ns
The critical path consists of the following:
	'mul' operation ('r.V') [38]  (7.05 ns)
	'store' operation ('store_ln76', src/ecg_classifier.cpp:76) of variable 'trunc_ln' on array 'norm_buf_V' [44]  (1.75 ns)


============================================================
+ Verbose Summary: Binding
============================================================
N/A
* FSMD analyzer results:
  - Output states:
 - Input state : 
  - Chain level:
	State 1
	State 2
	State 3


============================================================
+ Verbose Summary: Datapath Resource usage 
============================================================
N/A
