

================================================================
== Vitis HLS Report for 'ecg_classifier_Pipeline_L2_IC_L2_K'
================================================================
* Date:           Sat Apr  4 10:53:10 2026

* Version:        2022.2 (Build 3670227 on Oct 13 2022)
* Project:        ecg_classifier_ip
* Solution:       solution1 (Vivado IP Flow Target)
* Product family: zynq
* Target device:  xc7z030-sbg485-2


================================================================
== Performance Estimates
================================================================
+ Timing: 
    * Summary: 
    +--------+----------+----------+------------+
    |  Clock |  Target  | Estimated| Uncertainty|
    +--------+----------+----------+------------+
    |ap_clk  |  13.00 ns|  7.494 ns|     3.51 ns|
    +--------+----------+----------+------------+

+ Latency: 
    * Summary: 
    +---------+---------+----------+----------+-----+-----+---------+
    |  Latency (cycles) |  Latency (absolute) |  Interval | Pipeline|
    |   min   |   max   |    min   |    max   | min | max |   Type  |
    +---------+---------+----------+----------+-----+-----+---------+
    |      325|      325|  4.225 us|  4.225 us|  325|  325|       no|
    +---------+---------+----------+----------+-----+-----+---------+

    + Detail: 
        * Instance: 
        N/A

        * Loop: 
        +--------------+---------+---------+----------+-----------+-----------+------+----------+
        |              |  Latency (cycles) | Iteration|  Initiation Interval  | Trip |          |
        |   Loop Name  |   min   |   max   |  Latency |  achieved |   target  | Count| Pipelined|
        +--------------+---------+---------+----------+-----------+-----------+------+----------+
        |- L2_IC_L2_K  |      323|      323|         5|          1|          1|   320|       yes|
        +--------------+---------+---------+----------+-----------+-----------+------+----------+

============================================================
+ Verbose Summary: Synthesis Manager
============================================================
InlineROM: 1
ExposeGlobal: 0
============================================================
+ Verbose Summary: CDFG Model
============================================================
IsTopModel: 0
ResetActiveHigh: 1
IsCombinational: 0
IsDatapathOnly: 0
HasWiredReturn: 1
HasMFsm: 2
HasVarLatency: 1
IsPipeline: 0
IsRtlPipelined: 0
IsInstanceOverlapped: 0
IsDontTouch: 0
HasImplIP: 0
IsGatedGlobalClock: 0

+ Individual pipeline summary: 
  * Pipeline-0: initiation interval (II) = 1, depth = 5


============================================================
+ Verbose Summary: Schedule
============================================================
* Number of FSM states : 5
* Pipeline : 1
  Pipeline-0 : II = 1, D = 5, States = { 1 2 3 4 5 }
* Dataflow Pipeline: 0

* FSM state transitions: 
1 --> 2 
2 --> 3 
3 --> 4 
4 --> 5 
5 --> 

* FSM state operations: 

State 1 <SV = 0> <Delay = 3.84>
ST_1 : Operation 8 [1/1] (0.00ns)   --->   "%phi_ln818_4 = alloca i32 1"   --->   Operation 8 'alloca' 'phi_ln818_4' <Predicate = true> <Delay = 0.00>
ST_1 : Operation 9 [1/1] (0.00ns)   --->   "%phi_ln818_3 = alloca i32 1"   --->   Operation 9 'alloca' 'phi_ln818_3' <Predicate = true> <Delay = 0.00>
ST_1 : Operation 10 [1/1] (0.00ns)   --->   "%lhs_V = alloca i32 1"   --->   Operation 10 'alloca' 'lhs_V' <Predicate = true> <Delay = 0.00>
ST_1 : Operation 11 [1/1] (0.00ns)   --->   "%lhs_V_8 = alloca i32 1"   --->   Operation 11 'alloca' 'lhs_V_8' <Predicate = true> <Delay = 0.00>
ST_1 : Operation 12 [1/1] (0.00ns)   --->   "%k = alloca i32 1"   --->   Operation 12 'alloca' 'k' <Predicate = true> <Delay = 0.00>
ST_1 : Operation 13 [1/1] (0.00ns)   --->   "%ic = alloca i32 1"   --->   Operation 13 'alloca' 'ic' <Predicate = true> <Delay = 0.00>
ST_1 : Operation 14 [1/1] (0.00ns)   --->   "%indvar_flatten39 = alloca i32 1"   --->   Operation 14 'alloca' 'indvar_flatten39' <Predicate = true> <Delay = 0.00>
ST_1 : Operation 15 [1/1] (0.00ns)   --->   "%zext_ln837_9_read = read i13 @_ssdm_op_Read.ap_auto.i13, i13 %zext_ln837_9"   --->   Operation 15 'read' 'zext_ln837_9_read' <Predicate = true> <Delay = 0.00>
ST_1 : Operation 16 [1/1] (0.00ns)   --->   "%oc_base_1_read = read i7 @_ssdm_op_Read.ap_auto.i7, i7 %oc_base_1"   --->   Operation 16 'read' 'oc_base_1_read' <Predicate = true> <Delay = 0.00>
ST_1 : Operation 17 [1/1] (0.00ns)   --->   "%sext_ln177_read = read i26 @_ssdm_op_Read.ap_auto.i26, i26 %sext_ln177"   --->   Operation 17 'read' 'sext_ln177_read' <Predicate = true> <Delay = 0.00>
ST_1 : Operation 18 [1/1] (0.00ns)   --->   "%sext_ln178_read = read i26 @_ssdm_op_Read.ap_auto.i26, i26 %sext_ln178"   --->   Operation 18 'read' 'sext_ln178_read' <Predicate = true> <Delay = 0.00>
ST_1 : Operation 19 [1/1] (0.00ns)   --->   "%sext_ln177_cast = sext i26 %sext_ln177_read"   --->   Operation 19 'sext' 'sext_ln177_cast' <Predicate = true> <Delay = 0.00>
ST_1 : Operation 20 [1/1] (0.00ns)   --->   "%sext_ln178_cast = sext i26 %sext_ln178_read"   --->   Operation 20 'sext' 'sext_ln178_cast' <Predicate = true> <Delay = 0.00>
ST_1 : Operation 21 [1/1] (0.00ns)   --->   "%zext_ln837_9_cast = zext i13 %zext_ln837_9_read"   --->   Operation 21 'zext' 'zext_ln837_9_cast' <Predicate = true> <Delay = 0.00>
ST_1 : Operation 22 [1/1] (1.29ns)   --->   "%store_ln0 = store i9 0, i9 %indvar_flatten39"   --->   Operation 22 'store' 'store_ln0' <Predicate = true> <Delay = 1.29>
ST_1 : Operation 23 [1/1] (1.29ns)   --->   "%store_ln0 = store i7 0, i7 %ic"   --->   Operation 23 'store' 'store_ln0' <Predicate = true> <Delay = 1.29>
ST_1 : Operation 24 [1/1] (1.29ns)   --->   "%store_ln0 = store i3 0, i3 %k"   --->   Operation 24 'store' 'store_ln0' <Predicate = true> <Delay = 1.29>
ST_1 : Operation 25 [1/1] (1.29ns)   --->   "%store_ln0 = store i48 %sext_ln178_cast, i48 %lhs_V_8"   --->   Operation 25 'store' 'store_ln0' <Predicate = true> <Delay = 1.29>
ST_1 : Operation 26 [1/1] (1.29ns)   --->   "%store_ln0 = store i48 %sext_ln177_cast, i48 %lhs_V"   --->   Operation 26 'store' 'store_ln0' <Predicate = true> <Delay = 1.29>
ST_1 : Operation 27 [1/1] (1.29ns)   --->   "%store_ln0 = store i16 0, i16 %phi_ln818_3"   --->   Operation 27 'store' 'store_ln0' <Predicate = true> <Delay = 1.29>
ST_1 : Operation 28 [1/1] (1.29ns)   --->   "%store_ln0 = store i16 0, i16 %phi_ln818_4"   --->   Operation 28 'store' 'store_ln0' <Predicate = true> <Delay = 1.29>
ST_1 : Operation 29 [1/1] (0.00ns)   --->   "%br_ln0 = br void %for.body341"   --->   Operation 29 'br' 'br_ln0' <Predicate = true> <Delay = 0.00>
ST_1 : Operation 30 [1/1] (0.00ns)   --->   "%ic_2 = load i7 %ic"   --->   Operation 30 'load' 'ic_2' <Predicate = true> <Delay = 0.00>
ST_1 : Operation 31 [1/1] (0.00ns)   --->   "%indvar_flatten39_load = load i9 %indvar_flatten39" [src/ecg_classifier.cpp:180]   --->   Operation 31 'load' 'indvar_flatten39_load' <Predicate = true> <Delay = 0.00>
ST_1 : Operation 32 [1/1] (0.00ns)   --->   "%tmp_s = partselect i5 @_ssdm_op_PartSelect.i5.i7.i32.i32, i7 %ic_2, i32 1, i32 5"   --->   Operation 32 'partselect' 'tmp_s' <Predicate = true> <Delay = 0.00>
ST_1 : Operation 33 [1/1] (0.00ns)   --->   "%empty = trunc i7 %ic_2"   --->   Operation 33 'trunc' 'empty' <Predicate = true> <Delay = 0.00>
ST_1 : Operation 34 [1/1] (1.62ns)   --->   "%icmp_ln180 = icmp_eq  i9 %indvar_flatten39_load, i9 320" [src/ecg_classifier.cpp:180]   --->   Operation 34 'icmp' 'icmp_ln180' <Predicate = true> <Delay = 1.62> <CoreInst = "Cmp">   --->   Core 9 'Cmp' <Latency = 0> <II = 1> <Delay = 1.62> <FuncUnit> <Opcode : 'icmp'> <InPorts = 2> <OutPorts = 1>
ST_1 : Operation 35 [1/1] (1.36ns)   --->   "%add_ln180_1 = add i9 %indvar_flatten39_load, i9 1" [src/ecg_classifier.cpp:180]   --->   Operation 35 'add' 'add_ln180_1' <Predicate = true> <Delay = 1.36> <CoreInst = "Adder">   --->   Core 1 'Adder' <Latency = 0> <II = 1> <Delay = 1.36> <FuncUnit> <Opcode : 'add' 'sub'> <InPorts = 2> <OutPorts = 1>
ST_1 : Operation 36 [1/1] (0.00ns)   --->   "%br_ln180 = br i1 %icmp_ln180, void %for.inc373, void %for.end375.exitStub" [src/ecg_classifier.cpp:180]   --->   Operation 36 'br' 'br_ln180' <Predicate = true> <Delay = 0.00>
ST_1 : Operation 37 [1/1] (0.00ns)   --->   "%k_load = load i3 %k" [src/ecg_classifier.cpp:182]   --->   Operation 37 'load' 'k_load' <Predicate = (!icmp_ln180)> <Delay = 0.00>
ST_1 : Operation 38 [1/1] (1.31ns)   --->   "%add_ln180 = add i7 %ic_2, i7 1" [src/ecg_classifier.cpp:180]   --->   Operation 38 'add' 'add_ln180' <Predicate = (!icmp_ln180)> <Delay = 1.31> <CoreInst = "Adder">   --->   Core 1 'Adder' <Latency = 0> <II = 1> <Delay = 1.31> <FuncUnit> <Opcode : 'add' 'sub'> <InPorts = 2> <OutPorts = 1>
ST_1 : Operation 39 [1/1] (0.98ns)   --->   "%icmp_ln182 = icmp_eq  i3 %k_load, i3 5" [src/ecg_classifier.cpp:182]   --->   Operation 39 'icmp' 'icmp_ln182' <Predicate = (!icmp_ln180)> <Delay = 0.98> <CoreInst = "Cmp">   --->   Core 9 'Cmp' <Latency = 0> <II = 1> <Delay = 0.98> <FuncUnit> <Opcode : 'icmp'> <InPorts = 2> <OutPorts = 1>
ST_1 : Operation 40 [1/1] (0.79ns)   --->   "%select_ln180 = select i1 %icmp_ln182, i3 0, i3 %k_load" [src/ecg_classifier.cpp:180]   --->   Operation 40 'select' 'select_ln180' <Predicate = (!icmp_ln180)> <Delay = 0.79> <CoreInst = "Sel">   --->   Core 73 'Sel' <Latency = 0> <II = 1> <Delay = 0.79> <FuncUnit> <Opcode : 'select'> <InPorts = 3> <OutPorts = 1>
ST_1 : Operation 41 [1/1] (0.80ns)   --->   "%select_ln180_1 = select i1 %icmp_ln182, i7 %add_ln180, i7 %ic_2" [src/ecg_classifier.cpp:180]   --->   Operation 41 'select' 'select_ln180_1' <Predicate = (!icmp_ln180)> <Delay = 0.80> <CoreInst = "Sel">   --->   Core 73 'Sel' <Latency = 0> <II = 1> <Delay = 0.80> <FuncUnit> <Opcode : 'select'> <InPorts = 3> <OutPorts = 1>
ST_1 : Operation 42 [1/1] (0.00ns)   --->   "%p_mid1 = partselect i5 @_ssdm_op_PartSelect.i5.i7.i32.i32, i7 %add_ln180, i32 1, i32 5" [src/ecg_classifier.cpp:180]   --->   Operation 42 'partselect' 'p_mid1' <Predicate = (!icmp_ln180)> <Delay = 0.00>
ST_1 : Operation 43 [1/1] (0.00ns)   --->   "%empty_63 = trunc i7 %add_ln180" [src/ecg_classifier.cpp:180]   --->   Operation 43 'trunc' 'empty_63' <Predicate = (!icmp_ln180)> <Delay = 0.00>
ST_1 : Operation 44 [1/1] (0.76ns)   --->   "%add_ln184 = add i3 %select_ln180, i3 1" [src/ecg_classifier.cpp:184]   --->   Operation 44 'add' 'add_ln184' <Predicate = (!icmp_ln180)> <Delay = 0.76> <CoreInst = "Adder">   --->   Core 1 'Adder' <Latency = 0> <II = 1> <Delay = 0.76> <FuncUnit> <Opcode : 'add' 'sub'> <InPorts = 2> <OutPorts = 1>
ST_1 : Operation 45 [1/1] (1.29ns)   --->   "%store_ln182 = store i9 %add_ln180_1, i9 %indvar_flatten39" [src/ecg_classifier.cpp:182]   --->   Operation 45 'store' 'store_ln182' <Predicate = (!icmp_ln180)> <Delay = 1.29>
ST_1 : Operation 46 [1/1] (1.29ns)   --->   "%store_ln182 = store i7 %select_ln180_1, i7 %ic" [src/ecg_classifier.cpp:182]   --->   Operation 46 'store' 'store_ln182' <Predicate = (!icmp_ln180)> <Delay = 1.29>
ST_1 : Operation 47 [1/1] (1.29ns)   --->   "%store_ln182 = store i3 %add_ln184, i3 %k" [src/ecg_classifier.cpp:182]   --->   Operation 47 'store' 'store_ln182' <Predicate = (!icmp_ln180)> <Delay = 1.29>

State 2 <SV = 1> <Delay = 7.49>
ST_2 : Operation 48 [1/1] (0.00ns)   --->   "%p_cast39 = zext i5 %tmp_s"   --->   Operation 48 'zext' 'p_cast39' <Predicate = true> <Delay = 0.00>
ST_2 : Operation 49 [1/1] (0.00ns)   --->   "%win01_V_2_addr = getelementptr i31 %win01_V_2, i64 0, i64 %p_cast39"   --->   Operation 49 'getelementptr' 'win01_V_2_addr' <Predicate = (!icmp_ln182)> <Delay = 0.00>
ST_2 : Operation 50 [2/2] (1.75ns)   --->   "%win01_V_2_load = load i5 %win01_V_2_addr"   --->   Operation 50 'load' 'win01_V_2_load' <Predicate = (!icmp_ln182)> <Delay = 1.75> <CoreInst = "RAM">   --->   Core 82 'RAM' <Latency = 1> <II = 1> <Delay = 1.75> <Storage> <Opcode : 'load' 'store'> <Ports = 2> <Width = 31> <Depth = 32> <RAM>
ST_2 : Operation 51 [1/1] (0.00ns)   --->   "%win01_V_3_addr = getelementptr i31 %win01_V_3, i64 0, i64 %p_cast39"   --->   Operation 51 'getelementptr' 'win01_V_3_addr' <Predicate = (!icmp_ln182)> <Delay = 0.00>
ST_2 : Operation 52 [2/2] (1.75ns)   --->   "%win01_V_3_load = load i5 %win01_V_3_addr"   --->   Operation 52 'load' 'win01_V_3_load' <Predicate = (!icmp_ln182)> <Delay = 1.75> <CoreInst = "RAM">   --->   Core 82 'RAM' <Latency = 1> <II = 1> <Delay = 1.75> <Storage> <Opcode : 'load' 'store'> <Ports = 2> <Width = 31> <Depth = 32> <RAM>
ST_2 : Operation 53 [1/1] (0.00ns)   --->   "%win01_V_4_addr = getelementptr i31 %win01_V_4, i64 0, i64 %p_cast39"   --->   Operation 53 'getelementptr' 'win01_V_4_addr' <Predicate = (!icmp_ln182)> <Delay = 0.00>
ST_2 : Operation 54 [2/2] (1.75ns)   --->   "%win01_V_4_load = load i5 %win01_V_4_addr"   --->   Operation 54 'load' 'win01_V_4_load' <Predicate = (!icmp_ln182)> <Delay = 1.75> <CoreInst = "RAM">   --->   Core 82 'RAM' <Latency = 1> <II = 1> <Delay = 1.75> <Storage> <Opcode : 'load' 'store'> <Ports = 2> <Width = 31> <Depth = 32> <RAM>
ST_2 : Operation 55 [1/1] (0.00ns)   --->   "%win01_V_5_addr = getelementptr i31 %win01_V_5, i64 0, i64 %p_cast39"   --->   Operation 55 'getelementptr' 'win01_V_5_addr' <Predicate = (!icmp_ln182)> <Delay = 0.00>
ST_2 : Operation 56 [2/2] (1.75ns)   --->   "%win01_V_5_load = load i5 %win01_V_5_addr"   --->   Operation 56 'load' 'win01_V_5_load' <Predicate = (!icmp_ln182)> <Delay = 1.75> <CoreInst = "RAM">   --->   Core 82 'RAM' <Latency = 1> <II = 1> <Delay = 1.75> <Storage> <Opcode : 'load' 'store'> <Ports = 2> <Width = 31> <Depth = 32> <RAM>
ST_2 : Operation 57 [1/1] (0.00ns)   --->   "%win01_V_6_addr = getelementptr i31 %win01_V_6, i64 0, i64 %p_cast39"   --->   Operation 57 'getelementptr' 'win01_V_6_addr' <Predicate = (!icmp_ln182)> <Delay = 0.00>
ST_2 : Operation 58 [2/2] (1.75ns)   --->   "%win01_V_6_load = load i5 %win01_V_6_addr"   --->   Operation 58 'load' 'win01_V_6_load' <Predicate = (!icmp_ln182)> <Delay = 1.75> <CoreInst = "RAM">   --->   Core 82 'RAM' <Latency = 1> <II = 1> <Delay = 1.75> <Storage> <Opcode : 'load' 'store'> <Ports = 2> <Width = 31> <Depth = 32> <RAM>
ST_2 : Operation 59 [1/1] (0.00ns)   --->   "%win01_V_7_addr = getelementptr i31 %win01_V_7, i64 0, i64 %p_cast39"   --->   Operation 59 'getelementptr' 'win01_V_7_addr' <Predicate = (!icmp_ln182)> <Delay = 0.00>
ST_2 : Operation 60 [2/2] (1.75ns)   --->   "%win01_V_7_load = load i5 %win01_V_7_addr"   --->   Operation 60 'load' 'win01_V_7_load' <Predicate = (!icmp_ln182)> <Delay = 1.75> <CoreInst = "RAM">   --->   Core 82 'RAM' <Latency = 1> <II = 1> <Delay = 1.75> <Storage> <Opcode : 'load' 'store'> <Ports = 2> <Width = 31> <Depth = 32> <RAM>
ST_2 : Operation 61 [1/1] (0.00ns)   --->   "%win01_V_8_addr = getelementptr i31 %win01_V_8, i64 0, i64 %p_cast39"   --->   Operation 61 'getelementptr' 'win01_V_8_addr' <Predicate = (!icmp_ln182)> <Delay = 0.00>
ST_2 : Operation 62 [2/2] (1.75ns)   --->   "%win01_V_8_load = load i5 %win01_V_8_addr"   --->   Operation 62 'load' 'win01_V_8_load' <Predicate = (!icmp_ln182)> <Delay = 1.75> <CoreInst = "RAM">   --->   Core 82 'RAM' <Latency = 1> <II = 1> <Delay = 1.75> <Storage> <Opcode : 'load' 'store'> <Ports = 2> <Width = 31> <Depth = 32> <RAM>
ST_2 : Operation 63 [1/1] (0.00ns)   --->   "%win01_V_9_addr = getelementptr i31 %win01_V_9, i64 0, i64 %p_cast39"   --->   Operation 63 'getelementptr' 'win01_V_9_addr' <Predicate = (!icmp_ln182)> <Delay = 0.00>
ST_2 : Operation 64 [2/2] (1.75ns)   --->   "%win01_V_9_load = load i5 %win01_V_9_addr"   --->   Operation 64 'load' 'win01_V_9_load' <Predicate = (!icmp_ln182)> <Delay = 1.75> <CoreInst = "RAM">   --->   Core 82 'RAM' <Latency = 1> <II = 1> <Delay = 1.75> <Storage> <Opcode : 'load' 'store'> <Ports = 2> <Width = 31> <Depth = 32> <RAM>
ST_2 : Operation 65 [1/1] (0.00ns)   --->   "%zext_ln837 = zext i7 %select_ln180_1"   --->   Operation 65 'zext' 'zext_ln837' <Predicate = (!icmp_ln180)> <Delay = 0.00>
ST_2 : Operation 66 [1/1] (0.00ns)   --->   "%tmp = partselect i6 @_ssdm_op_PartSelect.i6.i7.i32.i32, i7 %oc_base_1_read, i32 1, i32 6"   --->   Operation 66 'partselect' 'tmp' <Predicate = (!icmp_ln180)> <Delay = 0.00>
ST_2 : Operation 67 [1/1] (0.00ns)   --->   "%tmp_4 = bitconcatenate i13 @_ssdm_op_BitConcatenate.i13.i6.i7, i6 %tmp, i7 %select_ln180_1"   --->   Operation 67 'bitconcatenate' 'tmp_4' <Predicate = (!icmp_ln180)> <Delay = 0.00>
ST_2 : Operation 68 [1/1] (0.00ns)   --->   "%zext_ln837_13 = zext i13 %tmp_4"   --->   Operation 68 'zext' 'zext_ln837_13' <Predicate = (!icmp_ln180)> <Delay = 0.00>
ST_2 : Operation 69 [1/1] (0.00ns)   --->   "%tmp_5 = bitconcatenate i15 @_ssdm_op_BitConcatenate.i15.i6.i7.i2, i6 %tmp, i7 %select_ln180_1, i2 0"   --->   Operation 69 'bitconcatenate' 'tmp_5' <Predicate = (!icmp_ln180)> <Delay = 0.00>
ST_2 : Operation 70 [1/1] (0.00ns)   --->   "%zext_ln837_14 = zext i15 %tmp_5"   --->   Operation 70 'zext' 'zext_ln837_14' <Predicate = (!icmp_ln180)> <Delay = 0.00>
ST_2 : Operation 71 [1/1] (0.00ns) (grouped into TernaryAdder)   --->   "%add_ln837 = add i16 %zext_ln837_14, i16 %zext_ln837_13"   --->   Operation 71 'add' 'add_ln837' <Predicate = (!icmp_ln180)> <Delay = 0.00> <CoreInst = "TAddSub">   --->   Core 10 'TAddSub' <Latency = 0> <II = 1> <Delay = 1.59> <IPBlock> <Opcode : 'add' 'sub'> <InPorts = 3> <OutPorts = 1> <Sync> <CReg>
ST_2 : Operation 72 [1/1] (1.53ns)   --->   "%add_ln837_7 = add i14 %zext_ln837_9_cast, i14 %zext_ln837"   --->   Operation 72 'add' 'add_ln837_7' <Predicate = (!icmp_ln180)> <Delay = 1.53> <CoreInst = "Adder">   --->   Core 1 'Adder' <Latency = 0> <II = 1> <Delay = 1.53> <FuncUnit> <Opcode : 'add' 'sub'> <InPorts = 2> <OutPorts = 1>
ST_2 : Operation 73 [1/1] (0.00ns)   --->   "%zext_ln837_15 = zext i14 %add_ln837_7"   --->   Operation 73 'zext' 'zext_ln837_15' <Predicate = (!icmp_ln180)> <Delay = 0.00>
ST_2 : Operation 74 [1/1] (0.00ns)   --->   "%p_shl2 = bitconcatenate i16 @_ssdm_op_BitConcatenate.i16.i14.i2, i14 %add_ln837_7, i2 0"   --->   Operation 74 'bitconcatenate' 'p_shl2' <Predicate = (!icmp_ln180)> <Delay = 0.00>
ST_2 : Operation 75 [1/1] (0.00ns)   --->   "%p_cast39_mid1 = zext i5 %p_mid1" [src/ecg_classifier.cpp:180]   --->   Operation 75 'zext' 'p_cast39_mid1' <Predicate = (!icmp_ln180)> <Delay = 0.00>
ST_2 : Operation 76 [1/1] (0.00ns)   --->   "%win01_V_2_addr_1 = getelementptr i31 %win01_V_2, i64 0, i64 %p_cast39_mid1" [src/ecg_classifier.cpp:180]   --->   Operation 76 'getelementptr' 'win01_V_2_addr_1' <Predicate = (!icmp_ln180 & icmp_ln182)> <Delay = 0.00>
ST_2 : Operation 77 [2/2] (1.75ns)   --->   "%win01_V_2_load_1 = load i5 %win01_V_2_addr_1" [src/ecg_classifier.cpp:180]   --->   Operation 77 'load' 'win01_V_2_load_1' <Predicate = (!icmp_ln180 & icmp_ln182)> <Delay = 1.75> <CoreInst = "RAM">   --->   Core 82 'RAM' <Latency = 1> <II = 1> <Delay = 1.75> <Storage> <Opcode : 'load' 'store'> <Ports = 2> <Width = 31> <Depth = 32> <RAM>
ST_2 : Operation 78 [1/1] (0.00ns)   --->   "%win01_V_3_addr_1 = getelementptr i31 %win01_V_3, i64 0, i64 %p_cast39_mid1" [src/ecg_classifier.cpp:180]   --->   Operation 78 'getelementptr' 'win01_V_3_addr_1' <Predicate = (!icmp_ln180 & icmp_ln182)> <Delay = 0.00>
ST_2 : Operation 79 [2/2] (1.75ns)   --->   "%win01_V_3_load_1 = load i5 %win01_V_3_addr_1" [src/ecg_classifier.cpp:180]   --->   Operation 79 'load' 'win01_V_3_load_1' <Predicate = (!icmp_ln180 & icmp_ln182)> <Delay = 1.75> <CoreInst = "RAM">   --->   Core 82 'RAM' <Latency = 1> <II = 1> <Delay = 1.75> <Storage> <Opcode : 'load' 'store'> <Ports = 2> <Width = 31> <Depth = 32> <RAM>
ST_2 : Operation 80 [1/1] (0.00ns)   --->   "%win01_V_4_addr_1 = getelementptr i31 %win01_V_4, i64 0, i64 %p_cast39_mid1" [src/ecg_classifier.cpp:180]   --->   Operation 80 'getelementptr' 'win01_V_4_addr_1' <Predicate = (!icmp_ln180 & icmp_ln182)> <Delay = 0.00>
ST_2 : Operation 81 [2/2] (1.75ns)   --->   "%win01_V_4_load_1 = load i5 %win01_V_4_addr_1" [src/ecg_classifier.cpp:180]   --->   Operation 81 'load' 'win01_V_4_load_1' <Predicate = (!icmp_ln180 & icmp_ln182)> <Delay = 1.75> <CoreInst = "RAM">   --->   Core 82 'RAM' <Latency = 1> <II = 1> <Delay = 1.75> <Storage> <Opcode : 'load' 'store'> <Ports = 2> <Width = 31> <Depth = 32> <RAM>
ST_2 : Operation 82 [1/1] (0.00ns)   --->   "%win01_V_5_addr_1 = getelementptr i31 %win01_V_5, i64 0, i64 %p_cast39_mid1" [src/ecg_classifier.cpp:180]   --->   Operation 82 'getelementptr' 'win01_V_5_addr_1' <Predicate = (!icmp_ln180 & icmp_ln182)> <Delay = 0.00>
ST_2 : Operation 83 [2/2] (1.75ns)   --->   "%win01_V_5_load_1 = load i5 %win01_V_5_addr_1" [src/ecg_classifier.cpp:180]   --->   Operation 83 'load' 'win01_V_5_load_1' <Predicate = (!icmp_ln180 & icmp_ln182)> <Delay = 1.75> <CoreInst = "RAM">   --->   Core 82 'RAM' <Latency = 1> <II = 1> <Delay = 1.75> <Storage> <Opcode : 'load' 'store'> <Ports = 2> <Width = 31> <Depth = 32> <RAM>
ST_2 : Operation 84 [1/1] (0.00ns)   --->   "%win01_V_6_addr_1 = getelementptr i31 %win01_V_6, i64 0, i64 %p_cast39_mid1" [src/ecg_classifier.cpp:180]   --->   Operation 84 'getelementptr' 'win01_V_6_addr_1' <Predicate = (!icmp_ln180 & icmp_ln182)> <Delay = 0.00>
ST_2 : Operation 85 [2/2] (1.75ns)   --->   "%win01_V_6_load_1 = load i5 %win01_V_6_addr_1" [src/ecg_classifier.cpp:180]   --->   Operation 85 'load' 'win01_V_6_load_1' <Predicate = (!icmp_ln180 & icmp_ln182)> <Delay = 1.75> <CoreInst = "RAM">   --->   Core 82 'RAM' <Latency = 1> <II = 1> <Delay = 1.75> <Storage> <Opcode : 'load' 'store'> <Ports = 2> <Width = 31> <Depth = 32> <RAM>
ST_2 : Operation 86 [1/1] (0.00ns)   --->   "%win01_V_7_addr_1 = getelementptr i31 %win01_V_7, i64 0, i64 %p_cast39_mid1" [src/ecg_classifier.cpp:180]   --->   Operation 86 'getelementptr' 'win01_V_7_addr_1' <Predicate = (!icmp_ln180 & icmp_ln182)> <Delay = 0.00>
ST_2 : Operation 87 [2/2] (1.75ns)   --->   "%win01_V_7_load_1 = load i5 %win01_V_7_addr_1" [src/ecg_classifier.cpp:180]   --->   Operation 87 'load' 'win01_V_7_load_1' <Predicate = (!icmp_ln180 & icmp_ln182)> <Delay = 1.75> <CoreInst = "RAM">   --->   Core 82 'RAM' <Latency = 1> <II = 1> <Delay = 1.75> <Storage> <Opcode : 'load' 'store'> <Ports = 2> <Width = 31> <Depth = 32> <RAM>
ST_2 : Operation 88 [1/1] (0.00ns)   --->   "%win01_V_8_addr_1 = getelementptr i31 %win01_V_8, i64 0, i64 %p_cast39_mid1" [src/ecg_classifier.cpp:180]   --->   Operation 88 'getelementptr' 'win01_V_8_addr_1' <Predicate = (!icmp_ln180 & icmp_ln182)> <Delay = 0.00>
ST_2 : Operation 89 [2/2] (1.75ns)   --->   "%win01_V_8_load_1 = load i5 %win01_V_8_addr_1" [src/ecg_classifier.cpp:180]   --->   Operation 89 'load' 'win01_V_8_load_1' <Predicate = (!icmp_ln180 & icmp_ln182)> <Delay = 1.75> <CoreInst = "RAM">   --->   Core 82 'RAM' <Latency = 1> <II = 1> <Delay = 1.75> <Storage> <Opcode : 'load' 'store'> <Ports = 2> <Width = 31> <Depth = 32> <RAM>
ST_2 : Operation 90 [1/1] (0.00ns)   --->   "%win01_V_9_addr_1 = getelementptr i31 %win01_V_9, i64 0, i64 %p_cast39_mid1" [src/ecg_classifier.cpp:180]   --->   Operation 90 'getelementptr' 'win01_V_9_addr_1' <Predicate = (!icmp_ln180 & icmp_ln182)> <Delay = 0.00>
ST_2 : Operation 91 [2/2] (1.75ns)   --->   "%win01_V_9_load_1 = load i5 %win01_V_9_addr_1" [src/ecg_classifier.cpp:180]   --->   Operation 91 'load' 'win01_V_9_load_1' <Predicate = (!icmp_ln180 & icmp_ln182)> <Delay = 1.75> <CoreInst = "RAM">   --->   Core 82 'RAM' <Latency = 1> <II = 1> <Delay = 1.75> <Storage> <Opcode : 'load' 'store'> <Ports = 2> <Width = 31> <Depth = 32> <RAM>
ST_2 : Operation 92 [1/1] (0.00ns)   --->   "%zext_ln837_16 = zext i3 %select_ln180"   --->   Operation 92 'zext' 'zext_ln837_16' <Predicate = (!icmp_ln180)> <Delay = 0.00>
ST_2 : Operation 93 [1/1] (3.18ns) (root node of TernaryAdder)   --->   "%add_ln837_8 = add i16 %add_ln837, i16 %zext_ln837_16"   --->   Operation 93 'add' 'add_ln837_8' <Predicate = (!icmp_ln180)> <Delay = 3.18> <CoreInst = "TAddSub">   --->   Core 10 'TAddSub' <Latency = 0> <II = 1> <Delay = 1.59> <IPBlock> <Opcode : 'add' 'sub'> <InPorts = 3> <OutPorts = 1> <Sync> <CReg>
ST_2 : Operation 94 [1/1] (0.00ns)   --->   "%zext_ln837_17 = zext i16 %add_ln837_8"   --->   Operation 94 'zext' 'zext_ln837_17' <Predicate = (!icmp_ln180)> <Delay = 0.00>
ST_2 : Operation 95 [1/1] (0.00ns)   --->   "%clf_w_L2_W_V_addr = getelementptr i3 %clf_w_L2_W_V, i64 0, i64 %zext_ln837_17"   --->   Operation 95 'getelementptr' 'clf_w_L2_W_V_addr' <Predicate = (!icmp_ln180)> <Delay = 0.00>
ST_2 : Operation 96 [1/1] (0.00ns) (grouped into TernaryAdder)   --->   "%add_ln837_9 = add i16 %p_shl2, i16 %zext_ln837_15"   --->   Operation 96 'add' 'add_ln837_9' <Predicate = (!icmp_ln180)> <Delay = 0.00> <CoreInst = "TAddSub">   --->   Core 10 'TAddSub' <Latency = 0> <II = 1> <Delay = 1.59> <IPBlock> <Opcode : 'add' 'sub'> <InPorts = 3> <OutPorts = 1> <Sync> <CReg>
ST_2 : Operation 97 [1/1] (3.18ns) (root node of TernaryAdder)   --->   "%add_ln837_10 = add i16 %add_ln837_9, i16 %zext_ln837_16"   --->   Operation 97 'add' 'add_ln837_10' <Predicate = (!icmp_ln180)> <Delay = 3.18> <CoreInst = "TAddSub">   --->   Core 10 'TAddSub' <Latency = 0> <II = 1> <Delay = 1.59> <IPBlock> <Opcode : 'add' 'sub'> <InPorts = 3> <OutPorts = 1> <Sync> <CReg>
ST_2 : Operation 98 [1/1] (0.00ns)   --->   "%zext_ln837_18 = zext i16 %add_ln837_10"   --->   Operation 98 'zext' 'zext_ln837_18' <Predicate = (!icmp_ln180)> <Delay = 0.00>
ST_2 : Operation 99 [1/1] (0.00ns)   --->   "%clf_w_L2_W_V_addr_1 = getelementptr i3 %clf_w_L2_W_V, i64 0, i64 %zext_ln837_18"   --->   Operation 99 'getelementptr' 'clf_w_L2_W_V_addr_1' <Predicate = (!icmp_ln180)> <Delay = 0.00>
ST_2 : Operation 100 [2/2] (2.77ns)   --->   "%clf_w_L2_W_V_load = load i16 %clf_w_L2_W_V_addr"   --->   Operation 100 'load' 'clf_w_L2_W_V_load' <Predicate = (!icmp_ln180)> <Delay = 2.77> <CoreInst = "ROM">   --->   Core 95 'ROM' <Latency = 1> <II = 1> <Delay = 2.77> <Storage> <Opcode : 'load'> <Ports = 0> <Width = 3> <Depth = 40960> <ROM>
ST_2 : Operation 101 [2/2] (2.77ns)   --->   "%clf_w_L2_W_V_load_1 = load i16 %clf_w_L2_W_V_addr_1"   --->   Operation 101 'load' 'clf_w_L2_W_V_load_1' <Predicate = (!icmp_ln180)> <Delay = 2.77> <CoreInst = "ROM">   --->   Core 95 'ROM' <Latency = 1> <II = 1> <Delay = 2.77> <Storage> <Opcode : 'load'> <Ports = 0> <Width = 3> <Depth = 40960> <ROM>

State 3 <SV = 2> <Delay = 5.14>
ST_3 : Operation 102 [1/1] (1.29ns)   --->   "%tmp_6 = mux i31 @_ssdm_op_Mux.ap_auto.2i31.i1, i31 0, i31 0, i1 %empty" [src/ecg_classifier.cpp:184]   --->   Operation 102 'mux' 'tmp_6' <Predicate = (!icmp_ln182)> <Delay = 1.29> <CoreInst = "Multiplexer">   --->   Core 76 'Multiplexer' <Latency = 0> <II = 1> <Delay = 1.29> <FuncUnit> <Opcode : 'mux'> <InPorts = 2> <OutPorts = 1>
ST_3 : Operation 103 [1/2] (1.75ns)   --->   "%win01_V_2_load = load i5 %win01_V_2_addr"   --->   Operation 103 'load' 'win01_V_2_load' <Predicate = (!icmp_ln182)> <Delay = 1.75> <CoreInst = "RAM">   --->   Core 82 'RAM' <Latency = 1> <II = 1> <Delay = 1.75> <Storage> <Opcode : 'load' 'store'> <Ports = 2> <Width = 31> <Depth = 32> <RAM>
ST_3 : Operation 104 [1/2] (1.75ns)   --->   "%win01_V_3_load = load i5 %win01_V_3_addr"   --->   Operation 104 'load' 'win01_V_3_load' <Predicate = (!icmp_ln182)> <Delay = 1.75> <CoreInst = "RAM">   --->   Core 82 'RAM' <Latency = 1> <II = 1> <Delay = 1.75> <Storage> <Opcode : 'load' 'store'> <Ports = 2> <Width = 31> <Depth = 32> <RAM>
ST_3 : Operation 105 [1/1] (1.29ns)   --->   "%tmp_10 = mux i31 @_ssdm_op_Mux.ap_auto.2i31.i1, i31 %win01_V_2_load, i31 %win01_V_3_load, i1 %empty" [src/ecg_classifier.cpp:184]   --->   Operation 105 'mux' 'tmp_10' <Predicate = (!icmp_ln182)> <Delay = 1.29> <CoreInst = "Multiplexer">   --->   Core 76 'Multiplexer' <Latency = 0> <II = 1> <Delay = 1.29> <FuncUnit> <Opcode : 'mux'> <InPorts = 2> <OutPorts = 1>
ST_3 : Operation 106 [1/2] (1.75ns)   --->   "%win01_V_4_load = load i5 %win01_V_4_addr"   --->   Operation 106 'load' 'win01_V_4_load' <Predicate = (!icmp_ln182)> <Delay = 1.75> <CoreInst = "RAM">   --->   Core 82 'RAM' <Latency = 1> <II = 1> <Delay = 1.75> <Storage> <Opcode : 'load' 'store'> <Ports = 2> <Width = 31> <Depth = 32> <RAM>
ST_3 : Operation 107 [1/2] (1.75ns)   --->   "%win01_V_5_load = load i5 %win01_V_5_addr"   --->   Operation 107 'load' 'win01_V_5_load' <Predicate = (!icmp_ln182)> <Delay = 1.75> <CoreInst = "RAM">   --->   Core 82 'RAM' <Latency = 1> <II = 1> <Delay = 1.75> <Storage> <Opcode : 'load' 'store'> <Ports = 2> <Width = 31> <Depth = 32> <RAM>
ST_3 : Operation 108 [1/1] (1.29ns)   --->   "%tmp_11 = mux i31 @_ssdm_op_Mux.ap_auto.2i31.i1, i31 %win01_V_4_load, i31 %win01_V_5_load, i1 %empty" [src/ecg_classifier.cpp:184]   --->   Operation 108 'mux' 'tmp_11' <Predicate = (!icmp_ln182)> <Delay = 1.29> <CoreInst = "Multiplexer">   --->   Core 76 'Multiplexer' <Latency = 0> <II = 1> <Delay = 1.29> <FuncUnit> <Opcode : 'mux'> <InPorts = 2> <OutPorts = 1>
ST_3 : Operation 109 [1/2] (1.75ns)   --->   "%win01_V_6_load = load i5 %win01_V_6_addr"   --->   Operation 109 'load' 'win01_V_6_load' <Predicate = (!icmp_ln182)> <Delay = 1.75> <CoreInst = "RAM">   --->   Core 82 'RAM' <Latency = 1> <II = 1> <Delay = 1.75> <Storage> <Opcode : 'load' 'store'> <Ports = 2> <Width = 31> <Depth = 32> <RAM>
ST_3 : Operation 110 [1/2] (1.75ns)   --->   "%win01_V_7_load = load i5 %win01_V_7_addr"   --->   Operation 110 'load' 'win01_V_7_load' <Predicate = (!icmp_ln182)> <Delay = 1.75> <CoreInst = "RAM">   --->   Core 82 'RAM' <Latency = 1> <II = 1> <Delay = 1.75> <Storage> <Opcode : 'load' 'store'> <Ports = 2> <Width = 31> <Depth = 32> <RAM>
ST_3 : Operation 111 [1/1] (1.29ns)   --->   "%tmp_12 = mux i31 @_ssdm_op_Mux.ap_auto.2i31.i1, i31 %win01_V_6_load, i31 %win01_V_7_load, i1 %empty" [src/ecg_classifier.cpp:184]   --->   Operation 111 'mux' 'tmp_12' <Predicate = (!icmp_ln182)> <Delay = 1.29> <CoreInst = "Multiplexer">   --->   Core 76 'Multiplexer' <Latency = 0> <II = 1> <Delay = 1.29> <FuncUnit> <Opcode : 'mux'> <InPorts = 2> <OutPorts = 1>
ST_3 : Operation 112 [1/2] (1.75ns)   --->   "%win01_V_8_load = load i5 %win01_V_8_addr"   --->   Operation 112 'load' 'win01_V_8_load' <Predicate = (!icmp_ln182)> <Delay = 1.75> <CoreInst = "RAM">   --->   Core 82 'RAM' <Latency = 1> <II = 1> <Delay = 1.75> <Storage> <Opcode : 'load' 'store'> <Ports = 2> <Width = 31> <Depth = 32> <RAM>
ST_3 : Operation 113 [1/2] (1.75ns)   --->   "%win01_V_9_load = load i5 %win01_V_9_addr"   --->   Operation 113 'load' 'win01_V_9_load' <Predicate = (!icmp_ln182)> <Delay = 1.75> <CoreInst = "RAM">   --->   Core 82 'RAM' <Latency = 1> <II = 1> <Delay = 1.75> <Storage> <Opcode : 'load' 'store'> <Ports = 2> <Width = 31> <Depth = 32> <RAM>
ST_3 : Operation 114 [1/1] (1.29ns)   --->   "%tmp_13 = mux i31 @_ssdm_op_Mux.ap_auto.2i31.i1, i31 %win01_V_8_load, i31 %win01_V_9_load, i1 %empty" [src/ecg_classifier.cpp:184]   --->   Operation 114 'mux' 'tmp_13' <Predicate = (!icmp_ln182)> <Delay = 1.29> <CoreInst = "Multiplexer">   --->   Core 76 'Multiplexer' <Latency = 0> <II = 1> <Delay = 1.29> <FuncUnit> <Opcode : 'mux'> <InPorts = 2> <OutPorts = 1>
ST_3 : Operation 115 [1/1] (0.00ns) (grouped into LUT with out node select_ln180_2)   --->   "%tmp_6_mid1 = mux i31 @_ssdm_op_Mux.ap_auto.2i31.i1, i31 0, i31 0, i1 %empty_63" [src/ecg_classifier.cpp:184]   --->   Operation 115 'mux' 'tmp_6_mid1' <Predicate = (!icmp_ln180 & icmp_ln182)> <Delay = 0.00> <CoreInst = "Multiplexer">   --->   Core 76 'Multiplexer' <Latency = 0> <II = 1> <Delay = 1.29> <FuncUnit> <Opcode : 'mux'> <InPorts = 2> <OutPorts = 1>
ST_3 : Operation 116 [1/1] (1.29ns) (out node of the LUT)   --->   "%select_ln180_2 = select i1 %icmp_ln182, i31 %tmp_6_mid1, i31 %tmp_6" [src/ecg_classifier.cpp:180]   --->   Operation 116 'select' 'select_ln180_2' <Predicate = (!icmp_ln180)> <Delay = 1.29> <CoreInst = "Sel">   --->   Core 73 'Sel' <Latency = 0> <II = 1> <Delay = 0.71> <FuncUnit> <Opcode : 'select'> <InPorts = 3> <OutPorts = 1>
ST_3 : Operation 117 [1/2] (1.75ns)   --->   "%win01_V_2_load_1 = load i5 %win01_V_2_addr_1" [src/ecg_classifier.cpp:180]   --->   Operation 117 'load' 'win01_V_2_load_1' <Predicate = (!icmp_ln180 & icmp_ln182)> <Delay = 1.75> <CoreInst = "RAM">   --->   Core 82 'RAM' <Latency = 1> <II = 1> <Delay = 1.75> <Storage> <Opcode : 'load' 'store'> <Ports = 2> <Width = 31> <Depth = 32> <RAM>
ST_3 : Operation 118 [1/2] (1.75ns)   --->   "%win01_V_3_load_1 = load i5 %win01_V_3_addr_1" [src/ecg_classifier.cpp:180]   --->   Operation 118 'load' 'win01_V_3_load_1' <Predicate = (!icmp_ln180 & icmp_ln182)> <Delay = 1.75> <CoreInst = "RAM">   --->   Core 82 'RAM' <Latency = 1> <II = 1> <Delay = 1.75> <Storage> <Opcode : 'load' 'store'> <Ports = 2> <Width = 31> <Depth = 32> <RAM>
ST_3 : Operation 119 [1/1] (1.29ns)   --->   "%tmp_10_mid1 = mux i31 @_ssdm_op_Mux.ap_auto.2i31.i1, i31 %win01_V_2_load_1, i31 %win01_V_3_load_1, i1 %empty_63" [src/ecg_classifier.cpp:184]   --->   Operation 119 'mux' 'tmp_10_mid1' <Predicate = (!icmp_ln180 & icmp_ln182)> <Delay = 1.29> <CoreInst = "Multiplexer">   --->   Core 76 'Multiplexer' <Latency = 0> <II = 1> <Delay = 1.29> <FuncUnit> <Opcode : 'mux'> <InPorts = 2> <OutPorts = 1>
ST_3 : Operation 120 [1/1] (0.71ns)   --->   "%select_ln180_3 = select i1 %icmp_ln182, i31 %tmp_10_mid1, i31 %tmp_10" [src/ecg_classifier.cpp:180]   --->   Operation 120 'select' 'select_ln180_3' <Predicate = (!icmp_ln180)> <Delay = 0.71> <CoreInst = "Sel">   --->   Core 73 'Sel' <Latency = 0> <II = 1> <Delay = 0.71> <FuncUnit> <Opcode : 'select'> <InPorts = 3> <OutPorts = 1>
ST_3 : Operation 121 [1/2] (1.75ns)   --->   "%win01_V_4_load_1 = load i5 %win01_V_4_addr_1" [src/ecg_classifier.cpp:180]   --->   Operation 121 'load' 'win01_V_4_load_1' <Predicate = (!icmp_ln180 & icmp_ln182)> <Delay = 1.75> <CoreInst = "RAM">   --->   Core 82 'RAM' <Latency = 1> <II = 1> <Delay = 1.75> <Storage> <Opcode : 'load' 'store'> <Ports = 2> <Width = 31> <Depth = 32> <RAM>
ST_3 : Operation 122 [1/2] (1.75ns)   --->   "%win01_V_5_load_1 = load i5 %win01_V_5_addr_1" [src/ecg_classifier.cpp:180]   --->   Operation 122 'load' 'win01_V_5_load_1' <Predicate = (!icmp_ln180 & icmp_ln182)> <Delay = 1.75> <CoreInst = "RAM">   --->   Core 82 'RAM' <Latency = 1> <II = 1> <Delay = 1.75> <Storage> <Opcode : 'load' 'store'> <Ports = 2> <Width = 31> <Depth = 32> <RAM>
ST_3 : Operation 123 [1/1] (1.29ns)   --->   "%tmp_11_mid1 = mux i31 @_ssdm_op_Mux.ap_auto.2i31.i1, i31 %win01_V_4_load_1, i31 %win01_V_5_load_1, i1 %empty_63" [src/ecg_classifier.cpp:184]   --->   Operation 123 'mux' 'tmp_11_mid1' <Predicate = (!icmp_ln180 & icmp_ln182)> <Delay = 1.29> <CoreInst = "Multiplexer">   --->   Core 76 'Multiplexer' <Latency = 0> <II = 1> <Delay = 1.29> <FuncUnit> <Opcode : 'mux'> <InPorts = 2> <OutPorts = 1>
ST_3 : Operation 124 [1/1] (0.71ns)   --->   "%select_ln180_4 = select i1 %icmp_ln182, i31 %tmp_11_mid1, i31 %tmp_11" [src/ecg_classifier.cpp:180]   --->   Operation 124 'select' 'select_ln180_4' <Predicate = (!icmp_ln180)> <Delay = 0.71> <CoreInst = "Sel">   --->   Core 73 'Sel' <Latency = 0> <II = 1> <Delay = 0.71> <FuncUnit> <Opcode : 'select'> <InPorts = 3> <OutPorts = 1>
ST_3 : Operation 125 [1/2] (1.75ns)   --->   "%win01_V_6_load_1 = load i5 %win01_V_6_addr_1" [src/ecg_classifier.cpp:180]   --->   Operation 125 'load' 'win01_V_6_load_1' <Predicate = (!icmp_ln180 & icmp_ln182)> <Delay = 1.75> <CoreInst = "RAM">   --->   Core 82 'RAM' <Latency = 1> <II = 1> <Delay = 1.75> <Storage> <Opcode : 'load' 'store'> <Ports = 2> <Width = 31> <Depth = 32> <RAM>
ST_3 : Operation 126 [1/2] (1.75ns)   --->   "%win01_V_7_load_1 = load i5 %win01_V_7_addr_1" [src/ecg_classifier.cpp:180]   --->   Operation 126 'load' 'win01_V_7_load_1' <Predicate = (!icmp_ln180 & icmp_ln182)> <Delay = 1.75> <CoreInst = "RAM">   --->   Core 82 'RAM' <Latency = 1> <II = 1> <Delay = 1.75> <Storage> <Opcode : 'load' 'store'> <Ports = 2> <Width = 31> <Depth = 32> <RAM>
ST_3 : Operation 127 [1/1] (1.29ns)   --->   "%tmp_12_mid1 = mux i31 @_ssdm_op_Mux.ap_auto.2i31.i1, i31 %win01_V_6_load_1, i31 %win01_V_7_load_1, i1 %empty_63" [src/ecg_classifier.cpp:184]   --->   Operation 127 'mux' 'tmp_12_mid1' <Predicate = (!icmp_ln180 & icmp_ln182)> <Delay = 1.29> <CoreInst = "Multiplexer">   --->   Core 76 'Multiplexer' <Latency = 0> <II = 1> <Delay = 1.29> <FuncUnit> <Opcode : 'mux'> <InPorts = 2> <OutPorts = 1>
ST_3 : Operation 128 [1/1] (0.71ns)   --->   "%select_ln180_5 = select i1 %icmp_ln182, i31 %tmp_12_mid1, i31 %tmp_12" [src/ecg_classifier.cpp:180]   --->   Operation 128 'select' 'select_ln180_5' <Predicate = (!icmp_ln180)> <Delay = 0.71> <CoreInst = "Sel">   --->   Core 73 'Sel' <Latency = 0> <II = 1> <Delay = 0.71> <FuncUnit> <Opcode : 'select'> <InPorts = 3> <OutPorts = 1>
ST_3 : Operation 129 [1/2] (1.75ns)   --->   "%win01_V_8_load_1 = load i5 %win01_V_8_addr_1" [src/ecg_classifier.cpp:180]   --->   Operation 129 'load' 'win01_V_8_load_1' <Predicate = (!icmp_ln180 & icmp_ln182)> <Delay = 1.75> <CoreInst = "RAM">   --->   Core 82 'RAM' <Latency = 1> <II = 1> <Delay = 1.75> <Storage> <Opcode : 'load' 'store'> <Ports = 2> <Width = 31> <Depth = 32> <RAM>
ST_3 : Operation 130 [1/2] (1.75ns)   --->   "%win01_V_9_load_1 = load i5 %win01_V_9_addr_1" [src/ecg_classifier.cpp:180]   --->   Operation 130 'load' 'win01_V_9_load_1' <Predicate = (!icmp_ln180 & icmp_ln182)> <Delay = 1.75> <CoreInst = "RAM">   --->   Core 82 'RAM' <Latency = 1> <II = 1> <Delay = 1.75> <Storage> <Opcode : 'load' 'store'> <Ports = 2> <Width = 31> <Depth = 32> <RAM>
ST_3 : Operation 131 [1/1] (1.29ns)   --->   "%tmp_13_mid1 = mux i31 @_ssdm_op_Mux.ap_auto.2i31.i1, i31 %win01_V_8_load_1, i31 %win01_V_9_load_1, i1 %empty_63" [src/ecg_classifier.cpp:184]   --->   Operation 131 'mux' 'tmp_13_mid1' <Predicate = (!icmp_ln180 & icmp_ln182)> <Delay = 1.29> <CoreInst = "Multiplexer">   --->   Core 76 'Multiplexer' <Latency = 0> <II = 1> <Delay = 1.29> <FuncUnit> <Opcode : 'mux'> <InPorts = 2> <OutPorts = 1>
ST_3 : Operation 132 [1/1] (0.71ns)   --->   "%select_ln180_6 = select i1 %icmp_ln182, i31 %tmp_13_mid1, i31 %tmp_13" [src/ecg_classifier.cpp:180]   --->   Operation 132 'select' 'select_ln180_6' <Predicate = (!icmp_ln180)> <Delay = 0.71> <CoreInst = "Sel">   --->   Core 73 'Sel' <Latency = 0> <II = 1> <Delay = 0.71> <FuncUnit> <Opcode : 'select'> <InPorts = 3> <OutPorts = 1>
ST_3 : Operation 133 [1/1] (1.37ns)   --->   "%tmp_16 = mux i31 @_ssdm_op_Mux.ap_auto.5i31.i3, i31 %select_ln180_2, i31 %select_ln180_3, i31 %select_ln180_4, i31 %select_ln180_5, i31 %select_ln180_6, i3 %select_ln180" [src/ecg_classifier.cpp:184]   --->   Operation 133 'mux' 'tmp_16' <Predicate = (!icmp_ln180)> <Delay = 1.37> <CoreInst = "Multiplexer">   --->   Core 76 'Multiplexer' <Latency = 0> <II = 1> <Delay = 1.37> <FuncUnit> <Opcode : 'mux'> <InPorts = 2> <OutPorts = 1>
ST_3 : Operation 134 [1/2] (2.77ns)   --->   "%clf_w_L2_W_V_load = load i16 %clf_w_L2_W_V_addr"   --->   Operation 134 'load' 'clf_w_L2_W_V_load' <Predicate = (!icmp_ln180)> <Delay = 2.77> <CoreInst = "ROM">   --->   Core 95 'ROM' <Latency = 1> <II = 1> <Delay = 2.77> <Storage> <Opcode : 'load'> <Ports = 0> <Width = 3> <Depth = 40960> <ROM>
ST_3 : Operation 135 [1/2] (2.77ns)   --->   "%clf_w_L2_W_V_load_1 = load i16 %clf_w_L2_W_V_addr_1"   --->   Operation 135 'load' 'clf_w_L2_W_V_load_1' <Predicate = (!icmp_ln180)> <Delay = 2.77> <CoreInst = "ROM">   --->   Core 95 'ROM' <Latency = 1> <II = 1> <Delay = 2.77> <Storage> <Opcode : 'load'> <Ports = 0> <Width = 3> <Depth = 40960> <ROM>

State 4 <SV = 3> <Delay = 7.33>
ST_4 : Operation 136 [1/1] (0.00ns)   --->   "%tmp_17 = bitconcatenate i39 @_ssdm_op_BitConcatenate.i39.i31.i8, i31 %tmp_16, i8 0"   --->   Operation 136 'bitconcatenate' 'tmp_17' <Predicate = true> <Delay = 0.00>
ST_4 : Operation 137 [1/1] (0.00ns)   --->   "%shl_ln838_8 = bitconcatenate i23 @_ssdm_op_BitConcatenate.i23.i3.i20, i3 %clf_w_L2_W_V_load, i20 0"   --->   Operation 137 'bitconcatenate' 'shl_ln838_8' <Predicate = true> <Delay = 0.00>
ST_4 : Operation 138 [1/1] (0.00ns)   --->   "%zext_ln1270 = zext i39 %tmp_17"   --->   Operation 138 'zext' 'zext_ln1270' <Predicate = true> <Delay = 0.00>
ST_4 : Operation 139 [1/1] (0.00ns)   --->   "%sext_ln1273 = sext i23 %shl_ln838_8"   --->   Operation 139 'sext' 'sext_ln1273' <Predicate = true> <Delay = 0.00>
ST_4 : Operation 140 [1/1] (7.33ns)   --->   "%r_V = mul i62 %sext_ln1273, i62 %zext_ln1270"   --->   Operation 140 'mul' 'r_V' <Predicate = true> <Delay = 7.33> <CoreInst = "Multiplier">   --->   Core 3 'Multiplier' <Latency = 0> <II = 1> <Delay = 7.33> <FuncUnit> <Opcode : 'mul'> <InPorts = 2> <OutPorts = 1>
ST_4 : Operation 141 [1/1] (0.00ns)   --->   "%trunc_ln182_1 = trunc i62 %r_V" [src/ecg_classifier.cpp:182]   --->   Operation 141 'trunc' 'trunc_ln182_1' <Predicate = true> <Delay = 0.00>
ST_4 : Operation 142 [1/1] (0.00ns)   --->   "%shl_ln838_s = bitconcatenate i23 @_ssdm_op_BitConcatenate.i23.i3.i20, i3 %clf_w_L2_W_V_load_1, i20 0"   --->   Operation 142 'bitconcatenate' 'shl_ln838_s' <Predicate = true> <Delay = 0.00>
ST_4 : Operation 143 [1/1] (0.00ns)   --->   "%sext_ln1273_3 = sext i23 %shl_ln838_s"   --->   Operation 143 'sext' 'sext_ln1273_3' <Predicate = true> <Delay = 0.00>
ST_4 : Operation 144 [1/1] (7.33ns)   --->   "%r_V_8 = mul i62 %sext_ln1273_3, i62 %zext_ln1270"   --->   Operation 144 'mul' 'r_V_8' <Predicate = true> <Delay = 7.33> <CoreInst = "Multiplier">   --->   Core 3 'Multiplier' <Latency = 0> <II = 1> <Delay = 7.33> <FuncUnit> <Opcode : 'mul'> <InPorts = 2> <OutPorts = 1>
ST_4 : Operation 145 [1/1] (0.00ns)   --->   "%trunc_ln182_3 = trunc i62 %r_V_8" [src/ecg_classifier.cpp:182]   --->   Operation 145 'trunc' 'trunc_ln182_3' <Predicate = true> <Delay = 0.00>
ST_4 : Operation 173 [1/1] (0.00ns)   --->   "%phi_ln818_4_load = load i16 %phi_ln818_4"   --->   Operation 173 'load' 'phi_ln818_4_load' <Predicate = (icmp_ln180)> <Delay = 0.00>
ST_4 : Operation 174 [1/1] (0.00ns)   --->   "%phi_ln818_3_load = load i16 %phi_ln818_3"   --->   Operation 174 'load' 'phi_ln818_3_load' <Predicate = (icmp_ln180)> <Delay = 0.00>
ST_4 : Operation 175 [1/1] (0.00ns)   --->   "%write_ln0 = write void @_ssdm_op_Write.ap_auto.i16P0A, i16 %phi_ln818_3_out, i16 %phi_ln818_3_load"   --->   Operation 175 'write' 'write_ln0' <Predicate = (icmp_ln180)> <Delay = 0.00>
ST_4 : Operation 176 [1/1] (0.00ns)   --->   "%write_ln0 = write void @_ssdm_op_Write.ap_auto.i16P0A, i16 %phi_ln818_4_out, i16 %phi_ln818_4_load"   --->   Operation 176 'write' 'write_ln0' <Predicate = (icmp_ln180)> <Delay = 0.00>
ST_4 : Operation 177 [1/1] (0.00ns)   --->   "%ret_ln0 = ret"   --->   Operation 177 'ret' 'ret_ln0' <Predicate = (icmp_ln180)> <Delay = 0.00>

State 5 <SV = 4> <Delay = 4.11>
ST_5 : Operation 146 [1/1] (0.00ns)   --->   "%lhs_V_load = load i48 %lhs_V" [src/ecg_classifier.cpp:182]   --->   Operation 146 'load' 'lhs_V_load' <Predicate = true> <Delay = 0.00>
ST_5 : Operation 147 [1/1] (0.00ns)   --->   "%lhs_V_8_load = load i48 %lhs_V_8" [src/ecg_classifier.cpp:182]   --->   Operation 147 'load' 'lhs_V_8_load' <Predicate = true> <Delay = 0.00>
ST_5 : Operation 148 [1/1] (0.00ns)   --->   "%specloopname_ln0 = specloopname void @_ssdm_op_SpecLoopName, void @L2_IC_L2_K_str"   --->   Operation 148 'specloopname' 'specloopname_ln0' <Predicate = true> <Delay = 0.00>
ST_5 : Operation 149 [1/1] (0.00ns)   --->   "%empty_62 = speclooptripcount i32 @_ssdm_op_SpecLoopTripCount, i64 320, i64 320, i64 320"   --->   Operation 149 'speclooptripcount' 'empty_62' <Predicate = true> <Delay = 0.00>
ST_5 : Operation 150 [1/1] (0.00ns)   --->   "%specpipeline_ln183 = specpipeline void @_ssdm_op_SpecPipeline, i32 1, i32 0, i32 0, i32 0, void @empty_17" [src/ecg_classifier.cpp:183]   --->   Operation 150 'specpipeline' 'specpipeline_ln183' <Predicate = true> <Delay = 0.00>
ST_5 : Operation 151 [1/1] (0.00ns)   --->   "%specloopname_ln177 = specloopname void @_ssdm_op_SpecLoopName, void @empty_15" [src/ecg_classifier.cpp:177]   --->   Operation 151 'specloopname' 'specloopname_ln177' <Predicate = true> <Delay = 0.00>
ST_5 : Operation 152 [1/1] (0.00ns)   --->   "%lhs_V_9 = bitconcatenate i72 @_ssdm_op_BitConcatenate.i72.i48.i24, i48 %lhs_V_load, i24 0"   --->   Operation 152 'bitconcatenate' 'lhs_V_9' <Predicate = true> <Delay = 0.00>
ST_5 : Operation 153 [1/1] (0.00ns)   --->   "%trunc_ln182 = trunc i48 %lhs_V_load" [src/ecg_classifier.cpp:182]   --->   Operation 153 'trunc' 'trunc_ln182' <Predicate = true> <Delay = 0.00>
ST_5 : Operation 154 [1/1] (0.00ns)   --->   "%sext_ln1347_8 = bitconcatenate i56 @_ssdm_op_BitConcatenate.i56.i32.i24, i32 %trunc_ln182, i24 0" [src/ecg_classifier.cpp:182]   --->   Operation 154 'bitconcatenate' 'sext_ln1347_8' <Predicate = true> <Delay = 0.00>
ST_5 : Operation 155 [1/1] (0.00ns)   --->   "%sext_ln1347 = sext i62 %r_V"   --->   Operation 155 'sext' 'sext_ln1347' <Predicate = true> <Delay = 0.00>
ST_5 : Operation 156 [1/1] (2.49ns)   --->   "%add_ln182 = add i56 %sext_ln1347_8, i56 %trunc_ln182_1" [src/ecg_classifier.cpp:182]   --->   Operation 156 'add' 'add_ln182' <Predicate = true> <Delay = 2.49> <CoreInst = "Adder">   --->   Core 1 'Adder' <Latency = 0> <II = 1> <Delay = 2.49> <FuncUnit> <Opcode : 'add' 'sub'> <InPorts = 2> <OutPorts = 1>
ST_5 : Operation 157 [1/1] (2.81ns)   --->   "%add_ln1347 = add i72 %lhs_V_9, i72 %sext_ln1347"   --->   Operation 157 'add' 'add_ln1347' <Predicate = true> <Delay = 2.81> <CoreInst = "Adder">   --->   Core 1 'Adder' <Latency = 0> <II = 1> <Delay = 2.81> <FuncUnit> <Opcode : 'add' 'sub'> <InPorts = 2> <OutPorts = 1>
ST_5 : Operation 158 [1/1] (0.00ns)   --->   "%acc0_V = partselect i48 @_ssdm_op_PartSelect.i48.i72.i32.i32, i72 %add_ln1347, i32 24, i32 71"   --->   Operation 158 'partselect' 'acc0_V' <Predicate = true> <Delay = 0.00>
ST_5 : Operation 159 [1/1] (0.00ns)   --->   "%lhs_V_10 = bitconcatenate i72 @_ssdm_op_BitConcatenate.i72.i48.i24, i48 %lhs_V_8_load, i24 0"   --->   Operation 159 'bitconcatenate' 'lhs_V_10' <Predicate = true> <Delay = 0.00>
ST_5 : Operation 160 [1/1] (0.00ns)   --->   "%trunc_ln182_2 = trunc i48 %lhs_V_8_load" [src/ecg_classifier.cpp:182]   --->   Operation 160 'trunc' 'trunc_ln182_2' <Predicate = true> <Delay = 0.00>
ST_5 : Operation 161 [1/1] (0.00ns)   --->   "%sext_ln1347_s = bitconcatenate i56 @_ssdm_op_BitConcatenate.i56.i32.i24, i32 %trunc_ln182_2, i24 0" [src/ecg_classifier.cpp:182]   --->   Operation 161 'bitconcatenate' 'sext_ln1347_s' <Predicate = true> <Delay = 0.00>
ST_5 : Operation 162 [1/1] (0.00ns)   --->   "%sext_ln1347_4 = sext i62 %r_V_8"   --->   Operation 162 'sext' 'sext_ln1347_4' <Predicate = true> <Delay = 0.00>
ST_5 : Operation 163 [1/1] (2.49ns)   --->   "%add_ln182_1 = add i56 %sext_ln1347_s, i56 %trunc_ln182_3" [src/ecg_classifier.cpp:182]   --->   Operation 163 'add' 'add_ln182_1' <Predicate = true> <Delay = 2.49> <CoreInst = "Adder">   --->   Core 1 'Adder' <Latency = 0> <II = 1> <Delay = 2.49> <FuncUnit> <Opcode : 'add' 'sub'> <InPorts = 2> <OutPorts = 1>
ST_5 : Operation 164 [1/1] (2.81ns)   --->   "%add_ln1347_3 = add i72 %lhs_V_10, i72 %sext_ln1347_4"   --->   Operation 164 'add' 'add_ln1347_3' <Predicate = true> <Delay = 2.81> <CoreInst = "Adder">   --->   Core 1 'Adder' <Latency = 0> <II = 1> <Delay = 2.81> <FuncUnit> <Opcode : 'add' 'sub'> <InPorts = 2> <OutPorts = 1>
ST_5 : Operation 165 [1/1] (0.00ns)   --->   "%acc1_V = partselect i48 @_ssdm_op_PartSelect.i48.i72.i32.i32, i72 %add_ln1347_3, i32 24, i32 71"   --->   Operation 165 'partselect' 'acc1_V' <Predicate = true> <Delay = 0.00>
ST_5 : Operation 166 [1/1] (0.00ns)   --->   "%phitmp3 = partselect i16 @_ssdm_op_PartSelect.i16.i56.i32.i32, i56 %add_ln182, i32 40, i32 55" [src/ecg_classifier.cpp:182]   --->   Operation 166 'partselect' 'phitmp3' <Predicate = true> <Delay = 0.00>
ST_5 : Operation 167 [1/1] (0.00ns)   --->   "%phitmp4 = partselect i16 @_ssdm_op_PartSelect.i16.i56.i32.i32, i56 %add_ln182_1, i32 40, i32 55" [src/ecg_classifier.cpp:182]   --->   Operation 167 'partselect' 'phitmp4' <Predicate = true> <Delay = 0.00>
ST_5 : Operation 168 [1/1] (1.29ns)   --->   "%store_ln182 = store i48 %acc1_V, i48 %lhs_V_8" [src/ecg_classifier.cpp:182]   --->   Operation 168 'store' 'store_ln182' <Predicate = true> <Delay = 1.29>
ST_5 : Operation 169 [1/1] (1.29ns)   --->   "%store_ln182 = store i48 %acc0_V, i48 %lhs_V" [src/ecg_classifier.cpp:182]   --->   Operation 169 'store' 'store_ln182' <Predicate = true> <Delay = 1.29>
ST_5 : Operation 170 [1/1] (1.29ns)   --->   "%store_ln182 = store i16 %phitmp3, i16 %phi_ln818_3" [src/ecg_classifier.cpp:182]   --->   Operation 170 'store' 'store_ln182' <Predicate = true> <Delay = 1.29>
ST_5 : Operation 171 [1/1] (1.29ns)   --->   "%store_ln182 = store i16 %phitmp4, i16 %phi_ln818_4" [src/ecg_classifier.cpp:182]   --->   Operation 171 'store' 'store_ln182' <Predicate = true> <Delay = 1.29>
ST_5 : Operation 172 [1/1] (0.00ns)   --->   "%br_ln182 = br void %for.body341" [src/ecg_classifier.cpp:182]   --->   Operation 172 'br' 'br_ln182' <Predicate = true> <Delay = 0.00>


============================================================
+ Verbose Summary: Timing violations
============================================================
Target clock period: 13ns, clock uncertainty: 3.51ns.

 <State 1>: 3.84ns
The critical path consists of the following:
	'alloca' operation ('k') [20]  (0 ns)
	'load' operation ('k_load', src/ecg_classifier.cpp:182) on local variable 'k' [71]  (0 ns)
	'icmp' operation ('icmp_ln182', src/ecg_classifier.cpp:182) [75]  (0.98 ns)
	'select' operation ('select_ln180', src/ecg_classifier.cpp:180) [76]  (0.795 ns)
	'add' operation ('add_ln184', src/ecg_classifier.cpp:184) [127]  (0.768 ns)
	'store' operation ('store_ln182', src/ecg_classifier.cpp:182) of variable 'add_ln184', src/ecg_classifier.cpp:184 on local variable 'k' [159]  (1.3 ns)

 <State 2>: 7.49ns
The critical path consists of the following:
	'add' operation ('add_ln837_7') [85]  (1.54 ns)
	'add' operation ('add_ln837_9') [121]  (0 ns)
	'add' operation ('add_ln837_10') [122]  (3.19 ns)
	'getelementptr' operation ('clf_w_L2_W_V_addr_1') [124]  (0 ns)
	'load' operation ('clf_w_L2_W_V_load_1') on array 'clf_w_L2_W_V' [143]  (2.77 ns)

 <State 3>: 5.15ns
The critical path consists of the following:
	'load' operation ('win01_V_2_load') on array 'win01_V_2' [46]  (1.75 ns)
	'mux' operation ('tmp_10', src/ecg_classifier.cpp:184) [49]  (1.3 ns)
	'select' operation ('select_ln180_3', src/ecg_classifier.cpp:180) [98]  (0.716 ns)
	'mux' operation ('tmp_16', src/ecg_classifier.cpp:184) [128]  (1.38 ns)

 <State 4>: 7.33ns
The critical path consists of the following:
	'mul' operation ('r.V') [134]  (7.33 ns)

 <State 5>: 4.12ns
The critical path consists of the following:
	'load' operation ('lhs_V_8_load', src/ecg_classifier.cpp:182) on local variable 'lhs.V' [70]  (0 ns)
	'add' operation ('add_ln1347_3') [153]  (2.82 ns)
	'store' operation ('store_ln182', src/ecg_classifier.cpp:182) of variable 'acc1_V' on local variable 'lhs.V' [160]  (1.3 ns)


============================================================
+ Verbose Summary: Binding
============================================================
N/A
* FSMD analyzer results:
  - Output states:
 - Input state : 
  - Chain level:
	State 1
	State 2
	State 3
	State 4
	State 5


============================================================
+ Verbose Summary: Datapath Resource usage 
============================================================
N/A
