

================================================================
== Vitis HLS Report for 'ecg_classifier_Pipeline_READ_INPUT'
================================================================
* Date:           Sat Apr  4 10:53:07 2026

* Version:        2022.2 (Build 3670227 on Oct 13 2022)
* Project:        ecg_classifier_ip
* Solution:       solution1 (Vivado IP Flow Target)
* Product family: zynq
* Target device:  xc7z030-sbg485-2


================================================================
== Performance Estimates
================================================================
+ Timing: 
    * Summary: 
    +--------+----------+----------+------------+
    |  Clock |  Target  | Estimated| Uncertainty|
    +--------+----------+----------+------------+
    |ap_clk  |  13.00 ns|  3.069 ns|     3.51 ns|
    +--------+----------+----------+------------+

+ Latency: 
    * Summary: 
    +---------+---------+----------+----------+-----+-----+---------+
    |  Latency (cycles) |  Latency (absolute) |  Interval | Pipeline|
    |   min   |   max   |    min   |    max   | min | max |   Type  |
    +---------+---------+----------+----------+-----+-----+---------+
    |      189|      189|  2.457 us|  2.457 us|  189|  189|       no|
    +---------+---------+----------+----------+-----+-----+---------+

    + Detail: 
        * Instance: 
        N/A

        * Loop: 
        +--------------+---------+---------+----------+-----------+-----------+------+----------+
        |              |  Latency (cycles) | Iteration|  Initiation Interval  | Trip |          |
        |   Loop Name  |   min   |   max   |  Latency |  achieved |   target  | Count| Pipelined|
        +--------------+---------+---------+----------+-----------+-----------+------+----------+
        |- READ_INPUT  |      187|      187|         1|          1|          1|   187|       yes|
        +--------------+---------+---------+----------+-----------+-----------+------+----------+

============================================================
+ Verbose Summary: Synthesis Manager
============================================================
InlineROM: 1
ExposeGlobal: 0
============================================================
+ Verbose Summary: CDFG Model
============================================================
IsTopModel: 0
ResetActiveHigh: 1
IsCombinational: 0
IsDatapathOnly: 0
HasWiredReturn: 1
HasMFsm: 2
HasVarLatency: 1
IsPipeline: 0
IsRtlPipelined: 0
IsInstanceOverlapped: 0
IsDontTouch: 0
HasImplIP: 0
IsGatedGlobalClock: 0

+ Individual pipeline summary: 
  * Pipeline-0: initiation interval (II) = 1, depth = 1


============================================================
+ Verbose Summary: Schedule
============================================================
* Number of FSM states : 1
* Pipeline : 1
  Pipeline-0 : II = 1, D = 1, States = { 1 }
* Dataflow Pipeline: 0

* FSM state transitions: 
1 --> 

* FSM state operations: 

State 1 <SV = 0> <Delay = 3.06>
ST_1 : Operation 4 [1/1] (0.00ns)   --->   "%t = alloca i32 1"   --->   Operation 4 'alloca' 't' <Predicate = true> <Delay = 0.00>
ST_1 : Operation 5 [1/1] (0.00ns)   --->   "%specaxissidechannel_ln0 = specaxissidechannel void @_ssdm_op_SpecAXISSideChannel, i32 %in_stream_V_data_V, i4 %in_stream_V_keep_V, i4 %in_stream_V_strb_V, i1 %in_stream_V_user_V, i1 %in_stream_V_last_V, i1 %in_stream_V_id_V, i1 %in_stream_V_dest_V, void @empty_19"   --->   Operation 5 'specaxissidechannel' 'specaxissidechannel_ln0' <Predicate = true> <Delay = 0.00>
ST_1 : Operation 6 [1/1] (0.00ns)   --->   "%specmemcore_ln0 = specmemcore void @_ssdm_op_SpecMemCore, i32 %input_buf_V, i64 666, i64 19, i64 18446744073709551615"   --->   Operation 6 'specmemcore' 'specmemcore_ln0' <Predicate = true> <Delay = 0.00>
ST_1 : Operation 7 [1/1] (0.00ns)   --->   "%specmemcore_ln0 = specmemcore void @_ssdm_op_SpecMemCore, i32 %input_buf_V_1, i64 666, i64 19, i64 18446744073709551615"   --->   Operation 7 'specmemcore' 'specmemcore_ln0' <Predicate = true> <Delay = 0.00>
ST_1 : Operation 8 [1/1] (0.00ns)   --->   "%specinterface_ln0 = specinterface void @_ssdm_op_SpecInterface, i1 %in_stream_V_dest_V, i1 %in_stream_V_id_V, i1 %in_stream_V_last_V, i1 %in_stream_V_user_V, i4 %in_stream_V_strb_V, i4 %in_stream_V_keep_V, i32 %in_stream_V_data_V, void @empty_8, i32 0, i32 0, void @empty_9, i32 0, i32 0, void @empty_17, void @empty_17, void @empty_17, i32 0, i32 0, i32 0, i32 0, void @empty_17, void @empty_17, i32 4294967295, i32 0"   --->   Operation 8 'specinterface' 'specinterface_ln0' <Predicate = true> <Delay = 0.00>
ST_1 : Operation 9 [1/1] (1.29ns)   --->   "%store_ln0 = store i8 0, i8 %t"   --->   Operation 9 'store' 'store_ln0' <Predicate = true> <Delay = 1.29>
ST_1 : Operation 10 [1/1] (0.00ns)   --->   "%br_ln0 = br void %for.inc"   --->   Operation 10 'br' 'br_ln0' <Predicate = true> <Delay = 0.00>
ST_1 : Operation 11 [1/1] (0.00ns)   --->   "%t_3 = load i8 %t" [src/ecg_classifier.cpp:49]   --->   Operation 11 'load' 't_3' <Predicate = true> <Delay = 0.00>
ST_1 : Operation 12 [1/1] (1.31ns)   --->   "%icmp_ln43 = icmp_eq  i8 %t_3, i8 187" [src/ecg_classifier.cpp:43]   --->   Operation 12 'icmp' 'icmp_ln43' <Predicate = true> <Delay = 1.31> <CoreInst = "Cmp">   --->   Core 9 'Cmp' <Latency = 0> <II = 1> <Delay = 1.31> <FuncUnit> <Opcode : 'icmp'> <InPorts = 2> <OutPorts = 1>
ST_1 : Operation 13 [1/1] (0.00ns)   --->   "%empty = speclooptripcount i32 @_ssdm_op_SpecLoopTripCount, i64 187, i64 187, i64 187"   --->   Operation 13 'speclooptripcount' 'empty' <Predicate = true> <Delay = 0.00>
ST_1 : Operation 14 [1/1] (1.30ns)   --->   "%add_ln43 = add i8 %t_3, i8 1" [src/ecg_classifier.cpp:43]   --->   Operation 14 'add' 'add_ln43' <Predicate = true> <Delay = 1.30> <CoreInst = "Adder">   --->   Core 1 'Adder' <Latency = 0> <II = 1> <Delay = 1.30> <FuncUnit> <Opcode : 'add' 'sub'> <InPorts = 2> <OutPorts = 1>
ST_1 : Operation 15 [1/1] (0.00ns)   --->   "%br_ln43 = br i1 %icmp_ln43, void %for.inc.split, void %for.body41.preheader.exitStub" [src/ecg_classifier.cpp:43]   --->   Operation 15 'br' 'br_ln43' <Predicate = true> <Delay = 0.00>
ST_1 : Operation 16 [1/1] (0.00ns)   --->   "%specpipeline_ln44 = specpipeline void @_ssdm_op_SpecPipeline, i32 1, i32 0, i32 0, i32 0, void @empty_17" [src/ecg_classifier.cpp:44]   --->   Operation 16 'specpipeline' 'specpipeline_ln44' <Predicate = (!icmp_ln43)> <Delay = 0.00>
ST_1 : Operation 17 [1/1] (0.00ns)   --->   "%specloopname_ln45 = specloopname void @_ssdm_op_SpecLoopName, void @empty_7" [src/ecg_classifier.cpp:45]   --->   Operation 17 'specloopname' 'specloopname_ln45' <Predicate = (!icmp_ln43)> <Delay = 0.00>
ST_1 : Operation 18 [1/1] (0.00ns)   --->   "%empty_57 = read i44 @_ssdm_op_Read.axis.volatile.i32P0A.i4P0A.i4P0A.i1P0A.i1P0A.i1P0A.i1P0A, i32 %in_stream_V_data_V, i4 %in_stream_V_keep_V, i4 %in_stream_V_strb_V, i1 %in_stream_V_user_V, i1 %in_stream_V_last_V, i1 %in_stream_V_id_V, i1 %in_stream_V_dest_V"   --->   Operation 18 'read' 'empty_57' <Predicate = (!icmp_ln43)> <Delay = 0.00> <CoreInst = "axis">   --->   Core 115 'axis' <Latency = 0> <II = 1> <Delay = 1.00> <Adapter> <Opcode : >
ST_1 : Operation 19 [1/1] (0.00ns)   --->   "%tmp_data_V = extractvalue i44 %empty_57"   --->   Operation 19 'extractvalue' 'tmp_data_V' <Predicate = (!icmp_ln43)> <Delay = 0.00>
ST_1 : Operation 20 [1/1] (0.00ns)   --->   "%lshr_ln = partselect i7 @_ssdm_op_PartSelect.i7.i8.i32.i32, i8 %t_3, i32 1, i32 7" [src/ecg_classifier.cpp:49]   --->   Operation 20 'partselect' 'lshr_ln' <Predicate = (!icmp_ln43)> <Delay = 0.00>
ST_1 : Operation 21 [1/1] (0.00ns)   --->   "%zext_ln49 = zext i7 %lshr_ln" [src/ecg_classifier.cpp:49]   --->   Operation 21 'zext' 'zext_ln49' <Predicate = (!icmp_ln43)> <Delay = 0.00>
ST_1 : Operation 22 [1/1] (0.00ns)   --->   "%input_buf_V_addr = getelementptr i32 %input_buf_V, i64 0, i64 %zext_ln49" [src/ecg_classifier.cpp:49]   --->   Operation 22 'getelementptr' 'input_buf_V_addr' <Predicate = (!icmp_ln43)> <Delay = 0.00>
ST_1 : Operation 23 [1/1] (0.00ns)   --->   "%input_buf_V_1_addr = getelementptr i32 %input_buf_V_1, i64 0, i64 %zext_ln49" [src/ecg_classifier.cpp:49]   --->   Operation 23 'getelementptr' 'input_buf_V_1_addr' <Predicate = (!icmp_ln43)> <Delay = 0.00>
ST_1 : Operation 24 [1/1] (0.00ns)   --->   "%trunc_ln49 = trunc i8 %t_3" [src/ecg_classifier.cpp:49]   --->   Operation 24 'trunc' 'trunc_ln49' <Predicate = (!icmp_ln43)> <Delay = 0.00>
ST_1 : Operation 25 [1/1] (0.00ns)   --->   "%br_ln49 = br i1 %trunc_ln49, void %arrayidx.case.0, void %arrayidx.case.1" [src/ecg_classifier.cpp:49]   --->   Operation 25 'br' 'br_ln49' <Predicate = (!icmp_ln43)> <Delay = 0.00>
ST_1 : Operation 26 [1/1] (1.75ns)   --->   "%store_ln49 = store i32 %tmp_data_V, i7 %input_buf_V_addr" [src/ecg_classifier.cpp:49]   --->   Operation 26 'store' 'store_ln49' <Predicate = (!icmp_ln43 & !trunc_ln49)> <Delay = 1.75> <CoreInst = "RAM_1P_LUTRAM">   --->   Core 87 'RAM_1P_LUTRAM' <Latency = 1> <II = 1> <Delay = 1.75> <Storage> <Opcode : 'load' 'store'> <Ports = 1> <Width = 32> <Depth = 94> <RAM>
ST_1 : Operation 27 [1/1] (0.00ns)   --->   "%br_ln49 = br void %arrayidx.exit" [src/ecg_classifier.cpp:49]   --->   Operation 27 'br' 'br_ln49' <Predicate = (!icmp_ln43 & !trunc_ln49)> <Delay = 0.00>
ST_1 : Operation 28 [1/1] (1.75ns)   --->   "%store_ln49 = store i32 %tmp_data_V, i7 %input_buf_V_1_addr" [src/ecg_classifier.cpp:49]   --->   Operation 28 'store' 'store_ln49' <Predicate = (!icmp_ln43 & trunc_ln49)> <Delay = 1.75> <CoreInst = "RAM_1P_LUTRAM">   --->   Core 87 'RAM_1P_LUTRAM' <Latency = 1> <II = 1> <Delay = 1.75> <Storage> <Opcode : 'load' 'store'> <Ports = 1> <Width = 32> <Depth = 94> <RAM>
ST_1 : Operation 29 [1/1] (0.00ns)   --->   "%br_ln49 = br void %arrayidx.exit" [src/ecg_classifier.cpp:49]   --->   Operation 29 'br' 'br_ln49' <Predicate = (!icmp_ln43 & trunc_ln49)> <Delay = 0.00>
ST_1 : Operation 30 [1/1] (1.29ns)   --->   "%store_ln43 = store i8 %add_ln43, i8 %t" [src/ecg_classifier.cpp:43]   --->   Operation 30 'store' 'store_ln43' <Predicate = (!icmp_ln43)> <Delay = 1.29>
ST_1 : Operation 31 [1/1] (0.00ns)   --->   "%br_ln43 = br void %for.inc" [src/ecg_classifier.cpp:43]   --->   Operation 31 'br' 'br_ln43' <Predicate = (!icmp_ln43)> <Delay = 0.00>
ST_1 : Operation 32 [1/1] (0.00ns)   --->   "%ret_ln0 = ret"   --->   Operation 32 'ret' 'ret_ln0' <Predicate = (icmp_ln43)> <Delay = 0.00>


============================================================
+ Verbose Summary: Timing violations
============================================================
Target clock period: 13ns, clock uncertainty: 3.51ns.

 <State 1>: 3.07ns
The critical path consists of the following:
	'alloca' operation ('t') [10]  (0 ns)
	'load' operation ('t', src/ecg_classifier.cpp:49) on local variable 't' [18]  (0 ns)
	'add' operation ('add_ln43', src/ecg_classifier.cpp:43) [21]  (1.31 ns)
	'store' operation ('store_ln43', src/ecg_classifier.cpp:43) of variable 'add_ln43', src/ecg_classifier.cpp:43 on local variable 't' [41]  (1.3 ns)
	blocking operation 0.465 ns on control path)


============================================================
+ Verbose Summary: Binding
============================================================
N/A
* FSMD analyzer results:
  - Output states:
 - Input state : 
  - Chain level:
	State 1


============================================================
+ Verbose Summary: Datapath Resource usage 
============================================================
N/A
