

================================================================
== Vitis HLS Report for 'ecg_classifier_Pipeline_GAP_INIT'
================================================================
* Date:           Sat Apr  4 10:53:11 2026

* Version:        2022.2 (Build 3670227 on Oct 13 2022)
* Project:        ecg_classifier_ip
* Solution:       solution1 (Vivado IP Flow Target)
* Product family: zynq
* Target device:  xc7z030-sbg485-2


================================================================
== Performance Estimates
================================================================
+ Timing: 
    * Summary: 
    +--------+----------+----------+------------+
    |  Clock |  Target  | Estimated| Uncertainty|
    +--------+----------+----------+------------+
    |ap_clk  |  13.00 ns|  3.069 ns|     3.51 ns|
    +--------+----------+----------+------------+

+ Latency: 
    * Summary: 
    +---------+---------+----------+----------+-----+-----+---------+
    |  Latency (cycles) |  Latency (absolute) |  Interval | Pipeline|
    |   min   |   max   |    min   |    max   | min | max |   Type  |
    +---------+---------+----------+----------+-----+-----+---------+
    |      194|      194|  2.522 us|  2.522 us|  194|  194|       no|
    +---------+---------+----------+----------+-----+-----+---------+

    + Detail: 
        * Instance: 
        N/A

        * Loop: 
        +------------+---------+---------+----------+-----------+-----------+------+----------+
        |            |  Latency (cycles) | Iteration|  Initiation Interval  | Trip |          |
        |  Loop Name |   min   |   max   |  Latency |  achieved |   target  | Count| Pipelined|
        +------------+---------+---------+----------+-----------+-----------+------+----------+
        |- GAP_INIT  |      192|      192|         1|          1|          1|   192|       yes|
        +------------+---------+---------+----------+-----------+-----------+------+----------+

============================================================
+ Verbose Summary: Synthesis Manager
============================================================
InlineROM: 1
ExposeGlobal: 0
============================================================
+ Verbose Summary: CDFG Model
============================================================
IsTopModel: 0
ResetActiveHigh: 1
IsCombinational: 0
IsDatapathOnly: 0
HasWiredReturn: 1
HasMFsm: 2
HasVarLatency: 1
IsPipeline: 0
IsRtlPipelined: 0
IsInstanceOverlapped: 0
IsDontTouch: 0
HasImplIP: 0
IsGatedGlobalClock: 0

+ Individual pipeline summary: 
  * Pipeline-0: initiation interval (II) = 1, depth = 1


============================================================
+ Verbose Summary: Schedule
============================================================
* Number of FSM states : 1
* Pipeline : 1
  Pipeline-0 : II = 1, D = 1, States = { 1 }
* Dataflow Pipeline: 0

* FSM state transitions: 
1 --> 

* FSM state operations: 

State 1 <SV = 0> <Delay = 3.06>
ST_1 : Operation 4 [1/1] (0.00ns)   --->   "%c = alloca i32 1"   --->   Operation 4 'alloca' 'c' <Predicate = true> <Delay = 0.00>
ST_1 : Operation 5 [1/1] (0.00ns)   --->   "%specmemcore_ln0 = specmemcore void @_ssdm_op_SpecMemCore, i32 %gap_buf_V, i64 666, i64 19, i64 18446744073709551615"   --->   Operation 5 'specmemcore' 'specmemcore_ln0' <Predicate = true> <Delay = 0.00>
ST_1 : Operation 6 [1/1] (0.00ns)   --->   "%specmemcore_ln0 = specmemcore void @_ssdm_op_SpecMemCore, i32 %gap_buf_V_1, i64 666, i64 19, i64 18446744073709551615"   --->   Operation 6 'specmemcore' 'specmemcore_ln0' <Predicate = true> <Delay = 0.00>
ST_1 : Operation 7 [1/1] (1.29ns)   --->   "%store_ln0 = store i8 0, i8 %c"   --->   Operation 7 'store' 'store_ln0' <Predicate = true> <Delay = 1.29>
ST_1 : Operation 8 [1/1] (0.00ns)   --->   "%br_ln0 = br void %for.body400"   --->   Operation 8 'br' 'br_ln0' <Predicate = true> <Delay = 0.00>
ST_1 : Operation 9 [1/1] (0.00ns)   --->   "%c_2 = load i8 %c" [src/ecg_classifier.cpp:199]   --->   Operation 9 'load' 'c_2' <Predicate = true> <Delay = 0.00>
ST_1 : Operation 10 [1/1] (1.31ns)   --->   "%icmp_ln197 = icmp_eq  i8 %c_2, i8 192" [src/ecg_classifier.cpp:197]   --->   Operation 10 'icmp' 'icmp_ln197' <Predicate = true> <Delay = 1.31> <CoreInst = "Cmp">   --->   Core 9 'Cmp' <Latency = 0> <II = 1> <Delay = 1.31> <FuncUnit> <Opcode : 'icmp'> <InPorts = 2> <OutPorts = 1>
ST_1 : Operation 11 [1/1] (0.00ns)   --->   "%empty = speclooptripcount i32 @_ssdm_op_SpecLoopTripCount, i64 192, i64 192, i64 192"   --->   Operation 11 'speclooptripcount' 'empty' <Predicate = true> <Delay = 0.00>
ST_1 : Operation 12 [1/1] (1.30ns)   --->   "%add_ln197 = add i8 %c_2, i8 1" [src/ecg_classifier.cpp:197]   --->   Operation 12 'add' 'add_ln197' <Predicate = true> <Delay = 1.30> <CoreInst = "Adder">   --->   Core 1 'Adder' <Latency = 0> <II = 1> <Delay = 1.30> <FuncUnit> <Opcode : 'add' 'sub'> <InPorts = 2> <OutPorts = 1>
ST_1 : Operation 13 [1/1] (0.00ns)   --->   "%br_ln197 = br i1 %icmp_ln197, void %for.body400.split, void %for.end406.exitStub" [src/ecg_classifier.cpp:197]   --->   Operation 13 'br' 'br_ln197' <Predicate = true> <Delay = 0.00>
ST_1 : Operation 14 [1/1] (0.00ns)   --->   "%specpipeline_ln198 = specpipeline void @_ssdm_op_SpecPipeline, i32 1, i32 0, i32 0, i32 0, void @empty_17" [src/ecg_classifier.cpp:198]   --->   Operation 14 'specpipeline' 'specpipeline_ln198' <Predicate = (!icmp_ln197)> <Delay = 0.00>
ST_1 : Operation 15 [1/1] (0.00ns)   --->   "%specloopname_ln197 = specloopname void @_ssdm_op_SpecLoopName, void @empty_2" [src/ecg_classifier.cpp:197]   --->   Operation 15 'specloopname' 'specloopname_ln197' <Predicate = (!icmp_ln197)> <Delay = 0.00>
ST_1 : Operation 16 [1/1] (0.00ns)   --->   "%lshr_ln3 = partselect i7 @_ssdm_op_PartSelect.i7.i8.i32.i32, i8 %c_2, i32 1, i32 7" [src/ecg_classifier.cpp:199]   --->   Operation 16 'partselect' 'lshr_ln3' <Predicate = (!icmp_ln197)> <Delay = 0.00>
ST_1 : Operation 17 [1/1] (0.00ns)   --->   "%zext_ln199 = zext i7 %lshr_ln3" [src/ecg_classifier.cpp:199]   --->   Operation 17 'zext' 'zext_ln199' <Predicate = (!icmp_ln197)> <Delay = 0.00>
ST_1 : Operation 18 [1/1] (0.00ns)   --->   "%gap_buf_V_addr = getelementptr i32 %gap_buf_V, i64 0, i64 %zext_ln199" [src/ecg_classifier.cpp:199]   --->   Operation 18 'getelementptr' 'gap_buf_V_addr' <Predicate = (!icmp_ln197)> <Delay = 0.00>
ST_1 : Operation 19 [1/1] (0.00ns)   --->   "%gap_buf_V_1_addr = getelementptr i32 %gap_buf_V_1, i64 0, i64 %zext_ln199" [src/ecg_classifier.cpp:199]   --->   Operation 19 'getelementptr' 'gap_buf_V_1_addr' <Predicate = (!icmp_ln197)> <Delay = 0.00>
ST_1 : Operation 20 [1/1] (0.00ns)   --->   "%trunc_ln199 = trunc i8 %c_2" [src/ecg_classifier.cpp:199]   --->   Operation 20 'trunc' 'trunc_ln199' <Predicate = (!icmp_ln197)> <Delay = 0.00>
ST_1 : Operation 21 [1/1] (0.00ns)   --->   "%br_ln199 = br i1 %trunc_ln199, void %arrayidx403.case.0, void %arrayidx403.case.1" [src/ecg_classifier.cpp:199]   --->   Operation 21 'br' 'br_ln199' <Predicate = (!icmp_ln197)> <Delay = 0.00>
ST_1 : Operation 22 [1/1] (1.75ns)   --->   "%store_ln199 = store i32 0, i7 %gap_buf_V_addr" [src/ecg_classifier.cpp:199]   --->   Operation 22 'store' 'store_ln199' <Predicate = (!icmp_ln197 & !trunc_ln199)> <Delay = 1.75> <CoreInst = "RAM_1P_LUTRAM">   --->   Core 87 'RAM_1P_LUTRAM' <Latency = 1> <II = 1> <Delay = 1.75> <Storage> <Opcode : 'load' 'store'> <Ports = 1> <Width = 32> <Depth = 96> <RAM>
ST_1 : Operation 23 [1/1] (0.00ns)   --->   "%br_ln199 = br void %arrayidx403.exit" [src/ecg_classifier.cpp:199]   --->   Operation 23 'br' 'br_ln199' <Predicate = (!icmp_ln197 & !trunc_ln199)> <Delay = 0.00>
ST_1 : Operation 24 [1/1] (1.75ns)   --->   "%store_ln199 = store i32 0, i7 %gap_buf_V_1_addr" [src/ecg_classifier.cpp:199]   --->   Operation 24 'store' 'store_ln199' <Predicate = (!icmp_ln197 & trunc_ln199)> <Delay = 1.75> <CoreInst = "RAM_1P_LUTRAM">   --->   Core 87 'RAM_1P_LUTRAM' <Latency = 1> <II = 1> <Delay = 1.75> <Storage> <Opcode : 'load' 'store'> <Ports = 1> <Width = 32> <Depth = 96> <RAM>
ST_1 : Operation 25 [1/1] (0.00ns)   --->   "%br_ln199 = br void %arrayidx403.exit" [src/ecg_classifier.cpp:199]   --->   Operation 25 'br' 'br_ln199' <Predicate = (!icmp_ln197 & trunc_ln199)> <Delay = 0.00>
ST_1 : Operation 26 [1/1] (1.29ns)   --->   "%store_ln197 = store i8 %add_ln197, i8 %c" [src/ecg_classifier.cpp:197]   --->   Operation 26 'store' 'store_ln197' <Predicate = (!icmp_ln197)> <Delay = 1.29>
ST_1 : Operation 27 [1/1] (0.00ns)   --->   "%br_ln197 = br void %for.body400" [src/ecg_classifier.cpp:197]   --->   Operation 27 'br' 'br_ln197' <Predicate = (!icmp_ln197)> <Delay = 0.00>
ST_1 : Operation 28 [1/1] (0.00ns)   --->   "%ret_ln0 = ret"   --->   Operation 28 'ret' 'ret_ln0' <Predicate = (icmp_ln197)> <Delay = 0.00>


============================================================
+ Verbose Summary: Timing violations
============================================================
Target clock period: 13ns, clock uncertainty: 3.51ns.

 <State 1>: 3.07ns
The critical path consists of the following:
	'alloca' operation ('c') [3]  (0 ns)
	'load' operation ('c', src/ecg_classifier.cpp:199) on local variable 'c' [9]  (0 ns)
	'add' operation ('add_ln197', src/ecg_classifier.cpp:197) [12]  (1.31 ns)
	'store' operation ('store_ln197', src/ecg_classifier.cpp:197) of variable 'add_ln197', src/ecg_classifier.cpp:197 on local variable 'c' [30]  (1.3 ns)
	blocking operation 0.465 ns on control path)


============================================================
+ Verbose Summary: Binding
============================================================
N/A
* FSMD analyzer results:
  - Output states:
 - Input state : 
  - Chain level:
	State 1


============================================================
+ Verbose Summary: Datapath Resource usage 
============================================================
N/A
