C:\ecg_hls\ecg_classifier_ip\solution1\.autopilot\db\weights_clf_L0_b.pp.0.cpp:1334:7: warning: Added loop label VITIS_LOOP_1211_1:   [xilinx-label-all-loops]
      for (i = 0; i < __N - 1; ++i) {
      ^~~
      VITIS_LOOP_1211_1: 
C:\ecg_hls\ecg_classifier_ip\solution1\.autopilot\db\weights_clf_L0_b.pp.0.cpp:1334:7: note: FIX-IT applied suggested code changes
C:\ecg_hls\ecg_classifier_ip\solution1\.autopilot\db\weights_clf_L0_b.pp.0.cpp:2308:5: warning: Added loop label VITIS_LOOP_676_1:   [xilinx-label-all-loops]
    for (unsigned i = low; i != high; ++i) {
    ^~~
    VITIS_LOOP_676_1: 
C:\ecg_hls\ecg_classifier_ip\solution1\.autopilot\db\weights_clf_L0_b.pp.0.cpp:2308:5: note: FIX-IT applied suggested code changes
C:\ecg_hls\ecg_classifier_ip\solution1\.autopilot\db\weights_clf_L0_b.pp.0.cpp:2322:5: warning: Added loop label VITIS_LOOP_690_1:   [xilinx-label-all-loops]
    for (unsigned i = low; i != high; ++i) {
    ^~~
    VITIS_LOOP_690_1: 
C:\ecg_hls\ecg_classifier_ip\solution1\.autopilot\db\weights_clf_L0_b.pp.0.cpp:2322:5: note: FIX-IT applied suggested code changes
C:\ecg_hls\ecg_classifier_ip\solution1\.autopilot\db\weights_clf_L0_b.pp.0.cpp:2336:5: warning: Added loop label VITIS_LOOP_704_1:   [xilinx-label-all-loops]
    for (unsigned i = low; i != high; ++i) {
    ^~~
    VITIS_LOOP_704_1: 
C:\ecg_hls\ecg_classifier_ip\solution1\.autopilot\db\weights_clf_L0_b.pp.0.cpp:2336:5: note: FIX-IT applied suggested code changes
C:\ecg_hls\ecg_classifier_ip\solution1\.autopilot\db\weights_clf_L0_b.pp.0.cpp:3935:7: warning: Added loop label VITIS_LOOP_1245_1:   [xilinx-label-all-loops]
      for (i = 0; i < __N - 1; ++i) {
      ^~~
      VITIS_LOOP_1245_1: 
C:\ecg_hls\ecg_classifier_ip\solution1\.autopilot\db\weights_clf_L0_b.pp.0.cpp:3935:7: note: FIX-IT applied suggested code changes
