INFO: [SIM 2] *************** CSIM start ***************
INFO: [SIM 4] CSIM will launch GCC as the compiler.
   Compiling ../../../../tb/tb_classifier.cpp in debug mode
   Compiling ../../../../src/ecg_classifier.cpp in debug mode
   Compiling ../../../../src/weights_clf_L0_W.cpp in debug mode
   Compiling ../../../../src/weights_clf_L0_b.cpp in debug mode
   Compiling ../../../../src/weights_clf_L1_W.cpp in debug mode
   Compiling ../../../../src/weights_clf_L1_b.cpp in debug mode
   Compiling ../../../../src/weights_clf_L2_W.cpp in debug mode
   Compiling ../../../../src/weights_clf_L2_b.cpp in debug mode
   Compiling ../../../../src/weights_clf_L3_W.cpp in debug mode
   Compiling ../../../../src/weights_clf_L3_b.cpp in debug mode
   Compiling ../../../../src/weights_clf_L4_W.cpp in debug mode
   Compiling ../../../../src/weights_clf_L4_b.cpp in debug mode
   Compiling ../../../../src/weights_clf_L5_W.cpp in debug mode
   Compiling ../../../../src/weights_clf_L5_b.cpp in debug mode
   Compiling ../../../../src/weights_clf_L6_W.cpp in debug mode
   Compiling ../../../../src/weights_clf_L6_b.cpp in debug mode
   Generating csim.exe
Loaded 187 samples.
Expected label: 1 (Arrhythmia)
Score Normal    : 0.0355708
Score Arrhythmia: 0.964429
Predicted label : 1 (Arrhythmia)
*** TB PASS ***
INFO [HLS SIM]: The maximum depth reached by any hls::stream() instance in the design is 187
INFO: [SIM 1] CSim done with 0 errors.
INFO: [SIM 3] *************** CSIM finish ***************
