

================================================================
== Vitis HLS Report for 'conv_layer01234_fused_Pipeline_L1_IC_L1_K'
================================================================
* Date:           Sat Apr  4 09:58:54 2026

* Version:        2022.2 (Build 3670227 on Oct 13 2022)
* Project:        ecg_denoiser_ip
* Solution:       solution1 (Vivado IP Flow Target)
* Product family: zynq
* Target device:  xc7z030-sbg485-2


================================================================
== Performance Estimates
================================================================
+ Timing: 
    * Summary: 
    +--------+----------+----------+------------+
    |  Clock |  Target  | Estimated| Uncertainty|
    +--------+----------+----------+------------+
    |ap_clk  |  13.00 ns|  7.494 ns|     3.51 ns|
    +--------+----------+----------+------------+

+ Latency: 
    * Summary: 
    +---------+---------+----------+----------+-----+-----+---------+
    |  Latency (cycles) |  Latency (absolute) |  Interval | Pipeline|
    |   min   |   max   |    min   |    max   | min | max |   Type  |
    +---------+---------+----------+----------+-----+-----+---------+
    |      453|      453|  5.889 us|  5.889 us|  453|  453|       no|
    +---------+---------+----------+----------+-----+-----+---------+

    + Detail: 
        * Instance: 
        N/A

        * Loop: 
        +--------------+---------+---------+----------+-----------+-----------+------+----------+
        |              |  Latency (cycles) | Iteration|  Initiation Interval  | Trip |          |
        |   Loop Name  |   min   |   max   |  Latency |  achieved |   target  | Count| Pipelined|
        +--------------+---------+---------+----------+-----------+-----------+------+----------+
        |- L1_IC_L1_K  |      451|      451|         5|          1|          1|   448|       yes|
        +--------------+---------+---------+----------+-----------+-----------+------+----------+



================================================================
== Utilization Estimates
================================================================
* Summary: 
+-----------------+---------+-----+--------+-------+-----+
|       Name      | BRAM_18K| DSP |   FF   |  LUT  | URAM|
+-----------------+---------+-----+--------+-------+-----+
|DSP              |        -|    -|       -|      -|    -|
|Expression       |        -|    -|       0|    388|    -|
|FIFO             |        -|    -|       -|      -|    -|
|Instance         |        -|    4|       0|     87|    -|
|Memory           |       60|    -|       0|      0|    -|
|Multiplexer      |        -|    -|       -|    108|    -|
|Register         |        -|    -|     465|     32|    -|
+-----------------+---------+-----+--------+-------+-----+
|Total            |       60|    4|     465|    615|    0|
+-----------------+---------+-----+--------+-------+-----+
|Available        |      530|  400|  157200|  78600|    0|
+-----------------+---------+-----+--------+-------+-----+
|Utilization (%)  |       11|    1|      ~0|     ~0|    0|
+-----------------+---------+-----+--------+-------+-----+

+ Detail: 
    * Instance: 
    +------------------------+--------------------+---------+----+---+----+-----+
    |        Instance        |       Module       | BRAM_18K| DSP| FF| LUT| URAM|
    +------------------------+--------------------+---------+----+---+----+-----+
    |mul_23s_40s_62_1_1_U44  |mul_23s_40s_62_1_1  |        0|   2|  0|  29|    0|
    |mul_23s_40s_62_1_1_U45  |mul_23s_40s_62_1_1  |        0|   2|  0|  29|    0|
    |mux_73_32_1_1_U43       |mux_73_32_1_1       |        0|   0|  0|  29|    0|
    +------------------------+--------------------+---------+----+---+----+-----+
    |Total                   |                    |        0|   4|  0|  87|    0|
    +------------------------+--------------------+---------+----+---+----+-----+

    * DSP: 
    N/A

    * Memory: 
    +---------------------+----------------------------------------------------------------------------+---------+---+----+-----+-------+-----+------+-------------+
    |        Memory       |                                   Module                                   | BRAM_18K| FF| LUT| URAM| Words | Bits| Banks| W*Bits*Banks|
    +---------------------+----------------------------------------------------------------------------+---------+---+----+-----+-------+-----+------+-------------+
    |denoiser_w_L1_W_V_U  |conv_layer01234_fused_Pipeline_L1_IC_L1_K_denoiser_w_L1_W_V_ROM_NP_BRAM_1R  |       60|  0|   0|    0|  57344|   15|     1|       860160|
    +---------------------+----------------------------------------------------------------------------+---------+---+----+-----+-------+-----+------+-------------+
    |Total                |                                                                            |       60|  0|   0|    0|  57344|   15|     1|       860160|
    +---------------------+----------------------------------------------------------------------------+---------+---+----+-----+-------+-----+------+-------------+

    * FIFO: 
    N/A

    * Expression: 
    +--------------------------+----------+----+---+----+------------+------------+
    |       Variable Name      | Operation| DSP| FF| LUT| Bitwidth P0| Bitwidth P1|
    +--------------------------+----------+----+---+----+------------+------------+
    |add_ln110_1_fu_326_p2     |         +|   0|  0|   9|           9|           1|
    |add_ln110_fu_338_p2       |         +|   0|  0|   7|           7|           1|
    |add_ln112_1_fu_607_p2     |         +|   0|  0|  64|          64|          64|
    |add_ln112_2_fu_655_p2     |         +|   0|  0|  64|          64|          64|
    |add_ln112_fu_366_p2       |         +|   0|  0|   4|           3|           1|
    |add_ln1347_2_fu_661_p2    |         +|   0|  0|  72|          72|          72|
    |add_ln1347_fu_613_p2      |         +|   0|  0|  72|          72|          72|
    |add_ln837_1_fu_439_p2     |         +|   0|  0|  14|          14|          14|
    |add_ln837_2_fu_469_p2     |         +|   0|  0|  16|          16|          16|
    |add_ln837_3_fu_480_p2     |         +|   0|  0|  16|          16|          16|
    |sub_ln837_1_fu_460_p2     |         -|   0|  0|  16|          16|          16|
    |sub_ln837_fu_433_p2       |         -|   0|  0|  16|          16|          16|
    |icmp_ln110_fu_320_p2      |      icmp|   0|  0|   4|           9|           8|
    |icmp_ln112_fu_344_p2      |      icmp|   0|  0|   2|           3|           2|
    |select_ln110_1_fu_358_p3  |    select|   0|  0|   7|           1|           7|
    |select_ln110_fu_350_p3    |    select|   0|  0|   3|           1|           1|
    |ap_enable_pp0             |       xor|   0|  0|   2|           1|           2|
    +--------------------------+----------+----+---+----+------------+------------+
    |Total                     |          |   0|  0| 388|         384|         373|
    +--------------------------+----------+----+---+----+------------+------------+

    * Multiplexer: 
    +--------------------------------------+----+-----------+-----+-----------+
    |                 Name                 | LUT| Input Size| Bits| Total Bits|
    +--------------------------------------+----+-----------+-----+-----------+
    |ap_done_int                           |   9|          2|    1|          2|
    |ap_enable_reg_pp0_iter1               |   9|          2|    1|          2|
    |ap_sig_allocacmp_ic_load              |   9|          2|    7|         14|
    |ap_sig_allocacmp_indvar_flatten_load  |   9|          2|    9|         18|
    |ap_sig_allocacmp_k_load               |   9|          2|    3|          6|
    |ic_fu_134                             |   9|          2|    7|         14|
    |indvar_flatten_fu_138                 |   9|          2|    9|         18|
    |k_fu_130                              |   9|          2|    3|          6|
    |lhs_V_fu_126                          |   9|          2|   48|         96|
    |lhs_fu_122                            |   9|          2|   48|         96|
    |phi_ln818_1_fu_114                    |   9|          2|   32|         64|
    |phi_ln818_fu_118                      |   9|          2|   32|         64|
    +--------------------------------------+----+-----------+-----+-----------+
    |Total                                 | 108|         24|  200|        400|
    +--------------------------------------+----+-----------+-----+-----------+

    * Register: 
    +------------------------------------+----+----+-----+-----------+
    |                Name                | FF | LUT| Bits| Const Bits|
    +------------------------------------+----+----+-----+-----------+
    |ap_CS_fsm                           |   1|   0|    1|          0|
    |ap_done_reg                         |   1|   0|    1|          0|
    |ap_enable_reg_pp0_iter1             |   1|   0|    1|          0|
    |ap_enable_reg_pp0_iter2             |   1|   0|    1|          0|
    |ap_enable_reg_pp0_iter3             |   1|   0|    1|          0|
    |ap_enable_reg_pp0_iter4             |   1|   0|    1|          0|
    |ap_loop_exit_ready_pp0_iter1_reg    |   1|   0|    1|          0|
    |ap_loop_exit_ready_pp0_iter2_reg    |   1|   0|    1|          0|
    |ap_loop_exit_ready_pp0_iter3_reg    |   1|   0|    1|          0|
    |denoiser_w_L1_W_V_load_1_reg_847    |  15|   0|   15|          0|
    |denoiser_w_L1_W_V_load_reg_842      |  15|   0|   15|          0|
    |ic_fu_134                           |   7|   0|    7|          0|
    |icmp_ln110_reg_784                  |   1|   0|    1|          0|
    |indvar_flatten_fu_138               |   9|   0|    9|          0|
    |k_fu_130                            |   3|   0|    3|          0|
    |lhs_V_fu_126                        |  48|   0|   48|          0|
    |lhs_fu_122                          |  48|   0|   48|          0|
    |phi_ln818_1_fu_114                  |  32|   0|   32|          0|
    |phi_ln818_fu_118                    |  32|   0|   32|          0|
    |r_V_11_reg_858                      |  62|   0|   62|          0|
    |r_V_reg_852                         |  62|   0|   62|          0|
    |select_ln110_1_reg_794              |   7|   0|    7|          0|
    |select_ln110_reg_788                |   3|   0|    3|          0|
    |select_ln110_reg_788_pp0_iter1_reg  |   3|   0|    3|          0|
    |x_V_reg_837                         |  32|   0|   32|          0|
    |zext_ln837_3_cast_reg_779           |  13|   0|   14|          1|
    |icmp_ln110_reg_784                  |  64|  32|    1|          0|
    +------------------------------------+----+----+-----+-----------+
    |Total                               | 465|  32|  403|          1|
    +------------------------------------+----+----+-----+-----------+



================================================================
== Interface
================================================================
* Summary: 
+------------------------+-----+-----+------------+-------------------------------------------+--------------+
|        RTL Ports       | Dir | Bits|  Protocol  |               Source Object               |    C Type    |
+------------------------+-----+-----+------------+-------------------------------------------+--------------+
|ap_clk                  |   in|    1|  ap_ctrl_hs|  conv_layer01234_fused_Pipeline_L1_IC_L1_K|  return value|
|ap_rst                  |   in|    1|  ap_ctrl_hs|  conv_layer01234_fused_Pipeline_L1_IC_L1_K|  return value|
|ap_start                |   in|    1|  ap_ctrl_hs|  conv_layer01234_fused_Pipeline_L1_IC_L1_K|  return value|
|ap_done                 |  out|    1|  ap_ctrl_hs|  conv_layer01234_fused_Pipeline_L1_IC_L1_K|  return value|
|ap_idle                 |  out|    1|  ap_ctrl_hs|  conv_layer01234_fused_Pipeline_L1_IC_L1_K|  return value|
|ap_ready                |  out|    1|  ap_ctrl_hs|  conv_layer01234_fused_Pipeline_L1_IC_L1_K|  return value|
|sext_ln108              |   in|   25|     ap_none|                                 sext_ln108|        scalar|
|sext_ln107              |   in|   25|     ap_none|                                 sext_ln107|        scalar|
|oc_base                 |   in|    7|     ap_none|                                    oc_base|        scalar|
|zext_ln837_3            |   in|   13|     ap_none|                               zext_ln837_3|        scalar|
|win01_V_1_address0      |  out|    6|   ap_memory|                                  win01_V_1|         array|
|win01_V_1_ce0           |  out|    1|   ap_memory|                                  win01_V_1|         array|
|win01_V_1_q0            |   in|   31|   ap_memory|                                  win01_V_1|         array|
|win01_V_2_address0      |  out|    6|   ap_memory|                                  win01_V_2|         array|
|win01_V_2_ce0           |  out|    1|   ap_memory|                                  win01_V_2|         array|
|win01_V_2_q0            |   in|   31|   ap_memory|                                  win01_V_2|         array|
|win01_V_3_address0      |  out|    6|   ap_memory|                                  win01_V_3|         array|
|win01_V_3_ce0           |  out|    1|   ap_memory|                                  win01_V_3|         array|
|win01_V_3_q0            |   in|   31|   ap_memory|                                  win01_V_3|         array|
|win01_V_4_address0      |  out|    6|   ap_memory|                                  win01_V_4|         array|
|win01_V_4_ce0           |  out|    1|   ap_memory|                                  win01_V_4|         array|
|win01_V_4_q0            |   in|   31|   ap_memory|                                  win01_V_4|         array|
|win01_V_5_address0      |  out|    6|   ap_memory|                                  win01_V_5|         array|
|win01_V_5_ce0           |  out|    1|   ap_memory|                                  win01_V_5|         array|
|win01_V_5_q0            |   in|   31|   ap_memory|                                  win01_V_5|         array|
|phi_ln818_out           |  out|   32|      ap_vld|                              phi_ln818_out|       pointer|
|phi_ln818_out_ap_vld    |  out|    1|      ap_vld|                              phi_ln818_out|       pointer|
|phi_ln818_1_out         |  out|   32|      ap_vld|                            phi_ln818_1_out|       pointer|
|phi_ln818_1_out_ap_vld  |  out|    1|      ap_vld|                            phi_ln818_1_out|       pointer|
+------------------------+-----+-----+------------+-------------------------------------------+--------------+

