

================================================================
== Vitis HLS Report for 'conv_layer01234_fused_Pipeline_L3_IC_L3_K'
================================================================
* Date:           Sat Apr  4 09:58:56 2026

* Version:        2022.2 (Build 3670227 on Oct 13 2022)
* Project:        ecg_denoiser_ip
* Solution:       solution1 (Vivado IP Flow Target)
* Product family: zynq
* Target device:  xc7z030-sbg485-2


================================================================
== Performance Estimates
================================================================
+ Timing: 
    * Summary: 
    +--------+----------+----------+------------+
    |  Clock |  Target  | Estimated| Uncertainty|
    +--------+----------+----------+------------+
    |ap_clk  |  13.00 ns|  9.090 ns|     3.51 ns|
    +--------+----------+----------+------------+

+ Latency: 
    * Summary: 
    +---------+---------+----------+----------+-----+-----+---------+
    |  Latency (cycles) |  Latency (absolute) |  Interval | Pipeline|
    |   min   |   max   |    min   |    max   | min | max |   Type  |
    +---------+---------+----------+----------+-----+-----+---------+
    |      196|      196|  2.548 us|  2.548 us|  196|  196|       no|
    +---------+---------+----------+----------+-----+-----+---------+

    + Detail: 
        * Instance: 
        N/A

        * Loop: 
        +--------------+---------+---------+----------+-----------+-----------+------+----------+
        |              |  Latency (cycles) | Iteration|  Initiation Interval  | Trip |          |
        |   Loop Name  |   min   |   max   |  Latency |  achieved |   target  | Count| Pipelined|
        +--------------+---------+---------+----------+-----------+-----------+------+----------+
        |- L3_IC_L3_K  |      194|      194|         4|          1|          1|   192|       yes|
        +--------------+---------+---------+----------+-----------+-----------+------+----------+



================================================================
== Utilization Estimates
================================================================
* Summary: 
+-----------------+---------+-----+--------+-------+-----+
|       Name      | BRAM_18K| DSP |   FF   |  LUT  | URAM|
+-----------------+---------+-----+--------+-------+-----+
|DSP              |        -|    -|       -|      -|    -|
|Expression       |        -|    -|       0|    463|    -|
|FIFO             |        -|    -|       -|      -|    -|
|Instance         |        -|    4|       0|    123|    -|
|Memory           |        -|    -|      30|   1440|    -|
|Multiplexer      |        -|    -|       -|    108|    -|
|Register         |        -|    -|     364|      -|    -|
+-----------------+---------+-----+--------+-------+-----+
|Total            |        0|    4|     394|   2134|    0|
+-----------------+---------+-----+--------+-------+-----+
|Available        |      530|  400|  157200|  78600|    0|
+-----------------+---------+-----+--------+-------+-----+
|Utilization (%)  |        0|    1|      ~0|      2|    0|
+-----------------+---------+-----+--------+-------+-----+

+ Detail: 
    * Instance: 
    +-------------------------+---------------------+---------+----+---+----+-----+
    |         Instance        |        Module       | BRAM_18K| DSP| FF| LUT| URAM|
    +-------------------------+---------------------+---------+----+---+----+-----+
    |mul_23s_39ns_62_1_1_U81  |mul_23s_39ns_62_1_1  |        0|   2|  0|  28|    0|
    |mul_23s_39ns_62_1_1_U82  |mul_23s_39ns_62_1_1  |        0|   2|  0|  28|    0|
    |mux_21_31_1_1_U74        |mux_21_31_1_1        |        0|   0|  0|   9|    0|
    |mux_21_31_1_1_U75        |mux_21_31_1_1        |        0|   0|  0|   9|    0|
    |mux_21_31_1_1_U76        |mux_21_31_1_1        |        0|   0|  0|   9|    0|
    |mux_21_31_1_1_U77        |mux_21_31_1_1        |        0|   0|  0|   9|    0|
    |mux_21_31_1_1_U78        |mux_21_31_1_1        |        0|   0|  0|   9|    0|
    |mux_21_31_1_1_U79        |mux_21_31_1_1        |        0|   0|  0|   9|    0|
    |mux_32_31_1_1_U80        |mux_32_31_1_1        |        0|   0|  0|  13|    0|
    +-------------------------+---------------------+---------+----+---+----+-----+
    |Total                    |                     |        0|   4|  0| 123|    0|
    +-------------------------+---------------------+---------+----+---+----+-----+

    * DSP: 
    N/A

    * Memory: 
    +---------------------+------------------------------------------------------------------------------+---------+----+------+-----+------+-----+------+-------------+
    |        Memory       |                                    Module                                    | BRAM_18K| FF |  LUT | URAM| Words| Bits| Banks| W*Bits*Banks|
    +---------------------+------------------------------------------------------------------------------+---------+----+------+-----+------+-----+------+-------------+
    |denoiser_w_L3_W_V_U  |conv_layer01234_fused_Pipeline_L3_IC_L3_K_denoiser_w_L3_W_V_ROM_NP_LUTRAM_1R  |        0|  30|  1440|    0|  6144|   15|     1|        92160|
    +---------------------+------------------------------------------------------------------------------+---------+----+------+-----+------+-----+------+-------------+
    |Total                |                                                                              |        0|  30|  1440|    0|  6144|   15|     1|        92160|
    +---------------------+------------------------------------------------------------------------------+---------+----+------+-----+------+-----+------+-------------+

    * FIFO: 
    N/A

    * Expression: 
    +--------------------------+----------+----+---+----+------------+------------+
    |       Variable Name      | Operation| DSP| FF| LUT| Bitwidth P0| Bitwidth P1|
    +--------------------------+----------+----+---+----+------------+------------+
    |add_ln1347_1_fu_777_p2    |         +|   0|  0|  72|          72|          72|
    |add_ln1347_fu_729_p2      |         +|   0|  0|  72|          72|          72|
    |add_ln180_1_fu_388_p2     |         +|   0|  0|   8|           8|           1|
    |add_ln180_fu_397_p2       |         +|   0|  0|   7|           7|           1|
    |add_ln182_1_fu_723_p2     |         +|   0|  0|  64|          64|          64|
    |add_ln182_2_fu_771_p2     |         +|   0|  0|  64|          64|          64|
    |add_ln182_fu_447_p2       |         +|   0|  0|   3|           2|           1|
    |add_ln837_1_fu_611_p2     |         +|   0|  0|  13|          13|          13|
    |add_ln837_2_fu_622_p2     |         +|   0|  0|  13|          13|          13|
    |add_ln837_fu_533_p2       |         +|   0|  0|  12|          12|          12|
    |sub_ln837_1_fu_554_p2     |         -|   0|  0|  13|          13|          13|
    |sub_ln837_fu_527_p2       |         -|   0|  0|  13|          13|          13|
    |icmp_ln180_fu_382_p2      |      icmp|   0|  0|   4|           8|           8|
    |icmp_ln182_fu_403_p2      |      icmp|   0|  0|   1|           2|           2|
    |select_ln180_1_fu_417_p3  |    select|   0|  0|   7|           1|           7|
    |select_ln180_fu_409_p3    |    select|   0|  0|   2|           1|           1|
    |tmp_14_fu_633_p1          |    select|   0|  0|  31|           1|          31|
    |tmp_14_fu_633_p2          |    select|   0|  0|  31|           1|          31|
    |tmp_14_fu_633_p3          |    select|   0|  0|  31|           1|          31|
    |ap_enable_pp0             |       xor|   0|  0|   2|           1|           2|
    +--------------------------+----------+----+---+----+------------+------------+
    |Total                     |          |   0|  0| 463|         369|         452|
    +--------------------------+----------+----+---+----+------------+------------+

    * Multiplexer: 
    +----------------------------------------+----+-----------+-----+-----------+
    |                  Name                  | LUT| Input Size| Bits| Total Bits|
    +----------------------------------------+----+-----------+-----+-----------+
    |ap_done_int                             |   9|          2|    1|          2|
    |ap_enable_reg_pp0_iter2                 |   9|          2|    1|          2|
    |ap_sig_allocacmp_ic_2                   |   9|          2|    7|         14|
    |ap_sig_allocacmp_indvar_flatten47_load  |   9|          2|    8|         16|
    |ap_sig_allocacmp_k_load                 |   9|          2|    2|          4|
    |ic_fu_136                               |   9|          2|    7|         14|
    |indvar_flatten47_fu_140                 |   9|          2|    8|         16|
    |k_fu_132                                |   9|          2|    2|          4|
    |lhs_V_fu_128                            |   9|          2|   48|         96|
    |lhs_fu_124                              |   9|          2|   48|         96|
    |phi_ln818_4_fu_120                      |   9|          2|   32|         64|
    |phi_ln818_5_fu_116                      |   9|          2|   32|         64|
    +----------------------------------------+----+-----------+-----+-----------+
    |Total                                   | 108|         24|  196|        392|
    +----------------------------------------+----+-----------+-----+-----------+

    * Register: 
    +----------------------------------+----+----+-----+-----------+
    |               Name               | FF | LUT| Bits| Const Bits|
    +----------------------------------+----+----+-----+-----------+
    |ap_CS_fsm                         |   1|   0|    1|          0|
    |ap_done_reg                       |   1|   0|    1|          0|
    |ap_enable_reg_pp0_iter1           |   1|   0|    1|          0|
    |ap_enable_reg_pp0_iter2           |   1|   0|    1|          0|
    |ap_enable_reg_pp0_iter3           |   1|   0|    1|          0|
    |ap_loop_exit_ready_pp0_iter1_reg  |   1|   0|    1|          0|
    |ap_loop_exit_ready_pp0_iter2_reg  |   1|   0|    1|          0|
    |empty_56_reg_951                  |   1|   0|    1|          0|
    |empty_reg_900                     |   1|   0|    1|          0|
    |ic_fu_136                         |   7|   0|    7|          0|
    |icmp_ln180_reg_927                |   1|   0|    1|          0|
    |icmp_ln180_reg_927_pp0_iter1_reg  |   1|   0|    1|          0|
    |icmp_ln182_reg_931                |   1|   0|    1|          0|
    |indvar_flatten47_fu_140           |   8|   0|    8|          0|
    |k_fu_132                          |   2|   0|    2|          0|
    |lhs_V_fu_128                      |  48|   0|   48|          0|
    |lhs_fu_124                        |  48|   0|   48|          0|
    |phi_ln818_4_fu_120                |  32|   0|   32|          0|
    |phi_ln818_5_fu_116                |  32|   0|   32|          0|
    |r_V_6_reg_999                     |  62|   0|   62|          0|
    |r_V_reg_993                       |  62|   0|   62|          0|
    |select_ln180_1_reg_944            |   7|   0|    7|          0|
    |select_ln180_reg_938              |   2|   0|    2|          0|
    |tmp_14_reg_988                    |  31|   0|   31|          0|
    |zext_ln837_5_cast_reg_895         |  11|   0|   12|          1|
    +----------------------------------+----+----+-----+-----------+
    |Total                             | 364|   0|  365|          1|
    +----------------------------------+----+----+-----+-----------+



================================================================
== Interface
================================================================
* Summary: 
+------------------------+-----+-----+------------+-------------------------------------------+--------------+
|        RTL Ports       | Dir | Bits|  Protocol  |               Source Object               |    C Type    |
+------------------------+-----+-----+------------+-------------------------------------------+--------------+
|ap_clk                  |   in|    1|  ap_ctrl_hs|  conv_layer01234_fused_Pipeline_L3_IC_L3_K|  return value|
|ap_rst                  |   in|    1|  ap_ctrl_hs|  conv_layer01234_fused_Pipeline_L3_IC_L3_K|  return value|
|ap_start                |   in|    1|  ap_ctrl_hs|  conv_layer01234_fused_Pipeline_L3_IC_L3_K|  return value|
|ap_done                 |  out|    1|  ap_ctrl_hs|  conv_layer01234_fused_Pipeline_L3_IC_L3_K|  return value|
|ap_idle                 |  out|    1|  ap_ctrl_hs|  conv_layer01234_fused_Pipeline_L3_IC_L3_K|  return value|
|ap_ready                |  out|    1|  ap_ctrl_hs|  conv_layer01234_fused_Pipeline_L3_IC_L3_K|  return value|
|sext_ln178              |   in|   25|     ap_none|                                 sext_ln178|        scalar|
|sext_ln177              |   in|   25|     ap_none|                                 sext_ln177|        scalar|
|win23_V_2_address0      |  out|    5|   ap_memory|                                  win23_V_2|         array|
|win23_V_2_ce0           |  out|    1|   ap_memory|                                  win23_V_2|         array|
|win23_V_2_q0            |   in|   31|   ap_memory|                                  win23_V_2|         array|
|win23_V_2_address1      |  out|    5|   ap_memory|                                  win23_V_2|         array|
|win23_V_2_ce1           |  out|    1|   ap_memory|                                  win23_V_2|         array|
|win23_V_2_q1            |   in|   31|   ap_memory|                                  win23_V_2|         array|
|win23_V_3_address0      |  out|    5|   ap_memory|                                  win23_V_3|         array|
|win23_V_3_ce0           |  out|    1|   ap_memory|                                  win23_V_3|         array|
|win23_V_3_q0            |   in|   31|   ap_memory|                                  win23_V_3|         array|
|win23_V_3_address1      |  out|    5|   ap_memory|                                  win23_V_3|         array|
|win23_V_3_ce1           |  out|    1|   ap_memory|                                  win23_V_3|         array|
|win23_V_3_q1            |   in|   31|   ap_memory|                                  win23_V_3|         array|
|win23_V_4_address0      |  out|    5|   ap_memory|                                  win23_V_4|         array|
|win23_V_4_ce0           |  out|    1|   ap_memory|                                  win23_V_4|         array|
|win23_V_4_q0            |   in|   31|   ap_memory|                                  win23_V_4|         array|
|win23_V_4_address1      |  out|    5|   ap_memory|                                  win23_V_4|         array|
|win23_V_4_ce1           |  out|    1|   ap_memory|                                  win23_V_4|         array|
|win23_V_4_q1            |   in|   31|   ap_memory|                                  win23_V_4|         array|
|win23_V_5_address0      |  out|    5|   ap_memory|                                  win23_V_5|         array|
|win23_V_5_ce0           |  out|    1|   ap_memory|                                  win23_V_5|         array|
|win23_V_5_q0            |   in|   31|   ap_memory|                                  win23_V_5|         array|
|win23_V_5_address1      |  out|    5|   ap_memory|                                  win23_V_5|         array|
|win23_V_5_ce1           |  out|    1|   ap_memory|                                  win23_V_5|         array|
|win23_V_5_q1            |   in|   31|   ap_memory|                                  win23_V_5|         array|
|oc_base_2               |   in|    5|     ap_none|                                  oc_base_2|        scalar|
|zext_ln837_5            |   in|   11|     ap_none|                               zext_ln837_5|        scalar|
|phi_ln818_4_out         |  out|   32|      ap_vld|                            phi_ln818_4_out|       pointer|
|phi_ln818_4_out_ap_vld  |  out|    1|      ap_vld|                            phi_ln818_4_out|       pointer|
|phi_ln818_5_out         |  out|   32|      ap_vld|                            phi_ln818_5_out|       pointer|
|phi_ln818_5_out_ap_vld  |  out|    1|      ap_vld|                            phi_ln818_5_out|       pointer|
+------------------------+-----+-----+------------+-------------------------------------------+--------------+

