

================================================================
== Vitis HLS Report for 'conv_layer01234_fused_Pipeline_L0_K'
================================================================
* Date:           Sat Apr  4 09:58:54 2026

* Version:        2022.2 (Build 3670227 on Oct 13 2022)
* Project:        ecg_denoiser_ip
* Solution:       solution1 (Vivado IP Flow Target)
* Product family: zynq
* Target device:  xc7z030-sbg485-2


================================================================
== Performance Estimates
================================================================
+ Timing: 
    * Summary: 
    +--------+----------+----------+------------+
    |  Clock |  Target  | Estimated| Uncertainty|
    +--------+----------+----------+------------+
    |ap_clk  |  13.00 ns|  9.115 ns|     3.51 ns|
    +--------+----------+----------+------------+

+ Latency: 
    * Summary: 
    +---------+---------+----------+----------+-----+-----+---------+
    |  Latency (cycles) |  Latency (absolute) |  Interval | Pipeline|
    |   min   |   max   |    min   |    max   | min | max |   Type  |
    +---------+---------+----------+----------+-----+-----+---------+
    |       15|       15|  0.195 us|  0.195 us|   15|   15|       no|
    +---------+---------+----------+----------+-----+-----+---------+

    + Detail: 
        * Instance: 
        N/A

        * Loop: 
        +----------+---------+---------+----------+-----------+-----------+------+----------+
        |          |  Latency (cycles) | Iteration|  Initiation Interval  | Trip |          |
        | Loop Name|   min   |   max   |  Latency |  achieved |   target  | Count| Pipelined|
        +----------+---------+---------+----------+-----------+-----------+------+----------+
        |- L0_K    |       13|       13|         4|          1|          1|    11|       yes|
        +----------+---------+---------+----------+-----------+-----------+------+----------+



================================================================
== Utilization Estimates
================================================================
* Summary: 
+-----------------+---------+-----+--------+-------+-----+
|       Name      | BRAM_18K| DSP |   FF   |  LUT  | URAM|
+-----------------+---------+-----+--------+-------+-----+
|DSP              |        -|    -|       -|      -|    -|
|Expression       |        -|    -|       0|    213|    -|
|FIFO             |        -|    -|       -|      -|    -|
|Instance         |        -|    2|       0|     38|    -|
|Memory           |        -|    -|      16|    176|    -|
|Multiplexer      |        -|    -|       -|     54|    -|
|Register         |        -|    -|     192|      -|    -|
+-----------------+---------+-----+--------+-------+-----+
|Total            |        0|    2|     208|    481|    0|
+-----------------+---------+-----+--------+-------+-----+
|Available        |      530|  400|  157200|  78600|    0|
+-----------------+---------+-----+--------+-------+-----+
|Utilization (%)  |        0|   ~0|      ~0|     ~0|    0|
+-----------------+---------+-----+--------+-------+-----+

+ Detail: 
    * Instance: 
    +------------------------+--------------------+---------+----+---+----+-----+
    |        Instance        |       Module       | BRAM_18K| DSP| FF| LUT| URAM|
    +------------------------+--------------------+---------+----+---+----+-----+
    |mul_24s_40s_63_1_1_U32  |mul_24s_40s_63_1_1  |        0|   2|  0|  29|    0|
    |mux_21_32_1_1_U31       |mux_21_32_1_1       |        0|   0|  0|   9|    0|
    +------------------------+--------------------+---------+----+---+----+-----+
    |Total                   |                    |        0|   2|  0|  38|    0|
    +------------------------+--------------------+---------+----+---+----+-----+

    * DSP: 
    N/A

    * Memory: 
    +---------------------+------------------------------------------------------------------------+---------+----+-----+-----+------+-----+------+-------------+
    |        Memory       |                                 Module                                 | BRAM_18K| FF | LUT | URAM| Words| Bits| Banks| W*Bits*Banks|
    +---------------------+------------------------------------------------------------------------+---------+----+-----+-----+------+-----+------+-------------+
    |denoiser_w_L0_W_V_U  |conv_layer01234_fused_Pipeline_L0_K_denoiser_w_L0_W_V_ROM_NP_LUTRAM_1R  |        0|  16|  176|    0|   704|   16|     1|        11264|
    +---------------------+------------------------------------------------------------------------+---------+----+-----+-----+------+-----+------+-------------+
    |Total                |                                                                        |        0|  16|  176|    0|   704|   16|     1|        11264|
    +---------------------+------------------------------------------------------------------------+---------+----+-----+-----+------+-----+------+-------------+

    * FIFO: 
    N/A

    * Expression: 
    +------------------------+----------+----+---+----+------------+------------+
    |      Variable Name     | Operation| DSP| FF| LUT| Bitwidth P0| Bitwidth P1|
    +------------------------+----------+----+---+----+------------+------------+
    |add_ln1347_1_fu_361_p2  |         +|   0|  0|  64|          64|          64|
    |add_ln79_fu_210_p2      |         +|   0|  0|   6|           4|           1|
    |add_ln81_1_fu_220_p2    |         +|   0|  0|   9|           9|           9|
    |add_ln82_fu_263_p2      |         +|   0|  0|  10|          10|          10|
    |add_ln837_fu_250_p2     |         +|   0|  0|  10|          10|          10|
    |ret_V_fu_355_p2         |         +|   0|  0|  72|          72|          72|
    |icmp_ln79_fu_204_p2     |      icmp|   0|  0|   2|           4|           4|
    |icmp_ln82_fu_268_p2     |      icmp|   0|  0|   5|          10|           9|
    |select_ln82_fu_289_p3   |    select|   0|  0|  32|           1|          32|
    |ap_enable_pp0           |       xor|   0|  0|   2|           1|           2|
    |x_V_1_fu_279_p3         |       xor|   0|  0|   1|           1|           1|
    +------------------------+----------+----+---+----+------------+------------+
    |Total                   |          |   0|  0| 213|         186|         214|
    +------------------------+----------+----+---+----+------------+------------+

    * Multiplexer: 
    +-------------------------+----+-----------+-----+-----------+
    |           Name          | LUT| Input Size| Bits| Total Bits|
    +-------------------------+----+-----------+-----+-----------+
    |ap_done_int              |   9|          2|    1|          2|
    |ap_enable_reg_pp0_iter1  |   9|          2|    1|          2|
    |ap_sig_allocacmp_k_1     |   9|          2|    4|          8|
    |k_fu_102                 |   9|          2|    4|          8|
    |lhs_fu_98                |   9|          2|   48|         96|
    |x_V_fu_94                |   9|          2|   32|         64|
    +-------------------------+----+-----------+-----+-----------+
    |Total                    |  54|         12|   90|        180|
    +-------------------------+----+-----------+-----+-----------+

    * Register: 
    +----------------------------------+----+----+-----+-----------+
    |               Name               | FF | LUT| Bits| Const Bits|
    +----------------------------------+----+----+-----+-----------+
    |ap_CS_fsm                         |   1|   0|    1|          0|
    |ap_done_reg                       |   1|   0|    1|          0|
    |ap_enable_reg_pp0_iter1           |   1|   0|    1|          0|
    |ap_enable_reg_pp0_iter2           |   1|   0|    1|          0|
    |ap_enable_reg_pp0_iter3           |   1|   0|    1|          0|
    |ap_loop_exit_ready_pp0_iter1_reg  |   1|   0|    1|          0|
    |ap_loop_exit_ready_pp0_iter2_reg  |   1|   0|    1|          0|
    |icmp_ln79_reg_443                 |   1|   0|    1|          0|
    |icmp_ln79_reg_443_pp0_iter1_reg   |   1|   0|    1|          0|
    |k_1_reg_437                       |   4|   0|    4|          0|
    |k_fu_102                          |   4|   0|    4|          0|
    |lhs_fu_98                         |  48|   0|   48|          0|
    |r_V_13_reg_467                    |  63|   0|   63|          0|
    |select_ln82_reg_462               |  32|   0|   32|          0|
    |x_V_fu_94                         |  32|   0|   32|          0|
    +----------------------------------+----+----+-----+-----------+
    |Total                             | 192|   0|  192|          0|
    +----------------------------------+----+----+-----+-----------+



================================================================
== Interface
================================================================
* Summary: 
+----------------+-----+-----+------------+-------------------------------------+--------------+
|    RTL Ports   | Dir | Bits|  Protocol  |            Source Object            |    C Type    |
+----------------+-----+-----+------------+-------------------------------------+--------------+
|ap_clk          |   in|    1|  ap_ctrl_hs|  conv_layer01234_fused_Pipeline_L0_K|  return value|
|ap_rst          |   in|    1|  ap_ctrl_hs|  conv_layer01234_fused_Pipeline_L0_K|  return value|
|ap_start        |   in|    1|  ap_ctrl_hs|  conv_layer01234_fused_Pipeline_L0_K|  return value|
|ap_done         |  out|    1|  ap_ctrl_hs|  conv_layer01234_fused_Pipeline_L0_K|  return value|
|ap_idle         |  out|    1|  ap_ctrl_hs|  conv_layer01234_fused_Pipeline_L0_K|  return value|
|ap_ready        |  out|    1|  ap_ctrl_hs|  conv_layer01234_fused_Pipeline_L0_K|  return value|
|sext_ln77       |   in|   24|     ap_none|                            sext_ln77|        scalar|
|phi_mul         |   in|   10|     ap_none|                              phi_mul|        scalar|
|add_ln81        |   in|    9|     ap_none|                             add_ln81|        scalar|
|add_ln82_1      |   in|   10|     ap_none|                           add_ln82_1|        scalar|
|in_0_address0   |  out|    8|   ap_memory|                                 in_0|         array|
|in_0_ce0        |  out|    1|   ap_memory|                                 in_0|         array|
|in_0_q0         |   in|   32|   ap_memory|                                 in_0|         array|
|in_1_address0   |  out|    8|   ap_memory|                                 in_1|         array|
|in_1_ce0        |  out|    1|   ap_memory|                                 in_1|         array|
|in_1_q0         |   in|   32|   ap_memory|                                 in_1|         array|
|trunc_ln        |   in|    1|     ap_none|                             trunc_ln|        scalar|
|x_V_out         |  out|   32|      ap_vld|                              x_V_out|       pointer|
|x_V_out_ap_vld  |  out|    1|      ap_vld|                              x_V_out|       pointer|
+----------------+-----+-----+------------+-------------------------------------+--------------+

