

================================================================
== Vitis HLS Report for 'conv_layer01234_fused_Pipeline_L2_IC_L2_K'
================================================================
* Date:           Sat Apr  4 09:58:55 2026

* Version:        2022.2 (Build 3670227 on Oct 13 2022)
* Project:        ecg_denoiser_ip
* Solution:       solution1 (Vivado IP Flow Target)
* Product family: zynq
* Target device:  xc7z030-sbg485-2


================================================================
== Performance Estimates
================================================================
+ Timing: 
    * Summary: 
    +--------+----------+----------+------------+
    |  Clock |  Target  | Estimated| Uncertainty|
    +--------+----------+----------+------------+
    |ap_clk  |  13.00 ns|  9.115 ns|     3.51 ns|
    +--------+----------+----------+------------+

+ Latency: 
    * Summary: 
    +---------+---------+----------+----------+-----+-----+---------+
    |  Latency (cycles) |  Latency (absolute) |  Interval | Pipeline|
    |   min   |   max   |    min   |    max   | min | max |   Type  |
    +---------+---------+----------+----------+-----+-----+---------+
    |      644|      644|  8.372 us|  8.372 us|  644|  644|       no|
    +---------+---------+----------+----------+-----+-----+---------+

    + Detail: 
        * Instance: 
        N/A

        * Loop: 
        +--------------+---------+---------+----------+-----------+-----------+------+----------+
        |              |  Latency (cycles) | Iteration|  Initiation Interval  | Trip |          |
        |   Loop Name  |   min   |   max   |  Latency |  achieved |   target  | Count| Pipelined|
        +--------------+---------+---------+----------+-----------+-----------+------+----------+
        |- L2_IC_L2_K  |      642|      642|         4|          1|          1|   640|       yes|
        +--------------+---------+---------+----------+-----------+-----------+------+----------+



================================================================
== Utilization Estimates
================================================================
* Summary: 
+-----------------+---------+-----+--------+-------+-----+
|       Name      | BRAM_18K| DSP |   FF   |  LUT  | URAM|
+-----------------+---------+-----+--------+-------+-----+
|DSP              |        -|    -|       -|      -|    -|
|Expression       |        -|    -|       0|    392|    -|
|FIFO             |        -|    -|       -|      -|    -|
|Instance         |        -|    4|       0|     79|    -|
|Memory           |        -|    -|      30|   9600|    -|
|Multiplexer      |        -|    -|       -|    108|    -|
|Register         |        -|    -|     370|      -|    -|
+-----------------+---------+-----+--------+-------+-----+
|Total            |        0|    4|     400|  10179|    0|
+-----------------+---------+-----+--------+-------+-----+
|Available        |      530|  400|  157200|  78600|    0|
+-----------------+---------+-----+--------+-------+-----+
|Utilization (%)  |        0|    1|      ~0|     12|    0|
+-----------------+---------+-----+--------+-------+-----+

+ Detail: 
    * Instance: 
    +------------------------+--------------------+---------+----+---+----+-----+
    |        Instance        |       Module       | BRAM_18K| DSP| FF| LUT| URAM|
    +------------------------+--------------------+---------+----+---+----+-----+
    |mul_23s_40s_62_1_1_U61  |mul_23s_40s_62_1_1  |        0|   2|  0|  29|    0|
    |mul_23s_40s_62_1_1_U62  |mul_23s_40s_62_1_1  |        0|   2|  0|  29|    0|
    |mux_53_32_1_1_U60       |mux_53_32_1_1       |        0|   0|  0|  21|    0|
    +------------------------+--------------------+---------+----+---+----+-----+
    |Total                   |                    |        0|   4|  0|  79|    0|
    +------------------------+--------------------+---------+----+---+----+-----+

    * DSP: 
    N/A

    * Memory: 
    +---------------------+------------------------------------------------------------------------------+---------+----+------+-----+-------+-----+------+-------------+
    |        Memory       |                                    Module                                    | BRAM_18K| FF |  LUT | URAM| Words | Bits| Banks| W*Bits*Banks|
    +---------------------+------------------------------------------------------------------------------+---------+----+------+-----+-------+-----+------+-------------+
    |denoiser_w_L2_W_V_U  |conv_layer01234_fused_Pipeline_L2_IC_L2_K_denoiser_w_L2_W_V_ROM_NP_LUTRAM_1R  |        0|  30|  9600|    0|  40960|   15|     1|       614400|
    +---------------------+------------------------------------------------------------------------------+---------+----+------+-----+-------+-----+------+-------------+
    |Total                |                                                                              |        0|  30|  9600|    0|  40960|   15|     1|       614400|
    +---------------------+------------------------------------------------------------------------------+---------+----+------+-----+-------+-----+------+-------------+

    * FIFO: 
    N/A

    * Expression: 
    +--------------------------+----------+----+---+----+------------+------------+
    |       Variable Name      | Operation| DSP| FF| LUT| Bitwidth P0| Bitwidth P1|
    +--------------------------+----------+----+---+----+------------+------------+
    |add_ln1347_2_fu_620_p2    |         +|   0|  0|  72|          72|          72|
    |add_ln1347_fu_572_p2      |         +|   0|  0|  72|          72|          72|
    |add_ln145_1_fu_296_p2     |         +|   0|  0|  10|          10|           1|
    |add_ln145_fu_308_p2       |         +|   0|  0|   8|           8|           1|
    |add_ln147_1_fu_566_p2     |         +|   0|  0|  64|          64|          64|
    |add_ln147_2_fu_614_p2     |         +|   0|  0|  64|          64|          64|
    |add_ln147_fu_343_p2       |         +|   0|  0|   4|           3|           1|
    |add_ln837_3_fu_412_p2     |         +|   0|  0|  14|          14|          14|
    |add_ln837_4_fu_444_p2     |         +|   0|  0|  16|          16|          16|
    |add_ln837_5_fu_455_p2     |         +|   0|  0|  16|          16|          16|
    |add_ln837_6_fu_461_p2     |         +|   0|  0|  16|          16|          16|
    |add_ln837_fu_406_p2       |         +|   0|  0|  16|          16|          16|
    |icmp_ln145_fu_290_p2      |      icmp|   0|  0|   5|          10|          10|
    |icmp_ln147_fu_314_p2      |      icmp|   0|  0|   2|           3|           3|
    |select_ln145_1_fu_328_p3  |    select|   0|  0|   8|           1|           8|
    |select_ln145_fu_320_p3    |    select|   0|  0|   3|           1|           1|
    |ap_enable_pp0             |       xor|   0|  0|   2|           1|           2|
    +--------------------------+----------+----+---+----+------------+------------+
    |Total                     |          |   0|  0| 392|         387|         377|
    +--------------------------+----------+----+---+----+------------+------------+

    * Multiplexer: 
    +----------------------------------------+----+-----------+-----+-----------+
    |                  Name                  | LUT| Input Size| Bits| Total Bits|
    +----------------------------------------+----+-----------+-----+-----------+
    |ap_done_int                             |   9|          2|    1|          2|
    |ap_enable_reg_pp0_iter1                 |   9|          2|    1|          2|
    |ap_sig_allocacmp_ic_1_load              |   9|          2|    8|         16|
    |ap_sig_allocacmp_indvar_flatten25_load  |   9|          2|   10|         20|
    |ap_sig_allocacmp_k_load                 |   9|          2|    3|          6|
    |ic_1_fu_130                             |   9|          2|    8|         16|
    |indvar_flatten25_fu_134                 |   9|          2|   10|         20|
    |k_fu_126                                |   9|          2|    3|          6|
    |lhs_V_fu_122                            |   9|          2|   48|         96|
    |lhs_fu_118                              |   9|          2|   48|         96|
    |phi_ln818_2_fu_114                      |   9|          2|   32|         64|
    |phi_ln818_3_fu_110                      |   9|          2|   32|         64|
    +----------------------------------------+----+-----------+-----+-----------+
    |Total                                   | 108|         24|  204|        408|
    +----------------------------------------+----+-----------+-----+-----------+

    * Register: 
    +----------------------------------+----+----+-----+-----------+
    |               Name               | FF | LUT| Bits| Const Bits|
    +----------------------------------+----+----+-----+-----------+
    |ap_CS_fsm                         |   1|   0|    1|          0|
    |ap_done_reg                       |   1|   0|    1|          0|
    |ap_enable_reg_pp0_iter1           |   1|   0|    1|          0|
    |ap_enable_reg_pp0_iter2           |   1|   0|    1|          0|
    |ap_enable_reg_pp0_iter3           |   1|   0|    1|          0|
    |ap_loop_exit_ready_pp0_iter1_reg  |   1|   0|    1|          0|
    |ap_loop_exit_ready_pp0_iter2_reg  |   1|   0|    1|          0|
    |ic_1_fu_130                       |   8|   0|    8|          0|
    |icmp_ln145_reg_743                |   1|   0|    1|          0|
    |icmp_ln145_reg_743_pp0_iter1_reg  |   1|   0|    1|          0|
    |indvar_flatten25_fu_134           |  10|   0|   10|          0|
    |k_fu_126                          |   3|   0|    3|          0|
    |lhs_V_fu_122                      |  48|   0|   48|          0|
    |lhs_fu_118                        |  48|   0|   48|          0|
    |phi_ln818_2_fu_114                |  32|   0|   32|          0|
    |phi_ln818_3_fu_110                |  32|   0|   32|          0|
    |r_V_10_reg_796                    |  62|   0|   62|          0|
    |r_V_9_reg_790                     |  62|   0|   62|          0|
    |select_ln145_1_reg_753            |   8|   0|    8|          0|
    |select_ln145_reg_747              |   3|   0|    3|          0|
    |x_V_reg_785                       |  32|   0|   32|          0|
    |zext_ln837_4_cast_reg_738         |  13|   0|   14|          1|
    +----------------------------------+----+----+-----+-----------+
    |Total                             | 370|   0|  371|          1|
    +----------------------------------+----+----+-----+-----------+



================================================================
== Interface
================================================================
* Summary: 
+------------------------+-----+-----+------------+-------------------------------------------+--------------+
|        RTL Ports       | Dir | Bits|  Protocol  |               Source Object               |    C Type    |
+------------------------+-----+-----+------------+-------------------------------------------+--------------+
|ap_clk                  |   in|    1|  ap_ctrl_hs|  conv_layer01234_fused_Pipeline_L2_IC_L2_K|  return value|
|ap_rst                  |   in|    1|  ap_ctrl_hs|  conv_layer01234_fused_Pipeline_L2_IC_L2_K|  return value|
|ap_start                |   in|    1|  ap_ctrl_hs|  conv_layer01234_fused_Pipeline_L2_IC_L2_K|  return value|
|ap_done                 |  out|    1|  ap_ctrl_hs|  conv_layer01234_fused_Pipeline_L2_IC_L2_K|  return value|
|ap_idle                 |  out|    1|  ap_ctrl_hs|  conv_layer01234_fused_Pipeline_L2_IC_L2_K|  return value|
|ap_ready                |  out|    1|  ap_ctrl_hs|  conv_layer01234_fused_Pipeline_L2_IC_L2_K|  return value|
|sext_ln143              |   in|   25|     ap_none|                                 sext_ln143|        scalar|
|sext_ln142              |   in|   25|     ap_none|                                 sext_ln142|        scalar|
|oc_base_1               |   in|    6|     ap_none|                                  oc_base_1|        scalar|
|zext_ln837_4            |   in|   13|     ap_none|                               zext_ln837_4|        scalar|
|win12_V_1_address0      |  out|    7|   ap_memory|                                  win12_V_1|         array|
|win12_V_1_ce0           |  out|    1|   ap_memory|                                  win12_V_1|         array|
|win12_V_1_q0            |   in|   31|   ap_memory|                                  win12_V_1|         array|
|win12_V_2_address0      |  out|    7|   ap_memory|                                  win12_V_2|         array|
|win12_V_2_ce0           |  out|    1|   ap_memory|                                  win12_V_2|         array|
|win12_V_2_q0            |   in|   31|   ap_memory|                                  win12_V_2|         array|
|win12_V_3_address0      |  out|    7|   ap_memory|                                  win12_V_3|         array|
|win12_V_3_ce0           |  out|    1|   ap_memory|                                  win12_V_3|         array|
|win12_V_3_q0            |   in|   31|   ap_memory|                                  win12_V_3|         array|
|phi_ln818_2_out         |  out|   32|      ap_vld|                            phi_ln818_2_out|       pointer|
|phi_ln818_2_out_ap_vld  |  out|    1|      ap_vld|                            phi_ln818_2_out|       pointer|
|phi_ln818_3_out         |  out|   32|      ap_vld|                            phi_ln818_3_out|       pointer|
|phi_ln818_3_out_ap_vld  |  out|    1|      ap_vld|                            phi_ln818_3_out|       pointer|
+------------------------+-----+-----+------------+-------------------------------------------+--------------+

