

================================================================
== Vitis HLS Report for 'conv_layer01234_fused_Pipeline_L4_IC_L4_K'
================================================================
* Date:           Sat Apr  4 09:58:56 2026

* Version:        2022.2 (Build 3670227 on Oct 13 2022)
* Project:        ecg_denoiser_ip
* Solution:       solution1 (Vivado IP Flow Target)
* Product family: zynq
* Target device:  xc7z030-sbg485-2


================================================================
== Performance Estimates
================================================================
+ Timing: 
    * Summary: 
    +--------+----------+----------+------------+
    |  Clock |  Target  | Estimated| Uncertainty|
    +--------+----------+----------+------------+
    |ap_clk  |  13.00 ns|  9.115 ns|     3.51 ns|
    +--------+----------+----------+------------+

+ Latency: 
    * Summary: 
    +---------+---------+----------+----------+-----+-----+---------+
    |  Latency (cycles) |  Latency (absolute) |  Interval | Pipeline|
    |   min   |   max   |    min   |    max   | min | max |   Type  |
    +---------+---------+----------+----------+-----+-----+---------+
    |      228|      228|  2.964 us|  2.964 us|  228|  228|       no|
    +---------+---------+----------+----------+-----+-----+---------+

    + Detail: 
        * Instance: 
        N/A

        * Loop: 
        +--------------+---------+---------+----------+-----------+-----------+------+----------+
        |              |  Latency (cycles) | Iteration|  Initiation Interval  | Trip |          |
        |   Loop Name  |   min   |   max   |  Latency |  achieved |   target  | Count| Pipelined|
        +--------------+---------+---------+----------+-----------+-----------+------+----------+
        |- L4_IC_L4_K  |      226|      226|         4|          1|          1|   224|       yes|
        +--------------+---------+---------+----------+-----------+-----------+------+----------+



================================================================
== Utilization Estimates
================================================================
* Summary: 
+-----------------+---------+-----+--------+-------+-----+
|       Name      | BRAM_18K| DSP |   FF   |  LUT  | URAM|
+-----------------+---------+-----+--------+-------+-----+
|DSP              |        -|    -|       -|      -|    -|
|Expression       |        -|    -|       0|    405|    -|
|FIFO             |        -|    -|       -|      -|    -|
|Instance         |        -|    2|       0|    184|    -|
|Memory           |        -|    -|      15|     53|    -|
|Multiplexer      |        -|    -|       -|     90|    -|
|Register         |        -|    -|     214|      -|    -|
+-----------------+---------+-----+--------+-------+-----+
|Total            |        0|    2|     229|    732|    0|
+-----------------+---------+-----+--------+-------+-----+
|Available        |      530|  400|  157200|  78600|    0|
+-----------------+---------+-----+--------+-------+-----+
|Utilization (%)  |        0|   ~0|      ~0|     ~0|    0|
+-----------------+---------+-----+--------+-------+-----+

+ Detail: 
    * Instance: 
    +-------------------------+--------------------+---------+----+---+----+-----+
    |         Instance        |       Module       | BRAM_18K| DSP| FF| LUT| URAM|
    +-------------------------+--------------------+---------+----+---+----+-----+
    |mul_23s_40s_62_1_1_U112  |mul_23s_40s_62_1_1  |        0|   2|  0|  29|    0|
    |mux_21_31_1_1_U98        |mux_21_31_1_1       |        0|   0|  0|   9|    0|
    |mux_21_31_1_1_U99        |mux_21_31_1_1       |        0|   0|  0|   9|    0|
    |mux_21_31_1_1_U100       |mux_21_31_1_1       |        0|   0|  0|   9|    0|
    |mux_21_31_1_1_U101       |mux_21_31_1_1       |        0|   0|  0|   9|    0|
    |mux_21_31_1_1_U102       |mux_21_31_1_1       |        0|   0|  0|   9|    0|
    |mux_21_31_1_1_U103       |mux_21_31_1_1       |        0|   0|  0|   9|    0|
    |mux_21_31_1_1_U105       |mux_21_31_1_1       |        0|   0|  0|   9|    0|
    |mux_21_31_1_1_U106       |mux_21_31_1_1       |        0|   0|  0|   9|    0|
    |mux_21_31_1_1_U107       |mux_21_31_1_1       |        0|   0|  0|   9|    0|
    |mux_21_31_1_1_U108       |mux_21_31_1_1       |        0|   0|  0|   9|    0|
    |mux_21_31_1_1_U109       |mux_21_31_1_1       |        0|   0|  0|   9|    0|
    |mux_21_31_1_1_U110       |mux_21_31_1_1       |        0|   0|  0|   9|    0|
    |mux_21_32_1_1_U97        |mux_21_32_1_1       |        0|   0|  0|   9|    0|
    |mux_21_32_1_1_U104       |mux_21_32_1_1       |        0|   0|  0|   9|    0|
    |mux_73_32_1_1_U111       |mux_73_32_1_1       |        0|   0|  0|  29|    0|
    +-------------------------+--------------------+---------+----+---+----+-----+
    |Total                    |                    |        0|   2|  0| 184|    0|
    +-------------------------+--------------------+---------+----+---+----+-----+

    * DSP: 
    N/A

    * Memory: 
    +---------------------+------------------------------------------------------------------------------+---------+----+----+-----+------+-----+------+-------------+
    |        Memory       |                                    Module                                    | BRAM_18K| FF | LUT| URAM| Words| Bits| Banks| W*Bits*Banks|
    +---------------------+------------------------------------------------------------------------------+---------+----+----+-----+------+-----+------+-------------+
    |denoiser_w_L4_W_V_U  |conv_layer01234_fused_Pipeline_L4_IC_L4_K_denoiser_w_L4_W_V_ROM_NP_LUTRAM_1R  |        0|  15|  53|    0|   224|   15|     1|         3360|
    +---------------------+------------------------------------------------------------------------------+---------+----+----+-----+------+-----+------+-------------+
    |Total                |                                                                              |        0|  15|  53|    0|   224|   15|     1|         3360|
    +---------------------+------------------------------------------------------------------------------+---------+----+----+-----+------+-----+------+-------------+

    * FIFO: 
    N/A

    * Expression: 
    +--------------------------+----------+----+---+----+------------+------------+
    |       Variable Name      | Operation| DSP| FF| LUT| Bitwidth P0| Bitwidth P1|
    +--------------------------+----------+----+---+----+------------+------------+
    |add_ln1347_fu_867_p2      |         +|   0|  0|  72|          72|          72|
    |add_ln212_1_fu_463_p2     |         +|   0|  0|   8|           8|           1|
    |add_ln212_fu_472_p2       |         +|   0|  0|   6|           6|           1|
    |add_ln214_1_fu_861_p2     |         +|   0|  0|  64|          64|          64|
    |add_ln214_fu_560_p2       |         +|   0|  0|   4|           3|           1|
    |add_ln837_fu_554_p2       |         +|   0|  0|   8|           8|           8|
    |sub_ln837_fu_516_p2       |         -|   0|  0|   8|           8|           8|
    |icmp_ln212_fu_457_p2      |      icmp|   0|  0|   4|           8|           7|
    |icmp_ln214_fu_478_p2      |      icmp|   0|  0|   2|           3|           2|
    |select_ln212_1_fu_492_p3  |    select|   0|  0|   6|           1|           6|
    |select_ln212_3_fu_669_p3  |    select|   0|  0|  31|           1|          31|
    |select_ln212_4_fu_689_p3  |    select|   0|  0|  31|           1|          31|
    |select_ln212_5_fu_709_p3  |    select|   0|  0|  31|           1|          31|
    |select_ln212_6_fu_729_p3  |    select|   0|  0|  31|           1|          31|
    |select_ln212_7_fu_749_p3  |    select|   0|  0|  31|           1|          31|
    |select_ln212_8_fu_769_p3  |    select|   0|  0|  31|           1|          31|
    |select_ln212_fu_484_p3    |    select|   0|  0|   3|           1|           1|
    |x_V_fu_784_p1             |    select|   0|  0|  32|           1|          32|
    |ap_enable_pp0             |       xor|   0|  0|   2|           1|           2|
    +--------------------------+----------+----+---+----+------------+------------+
    |Total                     |          |   0|  0| 405|         190|         391|
    +--------------------------+----------+----+---+----+------------+------------+

    * Multiplexer: 
    +----------------------------------------+----+-----------+-----+-----------+
    |                  Name                  | LUT| Input Size| Bits| Total Bits|
    +----------------------------------------+----+-----------+-----+-----------+
    |ap_done_int                             |   9|          2|    1|          2|
    |ap_enable_reg_pp0_iter2                 |   9|          2|    1|          2|
    |ap_sig_allocacmp_ic_1                   |   9|          2|    6|         12|
    |ap_sig_allocacmp_indvar_flatten72_load  |   9|          2|    8|         16|
    |ap_sig_allocacmp_k_load                 |   9|          2|    3|          6|
    |ic_fu_120                               |   9|          2|    6|         12|
    |indvar_flatten72_fu_124                 |   9|          2|    8|         16|
    |k_fu_116                                |   9|          2|    3|          6|
    |lhs_fu_112                              |   9|          2|   48|         96|
    |phi_ln818_6_fu_108                      |   9|          2|   32|         64|
    +----------------------------------------+----+-----------+-----+-----------+
    |Total                                   |  90|         20|  116|        232|
    +----------------------------------------+----+-----------+-----+-----------+

    * Register: 
    +-----------------------------------+----+----+-----+-----------+
    |                Name               | FF | LUT| Bits| Const Bits|
    +-----------------------------------+----+----+-----+-----------+
    |add_ln837_reg_1084                 |   8|   0|    8|          0|
    |ap_CS_fsm                          |   1|   0|    1|          0|
    |ap_done_reg                        |   1|   0|    1|          0|
    |ap_enable_reg_pp0_iter1            |   1|   0|    1|          0|
    |ap_enable_reg_pp0_iter2            |   1|   0|    1|          0|
    |ap_enable_reg_pp0_iter3            |   1|   0|    1|          0|
    |ap_loop_exit_ready_pp0_iter1_reg   |   1|   0|    1|          0|
    |ap_loop_exit_ready_pp0_iter2_reg   |   1|   0|    1|          0|
    |empty_54_reg_1023                  |   1|   0|    1|          0|
    |empty_reg_942                      |   1|   0|    1|          0|
    |ic_fu_120                          |   6|   0|    6|          0|
    |icmp_ln212_reg_1003                |   1|   0|    1|          0|
    |icmp_ln212_reg_1003_pp0_iter1_reg  |   1|   0|    1|          0|
    |icmp_ln214_reg_1007                |   1|   0|    1|          0|
    |indvar_flatten72_fu_124            |   8|   0|    8|          0|
    |k_fu_116                           |   3|   0|    3|          0|
    |lhs_fu_112                         |  48|   0|   48|          0|
    |phi_ln818_6_fu_108                 |  32|   0|   32|          0|
    |r_V_5_reg_1099                     |  62|   0|   62|          0|
    |select_ln212_reg_1018              |   3|   0|    3|          0|
    |x_V_reg_1094                       |  32|   0|   32|          0|
    +-----------------------------------+----+----+-----+-----------+
    |Total                              | 214|   0|  214|          0|
    +-----------------------------------+----+----+-----+-----------+



================================================================
== Interface
================================================================
* Summary: 
+------------------------+-----+-----+------------+-------------------------------------------+--------------+
|        RTL Ports       | Dir | Bits|  Protocol  |               Source Object               |    C Type    |
+------------------------+-----+-----+------------+-------------------------------------------+--------------+
|ap_clk                  |   in|    1|  ap_ctrl_hs|  conv_layer01234_fused_Pipeline_L4_IC_L4_K|  return value|
|ap_rst                  |   in|    1|  ap_ctrl_hs|  conv_layer01234_fused_Pipeline_L4_IC_L4_K|  return value|
|ap_start                |   in|    1|  ap_ctrl_hs|  conv_layer01234_fused_Pipeline_L4_IC_L4_K|  return value|
|ap_done                 |  out|    1|  ap_ctrl_hs|  conv_layer01234_fused_Pipeline_L4_IC_L4_K|  return value|
|ap_idle                 |  out|    1|  ap_ctrl_hs|  conv_layer01234_fused_Pipeline_L4_IC_L4_K|  return value|
|ap_ready                |  out|    1|  ap_ctrl_hs|  conv_layer01234_fused_Pipeline_L4_IC_L4_K|  return value|
|win34_V_2_address0      |  out|    4|   ap_memory|                                  win34_V_2|         array|
|win34_V_2_ce0           |  out|    1|   ap_memory|                                  win34_V_2|         array|
|win34_V_2_q0            |   in|   31|   ap_memory|                                  win34_V_2|         array|
|win34_V_2_address1      |  out|    4|   ap_memory|                                  win34_V_2|         array|
|win34_V_2_ce1           |  out|    1|   ap_memory|                                  win34_V_2|         array|
|win34_V_2_q1            |   in|   31|   ap_memory|                                  win34_V_2|         array|
|win34_V_3_address0      |  out|    4|   ap_memory|                                  win34_V_3|         array|
|win34_V_3_ce0           |  out|    1|   ap_memory|                                  win34_V_3|         array|
|win34_V_3_q0            |   in|   31|   ap_memory|                                  win34_V_3|         array|
|win34_V_3_address1      |  out|    4|   ap_memory|                                  win34_V_3|         array|
|win34_V_3_ce1           |  out|    1|   ap_memory|                                  win34_V_3|         array|
|win34_V_3_q1            |   in|   31|   ap_memory|                                  win34_V_3|         array|
|win34_V_4_address0      |  out|    4|   ap_memory|                                  win34_V_4|         array|
|win34_V_4_ce0           |  out|    1|   ap_memory|                                  win34_V_4|         array|
|win34_V_4_q0            |   in|   31|   ap_memory|                                  win34_V_4|         array|
|win34_V_4_address1      |  out|    4|   ap_memory|                                  win34_V_4|         array|
|win34_V_4_ce1           |  out|    1|   ap_memory|                                  win34_V_4|         array|
|win34_V_4_q1            |   in|   31|   ap_memory|                                  win34_V_4|         array|
|win34_V_5_address0      |  out|    4|   ap_memory|                                  win34_V_5|         array|
|win34_V_5_ce0           |  out|    1|   ap_memory|                                  win34_V_5|         array|
|win34_V_5_q0            |   in|   31|   ap_memory|                                  win34_V_5|         array|
|win34_V_5_address1      |  out|    4|   ap_memory|                                  win34_V_5|         array|
|win34_V_5_ce1           |  out|    1|   ap_memory|                                  win34_V_5|         array|
|win34_V_5_q1            |   in|   31|   ap_memory|                                  win34_V_5|         array|
|win34_V_6_address0      |  out|    4|   ap_memory|                                  win34_V_6|         array|
|win34_V_6_ce0           |  out|    1|   ap_memory|                                  win34_V_6|         array|
|win34_V_6_q0            |   in|   31|   ap_memory|                                  win34_V_6|         array|
|win34_V_6_address1      |  out|    4|   ap_memory|                                  win34_V_6|         array|
|win34_V_6_ce1           |  out|    1|   ap_memory|                                  win34_V_6|         array|
|win34_V_6_q1            |   in|   31|   ap_memory|                                  win34_V_6|         array|
|win34_V_7_address0      |  out|    4|   ap_memory|                                  win34_V_7|         array|
|win34_V_7_ce0           |  out|    1|   ap_memory|                                  win34_V_7|         array|
|win34_V_7_q0            |   in|   31|   ap_memory|                                  win34_V_7|         array|
|win34_V_7_address1      |  out|    4|   ap_memory|                                  win34_V_7|         array|
|win34_V_7_ce1           |  out|    1|   ap_memory|                                  win34_V_7|         array|
|win34_V_7_q1            |   in|   31|   ap_memory|                                  win34_V_7|         array|
|win34_V_8_address0      |  out|    4|   ap_memory|                                  win34_V_8|         array|
|win34_V_8_ce0           |  out|    1|   ap_memory|                                  win34_V_8|         array|
|win34_V_8_q0            |   in|   31|   ap_memory|                                  win34_V_8|         array|
|win34_V_8_address1      |  out|    4|   ap_memory|                                  win34_V_8|         array|
|win34_V_8_ce1           |  out|    1|   ap_memory|                                  win34_V_8|         array|
|win34_V_8_q1            |   in|   31|   ap_memory|                                  win34_V_8|         array|
|win34_V_9_address0      |  out|    4|   ap_memory|                                  win34_V_9|         array|
|win34_V_9_ce0           |  out|    1|   ap_memory|                                  win34_V_9|         array|
|win34_V_9_q0            |   in|   31|   ap_memory|                                  win34_V_9|         array|
|win34_V_9_address1      |  out|    4|   ap_memory|                                  win34_V_9|         array|
|win34_V_9_ce1           |  out|    1|   ap_memory|                                  win34_V_9|         array|
|win34_V_9_q1            |   in|   31|   ap_memory|                                  win34_V_9|         array|
|win34_V_10_address0     |  out|    4|   ap_memory|                                 win34_V_10|         array|
|win34_V_10_ce0          |  out|    1|   ap_memory|                                 win34_V_10|         array|
|win34_V_10_q0           |   in|   31|   ap_memory|                                 win34_V_10|         array|
|win34_V_10_address1     |  out|    4|   ap_memory|                                 win34_V_10|         array|
|win34_V_10_ce1          |  out|    1|   ap_memory|                                 win34_V_10|         array|
|win34_V_10_q1           |   in|   31|   ap_memory|                                 win34_V_10|         array|
|win34_V_11_address0     |  out|    4|   ap_memory|                                 win34_V_11|         array|
|win34_V_11_ce0          |  out|    1|   ap_memory|                                 win34_V_11|         array|
|win34_V_11_q0           |   in|   31|   ap_memory|                                 win34_V_11|         array|
|win34_V_11_address1     |  out|    4|   ap_memory|                                 win34_V_11|         array|
|win34_V_11_ce1          |  out|    1|   ap_memory|                                 win34_V_11|         array|
|win34_V_11_q1           |   in|   31|   ap_memory|                                 win34_V_11|         array|
|phi_ln818_6_out         |  out|   32|      ap_vld|                            phi_ln818_6_out|       pointer|
|phi_ln818_6_out_ap_vld  |  out|    1|      ap_vld|                            phi_ln818_6_out|       pointer|
+------------------------+-----+-----+------------+-------------------------------------------+--------------+

