

================================================================
== Synthesis Summary Report of 'ecg_denoiser'
================================================================
+ General Information: 
    * Date:           Sat Apr  4 09:59:08 2026
    * Version:        2022.2 (Build 3670227 on Oct 13 2022)
    * Project:        ecg_denoiser_ip
    * Solution:       solution1 (Vivado IP Flow Target)
    * Product family: zynq
    * Target device:  xc7z030-sbg485-2
    

+ Performance & Resource Estimates: 
    
    PS: '+' for module; 'o' for loop; '*' for dataflow
    +-------------------------------------------------+------+------+----------+-----------+----------+----------+------+----------+----------+---------+------------+-------------+-----+
    |                     Modules                     | Issue|      | Latency  |  Latency  | Iteration|          | Trip |          |          |         |            |             |     |
    |                     & Loops                     | Type | Slack| (cycles) |    (ns)   |  Latency | Interval | Count| Pipelined|   BRAM   |   DSP   |     FF     |     LUT     | URAM|
    +-------------------------------------------------+------+------+----------+-----------+----------+----------+------+----------+----------+---------+------------+-------------+-----+
    |+ ecg_denoiser                                   |     -|  0.34|  19755865|  2.568e+08|         -|  19755866|     -|        no|  84 (15%)|  27 (6%)|  11618 (7%)|  33068 (42%)|    -|
    | + ecg_denoiser_Pipeline_READ_INPUT              |     -|  6.11|       362|  4.706e+03|         -|       362|     -|        no|         -|        -|    11 (~0%)|     51 (~0%)|    -|
    |  o READ_INPUT                                   |     -|  9.49|       360|  4.680e+03|         1|         1|   360|       yes|         -|        -|           -|            -|    -|
    | + ecg_denoiser_Pipeline_ZNORM_MEAN              |     -|  2.84|       362|  4.706e+03|         -|       362|     -|        no|         -|        -|    61 (~0%)|    117 (~0%)|    -|
    |  o ZNORM_MEAN                                   |     -|  9.49|       360|  4.680e+03|         2|         1|   360|       yes|         -|        -|           -|            -|    -|
    | + ecg_denoiser_Pipeline_ZNORM_VAR               |     -|  2.13|       364|  4.732e+03|         -|       364|     -|        no|         -|   4 (1%)|   171 (~0%)|    202 (~0%)|    -|
    |  o ZNORM_VAR                                    |     -|  9.49|       362|  4.706e+03|         4|         1|   360|       yes|         -|        -|           -|            -|    -|
    | + ecg_denoiser_Pipeline_ZNORM_APPLY             |     -|  0.69|       363|  4.719e+03|         -|       363|     -|        no|         -|  3 (~0%)|   162 (~0%)|    114 (~0%)|    -|
    |  o ZNORM_APPLY                                  |     -|  9.49|       361|  4.693e+03|         3|         1|   360|       yes|         -|        -|           -|            -|    -|
    | + conv_layer01234_fused                         |     -|  0.38|  19753984|  2.568e+08|         -|  19753984|     -|        no|  83 (15%)|  16 (4%)|  10177 (6%)|  29736 (37%)|    -|
    |  o FUSED_T                                      |     -|  9.49|  19753920|  2.568e+08|     54872|         -|   360|        no|         -|        -|           -|            -|    -|
    |   + conv_layer01234_fused_Pipeline_L4_IC_L4_K   |     -|  0.38|       228|  2.964e+03|         -|       228|     -|        no|         -|  2 (~0%)|   229 (~0%)|    732 (~0%)|    -|
    |    o L4_IC_L4_K                                 |     -|  9.49|       226|  2.938e+03|         4|         1|   224|       yes|         -|        -|           -|            -|    -|
    |   o L0_OC                                       |     -|  9.49|      1216|  1.581e+04|        19|         -|    64|        no|         -|        -|           -|            -|    -|
    |    + conv_layer01234_fused_Pipeline_L0_K        |     -|  0.38|        15|    195.000|         -|        15|     -|        no|         -|  2 (~0%)|   208 (~0%)|    481 (~0%)|    -|
    |     o L0_K                                      |     -|  9.49|        13|    169.000|         4|         1|    11|       yes|         -|        -|           -|            -|    -|
    |   o L1_OC_GROUP                                 |     -|  9.49|     29248|  3.802e+05|       457|         -|    64|        no|         -|        -|           -|            -|    -|
    |    + conv_layer01234_fused_Pipeline_L1_IC_L1_K  |     -|  2.00|       453|  5.889e+03|         -|       453|     -|        no|  60 (11%)|   4 (1%)|   465 (~0%)|    615 (~0%)|    -|
    |     o L1_IC_L1_K                                |     -|  9.49|       451|  5.863e+03|         5|         1|   448|       yes|         -|        -|           -|            -|    -|
    |   o L2_OC_GROUP                                 |     -|  9.49|     20736|  2.696e+05|       648|         -|    32|        no|         -|        -|           -|            -|    -|
    |    + conv_layer01234_fused_Pipeline_L2_IC_L2_K  |     -|  0.38|       644|  8.372e+03|         -|       644|     -|        no|         -|   4 (1%)|   400 (~0%)|  10179 (12%)|    -|
    |     o L2_IC_L2_K                                |     -|  9.49|       642|  8.346e+03|         4|         1|   640|       yes|         -|        -|           -|            -|    -|
    |   o L3_OC_GROUP                                 |     -|  9.49|      3200|  4.160e+04|       200|         -|    16|        no|         -|        -|           -|            -|    -|
    |    + conv_layer01234_fused_Pipeline_L3_IC_L3_K  |     -|  0.40|       196|  2.548e+03|         -|       196|     -|        no|         -|   4 (1%)|   394 (~0%)|    2134 (2%)|    -|
    |     o L3_IC_L3_K                                |     -|  9.49|       194|  2.522e+03|         4|         1|   192|       yes|         -|        -|           -|            -|    -|
    | + ecg_denoiser_Pipeline_WRITE_OUTPUT            |     -|  6.56|       362|  4.706e+03|         -|       362|     -|        no|         -|        -|    13 (~0%)|     65 (~0%)|    -|
    |  o WRITE_OUTPUT                                 |     -|  9.49|       360|  4.680e+03|         2|         1|   360|       yes|         -|        -|           -|            -|    -|
    +-------------------------------------------------+------+------+----------+-----------+----------+----------+------+----------+----------+---------+------------+-------------+-----+


================================================================
== HW Interfaces
================================================================
* AXIS
+------------+---------------+-------+-------+-----+-------+-------+--------+-------+-------+--------+
| Interface  | Register Mode | TDATA | TDEST | TID | TKEEP | TLAST | TREADY | TSTRB | TUSER | TVALID |
+------------+---------------+-------+-------+-----+-------+-------+--------+-------+-------+--------+
| in_stream  | both          | 32    | 1     | 1   | 4     | 1     | 1      | 4     | 1     | 1      |
| out_stream | both          | 32    | 1     | 1   | 4     | 1     | 1      | 4     | 1     | 1      |
+------------+---------------+-------+-------+-----+-------+-------+--------+-------+-------+--------+

* TOP LEVEL CONTROL
+-----------+------------+-----------------------------------+
| Interface | Type       | Ports                             |
+-----------+------------+-----------------------------------+
| ap_clk    | clock      | ap_clk                            |
| ap_rst_n  | reset      | ap_rst_n                          |
| ap_ctrl   | ap_ctrl_hs | ap_done ap_idle ap_ready ap_start |
+-----------+------------+-----------------------------------+


================================================================
== SW I/O Information
================================================================
* Top Function Arguments
+------------+-----------+---------------------------------------------+
| Argument   | Direction | Datatype                                    |
+------------+-----------+---------------------------------------------+
| in_stream  | in        | stream<hls::axis<ap_uint<32>, 1, 1, 1>, 0>& |
| out_stream | out       | stream<hls::axis<ap_uint<32>, 1, 1, 1>, 0>& |
+------------+-----------+---------------------------------------------+

* SW-to-HW Mapping
+------------+--------------+-----------+
| Argument   | HW Interface | HW Type   |
+------------+--------------+-----------+
| in_stream  | in_stream    | interface |
| out_stream | out_stream   | interface |
+------------+--------------+-----------+


================================================================
== Bind Op Report
================================================================
+-----------------------------------------------+-----+--------+--------------+-------+--------+---------+
| Name                                          | DSP | Pragma | Variable     | Op    | Impl   | Latency |
+-----------------------------------------------+-----+--------+--------------+-------+--------+---------+
| + ecg_denoiser                                | 27  |        |              |       |        |         |
|   mul_48s_9ns_56_1_1_U152                     | 2   |        | r_V          | mul   | auto   | 0       |
|   mul_48s_9ns_56_1_1_U153                     | 2   |        | r_V_3        | mul   | auto   | 0       |
|   tmp_V_fu_390_p2                             | -   |        | tmp_V        | sub   | fabric | 0       |
|   sub_ln1099_fu_419_p2                        | -   |        | sub_ln1099   | sub   | fabric | 0       |
|   lsb_index_fu_425_p2                         | -   |        | lsb_index    | add   | fabric | 0       |
|   sub_ln1102_fu_451_p2                        | -   |        | sub_ln1102   | sub   | fabric | 0       |
|   add_ln1113_fu_540_p2                        | -   |        | add_ln1113   | add   | fabric | 0       |
|   sub_ln1114_fu_555_p2                        | -   |        | sub_ln1114   | sub   | fabric | 0       |
|   m_3_fu_580_p2                               | -   |        | m_3          | add   | fabric | 0       |
|   fsqrt_32ns_32ns_32_10_no_dsp_1_U151         | -   |        | d_assign     | fsqrt | fabric | 9       |
|   man_V_1_fu_755_p2                           | -   |        | man_V_1      | sub   | fabric | 0       |
|   F2_fu_775_p2                                | -   |        | F2           | sub   | fabric | 0       |
|   add_ln570_fu_787_p2                         | -   |        | add_ln570    | add   | fabric | 0       |
|   sub_ln570_fu_793_p2                         | -   |        | sub_ln570    | sub   | fabric | 0       |
|   add_ln813_fu_933_p2                         | -   |        | add_ln813    | add   | fabric | 0       |
|  + ecg_denoiser_Pipeline_READ_INPUT           | 0   |        |              |       |        |         |
|    add_ln243_fu_130_p2                        | -   |        | add_ln243    | add   | fabric | 0       |
|  + ecg_denoiser_Pipeline_ZNORM_MEAN           | 0   |        |              |       |        |         |
|    add_ln252_fu_112_p2                        | -   |        | add_ln252    | add   | fabric | 0       |
|    mean_acc_V_1_fu_167_p2                     | -   |        | mean_acc_V_1 | add   | fabric | 0       |
|  + ecg_denoiser_Pipeline_ZNORM_VAR            | 4   |        |              |       |        |         |
|    add_ln260_fu_132_p2                        | -   |        | add_ln260    | add   | fabric | 0       |
|    d_fu_172_p2                                | -   |        | d            | sub   | fabric | 0       |
|    mul_40s_40s_72_1_1_U16                     | 4   |        | r_V_1        | mul   | auto   | 0       |
|    ret_V_fu_205_p2                            | -   |        | ret_V        | add   | fabric | 0       |
|  + ecg_denoiser_Pipeline_ZNORM_APPLY          | 3   |        |              |       |        |         |
|    add_ln272_fu_146_p2                        | -   |        | add_ln272    | add   | fabric | 0       |
|    ret_V_fu_192_p2                            | -   |        | ret_V        | sub   | fabric | 0       |
|    mul_33s_32s_48_1_1_U23                     | 3   |        | r_V_2        | mul   | auto   | 0       |
|  + conv_layer01234_fused                      | 16  |        |              |       |        |         |
|    add_ln70_fu_11239_p2                       | -   |        | add_ln70     | add   | fabric | 0       |
|    add_ln81_fu_11257_p2                       | -   |        | add_ln81     | add   | fabric | 0       |
|    add_ln82_fu_11263_p2                       | -   |        | add_ln82     | add   | fabric | 0       |
|    add_ln76_1_fu_11269_p2                     | -   |        | add_ln76_1   | add   | fabric | 0       |
|    add_ln76_fu_11281_p2                       | -   |        | add_ln76     | add   | fabric | 0       |
|    add_ln106_fu_11381_p2                      | -   |        | add_ln106    | add   | fabric | 0       |
|    add_ln141_fu_11500_p2                      | -   |        | add_ln141    | add   | fabric | 0       |
|    add_ln176_fu_11619_p2                      | -   |        | add_ln176    | add   | fabric | 0       |
|   + conv_layer01234_fused_Pipeline_L0_K       | 2   |        |              |       |        |         |
|     add_ln79_fu_210_p2                        | -   |        | add_ln79     | add   | fabric | 0       |
|     add_ln837_fu_250_p2                       | -   |        | add_ln837    | add   | fabric | 0       |
|     add_ln81_1_fu_220_p2                      | -   |        | add_ln81_1   | add   | fabric | 0       |
|     add_ln82_fu_263_p2                        | -   |        | add_ln82     | add   | fabric | 0       |
|     mul_24s_40s_63_1_1_U32                    | 2   |        | r_V_13       | mul   | auto   | 0       |
|     ret_V_fu_355_p2                           | -   |        | ret_V        | add   | fabric | 0       |
|     add_ln1347_1_fu_361_p2                    | -   |        | add_ln1347_1 | add   | fabric | 0       |
|   + conv_layer01234_fused_Pipeline_L1_IC_L1_K | 4   |        |              |       |        |         |
|     add_ln110_1_fu_326_p2                     | -   |        | add_ln110_1  | add   | fabric | 0       |
|     add_ln110_fu_338_p2                       | -   |        | add_ln110    | add   | fabric | 0       |
|     add_ln837_1_fu_439_p2                     | -   |        | add_ln837_1  | add   | fabric | 0       |
|     mul_23s_40s_62_1_1_U44                    | 2   |        | r_V          | mul   | auto   | 0       |
|     add_ln112_1_fu_607_p2                     | -   |        | add_ln112_1  | add   | fabric | 0       |
|     add_ln1347_fu_613_p2                      | -   |        | add_ln1347   | add   | fabric | 0       |
|     mul_23s_40s_62_1_1_U45                    | 2   |        | r_V_11       | mul   | auto   | 0       |
|     add_ln112_2_fu_655_p2                     | -   |        | add_ln112_2  | add   | fabric | 0       |
|     add_ln1347_2_fu_661_p2                    | -   |        | add_ln1347_2 | add   | fabric | 0       |
|     add_ln112_fu_366_p2                       | -   |        | add_ln112    | add   | fabric | 0       |
|   + conv_layer01234_fused_Pipeline_L2_IC_L2_K | 4   |        |              |       |        |         |
|     add_ln145_1_fu_296_p2                     | -   |        | add_ln145_1  | add   | fabric | 0       |
|     add_ln145_fu_308_p2                       | -   |        | add_ln145    | add   | fabric | 0       |
|     add_ln837_3_fu_412_p2                     | -   |        | add_ln837_3  | add   | fabric | 0       |
|     mul_23s_40s_62_1_1_U61                    | 2   |        | r_V_9        | mul   | auto   | 0       |
|     add_ln147_1_fu_566_p2                     | -   |        | add_ln147_1  | add   | fabric | 0       |
|     add_ln1347_fu_572_p2                      | -   |        | add_ln1347   | add   | fabric | 0       |
|     mul_23s_40s_62_1_1_U62                    | 2   |        | r_V_10       | mul   | auto   | 0       |
|     add_ln147_2_fu_614_p2                     | -   |        | add_ln147_2  | add   | fabric | 0       |
|     add_ln1347_2_fu_620_p2                    | -   |        | add_ln1347_2 | add   | fabric | 0       |
|     add_ln147_fu_343_p2                       | -   |        | add_ln147    | add   | fabric | 0       |
|   + conv_layer01234_fused_Pipeline_L3_IC_L3_K | 4   |        |              |       |        |         |
|     add_ln180_1_fu_388_p2                     | -   |        | add_ln180_1  | add   | fabric | 0       |
|     add_ln180_fu_397_p2                       | -   |        | add_ln180    | add   | fabric | 0       |
|     add_ln837_fu_533_p2                       | -   |        | add_ln837    | add   | fabric | 0       |
|     mul_23s_39ns_62_1_1_U81                   | 2   |        | r_V          | mul   | auto   | 0       |
|     add_ln182_1_fu_723_p2                     | -   |        | add_ln182_1  | add   | fabric | 0       |
|     add_ln1347_fu_729_p2                      | -   |        | add_ln1347   | add   | fabric | 0       |
|     mul_23s_39ns_62_1_1_U82                   | 2   |        | r_V_6        | mul   | auto   | 0       |
|     add_ln182_2_fu_771_p2                     | -   |        | add_ln182_2  | add   | fabric | 0       |
|     add_ln1347_1_fu_777_p2                    | -   |        | add_ln1347_1 | add   | fabric | 0       |
|     add_ln182_fu_447_p2                       | -   |        | add_ln182    | add   | fabric | 0       |
|   + conv_layer01234_fused_Pipeline_L4_IC_L4_K | 2   |        |              |       |        |         |
|     add_ln212_1_fu_463_p2                     | -   |        | add_ln212_1  | add   | fabric | 0       |
|     add_ln212_fu_472_p2                       | -   |        | add_ln212    | add   | fabric | 0       |
|     mul_23s_40s_62_1_1_U112                   | 2   |        | r_V_5        | mul   | auto   | 0       |
|     add_ln214_1_fu_861_p2                     | -   |        | add_ln214_1  | add   | fabric | 0       |
|     add_ln1347_fu_867_p2                      | -   |        | add_ln1347   | add   | fabric | 0       |
|     add_ln214_fu_560_p2                       | -   |        | add_ln214    | add   | fabric | 0       |
|  + ecg_denoiser_Pipeline_WRITE_OUTPUT         | 0   |        |              |       |        |         |
|    add_ln280_fu_122_p2                        | -   |        | add_ln280    | add   | fabric | 0       |
+-----------------------------------------------+-----+--------+--------------+-------+--------+---------+


================================================================
== Bind Storage Report
================================================================
+-----------------------------------------------+------+------+--------+-------------------+---------+--------+---------+
| Name                                          | BRAM | URAM | Pragma | Variable          | Storage | Impl   | Latency |
+-----------------------------------------------+------+------+--------+-------------------+---------+--------+---------+
| + ecg_denoiser                                | 84   | 0    |        |                   |         |        |         |
|   input_buf_V_U                               | -    | -    | yes    | input_buf_V       | ram_1p  | lutram | 1       |
|   input_buf_V_1_U                             | -    | -    | yes    | input_buf_V_1     | ram_1p  | lutram | 1       |
|   norm_buf_V_U                                | -    | -    | yes    | norm_buf_V        | ram_1p  | lutram | 1       |
|   norm_buf_V_1_U                              | -    | -    | yes    | norm_buf_V_1      | ram_1p  | lutram | 1       |
|   buf41210_U                                  | 2    | -    |        | buf41210          | ram_1p  | auto   | 1       |
|  + conv_layer01234_fused                      | 83   | 0    |        |                   |         |        |         |
|    win01_V_U                                  | 2    | -    |        | win01_V           | ram_t2p | auto   | 1       |
|    win01_V_1_U                                | 2    | -    |        | win01_V_1         | ram_t2p | auto   | 1       |
|    win01_V_2_U                                | 2    | -    |        | win01_V_2         | ram_t2p | auto   | 1       |
|    win01_V_3_U                                | 2    | -    |        | win01_V_3         | ram_t2p | auto   | 1       |
|    win01_V_4_U                                | 2    | -    |        | win01_V_4         | ram_t2p | auto   | 1       |
|    win12_V_U                                  | 2    | -    |        | win12_V           | ram_t2p | auto   | 1       |
|    win12_V_1_U                                | 2    | -    |        | win12_V_1         | ram_t2p | auto   | 1       |
|    win12_V_2_U                                | 2    | -    |        | win12_V_2         | ram_t2p | auto   | 1       |
|    win23_V_U                                  | -    | -    |        | win23_V           | ram_t2p | auto   | 1       |
|    win23_V_1_U                                | -    | -    |        | win23_V_1         | ram_t2p | auto   | 1       |
|    win23_V_2_U                                | -    | -    |        | win23_V_2         | ram_t2p | auto   | 1       |
|    win23_V_3_U                                | -    | -    |        | win23_V_3         | ram_t2p | auto   | 1       |
|    win34_V_U                                  | -    | -    |        | win34_V           | ram_t2p | auto   | 1       |
|    win34_V_1_U                                | -    | -    |        | win34_V_1         | ram_t2p | auto   | 1       |
|    win34_V_2_U                                | -    | -    |        | win34_V_2         | ram_t2p | auto   | 1       |
|    win34_V_3_U                                | -    | -    |        | win34_V_3         | ram_t2p | auto   | 1       |
|    win34_V_4_U                                | -    | -    |        | win34_V_4         | ram_t2p | auto   | 1       |
|    win34_V_5_U                                | -    | -    |        | win34_V_5         | ram_t2p | auto   | 1       |
|    win34_V_6_U                                | -    | -    |        | win34_V_6         | ram_t2p | auto   | 1       |
|    win34_V_7_U                                | -    | -    |        | win34_V_7         | ram_t2p | auto   | 1       |
|    win34_V_8_U                                | -    | -    |        | win34_V_8         | ram_t2p | auto   | 1       |
|    win34_V_9_U                                | -    | -    |        | win34_V_9         | ram_t2p | auto   | 1       |
|    l0_out_V_U                                 | -    | -    |        | l0_out_V          | ram_s2p | auto   | 1       |
|    l0_out_V_1_U                               | -    | -    |        | l0_out_V_1        | ram_s2p | auto   | 1       |
|    l1_out_V_U                                 | 2    | -    |        | l1_out_V          | ram_s2p | auto   | 1       |
|    l1_out_V_1_U                               | 2    | -    |        | l1_out_V_1        | ram_s2p | auto   | 1       |
|    l2_out_V_U                                 | -    | -    |        | l2_out_V          | ram_s2p | auto   | 1       |
|    l2_out_V_1_U                               | -    | -    |        | l2_out_V_1        | ram_s2p | auto   | 1       |
|    l3_out_V_U                                 | -    | -    |        | l3_out_V          | ram_s2p | auto   | 1       |
|    l3_out_V_1_U                               | -    | -    |        | l3_out_V_1        | ram_s2p | auto   | 1       |
|    denoiser_w_L0_b_V_U                        | 1    | -    |        | denoiser_w_L0_b_V | rom_1p  | auto   | 1       |
|    denoiser_w_L1_b_V_U                        | 1    | -    |        | denoiser_w_L1_b_V | rom_2p  | auto   | 1       |
|    denoiser_w_L2_b_V_U                        | 1    | -    |        | denoiser_w_L2_b_V | rom_2p  | auto   | 1       |
|    denoiser_w_L3_b_V_U                        | -    | -    |        | denoiser_w_L3_b_V | rom_2p  | auto   | 1       |
|   + conv_layer01234_fused_Pipeline_L0_K       | 0    | 0    |        |                   |         |        |         |
|     denoiser_w_L0_W_V_U                       | -    | -    | pragma | denoiser_w_L0_W_V | rom_np  | lutram | 1       |
|   + conv_layer01234_fused_Pipeline_L1_IC_L1_K | 60   | 0    |        |                   |         |        |         |
|     denoiser_w_L1_W_V_U                       | 60   | -    | pragma | denoiser_w_L1_W_V | rom_np  | bram   | 1       |
|   + conv_layer01234_fused_Pipeline_L2_IC_L2_K | 0    | 0    |        |                   |         |        |         |
|     denoiser_w_L2_W_V_U                       | -    | -    | pragma | denoiser_w_L2_W_V | rom_np  | lutram | 1       |
|   + conv_layer01234_fused_Pipeline_L3_IC_L3_K | 0    | 0    |        |                   |         |        |         |
|     denoiser_w_L3_W_V_U                       | -    | -    | pragma | denoiser_w_L3_W_V | rom_np  | lutram | 1       |
|   + conv_layer01234_fused_Pipeline_L4_IC_L4_K | 0    | 0    |        |                   |         |        |         |
|     denoiser_w_L4_W_V_U                       | -    | -    | pragma | denoiser_w_L4_W_V | rom_np  | lutram | 1       |
+-----------------------------------------------+------+------+--------+-------------------+---------+--------+---------+


================================================================
== Pragma Report
================================================================
* Valid Pragma Syntax
+-----------------+---------------------------------------------------+--------------------------------------------------------------------+
| Type            | Options                                           | Location                                                           |
+-----------------+---------------------------------------------------+--------------------------------------------------------------------+
| inline          | off                                               | src/ecg_denoiser.cpp:8 in conv_layer01234_fused                    |
| bind_storage    | variable=denoiser_w::L0_W type=rom_np impl=lutram | src/ecg_denoiser.cpp:10 in conv_layer01234_fused, denoiser_w::L0_W |
| bind_storage    | variable=denoiser_w::L1_W type=rom_np impl=bram   | src/ecg_denoiser.cpp:11 in conv_layer01234_fused, denoiser_w::L1_W |
| bind_storage    | variable=denoiser_w::L2_W type=rom_np impl=lutram | src/ecg_denoiser.cpp:12 in conv_layer01234_fused, denoiser_w::L2_W |
| bind_storage    | variable=denoiser_w::L3_W type=rom_np impl=lutram | src/ecg_denoiser.cpp:13 in conv_layer01234_fused, denoiser_w::L3_W |
| bind_storage    | variable=denoiser_w::L4_W type=rom_np impl=lutram | src/ecg_denoiser.cpp:14 in conv_layer01234_fused, denoiser_w::L4_W |
| array_partition | variable=win01 dim=1 type=complete                | src/ecg_denoiser.cpp:17 in conv_layer01234_fused, win01            |
| array_partition | variable=win01 dim=2 type=cyclic factor=1         | src/ecg_denoiser.cpp:18 in conv_layer01234_fused, win01            |
| array_partition | variable=win12 dim=1 type=complete                | src/ecg_denoiser.cpp:21 in conv_layer01234_fused, win12            |
| array_partition | variable=win12 dim=2 type=cyclic factor=1         | src/ecg_denoiser.cpp:22 in conv_layer01234_fused, win12            |
| array_partition | variable=win23 dim=1 type=complete                | src/ecg_denoiser.cpp:25 in conv_layer01234_fused, win23            |
| array_partition | variable=win23 dim=2 type=cyclic factor=2         | src/ecg_denoiser.cpp:26 in conv_layer01234_fused, win23            |
| array_partition | variable=win34 dim=1 type=complete                | src/ecg_denoiser.cpp:29 in conv_layer01234_fused, win34            |
| array_partition | variable=win34 dim=2 type=cyclic factor=2         | src/ecg_denoiser.cpp:30 in conv_layer01234_fused, win34            |
| unroll          |                                                   | src/ecg_denoiser.cpp:34 in conv_layer01234_fused                   |
| unroll          |                                                   | src/ecg_denoiser.cpp:37 in conv_layer01234_fused                   |
| unroll          |                                                   | src/ecg_denoiser.cpp:43 in conv_layer01234_fused                   |
| unroll          |                                                   | src/ecg_denoiser.cpp:46 in conv_layer01234_fused                   |
| unroll          |                                                   | src/ecg_denoiser.cpp:52 in conv_layer01234_fused                   |
| unroll          |                                                   | src/ecg_denoiser.cpp:55 in conv_layer01234_fused                   |
| unroll          |                                                   | src/ecg_denoiser.cpp:61 in conv_layer01234_fused                   |
| unroll          |                                                   | src/ecg_denoiser.cpp:64 in conv_layer01234_fused                   |
| array_partition | variable=l0_out type=cyclic factor=2              | src/ecg_denoiser.cpp:74 in conv_layer01234_fused, l0_out           |
| pipeline        | II=1                                              | src/ecg_denoiser.cpp:80 in conv_layer01234_fused                   |
| unroll          |                                                   | src/ecg_denoiser.cpp:89 in conv_layer01234_fused                   |
| unroll          |                                                   | src/ecg_denoiser.cpp:92 in conv_layer01234_fused                   |
| unroll          |                                                   | src/ecg_denoiser.cpp:98 in conv_layer01234_fused                   |
| array_partition | variable=l1_out type=cyclic factor=2              | src/ecg_denoiser.cpp:104 in conv_layer01234_fused, l1_out          |
| pipeline        | II=1                                              | src/ecg_denoiser.cpp:113 in conv_layer01234_fused                  |
| unroll          |                                                   | src/ecg_denoiser.cpp:124 in conv_layer01234_fused                  |
| unroll          |                                                   | src/ecg_denoiser.cpp:127 in conv_layer01234_fused                  |
| unroll          |                                                   | src/ecg_denoiser.cpp:133 in conv_layer01234_fused                  |
| array_partition | variable=l2_out type=cyclic factor=2              | src/ecg_denoiser.cpp:139 in conv_layer01234_fused, l2_out          |
| pipeline        | II=1                                              | src/ecg_denoiser.cpp:148 in conv_layer01234_fused                  |
| unroll          |                                                   | src/ecg_denoiser.cpp:159 in conv_layer01234_fused                  |
| unroll          |                                                   | src/ecg_denoiser.cpp:162 in conv_layer01234_fused                  |
| unroll          |                                                   | src/ecg_denoiser.cpp:168 in conv_layer01234_fused                  |
| array_partition | variable=l3_out type=cyclic factor=2              | src/ecg_denoiser.cpp:174 in conv_layer01234_fused, l3_out          |
| pipeline        | II=1                                              | src/ecg_denoiser.cpp:183 in conv_layer01234_fused                  |
| unroll          |                                                   | src/ecg_denoiser.cpp:194 in conv_layer01234_fused                  |
| unroll          |                                                   | src/ecg_denoiser.cpp:197 in conv_layer01234_fused                  |
| unroll          |                                                   | src/ecg_denoiser.cpp:203 in conv_layer01234_fused                  |
| pipeline        | II=1                                              | src/ecg_denoiser.cpp:215 in conv_layer01234_fused                  |
| interface       | axis port=in_stream register                      | src/ecg_denoiser.cpp:228 in ecg_denoiser, in_stream                |
| interface       | axis port=out_stream register                     | src/ecg_denoiser.cpp:229 in ecg_denoiser, out_stream               |
| interface       | ap_ctrl_hs port=return                            | src/ecg_denoiser.cpp:230 in ecg_denoiser, return                   |
| bind_storage    | variable=input_buf type=ram_1p impl=lutram        | src/ecg_denoiser.cpp:236 in ecg_denoiser, input_buf                |
| bind_storage    | variable=norm_buf type=ram_1p impl=lutram         | src/ecg_denoiser.cpp:237 in ecg_denoiser, norm_buf                 |
| array_partition | variable=input_buf dim=1 type=cyclic factor=2     | src/ecg_denoiser.cpp:238 in ecg_denoiser, input_buf                |
| array_partition | variable=norm_buf dim=1 type=cyclic factor=2      | src/ecg_denoiser.cpp:239 in ecg_denoiser, norm_buf                 |
| array_partition | variable=buf4 dim=2 type=complete                 | src/ecg_denoiser.cpp:240 in ecg_denoiser, buf4                     |
| pipeline        | II=1                                              | src/ecg_denoiser.cpp:244 in ecg_denoiser                           |
| pipeline        | II=1                                              | src/ecg_denoiser.cpp:253 in ecg_denoiser                           |
| pipeline        | II=1                                              | src/ecg_denoiser.cpp:261 in ecg_denoiser                           |
| pipeline        | II=1                                              | src/ecg_denoiser.cpp:273 in ecg_denoiser                           |
| pipeline        | II=1                                              | src/ecg_denoiser.cpp:281 in ecg_denoiser                           |
+-----------------+---------------------------------------------------+--------------------------------------------------------------------+


