

================================================================
== Vitis HLS Report for 'ecg_denoiser_Pipeline_READ_INPUT'
================================================================
* Date:           Sat Apr  4 09:58:53 2026

* Version:        2022.2 (Build 3670227 on Oct 13 2022)
* Project:        ecg_denoiser_ip
* Solution:       solution1 (Vivado IP Flow Target)
* Product family: zynq
* Target device:  xc7z030-sbg485-2


================================================================
== Performance Estimates
================================================================
+ Timing: 
    * Summary: 
    +--------+----------+----------+------------+
    |  Clock |  Target  | Estimated| Uncertainty|
    +--------+----------+----------+------------+
    |ap_clk  |  13.00 ns|  3.383 ns|     3.51 ns|
    +--------+----------+----------+------------+

+ Latency: 
    * Summary: 
    +---------+---------+----------+----------+-----+-----+---------+
    |  Latency (cycles) |  Latency (absolute) |  Interval | Pipeline|
    |   min   |   max   |    min   |    max   | min | max |   Type  |
    +---------+---------+----------+----------+-----+-----+---------+
    |      362|      362|  4.706 us|  4.706 us|  362|  362|       no|
    +---------+---------+----------+----------+-----+-----+---------+

    + Detail: 
        * Instance: 
        N/A

        * Loop: 
        +--------------+---------+---------+----------+-----------+-----------+------+----------+
        |              |  Latency (cycles) | Iteration|  Initiation Interval  | Trip |          |
        |   Loop Name  |   min   |   max   |  Latency |  achieved |   target  | Count| Pipelined|
        +--------------+---------+---------+----------+-----------+-----------+------+----------+
        |- READ_INPUT  |      360|      360|         1|          1|          1|   360|       yes|
        +--------------+---------+---------+----------+-----------+-----------+------+----------+



================================================================
== Utilization Estimates
================================================================
* Summary: 
+-----------------+---------+-----+--------+-------+-----+
|       Name      | BRAM_18K| DSP |   FF   |  LUT  | URAM|
+-----------------+---------+-----+--------+-------+-----+
|DSP              |        -|    -|       -|      -|    -|
|Expression       |        -|    -|       0|     15|    -|
|FIFO             |        -|    -|       -|      -|    -|
|Instance         |        -|    -|       -|      -|    -|
|Memory           |        -|    -|       -|      -|    -|
|Multiplexer      |        -|    -|       -|     36|    -|
|Register         |        -|    -|      11|      -|    -|
+-----------------+---------+-----+--------+-------+-----+
|Total            |        0|    0|      11|     51|    0|
+-----------------+---------+-----+--------+-------+-----+
|Available        |      530|  400|  157200|  78600|    0|
+-----------------+---------+-----+--------+-------+-----+
|Utilization (%)  |        0|    0|      ~0|     ~0|    0|
+-----------------+---------+-----+--------+-------+-----+

+ Detail: 
    * Instance: 
    N/A

    * DSP: 
    N/A

    * Memory: 
    N/A

    * FIFO: 
    N/A

    * Expression: 
    +----------------------------------+----------+----+---+----+------------+------------+
    |           Variable Name          | Operation| DSP| FF| LUT| Bitwidth P0| Bitwidth P1|
    +----------------------------------+----------+----+---+----+------------+------------+
    |add_ln243_fu_130_p2               |         +|   0|  0|   9|           9|           1|
    |ap_condition_139                  |       and|   0|  0|   1|           1|           1|
    |icmp_ln243_fu_124_p2              |      icmp|   0|  0|   4|           9|           9|
    |ap_block_state1_pp0_stage0_iter0  |        or|   0|  0|   1|           1|           1|
    +----------------------------------+----------+----+---+----+------------+------------+
    |Total                             |          |   0|  0|  15|          20|          12|
    +----------------------------------+----------+----+---+----+------------+------------+

    * Multiplexer: 
    +-----------------------+----+-----------+-----+-----------+
    |          Name         | LUT| Input Size| Bits| Total Bits|
    +-----------------------+----+-----------+-----+-----------+
    |ap_done_int            |   9|          2|    1|          2|
    |ap_sig_allocacmp_t_4   |   9|          2|    9|         18|
    |in_stream_TDATA_blk_n  |   9|          2|    1|          2|
    |t_fu_68                |   9|          2|    9|         18|
    +-----------------------+----+-----------+-----+-----------+
    |Total                  |  36|          8|   20|         40|
    +-----------------------+----+-----------+-----+-----------+

    * Register: 
    +-------------+---+----+-----+-----------+
    |     Name    | FF| LUT| Bits| Const Bits|
    +-------------+---+----+-----+-----------+
    |ap_CS_fsm    |  1|   0|    1|          0|
    |ap_done_reg  |  1|   0|    1|          0|
    |t_fu_68      |  9|   0|    9|          0|
    +-------------+---+----+-----+-----------+
    |Total        | 11|   0|   11|          0|
    +-------------+---+----+-----+-----------+



================================================================
== Interface
================================================================
* Summary: 
+------------------------+-----+-----+------------+----------------------------------+--------------+
|        RTL Ports       | Dir | Bits|  Protocol  |           Source Object          |    C Type    |
+------------------------+-----+-----+------------+----------------------------------+--------------+
|ap_clk                  |   in|    1|  ap_ctrl_hs|  ecg_denoiser_Pipeline_READ_INPUT|  return value|
|ap_rst                  |   in|    1|  ap_ctrl_hs|  ecg_denoiser_Pipeline_READ_INPUT|  return value|
|ap_start                |   in|    1|  ap_ctrl_hs|  ecg_denoiser_Pipeline_READ_INPUT|  return value|
|ap_done                 |  out|    1|  ap_ctrl_hs|  ecg_denoiser_Pipeline_READ_INPUT|  return value|
|ap_idle                 |  out|    1|  ap_ctrl_hs|  ecg_denoiser_Pipeline_READ_INPUT|  return value|
|ap_ready                |  out|    1|  ap_ctrl_hs|  ecg_denoiser_Pipeline_READ_INPUT|  return value|
|in_stream_TVALID        |   in|    1|        axis|                in_stream_V_data_V|       pointer|
|in_stream_TDATA         |   in|   32|        axis|                in_stream_V_data_V|       pointer|
|input_buf_V_1_address0  |  out|    8|   ap_memory|                     input_buf_V_1|         array|
|input_buf_V_1_ce0       |  out|    1|   ap_memory|                     input_buf_V_1|         array|
|input_buf_V_1_we0       |  out|    1|   ap_memory|                     input_buf_V_1|         array|
|input_buf_V_1_d0        |  out|   32|   ap_memory|                     input_buf_V_1|         array|
|input_buf_V_address0    |  out|    8|   ap_memory|                       input_buf_V|         array|
|input_buf_V_ce0         |  out|    1|   ap_memory|                       input_buf_V|         array|
|input_buf_V_we0         |  out|    1|   ap_memory|                       input_buf_V|         array|
|input_buf_V_d0          |  out|   32|   ap_memory|                       input_buf_V|         array|
|in_stream_TREADY        |  out|    1|        axis|                in_stream_V_dest_V|       pointer|
|in_stream_TDEST         |   in|    1|        axis|                in_stream_V_dest_V|       pointer|
|in_stream_TKEEP         |   in|    4|        axis|                in_stream_V_keep_V|       pointer|
|in_stream_TSTRB         |   in|    4|        axis|                in_stream_V_strb_V|       pointer|
|in_stream_TUSER         |   in|    1|        axis|                in_stream_V_user_V|       pointer|
|in_stream_TLAST         |   in|    1|        axis|                in_stream_V_last_V|       pointer|
|in_stream_TID           |   in|    1|        axis|                  in_stream_V_id_V|       pointer|
+------------------------+-----+-----+------------+----------------------------------+--------------+

