

================================================================
== Vitis HLS Report for 'ecg_denoiser_Pipeline_ZNORM_APPLY'
================================================================
* Date:           Sat Apr  4 09:58:53 2026

* Version:        2022.2 (Build 3670227 on Oct 13 2022)
* Project:        ecg_denoiser_ip
* Solution:       solution1 (Vivado IP Flow Target)
* Product family: zynq
* Target device:  xc7z030-sbg485-2


================================================================
== Performance Estimates
================================================================
+ Timing: 
    * Summary: 
    +--------+----------+----------+------------+
    |  Clock |  Target  | Estimated| Uncertainty|
    +--------+----------+----------+------------+
    |ap_clk  |  13.00 ns|  8.802 ns|     3.51 ns|
    +--------+----------+----------+------------+

+ Latency: 
    * Summary: 
    +---------+---------+----------+----------+-----+-----+---------+
    |  Latency (cycles) |  Latency (absolute) |  Interval | Pipeline|
    |   min   |   max   |    min   |    max   | min | max |   Type  |
    +---------+---------+----------+----------+-----+-----+---------+
    |      363|      363|  4.719 us|  4.719 us|  363|  363|       no|
    +---------+---------+----------+----------+-----+-----+---------+

    + Detail: 
        * Instance: 
        N/A

        * Loop: 
        +---------------+---------+---------+----------+-----------+-----------+------+----------+
        |               |  Latency (cycles) | Iteration|  Initiation Interval  | Trip |          |
        |   Loop Name   |   min   |   max   |  Latency |  achieved |   target  | Count| Pipelined|
        +---------------+---------+---------+----------+-----------+-----------+------+----------+
        |- ZNORM_APPLY  |      361|      361|         3|          1|          1|   360|       yes|
        +---------------+---------+---------+----------+-----------+-----------+------+----------+



================================================================
== Utilization Estimates
================================================================
* Summary: 
+-----------------+---------+-----+--------+-------+-----+
|       Name      | BRAM_18K| DSP |   FF   |  LUT  | URAM|
+-----------------+---------+-----+--------+-------+-----+
|DSP              |        -|    -|       -|      -|    -|
|Expression       |        -|    -|       0|     48|    -|
|FIFO             |        -|    -|       -|      -|    -|
|Instance         |        -|    3|       0|     30|    -|
|Memory           |        -|    -|       -|      -|    -|
|Multiplexer      |        -|    -|       -|     36|    -|
|Register         |        -|    -|     162|      -|    -|
+-----------------+---------+-----+--------+-------+-----+
|Total            |        0|    3|     162|    114|    0|
+-----------------+---------+-----+--------+-------+-----+
|Available        |      530|  400|  157200|  78600|    0|
+-----------------+---------+-----+--------+-------+-----+
|Utilization (%)  |        0|   ~0|      ~0|     ~0|    0|
+-----------------+---------+-----+--------+-------+-----+

+ Detail: 
    * Instance: 
    +------------------------+--------------------+---------+----+---+----+-----+
    |        Instance        |       Module       | BRAM_18K| DSP| FF| LUT| URAM|
    +------------------------+--------------------+---------+----+---+----+-----+
    |mul_33s_32s_48_1_1_U23  |mul_33s_32s_48_1_1  |        0|   3|  0|  21|    0|
    |mux_21_32_1_1_U22       |mux_21_32_1_1       |        0|   0|  0|   9|    0|
    +------------------------+--------------------+---------+----+---+----+-----+
    |Total                   |                    |        0|   3|  0|  30|    0|
    +------------------------+--------------------+---------+----+---+----+-----+

    * DSP: 
    N/A

    * Memory: 
    N/A

    * FIFO: 
    N/A

    * Expression: 
    +----------------------+----------+----+---+----+------------+------------+
    |     Variable Name    | Operation| DSP| FF| LUT| Bitwidth P0| Bitwidth P1|
    +----------------------+----------+----+---+----+------------+------------+
    |add_ln272_fu_146_p2   |         +|   0|  0|   9|           9|           1|
    |ret_V_fu_192_p2       |         -|   0|  0|  33|          33|          33|
    |icmp_ln272_fu_140_p2  |      icmp|   0|  0|   4|           9|           9|
    |ap_enable_pp0         |       xor|   0|  0|   2|           1|           2|
    +----------------------+----------+----+---+----+------------+------------+
    |Total                 |          |   0|  0|  48|          52|          45|
    +----------------------+----------+----+---+----+------------+------------+

    * Multiplexer: 
    +-------------------------+----+-----------+-----+-----------+
    |           Name          | LUT| Input Size| Bits| Total Bits|
    +-------------------------+----+-----------+-----+-----------+
    |ap_done_int              |   9|          2|    1|          2|
    |ap_enable_reg_pp0_iter1  |   9|          2|    1|          2|
    |ap_sig_allocacmp_t_2     |   9|          2|    9|         18|
    |t_fu_58                  |   9|          2|    9|         18|
    +-------------------------+----+-----------+-----+-----------+
    |Total                    |  36|          8|   20|         40|
    +-------------------------+----+-----------+-----+-----------+

    * Register: 
    +-----------------------------------------+----+----+-----+-----------+
    |                   Name                  | FF | LUT| Bits| Const Bits|
    +-----------------------------------------+----+----+-----+-----------+
    |ap_CS_fsm                                |   1|   0|    1|          0|
    |ap_done_reg                              |   1|   0|    1|          0|
    |ap_enable_reg_pp0_iter1                  |   1|   0|    1|          0|
    |ap_enable_reg_pp0_iter2                  |   1|   0|    1|          0|
    |ap_loop_exit_ready_pp0_iter1_reg         |   1|   0|    1|          0|
    |norm_buf_V_1_addr_reg_258                |   8|   0|    8|          0|
    |norm_buf_V_1_addr_reg_258_pp0_iter1_reg  |   8|   0|    8|          0|
    |norm_buf_V_addr_reg_253                  |   8|   0|    8|          0|
    |norm_buf_V_addr_reg_253_pp0_iter1_reg    |   8|   0|    8|          0|
    |ret_V_reg_263                            |  33|   0|   33|          0|
    |rhs_cast_reg_229                         |  33|   0|   33|          0|
    |sext_ln272_cast_reg_224                  |  48|   0|   48|          0|
    |t_fu_58                                  |   9|   0|    9|          0|
    |trunc_ln813_reg_248                      |   1|   0|    1|          0|
    |trunc_ln813_reg_248_pp0_iter1_reg        |   1|   0|    1|          0|
    +-----------------------------------------+----+----+-----+-----------+
    |Total                                    | 162|   0|  162|          0|
    +-----------------------------------------+----+----+-----+-----------+



================================================================
== Interface
================================================================
* Summary: 
+------------------------+-----+-----+------------+-----------------------------------+--------------+
|        RTL Ports       | Dir | Bits|  Protocol  |           Source Object           |    C Type    |
+------------------------+-----+-----+------------+-----------------------------------+--------------+
|ap_clk                  |   in|    1|  ap_ctrl_hs|  ecg_denoiser_Pipeline_ZNORM_APPLY|  return value|
|ap_rst                  |   in|    1|  ap_ctrl_hs|  ecg_denoiser_Pipeline_ZNORM_APPLY|  return value|
|ap_start                |   in|    1|  ap_ctrl_hs|  ecg_denoiser_Pipeline_ZNORM_APPLY|  return value|
|ap_done                 |  out|    1|  ap_ctrl_hs|  ecg_denoiser_Pipeline_ZNORM_APPLY|  return value|
|ap_idle                 |  out|    1|  ap_ctrl_hs|  ecg_denoiser_Pipeline_ZNORM_APPLY|  return value|
|ap_ready                |  out|    1|  ap_ctrl_hs|  ecg_denoiser_Pipeline_ZNORM_APPLY|  return value|
|norm_buf_V_1_address0   |  out|    8|   ap_memory|                       norm_buf_V_1|         array|
|norm_buf_V_1_ce0        |  out|    1|   ap_memory|                       norm_buf_V_1|         array|
|norm_buf_V_1_we0        |  out|    1|   ap_memory|                       norm_buf_V_1|         array|
|norm_buf_V_1_d0         |  out|   32|   ap_memory|                       norm_buf_V_1|         array|
|norm_buf_V_address0     |  out|    8|   ap_memory|                         norm_buf_V|         array|
|norm_buf_V_ce0          |  out|    1|   ap_memory|                         norm_buf_V|         array|
|norm_buf_V_we0          |  out|    1|   ap_memory|                         norm_buf_V|         array|
|norm_buf_V_d0           |  out|   32|   ap_memory|                         norm_buf_V|         array|
|input_buf_V_address0    |  out|    8|   ap_memory|                        input_buf_V|         array|
|input_buf_V_ce0         |  out|    1|   ap_memory|                        input_buf_V|         array|
|input_buf_V_q0          |   in|   32|   ap_memory|                        input_buf_V|         array|
|input_buf_V_1_address0  |  out|    8|   ap_memory|                      input_buf_V_1|         array|
|input_buf_V_1_ce0       |  out|    1|   ap_memory|                      input_buf_V_1|         array|
|input_buf_V_1_q0        |   in|   32|   ap_memory|                      input_buf_V_1|         array|
|rhs                     |   in|   32|     ap_none|                                rhs|        scalar|
|sext_ln272              |   in|   32|     ap_none|                         sext_ln272|        scalar|
+------------------------+-----+-----+------------+-----------------------------------+--------------+

