

================================================================
== Vitis HLS Report for 'ecg_denoiser_Pipeline_ZNORM_VAR'
================================================================
* Date:           Sat Apr  4 09:58:53 2026

* Version:        2022.2 (Build 3670227 on Oct 13 2022)
* Project:        ecg_denoiser_ip
* Solution:       solution1 (Vivado IP Flow Target)
* Product family: zynq
* Target device:  xc7z030-sbg485-2


================================================================
== Performance Estimates
================================================================
+ Timing: 
    * Summary: 
    +--------+----------+----------+------------+
    |  Clock |  Target  | Estimated| Uncertainty|
    +--------+----------+----------+------------+
    |ap_clk  |  13.00 ns|  7.360 ns|     3.51 ns|
    +--------+----------+----------+------------+

+ Latency: 
    * Summary: 
    +---------+---------+----------+----------+-----+-----+---------+
    |  Latency (cycles) |  Latency (absolute) |  Interval | Pipeline|
    |   min   |   max   |    min   |    max   | min | max |   Type  |
    +---------+---------+----------+----------+-----+-----+---------+
    |      364|      364|  4.732 us|  4.732 us|  364|  364|       no|
    +---------+---------+----------+----------+-----+-----+---------+

    + Detail: 
        * Instance: 
        N/A

        * Loop: 
        +-------------+---------+---------+----------+-----------+-----------+------+----------+
        |             |  Latency (cycles) | Iteration|  Initiation Interval  | Trip |          |
        |  Loop Name  |   min   |   max   |  Latency |  achieved |   target  | Count| Pipelined|
        +-------------+---------+---------+----------+-----------+-----------+------+----------+
        |- ZNORM_VAR  |      362|      362|         4|          1|          1|   360|       yes|
        +-------------+---------+---------+----------+-----------+-----------+------+----------+



================================================================
== Utilization Estimates
================================================================
* Summary: 
+-----------------+---------+-----+--------+-------+-----+
|       Name      | BRAM_18K| DSP |   FF   |  LUT  | URAM|
+-----------------+---------+-----+--------+-------+-----+
|DSP              |        -|    -|       -|      -|    -|
|Expression       |        -|    -|       0|    119|    -|
|FIFO             |        -|    -|       -|      -|    -|
|Instance         |        -|    4|       0|     38|    -|
|Memory           |        -|    -|       -|      -|    -|
|Multiplexer      |        -|    -|       -|     45|    -|
|Register         |        -|    -|     171|      -|    -|
+-----------------+---------+-----+--------+-------+-----+
|Total            |        0|    4|     171|    202|    0|
+-----------------+---------+-----+--------+-------+-----+
|Available        |      530|  400|  157200|  78600|    0|
+-----------------+---------+-----+--------+-------+-----+
|Utilization (%)  |        0|    1|      ~0|     ~0|    0|
+-----------------+---------+-----+--------+-------+-----+

+ Detail: 
    * Instance: 
    +------------------------+--------------------+---------+----+---+----+-----+
    |        Instance        |       Module       | BRAM_18K| DSP| FF| LUT| URAM|
    +------------------------+--------------------+---------+----+---+----+-----+
    |mul_40s_40s_72_1_1_U16  |mul_40s_40s_72_1_1  |        0|   4|  0|  29|    0|
    |mux_21_32_1_1_U15       |mux_21_32_1_1       |        0|   0|  0|   9|    0|
    +------------------------+--------------------+---------+----+---+----+-----+
    |Total                   |                    |        0|   4|  0|  38|    0|
    +------------------------+--------------------+---------+----+---+----+-----+

    * DSP: 
    N/A

    * Memory: 
    N/A

    * FIFO: 
    N/A

    * Expression: 
    +----------------------+----------+----+---+----+------------+------------+
    |     Variable Name    | Operation| DSP| FF| LUT| Bitwidth P0| Bitwidth P1|
    +----------------------+----------+----+---+----+------------+------------+
    |add_ln260_fu_132_p2   |         +|   0|  0|   9|           9|           1|
    |ret_V_fu_205_p2       |         +|   0|  0|  72|          72|          72|
    |d_fu_172_p2           |         -|   0|  0|  32|          32|          32|
    |icmp_ln260_fu_126_p2  |      icmp|   0|  0|   4|           9|           9|
    |ap_enable_pp0         |       xor|   0|  0|   2|           1|           2|
    +----------------------+----------+----+---+----+------------+------------+
    |Total                 |          |   0|  0| 119|         123|         116|
    +----------------------+----------+----+---+----+------------+------------+

    * Multiplexer: 
    +-------------------------+----+-----------+-----+-----------+
    |           Name          | LUT| Input Size| Bits| Total Bits|
    +-------------------------+----+-----------+-----+-----------+
    |ap_done_int              |   9|          2|    1|          2|
    |ap_enable_reg_pp0_iter1  |   9|          2|    1|          2|
    |ap_sig_allocacmp_t_1     |   9|          2|    9|         18|
    |lhs_V_fu_66              |   9|          2|   48|         96|
    |t_fu_70                  |   9|          2|    9|         18|
    +-------------------------+----+-----------+-----+-----------+
    |Total                    |  45|         10|   68|        136|
    +-------------------------+----+-----------+-----+-----------+

    * Register: 
    +----------------------------------+----+----+-----+-----------+
    |               Name               | FF | LUT| Bits| Const Bits|
    +----------------------------------+----+----+-----+-----------+
    |ap_CS_fsm                         |   1|   0|    1|          0|
    |ap_done_reg                       |   1|   0|    1|          0|
    |ap_enable_reg_pp0_iter1           |   1|   0|    1|          0|
    |ap_enable_reg_pp0_iter2           |   1|   0|    1|          0|
    |ap_enable_reg_pp0_iter3           |   1|   0|    1|          0|
    |ap_loop_exit_ready_pp0_iter1_reg  |   1|   0|    1|          0|
    |ap_loop_exit_ready_pp0_iter2_reg  |   1|   0|    1|          0|
    |d_reg_268                         |  32|   0|   32|          0|
    |icmp_ln260_reg_249                |   1|   0|    1|          0|
    |icmp_ln260_reg_249_pp0_iter1_reg  |   1|   0|    1|          0|
    |lhs_V_fu_66                       |  48|   0|   48|          0|
    |r_V_1_reg_273                     |  72|   0|   72|          0|
    |t_fu_70                           |   9|   0|    9|          0|
    |trunc_ln813_reg_263               |   1|   0|    1|          0|
    +----------------------------------+----+----+-----+-----------+
    |Total                             | 171|   0|  171|          0|
    +----------------------------------+----+----+-----+-----------+



================================================================
== Interface
================================================================
* Summary: 
+------------------------+-----+-----+------------+---------------------------------+--------------+
|        RTL Ports       | Dir | Bits|  Protocol  |          Source Object          |    C Type    |
+------------------------+-----+-----+------------+---------------------------------+--------------+
|ap_clk                  |   in|    1|  ap_ctrl_hs|  ecg_denoiser_Pipeline_ZNORM_VAR|  return value|
|ap_rst                  |   in|    1|  ap_ctrl_hs|  ecg_denoiser_Pipeline_ZNORM_VAR|  return value|
|ap_start                |   in|    1|  ap_ctrl_hs|  ecg_denoiser_Pipeline_ZNORM_VAR|  return value|
|ap_done                 |  out|    1|  ap_ctrl_hs|  ecg_denoiser_Pipeline_ZNORM_VAR|  return value|
|ap_idle                 |  out|    1|  ap_ctrl_hs|  ecg_denoiser_Pipeline_ZNORM_VAR|  return value|
|ap_ready                |  out|    1|  ap_ctrl_hs|  ecg_denoiser_Pipeline_ZNORM_VAR|  return value|
|input_buf_V_address0    |  out|    8|   ap_memory|                      input_buf_V|         array|
|input_buf_V_ce0         |  out|    1|   ap_memory|                      input_buf_V|         array|
|input_buf_V_q0          |   in|   32|   ap_memory|                      input_buf_V|         array|
|input_buf_V_1_address0  |  out|    8|   ap_memory|                    input_buf_V_1|         array|
|input_buf_V_1_ce0       |  out|    1|   ap_memory|                    input_buf_V_1|         array|
|input_buf_V_1_q0        |   in|   32|   ap_memory|                    input_buf_V_1|         array|
|mean_fx_V               |   in|   32|     ap_none|                        mean_fx_V|        scalar|
|var_acc_V_2_out         |  out|   48|      ap_vld|                  var_acc_V_2_out|       pointer|
|var_acc_V_2_out_ap_vld  |  out|    1|      ap_vld|                  var_acc_V_2_out|       pointer|
+------------------------+-----+-----+------------+---------------------------------+--------------+

