

================================================================
== Vitis HLS Report for 'ecg_classifier_Pipeline_L2_IC_L2_K'
================================================================
* Date:           Sat Apr  4 10:53:50 2026

* Version:        2022.2 (Build 3670227 on Oct 13 2022)
* Project:        ecg_classifier_ip
* Solution:       solution1 (Vivado IP Flow Target)
* Product family: zynq
* Target device:  xc7z030-sbg485-2


================================================================
== Performance Estimates
================================================================
+ Timing: 
    * Summary: 
    +--------+----------+----------+------------+
    |  Clock |  Target  | Estimated| Uncertainty|
    +--------+----------+----------+------------+
    |ap_clk  |  13.00 ns|  7.494 ns|     3.51 ns|
    +--------+----------+----------+------------+

+ Latency: 
    * Summary: 
    +---------+---------+----------+----------+-----+-----+---------+
    |  Latency (cycles) |  Latency (absolute) |  Interval | Pipeline|
    |   min   |   max   |    min   |    max   | min | max |   Type  |
    +---------+---------+----------+----------+-----+-----+---------+
    |      325|      325|  4.225 us|  4.225 us|  325|  325|       no|
    +---------+---------+----------+----------+-----+-----+---------+

    + Detail: 
        * Instance: 
        N/A

        * Loop: 
        +--------------+---------+---------+----------+-----------+-----------+------+----------+
        |              |  Latency (cycles) | Iteration|  Initiation Interval  | Trip |          |
        |   Loop Name  |   min   |   max   |  Latency |  achieved |   target  | Count| Pipelined|
        +--------------+---------+---------+----------+-----------+-----------+------+----------+
        |- L2_IC_L2_K  |      323|      323|         5|          1|          1|   320|       yes|
        +--------------+---------+---------+----------+-----------+-----------+------+----------+



================================================================
== Utilization Estimates
================================================================
* Summary: 
+-----------------+---------+-----+--------+-------+-----+
|       Name      | BRAM_18K| DSP |   FF   |  LUT  | URAM|
+-----------------+---------+-----+--------+-------+-----+
|DSP              |        -|    -|       -|      -|    -|
|Expression       |        -|    -|       0|    528|    -|
|FIFO             |        -|    -|       -|      -|    -|
|Instance         |        -|    4|       0|    167|    -|
|Memory           |       12|    -|       0|      0|    -|
|Multiplexer      |        -|    -|       -|    212|    -|
|Register         |        -|    -|     536|     32|    -|
+-----------------+---------+-----+--------+-------+-----+
|Total            |       12|    4|     536|    939|    0|
+-----------------+---------+-----+--------+-------+-----+
|Available        |      530|  400|  157200|  78600|    0|
+-----------------+---------+-----+--------+-------+-----+
|Utilization (%)  |        2|    1|      ~0|      1|    0|
+-----------------+---------+-----+--------+-------+-----+

+ Detail: 
    * Instance: 
    +-------------------------+---------------------+---------+----+---+----+-----+
    |         Instance        |        Module       | BRAM_18K| DSP| FF| LUT| URAM|
    +-------------------------+---------------------+---------+----+---+----+-----+
    |mul_23s_39ns_62_1_1_U69  |mul_23s_39ns_62_1_1  |        0|   2|  0|  28|    0|
    |mul_23s_39ns_62_1_1_U70  |mul_23s_39ns_62_1_1  |        0|   2|  0|  28|    0|
    |mux_21_31_1_1_U58        |mux_21_31_1_1        |        0|   0|  0|   9|    0|
    |mux_21_31_1_1_U59        |mux_21_31_1_1        |        0|   0|  0|   9|    0|
    |mux_21_31_1_1_U60        |mux_21_31_1_1        |        0|   0|  0|   9|    0|
    |mux_21_31_1_1_U61        |mux_21_31_1_1        |        0|   0|  0|   9|    0|
    |mux_21_31_1_1_U62        |mux_21_31_1_1        |        0|   0|  0|   9|    0|
    |mux_21_31_1_1_U63        |mux_21_31_1_1        |        0|   0|  0|   9|    0|
    |mux_21_31_1_1_U64        |mux_21_31_1_1        |        0|   0|  0|   9|    0|
    |mux_21_31_1_1_U65        |mux_21_31_1_1        |        0|   0|  0|   9|    0|
    |mux_21_31_1_1_U66        |mux_21_31_1_1        |        0|   0|  0|   9|    0|
    |mux_21_31_1_1_U67        |mux_21_31_1_1        |        0|   0|  0|   9|    0|
    |mux_53_31_1_1_U68        |mux_53_31_1_1        |        0|   0|  0|  21|    0|
    +-------------------------+---------------------+---------+----+---+----+-----+
    |Total                    |                     |        0|   4|  0| 167|    0|
    +-------------------------+---------------------+---------+----+---+----+-----+

    * DSP: 
    N/A

    * Memory: 
    +----------------+-------------------------------------------------------------+---------+---+----+-----+-------+-----+------+-------------+
    |     Memory     |                            Module                           | BRAM_18K| FF| LUT| URAM| Words | Bits| Banks| W*Bits*Banks|
    +----------------+-------------------------------------------------------------+---------+---+----+-----+-------+-----+------+-------------+
    |clf_w_L2_W_V_U  |ecg_classifier_Pipeline_L2_IC_L2_K_clf_w_L2_W_V_ROM_AUTO_1R  |       12|  0|   0|    0|  40960|    3|     1|       122880|
    +----------------+-------------------------------------------------------------+---------+---+----+-----+-------+-----+------+-------------+
    |Total           |                                                             |       12|  0|   0|    0|  40960|    3|     1|       122880|
    +----------------+-------------------------------------------------------------+---------+---+----+-----+-------+-----+------+-------------+

    * FIFO: 
    N/A

    * Expression: 
    +--------------------------+----------+----+---+----+------------+------------+
    |       Variable Name      | Operation| DSP| FF| LUT| Bitwidth P0| Bitwidth P1|
    +--------------------------+----------+----+---+----+------------+------------+
    |add_ln1347_3_fu_911_p2    |         +|   0|  0|  72|          72|          72|
    |add_ln1347_fu_867_p2      |         +|   0|  0|  72|          72|          72|
    |add_ln180_1_fu_456_p2     |         +|   0|  0|   9|           9|           1|
    |add_ln180_fu_465_p2       |         +|   0|  0|   7|           7|           1|
    |add_ln182_1_fu_906_p2     |         +|   0|  0|  56|          56|          56|
    |add_ln182_fu_862_p2       |         +|   0|  0|  56|          56|          56|
    |add_ln184_fu_507_p2       |         +|   0|  0|   4|           3|           1|
    |add_ln837_10_fu_629_p2    |         +|   0|  0|  16|          16|          16|
    |add_ln837_7_fu_581_p2     |         +|   0|  0|  14|          14|          14|
    |add_ln837_8_fu_612_p2     |         +|   0|  0|  16|          16|          16|
    |add_ln837_9_fu_623_p2     |         +|   0|  0|  16|          16|          16|
    |add_ln837_fu_575_p2       |         +|   0|  0|  16|          16|          16|
    |ap_condition_252          |       and|   0|  0|   1|           1|           1|
    |icmp_ln180_fu_450_p2      |      icmp|   0|  0|   4|           9|           9|
    |icmp_ln182_fu_471_p2      |      icmp|   0|  0|   2|           3|           3|
    |select_ln180_1_fu_485_p3  |    select|   0|  0|   7|           1|           7|
    |select_ln180_fu_477_p3    |    select|   0|  0|   3|           1|           1|
    |tmp_16_fu_765_p1          |    select|   0|  0|  31|           1|          31|
    |tmp_16_fu_765_p2          |    select|   0|  0|  31|           1|          31|
    |tmp_16_fu_765_p3          |    select|   0|  0|  31|           1|          31|
    |tmp_16_fu_765_p4          |    select|   0|  0|  31|           1|          31|
    |tmp_16_fu_765_p5          |    select|   0|  0|  31|           1|          31|
    |ap_enable_pp0             |       xor|   0|  0|   2|           1|           2|
    +--------------------------+----------+----+---+----+------------+------------+
    |Total                     |          |   0|  0| 528|         374|         515|
    +--------------------------+----------+----+---+----+------------+------------+

    * Multiplexer: 
    +----------------------------------------+----+-----------+-----+-----------+
    |                  Name                  | LUT| Input Size| Bits| Total Bits|
    +----------------------------------------+----+-----------+-----+-----------+
    |ap_done_int                             |   9|          2|    1|          2|
    |ap_enable_reg_pp0_iter3                 |   9|          2|    1|          2|
    |ap_sig_allocacmp_ic_2                   |   9|          2|    7|         14|
    |ap_sig_allocacmp_indvar_flatten39_load  |   9|          2|    9|         18|
    |ap_sig_allocacmp_k_load                 |   9|          2|    3|          6|
    |ic_fu_144                               |   9|          2|    7|         14|
    |indvar_flatten39_fu_148                 |   9|          2|    9|         18|
    |k_fu_140                                |   9|          2|    3|          6|
    |lhs_V_8_fu_136                          |   9|          2|   48|         96|
    |lhs_V_fu_132                            |   9|          2|   48|         96|
    |phi_ln818_3_fu_128                      |   9|          2|   16|         32|
    |phi_ln818_4_fu_124                      |   9|          2|   16|         32|
    |win01_V_2_address0                      |  13|          3|    5|         15|
    |win01_V_3_address0                      |  13|          3|    5|         15|
    |win01_V_4_address0                      |  13|          3|    5|         15|
    |win01_V_5_address0                      |  13|          3|    5|         15|
    |win01_V_6_address0                      |  13|          3|    5|         15|
    |win01_V_7_address0                      |  13|          3|    5|         15|
    |win01_V_8_address0                      |  13|          3|    5|         15|
    |win01_V_9_address0                      |  13|          3|    5|         15|
    +----------------------------------------+----+-----------+-----+-----------+
    |Total                                   | 212|         48|  208|        456|
    +----------------------------------------+----+-----------+-----+-----------+

    * Register: 
    +-------------------------------------+----+----+-----+-----------+
    |                 Name                | FF | LUT| Bits| Const Bits|
    +-------------------------------------+----+----+-----+-----------+
    |ap_CS_fsm                            |   1|   0|    1|          0|
    |ap_done_reg                          |   1|   0|    1|          0|
    |ap_enable_reg_pp0_iter1              |   1|   0|    1|          0|
    |ap_enable_reg_pp0_iter2              |   1|   0|    1|          0|
    |ap_enable_reg_pp0_iter3              |   1|   0|    1|          0|
    |ap_enable_reg_pp0_iter4              |   1|   0|    1|          0|
    |ap_loop_exit_ready_pp0_iter1_reg     |   1|   0|    1|          0|
    |ap_loop_exit_ready_pp0_iter2_reg     |   1|   0|    1|          0|
    |ap_loop_exit_ready_pp0_iter3_reg     |   1|   0|    1|          0|
    |clf_w_L2_W_V_load_1_reg_1188         |   3|   0|    3|          0|
    |clf_w_L2_W_V_load_reg_1183           |   3|   0|    3|          0|
    |empty_63_reg_1079                    |   1|   0|    1|          0|
    |empty_63_reg_1079_pp0_iter1_reg      |   1|   0|    1|          0|
    |empty_reg_1039                       |   1|   0|    1|          0|
    |empty_reg_1039_pp0_iter1_reg         |   1|   0|    1|          0|
    |ic_fu_144                            |   7|   0|    7|          0|
    |icmp_ln180_reg_1048                  |   1|   0|    1|          0|
    |icmp_ln182_reg_1052                  |   1|   0|    1|          0|
    |icmp_ln182_reg_1052_pp0_iter1_reg    |   1|   0|    1|          0|
    |indvar_flatten39_fu_148              |   9|   0|    9|          0|
    |k_fu_140                             |   3|   0|    3|          0|
    |lhs_V_8_fu_136                       |  48|   0|   48|          0|
    |lhs_V_fu_132                         |  48|   0|   48|          0|
    |p_mid1_reg_1074                      |   5|   0|    5|          0|
    |phi_ln818_3_fu_128                   |  16|   0|   16|          0|
    |phi_ln818_4_fu_124                   |  16|   0|   16|          0|
    |r_V_8_reg_1203                       |  62|   0|   62|          0|
    |r_V_reg_1193                         |  62|   0|   62|          0|
    |select_ln180_1_reg_1067              |   7|   0|    7|          0|
    |select_ln180_reg_1061                |   3|   0|    3|          0|
    |select_ln180_reg_1061_pp0_iter1_reg  |   3|   0|    3|          0|
    |tmp_16_reg_1178                      |  31|   0|   31|          0|
    |tmp_s_reg_1034                       |   5|   0|    5|          0|
    |trunc_ln182_1_reg_1198               |  56|   0|   56|          0|
    |trunc_ln182_3_reg_1208               |  56|   0|   56|          0|
    |zext_ln837_9_cast_reg_1029           |  13|   0|   14|          1|
    |icmp_ln180_reg_1048                  |  64|  32|    1|          0|
    +-------------------------------------+----+----+-----+-----------+
    |Total                                | 536|  32|  474|          1|
    +-------------------------------------+----+----+-----+-----------+



================================================================
== Interface
================================================================
* Summary: 
+------------------------+-----+-----+------------+------------------------------------+--------------+
|        RTL Ports       | Dir | Bits|  Protocol  |            Source Object           |    C Type    |
+------------------------+-----+-----+------------+------------------------------------+--------------+
|ap_clk                  |   in|    1|  ap_ctrl_hs|  ecg_classifier_Pipeline_L2_IC_L2_K|  return value|
|ap_rst                  |   in|    1|  ap_ctrl_hs|  ecg_classifier_Pipeline_L2_IC_L2_K|  return value|
|ap_start                |   in|    1|  ap_ctrl_hs|  ecg_classifier_Pipeline_L2_IC_L2_K|  return value|
|ap_done                 |  out|    1|  ap_ctrl_hs|  ecg_classifier_Pipeline_L2_IC_L2_K|  return value|
|ap_idle                 |  out|    1|  ap_ctrl_hs|  ecg_classifier_Pipeline_L2_IC_L2_K|  return value|
|ap_ready                |  out|    1|  ap_ctrl_hs|  ecg_classifier_Pipeline_L2_IC_L2_K|  return value|
|sext_ln178              |   in|   26|     ap_none|                          sext_ln178|        scalar|
|sext_ln177              |   in|   26|     ap_none|                          sext_ln177|        scalar|
|win01_V_2_address0      |  out|    5|   ap_memory|                           win01_V_2|         array|
|win01_V_2_ce0           |  out|    1|   ap_memory|                           win01_V_2|         array|
|win01_V_2_q0            |   in|   31|   ap_memory|                           win01_V_2|         array|
|win01_V_3_address0      |  out|    5|   ap_memory|                           win01_V_3|         array|
|win01_V_3_ce0           |  out|    1|   ap_memory|                           win01_V_3|         array|
|win01_V_3_q0            |   in|   31|   ap_memory|                           win01_V_3|         array|
|win01_V_4_address0      |  out|    5|   ap_memory|                           win01_V_4|         array|
|win01_V_4_ce0           |  out|    1|   ap_memory|                           win01_V_4|         array|
|win01_V_4_q0            |   in|   31|   ap_memory|                           win01_V_4|         array|
|win01_V_5_address0      |  out|    5|   ap_memory|                           win01_V_5|         array|
|win01_V_5_ce0           |  out|    1|   ap_memory|                           win01_V_5|         array|
|win01_V_5_q0            |   in|   31|   ap_memory|                           win01_V_5|         array|
|win01_V_6_address0      |  out|    5|   ap_memory|                           win01_V_6|         array|
|win01_V_6_ce0           |  out|    1|   ap_memory|                           win01_V_6|         array|
|win01_V_6_q0            |   in|   31|   ap_memory|                           win01_V_6|         array|
|win01_V_7_address0      |  out|    5|   ap_memory|                           win01_V_7|         array|
|win01_V_7_ce0           |  out|    1|   ap_memory|                           win01_V_7|         array|
|win01_V_7_q0            |   in|   31|   ap_memory|                           win01_V_7|         array|
|win01_V_8_address0      |  out|    5|   ap_memory|                           win01_V_8|         array|
|win01_V_8_ce0           |  out|    1|   ap_memory|                           win01_V_8|         array|
|win01_V_8_q0            |   in|   31|   ap_memory|                           win01_V_8|         array|
|win01_V_9_address0      |  out|    5|   ap_memory|                           win01_V_9|         array|
|win01_V_9_ce0           |  out|    1|   ap_memory|                           win01_V_9|         array|
|win01_V_9_q0            |   in|   31|   ap_memory|                           win01_V_9|         array|
|oc_base_1               |   in|    7|     ap_none|                           oc_base_1|        scalar|
|zext_ln837_9            |   in|   13|     ap_none|                        zext_ln837_9|        scalar|
|phi_ln818_3_out         |  out|   16|      ap_vld|                     phi_ln818_3_out|       pointer|
|phi_ln818_3_out_ap_vld  |  out|    1|      ap_vld|                     phi_ln818_3_out|       pointer|
|phi_ln818_4_out         |  out|   16|      ap_vld|                     phi_ln818_4_out|       pointer|
|phi_ln818_4_out_ap_vld  |  out|    1|      ap_vld|                     phi_ln818_4_out|       pointer|
+------------------------+-----+-----+------------+------------------------------------+--------------+

