

================================================================
== Vitis HLS Report for 'ecg_classifier_Pipeline_L4_IC_L4_K'
================================================================
* Date:           Sat Apr  4 10:53:52 2026

* Version:        2022.2 (Build 3670227 on Oct 13 2022)
* Project:        ecg_classifier_ip
* Solution:       solution1 (Vivado IP Flow Target)
* Product family: zynq
* Target device:  xc7z030-sbg485-2


================================================================
== Performance Estimates
================================================================
+ Timing: 
    * Summary: 
    +--------+----------+----------+------------+
    |  Clock |  Target  | Estimated| Uncertainty|
    +--------+----------+----------+------------+
    |ap_clk  |  13.00 ns|  9.273 ns|     3.51 ns|
    +--------+----------+----------+------------+

+ Latency: 
    * Summary: 
    +---------+---------+----------+----------+-----+-----+---------+
    |  Latency (cycles) |  Latency (absolute) |  Interval | Pipeline|
    |   min   |   max   |    min   |    max   | min | max |   Type  |
    +---------+---------+----------+----------+-----+-----+---------+
    |      388|      388|  5.044 us|  5.044 us|  388|  388|       no|
    +---------+---------+----------+----------+-----+-----+---------+

    + Detail: 
        * Instance: 
        N/A

        * Loop: 
        +--------------+---------+---------+----------+-----------+-----------+------+----------+
        |              |  Latency (cycles) | Iteration|  Initiation Interval  | Trip |          |
        |   Loop Name  |   min   |   max   |  Latency |  achieved |   target  | Count| Pipelined|
        +--------------+---------+---------+----------+-----------+-----------+------+----------+
        |- L4_IC_L4_K  |      386|      386|         4|          1|          1|   384|       yes|
        +--------------+---------+---------+----------+-----------+-----------+------+----------+



================================================================
== Utilization Estimates
================================================================
* Summary: 
+-----------------+---------+-----+--------+-------+-----+
|       Name      | BRAM_18K| DSP |   FF   |  LUT  | URAM|
+-----------------+---------+-----+--------+-------+-----+
|DSP              |        -|    -|       -|      -|    -|
|Expression       |        -|    -|       0|    486|    -|
|FIFO             |        -|    -|       -|      -|    -|
|Instance         |        -|    4|       0|    123|    -|
|Memory           |       16|    -|       0|      0|    -|
|Multiplexer      |        -|    -|       -|    108|    -|
|Register         |        -|    -|     350|      -|    -|
+-----------------+---------+-----+--------+-------+-----+
|Total            |       16|    4|     350|    717|    0|
+-----------------+---------+-----+--------+-------+-----+
|Available        |      530|  400|  157200|  78600|    0|
+-----------------+---------+-----+--------+-------+-----+
|Utilization (%)  |        3|    1|      ~0|     ~0|    0|
+-----------------+---------+-----+--------+-------+-----+

+ Detail: 
    * Instance: 
    +--------------------------+---------------------+---------+----+---+----+-----+
    |         Instance         |        Module       | BRAM_18K| DSP| FF| LUT| URAM|
    +--------------------------+---------------------+---------+----+---+----+-----+
    |mul_22s_39ns_61_1_1_U129  |mul_22s_39ns_61_1_1  |        0|   2|  0|  28|    0|
    |mul_22s_39ns_61_1_1_U130  |mul_22s_39ns_61_1_1  |        0|   2|  0|  28|    0|
    |mux_21_31_1_1_U122        |mux_21_31_1_1        |        0|   0|  0|   9|    0|
    |mux_21_31_1_1_U123        |mux_21_31_1_1        |        0|   0|  0|   9|    0|
    |mux_21_31_1_1_U124        |mux_21_31_1_1        |        0|   0|  0|   9|    0|
    |mux_21_31_1_1_U125        |mux_21_31_1_1        |        0|   0|  0|   9|    0|
    |mux_21_31_1_1_U126        |mux_21_31_1_1        |        0|   0|  0|   9|    0|
    |mux_21_31_1_1_U127        |mux_21_31_1_1        |        0|   0|  0|   9|    0|
    |mux_32_31_1_1_U128        |mux_32_31_1_1        |        0|   0|  0|  13|    0|
    +--------------------------+---------------------+---------+----+---+----+-----+
    |Total                     |                     |        0|   4|  0| 123|    0|
    +--------------------------+---------------------+---------+----+---+----+-----+

    * DSP: 
    N/A

    * Memory: 
    +----------------+-------------------------------------------------------------+---------+---+----+-----+-------+-----+------+-------------+
    |     Memory     |                            Module                           | BRAM_18K| FF| LUT| URAM| Words | Bits| Banks| W*Bits*Banks|
    +----------------+-------------------------------------------------------------+---------+---+----+-----+-------+-----+------+-------------+
    |clf_w_L4_W_V_U  |ecg_classifier_Pipeline_L4_IC_L4_K_clf_w_L4_W_V_ROM_AUTO_1R  |       16|  0|   0|    0|  73728|    2|     1|       147456|
    +----------------+-------------------------------------------------------------+---------+---+----+-----+-------+-----+------+-------------+
    |Total           |                                                             |       16|  0|   0|    0|  73728|    2|     1|       147456|
    +----------------+-------------------------------------------------------------+---------+---+----+-----+-------+-----+------+-------------+

    * FIFO: 
    N/A

    * Expression: 
    +--------------------------+----------+----+---+----+------------+------------+
    |       Variable Name      | Operation| DSP| FF| LUT| Bitwidth P0| Bitwidth P1|
    +--------------------------+----------+----+---+----+------------+------------+
    |add_ln1347_1_fu_775_p2    |         +|   0|  0|  72|          72|          72|
    |add_ln1347_fu_727_p2      |         +|   0|  0|  72|          72|          72|
    |add_ln264_1_fu_382_p2     |         +|   0|  0|   9|           9|           1|
    |add_ln264_fu_391_p2       |         +|   0|  0|   8|           8|           1|
    |add_ln266_1_fu_769_p2     |         +|   0|  0|  64|          64|          64|
    |add_ln266_fu_721_p2       |         +|   0|  0|  64|          64|          64|
    |add_ln268_fu_537_p2       |         +|   0|  0|   3|           2|           1|
    |add_ln837_1_fu_515_p2     |         +|   0|  0|  17|          17|          17|
    |add_ln837_2_fu_526_p2     |         +|   0|  0|  17|          17|          17|
    |add_ln837_fu_461_p2       |         +|   0|  0|  16|          16|          16|
    |sub_ln837_1_fu_483_p2     |         -|   0|  0|  17|          17|          17|
    |sub_ln837_fu_455_p2       |         -|   0|  0|  17|          17|          17|
    |icmp_ln264_fu_376_p2      |      icmp|   0|  0|   4|           9|           9|
    |icmp_ln266_fu_397_p2      |      icmp|   0|  0|   1|           2|           2|
    |select_ln264_1_fu_411_p3  |    select|   0|  0|   8|           1|           8|
    |select_ln264_fu_403_p3    |    select|   0|  0|   2|           1|           1|
    |tmp_7_fu_633_p1           |    select|   0|  0|  31|           1|          31|
    |tmp_7_fu_633_p2           |    select|   0|  0|  31|           1|          31|
    |tmp_7_fu_633_p3           |    select|   0|  0|  31|           1|          31|
    |ap_enable_pp0             |       xor|   0|  0|   2|           1|           2|
    +--------------------------+----------+----+---+----+------------+------------+
    |Total                     |          |   0|  0| 486|         392|         474|
    +--------------------------+----------+----+---+----+------------+------------+

    * Multiplexer: 
    +----------------------------------------+----+-----------+-----+-----------+
    |                  Name                  | LUT| Input Size| Bits| Total Bits|
    +----------------------------------------+----+-----------+-----+-----------+
    |ap_done_int                             |   9|          2|    1|          2|
    |ap_enable_reg_pp0_iter2                 |   9|          2|    1|          2|
    |ap_sig_allocacmp_ic_1                   |   9|          2|    8|         16|
    |ap_sig_allocacmp_indvar_flatten87_load  |   9|          2|    9|         18|
    |ap_sig_allocacmp_k_load                 |   9|          2|    2|          4|
    |ic_fu_130                               |   9|          2|    8|         16|
    |indvar_flatten87_fu_134                 |   9|          2|    9|         18|
    |k_fu_126                                |   9|          2|    2|          4|
    |lhs_V_2_fu_122                          |   9|          2|   48|         96|
    |lhs_V_fu_118                            |   9|          2|   48|         96|
    |phi_ln818_6_fu_114                      |   9|          2|   32|         64|
    |phi_ln818_7_fu_110                      |   9|          2|   32|         64|
    +----------------------------------------+----+-----------+-----+-----------+
    |Total                                   | 108|         24|  200|        400|
    +----------------------------------------+----+-----------+-----+-----------+

    * Register: 
    +----------------------------------+----+----+-----+-----------+
    |               Name               | FF | LUT| Bits| Const Bits|
    +----------------------------------+----+----+-----+-----------+
    |ap_CS_fsm                         |   1|   0|    1|          0|
    |ap_done_reg                       |   1|   0|    1|          0|
    |ap_enable_reg_pp0_iter1           |   1|   0|    1|          0|
    |ap_enable_reg_pp0_iter2           |   1|   0|    1|          0|
    |ap_enable_reg_pp0_iter3           |   1|   0|    1|          0|
    |ap_loop_exit_ready_pp0_iter1_reg  |   1|   0|    1|          0|
    |ap_loop_exit_ready_pp0_iter2_reg  |   1|   0|    1|          0|
    |clf_w_L4_W_V_load_1_reg_978       |   2|   0|    2|          0|
    |clf_w_L4_W_V_load_reg_973         |   2|   0|    2|          0|
    |empty_59_reg_931                  |   1|   0|    1|          0|
    |empty_reg_888                     |   1|   0|    1|          0|
    |ic_fu_130                         |   8|   0|    8|          0|
    |icmp_ln264_reg_915                |   1|   0|    1|          0|
    |icmp_ln264_reg_915_pp0_iter1_reg  |   1|   0|    1|          0|
    |icmp_ln266_reg_919                |   1|   0|    1|          0|
    |indvar_flatten87_fu_134           |   9|   0|    9|          0|
    |k_fu_126                          |   2|   0|    2|          0|
    |lhs_V_2_fu_122                    |  48|   0|   48|          0|
    |lhs_V_fu_118                      |  48|   0|   48|          0|
    |phi_ln818_6_fu_114                |  32|   0|   32|          0|
    |phi_ln818_7_fu_110                |  32|   0|   32|          0|
    |r_V_3_reg_989                     |  61|   0|   61|          0|
    |r_V_reg_983                       |  61|   0|   61|          0|
    |select_ln264_reg_926              |   2|   0|    2|          0|
    |tmp_7_reg_968                     |  31|   0|   31|          0|
    +----------------------------------+----+----+-----+-----------+
    |Total                             | 350|   0|  350|          0|
    +----------------------------------+----+----+-----+-----------+



================================================================
== Interface
================================================================
* Summary: 
+------------------------+-----+-----+------------+------------------------------------+--------------+
|        RTL Ports       | Dir | Bits|  Protocol  |            Source Object           |    C Type    |
+------------------------+-----+-----+------------+------------------------------------+--------------+
|ap_clk                  |   in|    1|  ap_ctrl_hs|  ecg_classifier_Pipeline_L4_IC_L4_K|  return value|
|ap_rst                  |   in|    1|  ap_ctrl_hs|  ecg_classifier_Pipeline_L4_IC_L4_K|  return value|
|ap_start                |   in|    1|  ap_ctrl_hs|  ecg_classifier_Pipeline_L4_IC_L4_K|  return value|
|ap_done                 |  out|    1|  ap_ctrl_hs|  ecg_classifier_Pipeline_L4_IC_L4_K|  return value|
|ap_idle                 |  out|    1|  ap_ctrl_hs|  ecg_classifier_Pipeline_L4_IC_L4_K|  return value|
|ap_ready                |  out|    1|  ap_ctrl_hs|  ecg_classifier_Pipeline_L4_IC_L4_K|  return value|
|sext_ln262              |   in|   26|     ap_none|                          sext_ln262|        scalar|
|sext_ln261              |   in|   26|     ap_none|                          sext_ln261|        scalar|
|win23_V_2_address0      |  out|    6|   ap_memory|                           win23_V_2|         array|
|win23_V_2_ce0           |  out|    1|   ap_memory|                           win23_V_2|         array|
|win23_V_2_q0            |   in|   31|   ap_memory|                           win23_V_2|         array|
|win23_V_2_address1      |  out|    6|   ap_memory|                           win23_V_2|         array|
|win23_V_2_ce1           |  out|    1|   ap_memory|                           win23_V_2|         array|
|win23_V_2_q1            |   in|   31|   ap_memory|                           win23_V_2|         array|
|win23_V_3_address0      |  out|    6|   ap_memory|                           win23_V_3|         array|
|win23_V_3_ce0           |  out|    1|   ap_memory|                           win23_V_3|         array|
|win23_V_3_q0            |   in|   31|   ap_memory|                           win23_V_3|         array|
|win23_V_3_address1      |  out|    6|   ap_memory|                           win23_V_3|         array|
|win23_V_3_ce1           |  out|    1|   ap_memory|                           win23_V_3|         array|
|win23_V_3_q1            |   in|   31|   ap_memory|                           win23_V_3|         array|
|win23_V_4_address0      |  out|    6|   ap_memory|                           win23_V_4|         array|
|win23_V_4_ce0           |  out|    1|   ap_memory|                           win23_V_4|         array|
|win23_V_4_q0            |   in|   31|   ap_memory|                           win23_V_4|         array|
|win23_V_4_address1      |  out|    6|   ap_memory|                           win23_V_4|         array|
|win23_V_4_ce1           |  out|    1|   ap_memory|                           win23_V_4|         array|
|win23_V_4_q1            |   in|   31|   ap_memory|                           win23_V_4|         array|
|win23_V_5_address0      |  out|    6|   ap_memory|                           win23_V_5|         array|
|win23_V_5_ce0           |  out|    1|   ap_memory|                           win23_V_5|         array|
|win23_V_5_q0            |   in|   31|   ap_memory|                           win23_V_5|         array|
|win23_V_5_address1      |  out|    6|   ap_memory|                           win23_V_5|         array|
|win23_V_5_ce1           |  out|    1|   ap_memory|                           win23_V_5|         array|
|win23_V_5_q1            |   in|   31|   ap_memory|                           win23_V_5|         array|
|oc_base_2               |   in|    8|     ap_none|                           oc_base_2|        scalar|
|zext_ln837_14           |   in|   15|     ap_none|                       zext_ln837_14|        scalar|
|phi_ln818_6_out         |  out|   32|      ap_vld|                     phi_ln818_6_out|       pointer|
|phi_ln818_6_out_ap_vld  |  out|    1|      ap_vld|                     phi_ln818_6_out|       pointer|
|phi_ln818_7_out         |  out|   32|      ap_vld|                     phi_ln818_7_out|       pointer|
|phi_ln818_7_out_ap_vld  |  out|    1|      ap_vld|                     phi_ln818_7_out|       pointer|
+------------------------+-----+-----+------------+------------------------------------+--------------+

