

================================================================
== Vitis HLS Report for 'ecg_classifier_Pipeline_ZNORM_MEAN'
================================================================
* Date:           Sat Apr  4 10:53:47 2026

* Version:        2022.2 (Build 3670227 on Oct 13 2022)
* Project:        ecg_classifier_ip
* Solution:       solution1 (Vivado IP Flow Target)
* Product family: zynq
* Target device:  xc7z030-sbg485-2


================================================================
== Performance Estimates
================================================================
+ Timing: 
    * Summary: 
    +--------+----------+----------+------------+
    |  Clock |  Target  | Estimated| Uncertainty|
    +--------+----------+----------+------------+
    |ap_clk  |  13.00 ns|  6.648 ns|     3.51 ns|
    +--------+----------+----------+------------+

+ Latency: 
    * Summary: 
    +---------+---------+----------+----------+-----+-----+---------+
    |  Latency (cycles) |  Latency (absolute) |  Interval | Pipeline|
    |   min   |   max   |    min   |    max   | min | max |   Type  |
    +---------+---------+----------+----------+-----+-----+---------+
    |      189|      189|  2.457 us|  2.457 us|  189|  189|       no|
    +---------+---------+----------+----------+-----+-----+---------+

    + Detail: 
        * Instance: 
        N/A

        * Loop: 
        +--------------+---------+---------+----------+-----------+-----------+------+----------+
        |              |  Latency (cycles) | Iteration|  Initiation Interval  | Trip |          |
        |   Loop Name  |   min   |   max   |  Latency |  achieved |   target  | Count| Pipelined|
        +--------------+---------+---------+----------+-----------+-----------+------+----------+
        |- ZNORM_MEAN  |      187|      187|         2|          1|          1|   187|       yes|
        +--------------+---------+---------+----------+-----------+-----------+------+----------+



================================================================
== Utilization Estimates
================================================================
* Summary: 
+-----------------+---------+-----+--------+-------+-----+
|       Name      | BRAM_18K| DSP |   FF   |  LUT  | URAM|
+-----------------+---------+-----+--------+-------+-----+
|DSP              |        -|    -|       -|      -|    -|
|Expression       |        -|    -|       0|     62|    -|
|FIFO             |        -|    -|       -|      -|    -|
|Instance         |        -|    -|       0|      9|    -|
|Memory           |        -|    -|       -|      -|    -|
|Multiplexer      |        -|    -|       -|     45|    -|
|Register         |        -|    -|      60|      -|    -|
+-----------------+---------+-----+--------+-------+-----+
|Total            |        0|    0|      60|    116|    0|
+-----------------+---------+-----+--------+-------+-----+
|Available        |      530|  400|  157200|  78600|    0|
+-----------------+---------+-----+--------+-------+-----+
|Utilization (%)  |        0|    0|      ~0|     ~0|    0|
+-----------------+---------+-----+--------+-------+-----+

+ Detail: 
    * Instance: 
    +-------------------+---------------+---------+----+---+----+-----+
    |      Instance     |     Module    | BRAM_18K| DSP| FF| LUT| URAM|
    +-------------------+---------------+---------+----+---+----+-----+
    |mux_21_32_1_1_U10  |mux_21_32_1_1  |        0|   0|  0|   9|    0|
    +-------------------+---------------+---------+----+---+----+-----+
    |Total              |               |        0|   0|  0|   9|    0|
    +-------------------+---------------+---------+----+---+----+-----+

    * DSP: 
    N/A

    * Memory: 
    N/A

    * FIFO: 
    N/A

    * Expression: 
    +------------------------+----------+----+---+----+------------+------------+
    |      Variable Name     | Operation| DSP| FF| LUT| Bitwidth P0| Bitwidth P1|
    +------------------------+----------+----+---+----+------------+------------+
    |add_ln54_fu_110_p2      |         +|   0|  0|   8|           8|           1|
    |mean_acc_V_1_fu_165_p2  |         +|   0|  0|  48|          48|          48|
    |icmp_ln54_fu_104_p2     |      icmp|   0|  0|   4|           8|           8|
    |ap_enable_pp0           |       xor|   0|  0|   2|           1|           2|
    +------------------------+----------+----+---+----+------------+------------+
    |Total                   |          |   0|  0|  62|          65|          59|
    +------------------------+----------+----+---+----+------------+------------+

    * Multiplexer: 
    +-------------------------+----+-----------+-----+-----------+
    |           Name          | LUT| Input Size| Bits| Total Bits|
    +-------------------------+----+-----------+-----+-----------+
    |ap_done_int              |   9|          2|    1|          2|
    |ap_enable_reg_pp0_iter1  |   9|          2|    1|          2|
    |ap_sig_allocacmp_t       |   9|          2|    8|         16|
    |mean_acc_V_fu_50         |   9|          2|   48|         96|
    |t_1_fu_54                |   9|          2|    8|         16|
    +-------------------------+----+-----------+-----+-----------+
    |Total                    |  45|         10|   66|        132|
    +-------------------------+----+-----------+-----+-----------+

    * Register: 
    +-------------------------+----+----+-----+-----------+
    |           Name          | FF | LUT| Bits| Const Bits|
    +-------------------------+----+----+-----+-----------+
    |ap_CS_fsm                |   1|   0|    1|          0|
    |ap_done_reg              |   1|   0|    1|          0|
    |ap_enable_reg_pp0_iter1  |   1|   0|    1|          0|
    |mean_acc_V_fu_50         |  48|   0|   48|          0|
    |t_1_fu_54                |   8|   0|    8|          0|
    |trunc_ln837_reg_208      |   1|   0|    1|          0|
    +-------------------------+----+----+-----+-----------+
    |Total                    |  60|   0|   60|          0|
    +-------------------------+----+----+-----+-----------+



================================================================
== Interface
================================================================
* Summary: 
+------------------------+-----+-----+------------+------------------------------------+--------------+
|        RTL Ports       | Dir | Bits|  Protocol  |            Source Object           |    C Type    |
+------------------------+-----+-----+------------+------------------------------------+--------------+
|ap_clk                  |   in|    1|  ap_ctrl_hs|  ecg_classifier_Pipeline_ZNORM_MEAN|  return value|
|ap_rst                  |   in|    1|  ap_ctrl_hs|  ecg_classifier_Pipeline_ZNORM_MEAN|  return value|
|ap_start                |   in|    1|  ap_ctrl_hs|  ecg_classifier_Pipeline_ZNORM_MEAN|  return value|
|ap_done                 |  out|    1|  ap_ctrl_hs|  ecg_classifier_Pipeline_ZNORM_MEAN|  return value|
|ap_idle                 |  out|    1|  ap_ctrl_hs|  ecg_classifier_Pipeline_ZNORM_MEAN|  return value|
|ap_ready                |  out|    1|  ap_ctrl_hs|  ecg_classifier_Pipeline_ZNORM_MEAN|  return value|
|input_buf_V_address0    |  out|    7|   ap_memory|                         input_buf_V|         array|
|input_buf_V_ce0         |  out|    1|   ap_memory|                         input_buf_V|         array|
|input_buf_V_q0          |   in|   32|   ap_memory|                         input_buf_V|         array|
|input_buf_V_1_address0  |  out|    7|   ap_memory|                       input_buf_V_1|         array|
|input_buf_V_1_ce0       |  out|    1|   ap_memory|                       input_buf_V_1|         array|
|input_buf_V_1_q0        |   in|   32|   ap_memory|                       input_buf_V_1|         array|
|mean_acc_V_out          |  out|   48|      ap_vld|                      mean_acc_V_out|       pointer|
|mean_acc_V_out_ap_vld   |  out|    1|      ap_vld|                      mean_acc_V_out|       pointer|
+------------------------+-----+-----+------------+------------------------------------+--------------+

