

================================================================
== Vitis HLS Report for 'ecg_classifier_Pipeline_D0_IC'
================================================================
* Date:           Sat Apr  4 10:53:54 2026

* Version:        2022.2 (Build 3670227 on Oct 13 2022)
* Project:        ecg_classifier_ip
* Solution:       solution1 (Vivado IP Flow Target)
* Product family: zynq
* Target device:  xc7z030-sbg485-2


================================================================
== Performance Estimates
================================================================
+ Timing: 
    * Summary: 
    +--------+----------+----------+------------+
    |  Clock |  Target  | Estimated| Uncertainty|
    +--------+----------+----------+------------+
    |ap_clk  |  13.00 ns|  7.360 ns|     3.51 ns|
    +--------+----------+----------+------------+

+ Latency: 
    * Summary: 
    +---------+---------+----------+----------+-----+-----+---------+
    |  Latency (cycles) |  Latency (absolute) |  Interval | Pipeline|
    |   min   |   max   |    min   |    max   | min | max |   Type  |
    +---------+---------+----------+----------+-----+-----+---------+
    |      196|      196|  2.548 us|  2.548 us|  196|  196|       no|
    +---------+---------+----------+----------+-----+-----+---------+

    + Detail: 
        * Instance: 
        N/A

        * Loop: 
        +----------+---------+---------+----------+-----------+-----------+------+----------+
        |          |  Latency (cycles) | Iteration|  Initiation Interval  | Trip |          |
        | Loop Name|   min   |   max   |  Latency |  achieved |   target  | Count| Pipelined|
        +----------+---------+---------+----------+-----------+-----------+------+----------+
        |- D0_IC   |      194|      194|         4|          1|          1|   192|       yes|
        +----------+---------+---------+----------+-----------+-----------+------+----------+



================================================================
== Utilization Estimates
================================================================
* Summary: 
+-----------------+---------+-----+--------+-------+-----+
|       Name      | BRAM_18K| DSP |   FF   |  LUT  | URAM|
+-----------------+---------+-----+--------+-------+-----+
|DSP              |        -|    -|       -|      -|    -|
|Expression       |        -|    -|       0|    165|    -|
|FIFO             |        -|    -|       -|      -|    -|
|Instance         |        -|    2|       0|     38|    -|
|Memory           |        8|    -|       0|      0|    -|
|Multiplexer      |        -|    -|       -|     54|    -|
|Register         |        -|    -|     197|      -|    -|
+-----------------+---------+-----+--------+-------+-----+
|Total            |        8|    2|     197|    257|    0|
+-----------------+---------+-----+--------+-------+-----+
|Available        |      530|  400|  157200|  78600|    0|
+-----------------+---------+-----+--------+-------+-----+
|Utilization (%)  |        1|   ~0|      ~0|     ~0|    0|
+-----------------+---------+-----+--------+-------+-----+

+ Detail: 
    * Instance: 
    +-------------------------+--------------------+---------+----+---+----+-----+
    |         Instance        |       Module       | BRAM_18K| DSP| FF| LUT| URAM|
    +-------------------------+--------------------+---------+----+---+----+-----+
    |mul_24s_40s_63_1_1_U150  |mul_24s_40s_63_1_1  |        0|   2|  0|  29|    0|
    |mux_21_32_1_1_U149       |mux_21_32_1_1       |        0|   0|  0|   9|    0|
    +-------------------------+--------------------+---------+----+---+----+-----+
    |Total                    |                    |        0|   2|  0|  38|    0|
    +-------------------------+--------------------+---------+----+---+----+-----+

    * DSP: 
    N/A

    * Memory: 
    +----------------+--------------------------------------------------------+---------+---+----+-----+-------+-----+------+-------------+
    |     Memory     |                         Module                         | BRAM_18K| FF| LUT| URAM| Words | Bits| Banks| W*Bits*Banks|
    +----------------+--------------------------------------------------------+---------+---+----+-----+-------+-----+------+-------------+
    |clf_w_L5_W_V_U  |ecg_classifier_Pipeline_D0_IC_clf_w_L5_W_V_ROM_AUTO_1R  |        8|  0|   0|    0|  24576|    4|     1|        98304|
    +----------------+--------------------------------------------------------+---------+---+----+-----+-------+-----+------+-------------+
    |Total           |                                                        |        8|  0|   0|    0|  24576|    4|     1|        98304|
    +----------------+--------------------------------------------------------+---------+---+----+-----+-------+-----+------+-------------+

    * FIFO: 
    N/A

    * Expression: 
    +------------------------+----------+----+---+----+------------+------------+
    |      Variable Name     | Operation| DSP| FF| LUT| Bitwidth P0| Bitwidth P1|
    +------------------------+----------+----+---+----+------------+------------+
    |add_ln1347_3_fu_296_p2  |         +|   0|  0|  64|          64|          64|
    |add_ln291_fu_178_p2     |         +|   0|  0|   8|           8|           1|
    |add_ln837_fu_188_p2     |         +|   0|  0|  15|          15|          15|
    |ret_V_fu_290_p2         |         +|   0|  0|  72|          72|          72|
    |icmp_ln291_fu_172_p2    |      icmp|   0|  0|   4|           8|           8|
    |ap_enable_pp0           |       xor|   0|  0|   2|           1|           2|
    +------------------------+----------+----+---+----+------------+------------+
    |Total                   |          |   0|  0| 165|         168|         162|
    +------------------------+----------+----+---+----+------------+------------+

    * Multiplexer: 
    +-------------------------+----+-----------+-----+-----------+
    |           Name          | LUT| Input Size| Bits| Total Bits|
    +-------------------------+----+-----------+-----+-----------+
    |ap_done_int              |   9|          2|    1|          2|
    |ap_enable_reg_pp0_iter1  |   9|          2|    1|          2|
    |ap_sig_allocacmp_ic      |   9|          2|    8|         16|
    |ic_3_fu_88               |   9|          2|    8|         16|
    |lhs_V_fu_84              |   9|          2|   48|         96|
    |x_V_8_fu_80              |   9|          2|   32|         64|
    +-------------------------+----+-----------+-----+-----------+
    |Total                    |  54|         12|   98|        196|
    +-------------------------+----+-----------+-----+-----------+

    * Register: 
    +----------------------------------+----+----+-----+-----------+
    |               Name               | FF | LUT| Bits| Const Bits|
    +----------------------------------+----+----+-----+-----------+
    |ap_CS_fsm                         |   1|   0|    1|          0|
    |ap_done_reg                       |   1|   0|    1|          0|
    |ap_enable_reg_pp0_iter1           |   1|   0|    1|          0|
    |ap_enable_reg_pp0_iter2           |   1|   0|    1|          0|
    |ap_enable_reg_pp0_iter3           |   1|   0|    1|          0|
    |ap_loop_exit_ready_pp0_iter1_reg  |   1|   0|    1|          0|
    |ap_loop_exit_ready_pp0_iter2_reg  |   1|   0|    1|          0|
    |clf_w_L5_W_V_load_reg_386         |   4|   0|    4|          0|
    |ic_3_fu_88                        |   8|   0|    8|          0|
    |icmp_ln291_reg_357                |   1|   0|    1|          0|
    |icmp_ln291_reg_357_pp0_iter1_reg  |   1|   0|    1|          0|
    |lhs_V_fu_84                       |  48|   0|   48|          0|
    |r_V_13_reg_391                    |  63|   0|   63|          0|
    |tmp_8_reg_381                     |  32|   0|   32|          0|
    |trunc_ln837_reg_376               |   1|   0|    1|          0|
    |x_V_8_fu_80                       |  32|   0|   32|          0|
    +----------------------------------+----+----+-----+-----------+
    |Total                             | 197|   0|  197|          0|
    +----------------------------------+----+----+-----+-----------+



================================================================
== Interface
================================================================
* Summary: 
+----------------------+-----+-----+------------+-------------------------------+--------------+
|       RTL Ports      | Dir | Bits|  Protocol  |         Source Object         |    C Type    |
+----------------------+-----+-----+------------+-------------------------------+--------------+
|ap_clk                |   in|    1|  ap_ctrl_hs|  ecg_classifier_Pipeline_D0_IC|  return value|
|ap_rst                |   in|    1|  ap_ctrl_hs|  ecg_classifier_Pipeline_D0_IC|  return value|
|ap_start              |   in|    1|  ap_ctrl_hs|  ecg_classifier_Pipeline_D0_IC|  return value|
|ap_done               |  out|    1|  ap_ctrl_hs|  ecg_classifier_Pipeline_D0_IC|  return value|
|ap_idle               |  out|    1|  ap_ctrl_hs|  ecg_classifier_Pipeline_D0_IC|  return value|
|ap_ready              |  out|    1|  ap_ctrl_hs|  ecg_classifier_Pipeline_D0_IC|  return value|
|sext_ln289            |   in|   23|     ap_none|                     sext_ln289|        scalar|
|sub_ln837_2           |   in|   15|     ap_none|                    sub_ln837_2|        scalar|
|gap_buf_V_address0    |  out|    7|   ap_memory|                      gap_buf_V|         array|
|gap_buf_V_ce0         |  out|    1|   ap_memory|                      gap_buf_V|         array|
|gap_buf_V_q0          |   in|   32|   ap_memory|                      gap_buf_V|         array|
|gap_buf_V_1_address0  |  out|    7|   ap_memory|                    gap_buf_V_1|         array|
|gap_buf_V_1_ce0       |  out|    1|   ap_memory|                    gap_buf_V_1|         array|
|gap_buf_V_1_q0        |   in|   32|   ap_memory|                    gap_buf_V_1|         array|
|x_V_8_out             |  out|   32|      ap_vld|                      x_V_8_out|       pointer|
|x_V_8_out_ap_vld      |  out|    1|      ap_vld|                      x_V_8_out|       pointer|
+----------------------+-----+-----+------------+-------------------------------+--------------+

