

================================================================
== Vitis HLS Report for 'ecg_classifier_Pipeline_D1_IC'
================================================================
* Date:           Sat Apr  4 10:53:54 2026

* Version:        2022.2 (Build 3670227 on Oct 13 2022)
* Project:        ecg_classifier_ip
* Solution:       solution1 (Vivado IP Flow Target)
* Product family: zynq
* Target device:  xc7z030-sbg485-2


================================================================
== Performance Estimates
================================================================
+ Timing: 
    * Summary: 
    +--------+----------+----------+------------+
    |  Clock |  Target  | Estimated| Uncertainty|
    +--------+----------+----------+------------+
    |ap_clk  |  13.00 ns|  7.335 ns|     3.51 ns|
    +--------+----------+----------+------------+

+ Latency: 
    * Summary: 
    +---------+---------+----------+----------+-----+-----+---------+
    |  Latency (cycles) |  Latency (absolute) |  Interval | Pipeline|
    |   min   |   max   |    min   |    max   | min | max |   Type  |
    +---------+---------+----------+----------+-----+-----+---------+
    |      132|      132|  1.716 us|  1.716 us|  132|  132|       no|
    +---------+---------+----------+----------+-----+-----+---------+

    + Detail: 
        * Instance: 
        N/A

        * Loop: 
        +----------+---------+---------+----------+-----------+-----------+------+----------+
        |          |  Latency (cycles) | Iteration|  Initiation Interval  | Trip |          |
        | Loop Name|   min   |   max   |  Latency |  achieved |   target  | Count| Pipelined|
        +----------+---------+---------+----------+-----------+-----------+------+----------+
        |- D1_IC   |      130|      130|         4|          1|          1|   128|       yes|
        +----------+---------+---------+----------+-----------+-----------+------+----------+



================================================================
== Utilization Estimates
================================================================
* Summary: 
+-----------------+---------+-----+--------+-------+-----+
|       Name      | BRAM_18K| DSP |   FF   |  LUT  | URAM|
+-----------------+---------+-----+--------+-------+-----+
|DSP              |        -|    -|       -|      -|    -|
|Expression       |        -|    -|       0|     94|    -|
|FIFO             |        -|    -|       -|      -|    -|
|Instance         |        -|    2|       0|     37|    -|
|Memory           |        1|    -|       0|      0|    -|
|Multiplexer      |        -|    -|       -|     45|    -|
|Register         |        -|    -|     164|      -|    -|
+-----------------+---------+-----+--------+-------+-----+
|Total            |        1|    2|     164|    176|    0|
+-----------------+---------+-----+--------+-------+-----+
|Available        |      530|  400|  157200|  78600|    0|
+-----------------+---------+-----+--------+-------+-----+
|Utilization (%)  |       ~0|   ~0|      ~0|     ~0|    0|
+-----------------+---------+-----+--------+-------+-----+

+ Detail: 
    * Instance: 
    +--------------------------+---------------------+---------+----+---+----+-----+
    |         Instance         |        Module       | BRAM_18K| DSP| FF| LUT| URAM|
    +--------------------------+---------------------+---------+----+---+----+-----+
    |mul_24s_39ns_63_1_1_U159  |mul_24s_39ns_63_1_1  |        0|   2|  0|  28|    0|
    |mux_21_31_1_1_U158        |mux_21_31_1_1        |        0|   0|  0|   9|    0|
    +--------------------------+---------------------+---------+----+---+----+-----+
    |Total                     |                     |        0|   2|  0|  37|    0|
    +--------------------------+---------------------+---------+----+---+----+-----+

    * DSP: 
    N/A

    * Memory: 
    +----------------+--------------------------------------------------------+---------+---+----+-----+------+-----+------+-------------+
    |     Memory     |                         Module                         | BRAM_18K| FF| LUT| URAM| Words| Bits| Banks| W*Bits*Banks|
    +----------------+--------------------------------------------------------+---------+---+----+-----+------+-----+------+-------------+
    |clf_w_L6_W_V_U  |ecg_classifier_Pipeline_D1_IC_clf_w_L6_W_V_ROM_AUTO_1R  |        1|  0|   0|    0|   256|    4|     1|         1024|
    +----------------+--------------------------------------------------------+---------+---+----+-----+------+-----+------+-------------+
    |Total           |                                                        |        1|  0|   0|    0|   256|    4|     1|         1024|
    +----------------+--------------------------------------------------------+---------+---+----+-----+------+-----+------+-------------+

    * FIFO: 
    N/A

    * Expression: 
    +----------------------+----------+----+---+----+------------+------------+
    |     Variable Name    | Operation| DSP| FF| LUT| Bitwidth P0| Bitwidth P1|
    +----------------------+----------+----+---+----+------------+------------+
    |add_ln302_fu_161_p2   |         +|   0|  0|   8|           8|           1|
    |add_ln837_fu_167_p2   |         +|   0|  0|   8|           8|           8|
    |ret_V_fu_254_p2       |         +|   0|  0|  72|          72|          72|
    |icmp_ln302_fu_155_p2  |      icmp|   0|  0|   4|           8|           9|
    |ap_enable_pp0         |       xor|   0|  0|   2|           1|           2|
    +----------------------+----------+----+---+----+------------+------------+
    |Total                 |          |   0|  0|  94|          97|          92|
    +----------------------+----------+----+---+----+------------+------------+

    * Multiplexer: 
    +-------------------------+----+-----------+-----+-----------+
    |           Name          | LUT| Input Size| Bits| Total Bits|
    +-------------------------+----+-----------+-----+-----------+
    |ap_done_int              |   9|          2|    1|          2|
    |ap_enable_reg_pp0_iter1  |   9|          2|    1|          2|
    |ap_sig_allocacmp_ic_3    |   9|          2|    8|         16|
    |ic_fu_76                 |   9|          2|    8|         16|
    |lhs_V_fu_72              |   9|          2|   48|         96|
    +-------------------------+----+-----------+-----+-----------+
    |Total                    |  45|         10|   66|        132|
    +-------------------------+----+-----------+-----+-----------+

    * Register: 
    +----------------------------------+----+----+-----+-----------+
    |               Name               | FF | LUT| Bits| Const Bits|
    +----------------------------------+----+----+-----+-----------+
    |ap_CS_fsm                         |   1|   0|    1|          0|
    |ap_done_reg                       |   1|   0|    1|          0|
    |ap_enable_reg_pp0_iter1           |   1|   0|    1|          0|
    |ap_enable_reg_pp0_iter2           |   1|   0|    1|          0|
    |ap_enable_reg_pp0_iter3           |   1|   0|    1|          0|
    |ap_loop_exit_ready_pp0_iter1_reg  |   1|   0|    1|          0|
    |ap_loop_exit_ready_pp0_iter2_reg  |   1|   0|    1|          0|
    |clf_w_L6_W_V_load_reg_323         |   4|   0|    4|          0|
    |ic_fu_76                          |   8|   0|    8|          0|
    |icmp_ln302_reg_294                |   1|   0|    1|          0|
    |icmp_ln302_reg_294_pp0_iter1_reg  |   1|   0|    1|          0|
    |lhs_V_fu_72                       |  48|   0|   48|          0|
    |r_V_reg_328                       |  63|   0|   63|          0|
    |tmp_s_reg_318                     |  31|   0|   31|          0|
    |trunc_ln837_reg_313               |   1|   0|    1|          0|
    +----------------------------------+----+----+-----+-----------+
    |Total                             | 164|   0|  164|          0|
    +----------------------------------+----+----+-----+-----------+



================================================================
== Interface
================================================================
* Summary: 
+-------------------------+-----+-----+------------+-------------------------------+--------------+
|        RTL Ports        | Dir | Bits|  Protocol  |         Source Object         |    C Type    |
+-------------------------+-----+-----+------------+-------------------------------+--------------+
|ap_clk                   |   in|    1|  ap_ctrl_hs|  ecg_classifier_Pipeline_D1_IC|  return value|
|ap_rst                   |   in|    1|  ap_ctrl_hs|  ecg_classifier_Pipeline_D1_IC|  return value|
|ap_start                 |   in|    1|  ap_ctrl_hs|  ecg_classifier_Pipeline_D1_IC|  return value|
|ap_done                  |  out|    1|  ap_ctrl_hs|  ecg_classifier_Pipeline_D1_IC|  return value|
|ap_idle                  |  out|    1|  ap_ctrl_hs|  ecg_classifier_Pipeline_D1_IC|  return value|
|ap_ready                 |  out|    1|  ap_ctrl_hs|  ecg_classifier_Pipeline_D1_IC|  return value|
|sext_ln300               |   in|   21|     ap_none|                     sext_ln300|        scalar|
|zext_ln837_17            |   in|    8|     ap_none|                  zext_ln837_17|        scalar|
|dense0_buf_V_address0    |  out|    6|   ap_memory|                   dense0_buf_V|         array|
|dense0_buf_V_ce0         |  out|    1|   ap_memory|                   dense0_buf_V|         array|
|dense0_buf_V_q0          |   in|   31|   ap_memory|                   dense0_buf_V|         array|
|dense0_buf_V_1_address0  |  out|    6|   ap_memory|                 dense0_buf_V_1|         array|
|dense0_buf_V_1_ce0       |  out|    1|   ap_memory|                 dense0_buf_V_1|         array|
|dense0_buf_V_1_q0        |   in|   31|   ap_memory|                 dense0_buf_V_1|         array|
|acc_V_20_out             |  out|   48|      ap_vld|                   acc_V_20_out|       pointer|
|acc_V_20_out_ap_vld      |  out|    1|      ap_vld|                   acc_V_20_out|       pointer|
+-------------------------+-----+-----+------------+-------------------------------+--------------+

