

================================================================
== Vitis HLS Report for 'ecg_classifier_Pipeline_L0_K_FILL'
================================================================
* Date:           Sat Apr  4 10:53:49 2026

* Version:        2022.2 (Build 3670227 on Oct 13 2022)
* Project:        ecg_classifier_ip
* Solution:       solution1 (Vivado IP Flow Target)
* Product family: zynq
* Target device:  xc7z030-sbg485-2


================================================================
== Performance Estimates
================================================================
+ Timing: 
    * Summary: 
    +--------+----------+----------+------------+
    |  Clock |  Target  | Estimated| Uncertainty|
    +--------+----------+----------+------------+
    |ap_clk  |  13.00 ns|  7.360 ns|     3.51 ns|
    +--------+----------+----------+------------+

+ Latency: 
    * Summary: 
    +---------+---------+----------+----------+-----+-----+---------+
    |  Latency (cycles) |  Latency (absolute) |  Interval | Pipeline|
    |   min   |   max   |    min   |    max   | min | max |   Type  |
    +---------+---------+----------+----------+-----+-----+---------+
    |       11|       11|  0.143 us|  0.143 us|   11|   11|       no|
    +---------+---------+----------+----------+-----+-----+---------+

    + Detail: 
        * Instance: 
        N/A

        * Loop: 
        +-------------+---------+---------+----------+-----------+-----------+------+----------+
        |             |  Latency (cycles) | Iteration|  Initiation Interval  | Trip |          |
        |  Loop Name  |   min   |   max   |  Latency |  achieved |   target  | Count| Pipelined|
        +-------------+---------+---------+----------+-----------+-----------+------+----------+
        |- L0_K_FILL  |        9|        9|         4|          1|          1|     7|       yes|
        +-------------+---------+---------+----------+-----------+-----------+------+----------+



================================================================
== Utilization Estimates
================================================================
* Summary: 
+-----------------+---------+-----+--------+-------+-----+
|       Name      | BRAM_18K| DSP |   FF   |  LUT  | URAM|
+-----------------+---------+-----+--------+-------+-----+
|DSP              |        -|    -|       -|      -|    -|
|Expression       |        -|    -|       0|    211|    -|
|FIFO             |        -|    -|       -|      -|    -|
|Instance         |        -|    4|       0|     38|    -|
|Memory           |        1|    -|       0|      0|    -|
|Multiplexer      |        -|    -|       -|     54|    -|
|Register         |        -|    -|     263|      -|    -|
+-----------------+---------+-----+--------+-------+-----+
|Total            |        1|    4|     263|    303|    0|
+-----------------+---------+-----+--------+-------+-----+
|Available        |      530|  400|  157200|  78600|    0|
+-----------------+---------+-----+--------+-------+-----+
|Utilization (%)  |       ~0|    1|      ~0|     ~0|    0|
+-----------------+---------+-----+--------+-------+-----+

+ Detail: 
    * Instance: 
    +------------------------+--------------------+---------+----+---+----+-----+
    |        Instance        |       Module       | BRAM_18K| DSP| FF| LUT| URAM|
    +------------------------+--------------------+---------+----+---+----+-----+
    |mul_27s_40s_66_1_1_U32  |mul_27s_40s_66_1_1  |        0|   4|  0|  29|    0|
    |mux_21_32_1_1_U31       |mux_21_32_1_1       |        0|   0|  0|   9|    0|
    +------------------------+--------------------+---------+----+---+----+-----+
    |Total                   |                    |        0|   4|  0|  38|    0|
    +------------------------+--------------------+---------+----+---+----+-----+

    * DSP: 
    N/A

    * Memory: 
    +------------+--------------------------------------------------------+---------+---+----+-----+------+-----+------+-------------+
    |   Memory   |                         Module                         | BRAM_18K| FF| LUT| URAM| Words| Bits| Banks| W*Bits*Banks|
    +------------+--------------------------------------------------------+---------+---+----+-----+------+-----+------+-------------+
    |L0_W_V_0_U  |ecg_classifier_Pipeline_L0_K_FILL_L0_W_V_0_ROM_AUTO_1R  |        1|  0|   0|    0|   448|    7|     1|         3136|
    +------------+--------------------------------------------------------+---------+---+----+-----+------+-----+------+-------------+
    |Total       |                                                        |        1|  0|   0|    0|   448|    7|     1|         3136|
    +------------+--------------------------------------------------------+---------+---+----+-----+------+-----+------+-------------+

    * FIFO: 
    N/A

    * Expression: 
    +------------------------+----------+----+---+----+------------+------------+
    |      Variable Name     | Operation| DSP| FF| LUT| Bitwidth P0| Bitwidth P1|
    +------------------------+----------+----+---+----+------------+------------+
    |add_ln130_fu_216_p2     |         +|   0|  0|   4|           3|           1|
    |add_ln132_1_fu_251_p2   |         +|   0|  0|   8|           8|           8|
    |add_ln132_fu_241_p2     |         +|   0|  0|   4|           3|           3|
    |add_ln133_fu_273_p2     |         +|   0|  0|   9|           9|           9|
    |add_ln1347_1_fu_392_p2  |         +|   0|  0|  64|          64|          64|
    |add_ln837_fu_226_p2     |         +|   0|  0|   9|           9|           9|
    |ret_V_fu_386_p2         |         +|   0|  0|  72|          72|          72|
    |icmp_ln130_fu_210_p2    |      icmp|   0|  0|   2|           3|           2|
    |icmp_ln133_fu_279_p2    |      icmp|   0|  0|   4|           9|           8|
    |select_ln133_fu_321_p3  |    select|   0|  0|  32|           1|          32|
    |ap_enable_pp0           |       xor|   0|  0|   2|           1|           2|
    |xor_ln134_fu_301_p2     |       xor|   0|  0|   1|           1|           1|
    +------------------------+----------+----+---+----+------------+------------+
    |Total                   |          |   0|  0| 211|         183|         211|
    +------------------------+----------+----+---+----+------------+------------+

    * Multiplexer: 
    +-------------------------+----+-----------+-----+-----------+
    |           Name          | LUT| Input Size| Bits| Total Bits|
    +-------------------------+----+-----------+-----+-----------+
    |ap_done_int              |   9|          2|    1|          2|
    |ap_enable_reg_pp0_iter1  |   9|          2|    1|          2|
    |ap_sig_allocacmp_k_1     |   9|          2|    3|          6|
    |k_fu_108                 |   9|          2|    3|          6|
    |lhs_V_fu_104             |   9|          2|   48|         96|
    |x_V_1_fu_100             |   9|          2|   32|         64|
    +-------------------------+----+-----------+-----+-----------+
    |Total                    |  54|         12|   88|        176|
    +-------------------------+----+-----------+-----+-----------+

    * Register: 
    +----------------------------------+----+----+-----+-----------+
    |               Name               | FF | LUT| Bits| Const Bits|
    +----------------------------------+----+----+-----+-----------+
    |L0_W_V_0_load_reg_486             |   7|   0|    7|          0|
    |ap_CS_fsm                         |   1|   0|    1|          0|
    |ap_done_reg                       |   1|   0|    1|          0|
    |ap_enable_reg_pp0_iter1           |   1|   0|    1|          0|
    |ap_enable_reg_pp0_iter2           |   1|   0|    1|          0|
    |ap_enable_reg_pp0_iter3           |   1|   0|    1|          0|
    |ap_loop_exit_ready_pp0_iter1_reg  |   1|   0|    1|          0|
    |ap_loop_exit_ready_pp0_iter2_reg  |   1|   0|    1|          0|
    |icmp_ln130_reg_452                |   1|   0|    1|          0|
    |icmp_ln130_reg_452_pp0_iter1_reg  |   1|   0|    1|          0|
    |icmp_ln133_reg_461                |   1|   0|    1|          0|
    |k_fu_108                          |   3|   0|    3|          0|
    |lhs_V_fu_104                      |  48|   0|   48|          0|
    |r_V_reg_491                       |  66|   0|   66|          0|
    |select_ln133_reg_481              |  32|   0|   32|          0|
    |trunc_ln1347_reg_496              |  64|   0|   64|          0|
    |x_V_1_fu_100                      |  32|   0|   32|          0|
    |xor_ln134_reg_476                 |   1|   0|    1|          0|
    +----------------------------------+----+----+-----+-----------+
    |Total                             | 263|   0|  263|          0|
    +----------------------------------+----+----+-----+-----------+



================================================================
== Interface
================================================================
* Summary: 
+-----------------------+-----+-----+------------+-----------------------------------+--------------+
|       RTL Ports       | Dir | Bits|  Protocol  |           Source Object           |    C Type    |
+-----------------------+-----+-----+------------+-----------------------------------+--------------+
|ap_clk                 |   in|    1|  ap_ctrl_hs|  ecg_classifier_Pipeline_L0_K_FILL|  return value|
|ap_rst                 |   in|    1|  ap_ctrl_hs|  ecg_classifier_Pipeline_L0_K_FILL|  return value|
|ap_start               |   in|    1|  ap_ctrl_hs|  ecg_classifier_Pipeline_L0_K_FILL|  return value|
|ap_done                |  out|    1|  ap_ctrl_hs|  ecg_classifier_Pipeline_L0_K_FILL|  return value|
|ap_idle                |  out|    1|  ap_ctrl_hs|  ecg_classifier_Pipeline_L0_K_FILL|  return value|
|ap_ready               |  out|    1|  ap_ctrl_hs|  ecg_classifier_Pipeline_L0_K_FILL|  return value|
|sext_ln128             |   in|   27|     ap_none|                         sext_ln128|        scalar|
|sub_ln837              |   in|    9|     ap_none|                          sub_ln837|        scalar|
|add_ln113_1            |   in|    8|     ap_none|                        add_ln113_1|        scalar|
|t_5                    |   in|    7|     ap_none|                                t_5|        scalar|
|trunc_ln114_mid2       |   in|    1|     ap_none|                   trunc_ln114_mid2|        scalar|
|norm_buf_V_address0    |  out|    7|   ap_memory|                         norm_buf_V|         array|
|norm_buf_V_ce0         |  out|    1|   ap_memory|                         norm_buf_V|         array|
|norm_buf_V_q0          |   in|   32|   ap_memory|                         norm_buf_V|         array|
|norm_buf_V_1_address0  |  out|    7|   ap_memory|                       norm_buf_V_1|         array|
|norm_buf_V_1_ce0       |  out|    1|   ap_memory|                       norm_buf_V_1|         array|
|norm_buf_V_1_q0        |   in|   32|   ap_memory|                       norm_buf_V_1|         array|
|x_V_1_out              |  out|   32|      ap_vld|                          x_V_1_out|       pointer|
|x_V_1_out_ap_vld       |  out|    1|      ap_vld|                          x_V_1_out|       pointer|
+-----------------------+-----+-----+------------+-----------------------------------+--------------+

