

================================================================
== Vitis HLS Report for 'ecg_classifier_Pipeline_L3_IC_L3_K'
================================================================
* Date:           Sat Apr  4 10:53:51 2026

* Version:        2022.2 (Build 3670227 on Oct 13 2022)
* Project:        ecg_classifier_ip
* Solution:       solution1 (Vivado IP Flow Target)
* Product family: zynq
* Target device:  xc7z030-sbg485-2


================================================================
== Performance Estimates
================================================================
+ Timing: 
    * Summary: 
    +--------+----------+----------+------------+
    |  Clock |  Target  | Estimated| Uncertainty|
    +--------+----------+----------+------------+
    |ap_clk  |  13.00 ns|  9.264 ns|     3.51 ns|
    +--------+----------+----------+------------+

+ Latency: 
    * Summary: 
    +---------+---------+----------+----------+-----+-----+---------+
    |  Latency (cycles) |  Latency (absolute) |  Interval | Pipeline|
    |   min   |   max   |    min   |    max   | min | max |   Type  |
    +---------+---------+----------+----------+-----+-----+---------+
    |      678|      678|  8.814 us|  8.814 us|  678|  678|       no|
    +---------+---------+----------+----------+-----+-----+---------+

    + Detail: 
        * Instance: 
        N/A

        * Loop: 
        +--------------+---------+---------+----------+-----------+-----------+------+----------+
        |              |  Latency (cycles) | Iteration|  Initiation Interval  | Trip |          |
        |   Loop Name  |   min   |   max   |  Latency |  achieved |   target  | Count| Pipelined|
        +--------------+---------+---------+----------+-----------+-----------+------+----------+
        |- L3_IC_L3_K  |      676|      676|        38|          1|          1|   640|       yes|
        +--------------+---------+---------+----------+-----------+-----------+------+----------+



================================================================
== Utilization Estimates
================================================================
* Summary: 
+-----------------+---------+-----+--------+-------+-----+
|       Name      | BRAM_18K| DSP |   FF   |  LUT  | URAM|
+-----------------+---------+-----+--------+-------+-----+
|DSP              |        -|    -|       -|      -|    -|
|Expression       |        -|    -|       0|    446|    -|
|FIFO             |        -|    -|       -|      -|    -|
|Instance         |        -|    4|    2283|   1852|    -|
|Memory           |       16|    -|       0|      0|    -|
|Multiplexer      |        -|    -|       -|     99|    -|
|Register         |        -|    -|     658|    128|    -|
+-----------------+---------+-----+--------+-------+-----+
|Total            |       16|    4|    2941|   2525|    0|
+-----------------+---------+-----+--------+-------+-----+
|Available        |      530|  400|  157200|  78600|    0|
+-----------------+---------+-----+--------+-------+-----+
|Utilization (%)  |        3|    1|       1|      3|    0|
+-----------------+---------+-----+--------+-------+-----+

+ Detail: 
    * Instance: 
    +-------------------------+---------------------+---------+----+------+------+-----+
    |         Instance        |        Module       | BRAM_18K| DSP|  FF  |  LUT | URAM|
    +-------------------------+---------------------+---------+----+------+------+-----+
    |mul_22s_31ns_53_1_1_U98  |mul_22s_31ns_53_1_1  |        0|   2|     0|    24|    0|
    |mul_22s_31ns_53_1_1_U99  |mul_22s_31ns_53_1_1  |        0|   2|     0|    24|    0|
    |mux_21_15_1_1_U92        |mux_21_15_1_1        |        0|   0|     0|     9|    0|
    |mux_21_15_1_1_U93        |mux_21_15_1_1        |        0|   0|     0|     9|    0|
    |mux_21_15_1_1_U94        |mux_21_15_1_1        |        0|   0|     0|     9|    0|
    |mux_21_15_1_1_U95        |mux_21_15_1_1        |        0|   0|     0|     9|    0|
    |mux_21_15_1_1_U96        |mux_21_15_1_1        |        0|   0|     0|     9|    0|
    |mux_53_15_1_1_U97        |mux_53_15_1_1        |        0|   0|     0|    21|    0|
    |urem_32s_4ns_3_36_1_U91  |urem_32s_4ns_3_36_1  |        0|   0|  2283|  1738|    0|
    +-------------------------+---------------------+---------+----+------+------+-----+
    |Total                    |                     |        0|   4|  2283|  1852|    0|
    +-------------------------+---------------------+---------+----+------+------+-----+

    * DSP: 
    N/A

    * Memory: 
    +----------------+-------------------------------------------------------------+---------+---+----+-----+-------+-----+------+-------------+
    |     Memory     |                            Module                           | BRAM_18K| FF| LUT| URAM| Words | Bits| Banks| W*Bits*Banks|
    +----------------+-------------------------------------------------------------+---------+---+----+-----+-------+-----+------+-------------+
    |clf_w_L3_W_V_U  |ecg_classifier_Pipeline_L3_IC_L3_K_clf_w_L3_W_V_ROM_AUTO_1R  |       16|  0|   0|    0|  81920|    2|     1|       163840|
    +----------------+-------------------------------------------------------------+---------+---+----+-----+-------+-----+------+-------------+
    |Total           |                                                             |       16|  0|   0|    0|  81920|    2|     1|       163840|
    +----------------+-------------------------------------------------------------+---------+---+----+-----+-------+-----+------+-------------+

    * FIFO: 
    N/A

    * Expression: 
    +--------------------------+----------+----+---+----+------------+------------+
    |       Variable Name      | Operation| DSP| FF| LUT| Bitwidth P0| Bitwidth P1|
    +--------------------------+----------+----+---+----+------------+------------+
    |add_ln1347_2_fu_872_p2    |         +|   0|  0|  72|          72|          72|
    |add_ln1347_fu_824_p2      |         +|   0|  0|  72|          72|          72|
    |add_ln228_1_fu_419_p2     |         +|   0|  0|  10|          10|           1|
    |add_ln228_fu_505_p2       |         +|   0|  0|   8|           8|           1|
    |add_ln230_1_fu_818_p2     |         +|   0|  0|  64|          64|          64|
    |add_ln230_2_fu_866_p2     |         +|   0|  0|  64|          64|          64|
    |add_ln230_fu_486_p2       |         +|   0|  0|   4|           3|           1|
    |add_ln233_fu_446_p2       |         +|   0|  0|   8|           8|           8|
    |add_ln837_3_fu_563_p2     |         +|   0|  0|  15|          15|          15|
    |add_ln837_4_fu_580_p2     |         +|   0|  0|  17|          17|          17|
    |add_ln837_5_fu_634_p2     |         +|   0|  0|  17|          17|          17|
    |add_ln837_6_fu_645_p2     |         +|   0|  0|  17|          17|          17|
    |add_ln837_fu_557_p2       |         +|   0|  0|  17|          17|          17|
    |icmp_ln228_fu_413_p2      |      icmp|   0|  0|   5|          10|          10|
    |icmp_ln230_fu_428_p2      |      icmp|   0|  0|   2|           3|           3|
    |icmp_ln233_fu_452_p2      |      icmp|   0|  0|   4|           8|           7|
    |select_ln228_1_fu_511_p3  |    select|   0|  0|   8|           1|           8|
    |select_ln228_2_fu_610_p3  |    select|   0|  0|   6|           1|           6|
    |select_ln228_fu_434_p3    |    select|   0|  0|   3|           1|           1|
    |select_ln233_fu_733_p3    |    select|   0|  0|  23|           1|          23|
    |ap_enable_pp0             |       xor|   0|  0|   2|           1|           2|
    |p_smodpre5_fu_470_p2      |       xor|   0|  0|   8|           8|           8|
    +--------------------------+----------+----+---+----+------------+------------+
    |Total                     |          |   0|  0| 446|         418|         434|
    +--------------------------+----------+----+---+----+------------+------------+

    * Multiplexer: 
    +----------------------------------------+----+-----------+-----+-----------+
    |                  Name                  | LUT| Input Size| Bits| Total Bits|
    +----------------------------------------+----+-----------+-----+-----------+
    |ap_done_int                             |   9|          2|    1|          2|
    |ap_enable_reg_pp0_iter1                 |   9|          2|    1|          2|
    |ap_sig_allocacmp_indvar_flatten65_load  |   9|          2|   10|         20|
    |ap_sig_allocacmp_k_load                 |   9|          2|    3|          6|
    |ic_1_fu_156                             |   9|          2|    8|         16|
    |indvar_flatten65_fu_160                 |   9|          2|   10|         20|
    |k_fu_152                                |   9|          2|    3|          6|
    |lhs_V_5_fu_148                          |   9|          2|   48|         96|
    |lhs_V_fu_144                            |   9|          2|   48|         96|
    |phi_ln818_1_fu_140                      |   9|          2|   32|         64|
    |phi_ln818_2_fu_136                      |   9|          2|   32|         64|
    +----------------------------------------+----+-----------+-----+-----------+
    |Total                                   |  99|         22|  196|        392|
    +----------------------------------------+----+-----------+-----+-----------+

    * Register: 
    +-----------------------------------+----+----+-----+-----------+
    |                Name               | FF | LUT| Bits| Const Bits|
    +-----------------------------------+----+----+-----+-----------+
    |ap_CS_fsm                          |   1|   0|    1|          0|
    |ap_done_reg                        |   1|   0|    1|          0|
    |ap_enable_reg_pp0_iter1            |   1|   0|    1|          0|
    |ap_enable_reg_pp0_iter10           |   1|   0|    1|          0|
    |ap_enable_reg_pp0_iter11           |   1|   0|    1|          0|
    |ap_enable_reg_pp0_iter12           |   1|   0|    1|          0|
    |ap_enable_reg_pp0_iter13           |   1|   0|    1|          0|
    |ap_enable_reg_pp0_iter14           |   1|   0|    1|          0|
    |ap_enable_reg_pp0_iter15           |   1|   0|    1|          0|
    |ap_enable_reg_pp0_iter16           |   1|   0|    1|          0|
    |ap_enable_reg_pp0_iter17           |   1|   0|    1|          0|
    |ap_enable_reg_pp0_iter18           |   1|   0|    1|          0|
    |ap_enable_reg_pp0_iter19           |   1|   0|    1|          0|
    |ap_enable_reg_pp0_iter2            |   1|   0|    1|          0|
    |ap_enable_reg_pp0_iter20           |   1|   0|    1|          0|
    |ap_enable_reg_pp0_iter21           |   1|   0|    1|          0|
    |ap_enable_reg_pp0_iter22           |   1|   0|    1|          0|
    |ap_enable_reg_pp0_iter23           |   1|   0|    1|          0|
    |ap_enable_reg_pp0_iter24           |   1|   0|    1|          0|
    |ap_enable_reg_pp0_iter25           |   1|   0|    1|          0|
    |ap_enable_reg_pp0_iter26           |   1|   0|    1|          0|
    |ap_enable_reg_pp0_iter27           |   1|   0|    1|          0|
    |ap_enable_reg_pp0_iter28           |   1|   0|    1|          0|
    |ap_enable_reg_pp0_iter29           |   1|   0|    1|          0|
    |ap_enable_reg_pp0_iter3            |   1|   0|    1|          0|
    |ap_enable_reg_pp0_iter30           |   1|   0|    1|          0|
    |ap_enable_reg_pp0_iter31           |   1|   0|    1|          0|
    |ap_enable_reg_pp0_iter32           |   1|   0|    1|          0|
    |ap_enable_reg_pp0_iter33           |   1|   0|    1|          0|
    |ap_enable_reg_pp0_iter34           |   1|   0|    1|          0|
    |ap_enable_reg_pp0_iter35           |   1|   0|    1|          0|
    |ap_enable_reg_pp0_iter36           |   1|   0|    1|          0|
    |ap_enable_reg_pp0_iter37           |   1|   0|    1|          0|
    |ap_enable_reg_pp0_iter4            |   1|   0|    1|          0|
    |ap_enable_reg_pp0_iter5            |   1|   0|    1|          0|
    |ap_enable_reg_pp0_iter6            |   1|   0|    1|          0|
    |ap_enable_reg_pp0_iter7            |   1|   0|    1|          0|
    |ap_enable_reg_pp0_iter8            |   1|   0|    1|          0|
    |ap_enable_reg_pp0_iter9            |   1|   0|    1|          0|
    |ap_loop_exit_ready_pp0_iter10_reg  |   1|   0|    1|          0|
    |ap_loop_exit_ready_pp0_iter11_reg  |   1|   0|    1|          0|
    |ap_loop_exit_ready_pp0_iter12_reg  |   1|   0|    1|          0|
    |ap_loop_exit_ready_pp0_iter13_reg  |   1|   0|    1|          0|
    |ap_loop_exit_ready_pp0_iter14_reg  |   1|   0|    1|          0|
    |ap_loop_exit_ready_pp0_iter15_reg  |   1|   0|    1|          0|
    |ap_loop_exit_ready_pp0_iter16_reg  |   1|   0|    1|          0|
    |ap_loop_exit_ready_pp0_iter17_reg  |   1|   0|    1|          0|
    |ap_loop_exit_ready_pp0_iter18_reg  |   1|   0|    1|          0|
    |ap_loop_exit_ready_pp0_iter19_reg  |   1|   0|    1|          0|
    |ap_loop_exit_ready_pp0_iter1_reg   |   1|   0|    1|          0|
    |ap_loop_exit_ready_pp0_iter20_reg  |   1|   0|    1|          0|
    |ap_loop_exit_ready_pp0_iter21_reg  |   1|   0|    1|          0|
    |ap_loop_exit_ready_pp0_iter22_reg  |   1|   0|    1|          0|
    |ap_loop_exit_ready_pp0_iter23_reg  |   1|   0|    1|          0|
    |ap_loop_exit_ready_pp0_iter24_reg  |   1|   0|    1|          0|
    |ap_loop_exit_ready_pp0_iter25_reg  |   1|   0|    1|          0|
    |ap_loop_exit_ready_pp0_iter26_reg  |   1|   0|    1|          0|
    |ap_loop_exit_ready_pp0_iter27_reg  |   1|   0|    1|          0|
    |ap_loop_exit_ready_pp0_iter28_reg  |   1|   0|    1|          0|
    |ap_loop_exit_ready_pp0_iter29_reg  |   1|   0|    1|          0|
    |ap_loop_exit_ready_pp0_iter2_reg   |   1|   0|    1|          0|
    |ap_loop_exit_ready_pp0_iter30_reg  |   1|   0|    1|          0|
    |ap_loop_exit_ready_pp0_iter31_reg  |   1|   0|    1|          0|
    |ap_loop_exit_ready_pp0_iter32_reg  |   1|   0|    1|          0|
    |ap_loop_exit_ready_pp0_iter33_reg  |   1|   0|    1|          0|
    |ap_loop_exit_ready_pp0_iter34_reg  |   1|   0|    1|          0|
    |ap_loop_exit_ready_pp0_iter35_reg  |   1|   0|    1|          0|
    |ap_loop_exit_ready_pp0_iter36_reg  |   1|   0|    1|          0|
    |ap_loop_exit_ready_pp0_iter3_reg   |   1|   0|    1|          0|
    |ap_loop_exit_ready_pp0_iter4_reg   |   1|   0|    1|          0|
    |ap_loop_exit_ready_pp0_iter5_reg   |   1|   0|    1|          0|
    |ap_loop_exit_ready_pp0_iter6_reg   |   1|   0|    1|          0|
    |ap_loop_exit_ready_pp0_iter7_reg   |   1|   0|    1|          0|
    |ap_loop_exit_ready_pp0_iter8_reg   |   1|   0|    1|          0|
    |ap_loop_exit_ready_pp0_iter9_reg   |   1|   0|    1|          0|
    |clf_w_L3_W_V_load_1_reg_1099       |   2|   0|    2|          0|
    |clf_w_L3_W_V_load_reg_1094         |   2|   0|    2|          0|
    |ic_1_fu_156                        |   8|   0|    8|          0|
    |icmp_ln228_reg_995                 |   1|   0|    1|          0|
    |icmp_ln230_reg_999                 |   1|   0|    1|          0|
    |icmp_ln233_reg_1010                |   1|   0|    1|          0|
    |indvar_flatten65_fu_160            |  10|   0|   10|          0|
    |k_fu_152                           |   3|   0|    3|          0|
    |lhs_V_5_fu_148                     |  48|   0|   48|          0|
    |lhs_V_fu_144                       |  48|   0|   48|          0|
    |phi_ln818_1_fu_140                 |  32|   0|   32|          0|
    |phi_ln818_2_fu_136                 |  32|   0|   32|          0|
    |r_V_6_reg_1104                     |  53|   0|   53|          0|
    |r_V_7_reg_1110                     |  53|   0|   53|          0|
    |select_ln228_reg_1005              |   3|   0|    3|          0|
    |tmp_14_reg_1089                    |  15|   0|   15|          0|
    |trunc_ln228_reg_1020               |   1|   0|    1|          0|
    |zext_ln837_8_cast_reg_990          |  14|   0|   15|          1|
    |icmp_ln228_reg_995                 |  64|  32|    1|          0|
    |icmp_ln230_reg_999                 |  64|  32|    1|          0|
    |icmp_ln233_reg_1010                |  64|  32|    1|          0|
    |select_ln228_reg_1005              |  64|  32|    3|          0|
    +-----------------------------------+----+----+-----+-----------+
    |Total                              | 658| 128|  409|          1|
    +-----------------------------------+----+----+-----+-----------+



================================================================
== Interface
================================================================
* Summary: 
+------------------------+-----+-----+------------+------------------------------------+--------------+
|        RTL Ports       | Dir | Bits|  Protocol  |            Source Object           |    C Type    |
+------------------------+-----+-----+------------+------------------------------------+--------------+
|ap_clk                  |   in|    1|  ap_ctrl_hs|  ecg_classifier_Pipeline_L3_IC_L3_K|  return value|
|ap_rst                  |   in|    1|  ap_ctrl_hs|  ecg_classifier_Pipeline_L3_IC_L3_K|  return value|
|ap_start                |   in|    1|  ap_ctrl_hs|  ecg_classifier_Pipeline_L3_IC_L3_K|  return value|
|ap_done                 |  out|    1|  ap_ctrl_hs|  ecg_classifier_Pipeline_L3_IC_L3_K|  return value|
|ap_idle                 |  out|    1|  ap_ctrl_hs|  ecg_classifier_Pipeline_L3_IC_L3_K|  return value|
|ap_ready                |  out|    1|  ap_ctrl_hs|  ecg_classifier_Pipeline_L3_IC_L3_K|  return value|
|sext_ln226              |   in|   26|     ap_none|                          sext_ln226|        scalar|
|sext_ln225              |   in|   26|     ap_none|                          sext_ln225|        scalar|
|oc_base                 |   in|    7|     ap_none|                             oc_base|        scalar|
|zext_ln837_8            |   in|   14|     ap_none|                        zext_ln837_8|        scalar|
|buf2_circ_V_address0    |  out|    6|   ap_memory|                         buf2_circ_V|         array|
|buf2_circ_V_ce0         |  out|    1|   ap_memory|                         buf2_circ_V|         array|
|buf2_circ_V_q0          |   in|   15|   ap_memory|                         buf2_circ_V|         array|
|buf2_circ_V_1_address0  |  out|    6|   ap_memory|                       buf2_circ_V_1|         array|
|buf2_circ_V_1_ce0       |  out|    1|   ap_memory|                       buf2_circ_V_1|         array|
|buf2_circ_V_1_q0        |   in|   15|   ap_memory|                       buf2_circ_V_1|         array|
|buf2_circ_V_2_address0  |  out|    6|   ap_memory|                       buf2_circ_V_2|         array|
|buf2_circ_V_2_ce0       |  out|    1|   ap_memory|                       buf2_circ_V_2|         array|
|buf2_circ_V_2_q0        |   in|   15|   ap_memory|                       buf2_circ_V_2|         array|
|buf2_circ_V_3_address0  |  out|    6|   ap_memory|                       buf2_circ_V_3|         array|
|buf2_circ_V_3_ce0       |  out|    1|   ap_memory|                       buf2_circ_V_3|         array|
|buf2_circ_V_3_q0        |   in|   15|   ap_memory|                       buf2_circ_V_3|         array|
|buf2_circ_V_4_address0  |  out|    6|   ap_memory|                       buf2_circ_V_4|         array|
|buf2_circ_V_4_ce0       |  out|    1|   ap_memory|                       buf2_circ_V_4|         array|
|buf2_circ_V_4_q0        |   in|   15|   ap_memory|                       buf2_circ_V_4|         array|
|buf2_circ_V_5_address0  |  out|    6|   ap_memory|                       buf2_circ_V_5|         array|
|buf2_circ_V_5_ce0       |  out|    1|   ap_memory|                       buf2_circ_V_5|         array|
|buf2_circ_V_5_q0        |   in|   15|   ap_memory|                       buf2_circ_V_5|         array|
|buf2_circ_V_6_address0  |  out|    6|   ap_memory|                       buf2_circ_V_6|         array|
|buf2_circ_V_6_ce0       |  out|    1|   ap_memory|                       buf2_circ_V_6|         array|
|buf2_circ_V_6_q0        |   in|   15|   ap_memory|                       buf2_circ_V_6|         array|
|buf2_circ_V_7_address0  |  out|    6|   ap_memory|                       buf2_circ_V_7|         array|
|buf2_circ_V_7_ce0       |  out|    1|   ap_memory|                       buf2_circ_V_7|         array|
|buf2_circ_V_7_q0        |   in|   15|   ap_memory|                       buf2_circ_V_7|         array|
|buf2_circ_V_8_address0  |  out|    6|   ap_memory|                       buf2_circ_V_8|         array|
|buf2_circ_V_8_ce0       |  out|    1|   ap_memory|                       buf2_circ_V_8|         array|
|buf2_circ_V_8_q0        |   in|   15|   ap_memory|                       buf2_circ_V_8|         array|
|buf2_circ_V_9_address0  |  out|    6|   ap_memory|                       buf2_circ_V_9|         array|
|buf2_circ_V_9_ce0       |  out|    1|   ap_memory|                       buf2_circ_V_9|         array|
|buf2_circ_V_9_q0        |   in|   15|   ap_memory|                       buf2_circ_V_9|         array|
|add_ln233_1             |   in|    8|     ap_none|                         add_ln233_1|        scalar|
|phi_ln818_1_out         |  out|   32|      ap_vld|                     phi_ln818_1_out|       pointer|
|phi_ln818_1_out_ap_vld  |  out|    1|      ap_vld|                     phi_ln818_1_out|       pointer|
|phi_ln818_2_out         |  out|   32|      ap_vld|                     phi_ln818_2_out|       pointer|
|phi_ln818_2_out_ap_vld  |  out|    1|      ap_vld|                     phi_ln818_2_out|       pointer|
+------------------------+-----+-----+------------+------------------------------------+--------------+

