

================================================================
== Vitis HLS Report for 'ecg_classifier_Pipeline_GAP_NORM'
================================================================
* Date:           Sat Apr  4 10:53:53 2026

* Version:        2022.2 (Build 3670227 on Oct 13 2022)
* Project:        ecg_classifier_ip
* Solution:       solution1 (Vivado IP Flow Target)
* Product family: zynq
* Target device:  xc7z030-sbg485-2


================================================================
== Performance Estimates
================================================================
+ Timing: 
    * Summary: 
    +--------+----------+----------+------------+
    |  Clock |  Target  | Estimated| Uncertainty|
    +--------+----------+----------+------------+
    |ap_clk  |  13.00 ns|  7.050 ns|     3.51 ns|
    +--------+----------+----------+------------+

+ Latency: 
    * Summary: 
    +---------+---------+----------+----------+-----+-----+---------+
    |  Latency (cycles) |  Latency (absolute) |  Interval | Pipeline|
    |   min   |   max   |    min   |    max   | min | max |   Type  |
    +---------+---------+----------+----------+-----+-----+---------+
    |      387|      387|  5.031 us|  5.031 us|  387|  387|       no|
    +---------+---------+----------+----------+-----+-----+---------+

    + Detail: 
        * Instance: 
        N/A

        * Loop: 
        +------------+---------+---------+----------+-----------+-----------+------+----------+
        |            |  Latency (cycles) | Iteration|  Initiation Interval  | Trip |          |
        |  Loop Name |   min   |   max   |  Latency |  achieved |   target  | Count| Pipelined|
        +------------+---------+---------+----------+-----------+-----------+------+----------+
        |- GAP_NORM  |      385|      385|         4|          2|          1|   192|       yes|
        +------------+---------+---------+----------+-----------+-----------+------+----------+



================================================================
== Utilization Estimates
================================================================
* Summary: 
+-----------------+---------+-----+--------+-------+-----+
|       Name      | BRAM_18K| DSP |   FF   |  LUT  | URAM|
+-----------------+---------+-----+--------+-------+-----+
|DSP              |        -|    -|       -|      -|    -|
|Expression       |        -|    -|       0|     18|    -|
|FIFO             |        -|    -|       -|      -|    -|
|Instance         |        -|    2|       0|     30|    -|
|Memory           |        -|    -|       -|      -|    -|
|Multiplexer      |        -|    -|       -|     84|    -|
|Register         |        -|    -|     104|      -|    -|
+-----------------+---------+-----+--------+-------+-----+
|Total            |        0|    2|     104|    132|    0|
+-----------------+---------+-----+--------+-------+-----+
|Available        |      530|  400|  157200|  78600|    0|
+-----------------+---------+-----+--------+-------+-----+
|Utilization (%)  |        0|   ~0|      ~0|     ~0|    0|
+-----------------+---------+-----+--------+-------+-----+

+ Detail: 
    * Instance: 
    +--------------------------+---------------------+---------+----+---+----+-----+
    |         Instance         |        Module       | BRAM_18K| DSP| FF| LUT| URAM|
    +--------------------------+---------------------+---------+----+---+----+-----+
    |mul_32s_12ns_44_1_1_U145  |mul_32s_12ns_44_1_1  |        0|   2|  0|  21|    0|
    |mux_21_32_1_1_U144        |mux_21_32_1_1        |        0|   0|  0|   9|    0|
    +--------------------------+---------------------+---------+----+---+----+-----+
    |Total                     |                     |        0|   2|  0|  30|    0|
    +--------------------------+---------------------+---------+----+---+----+-----+

    * DSP: 
    N/A

    * Memory: 
    N/A

    * FIFO: 
    N/A

    * Expression: 
    +-----------------------------------+----------+----+---+----+------------+------------+
    |           Variable Name           | Operation| DSP| FF| LUT| Bitwidth P0| Bitwidth P1|
    +-----------------------------------+----------+----+---+----+------------+------------+
    |add_ln280_fu_94_p2                 |         +|   0|  0|   8|           8|           1|
    |ap_enable_state1_pp0_iter0_stage0  |       and|   0|  0|   1|           1|           1|
    |ap_enable_state2_pp0_iter0_stage1  |       and|   0|  0|   1|           1|           1|
    |ap_enable_state4_pp0_iter1_stage1  |       and|   0|  0|   1|           1|           1|
    |icmp_ln280_fu_88_p2                |      icmp|   0|  0|   4|           8|           8|
    |ap_block_pp0                       |        or|   0|  0|   1|           1|           1|
    |ap_enable_pp0                      |       xor|   0|  0|   2|           1|           2|
    +-----------------------------------+----------+----+---+----+------------+------------+
    |Total                              |          |   0|  0|  18|          21|          15|
    +-----------------------------------+----------+----+---+----+------------+------------+

    * Multiplexer: 
    +-------------------------+----+-----------+-----+-----------+
    |           Name          | LUT| Input Size| Bits| Total Bits|
    +-------------------------+----+-----------+-----+-----------+
    |ap_NS_fsm                |  13|          3|    1|          3|
    |ap_done_int              |   9|          2|    1|          2|
    |ap_enable_reg_pp0_iter0  |   9|          2|    1|          2|
    |ap_enable_reg_pp0_iter1  |   9|          2|    1|          2|
    |ap_sig_allocacmp_c_1     |   9|          2|    8|         16|
    |c_fu_50                  |   9|          2|    8|         16|
    |gap_buf_V_1_address0     |  13|          3|    7|         21|
    |gap_buf_V_address0       |  13|          3|    7|         21|
    +-------------------------+----+-----------+-----+-----------+
    |Total                    |  84|         19|   34|         83|
    +-------------------------+----+-----------+-----+-----------+

    * Register: 
    +----------------------------------------+----+----+-----+-----------+
    |                  Name                  | FF | LUT| Bits| Const Bits|
    +----------------------------------------+----+----+-----+-----------+
    |ap_CS_fsm                               |   2|   0|    2|          0|
    |ap_done_reg                             |   1|   0|    1|          0|
    |ap_enable_reg_pp0_iter0_reg             |   1|   0|    1|          0|
    |ap_enable_reg_pp0_iter1                 |   1|   0|    1|          0|
    |c_fu_50                                 |   8|   0|    8|          0|
    |gap_buf_V_1_addr_reg_174                |   7|   0|    7|          0|
    |gap_buf_V_1_addr_reg_174_pp0_iter1_reg  |   7|   0|    7|          0|
    |gap_buf_V_addr_reg_169                  |   7|   0|    7|          0|
    |gap_buf_V_addr_reg_169_pp0_iter1_reg    |   7|   0|    7|          0|
    |icmp_ln280_reg_165                      |   1|   0|    1|          0|
    |trunc_ln283_reg_179                     |   1|   0|    1|          0|
    |trunc_ln283_reg_179_pp0_iter1_reg       |   1|   0|    1|          0|
    |trunc_ln818_4_reg_189                   |  28|   0|   28|          0|
    |val_V_reg_184                           |  32|   0|   32|          0|
    +----------------------------------------+----+----+-----+-----------+
    |Total                                   | 104|   0|  104|          0|
    +----------------------------------------+----+----+-----+-----------+



================================================================
== Interface
================================================================
* Summary: 
+----------------------+-----+-----+------------+----------------------------------+--------------+
|       RTL Ports      | Dir | Bits|  Protocol  |           Source Object          |    C Type    |
+----------------------+-----+-----+------------+----------------------------------+--------------+
|ap_clk                |   in|    1|  ap_ctrl_hs|  ecg_classifier_Pipeline_GAP_NORM|  return value|
|ap_rst                |   in|    1|  ap_ctrl_hs|  ecg_classifier_Pipeline_GAP_NORM|  return value|
|ap_start              |   in|    1|  ap_ctrl_hs|  ecg_classifier_Pipeline_GAP_NORM|  return value|
|ap_done               |  out|    1|  ap_ctrl_hs|  ecg_classifier_Pipeline_GAP_NORM|  return value|
|ap_idle               |  out|    1|  ap_ctrl_hs|  ecg_classifier_Pipeline_GAP_NORM|  return value|
|ap_ready              |  out|    1|  ap_ctrl_hs|  ecg_classifier_Pipeline_GAP_NORM|  return value|
|gap_buf_V_1_address0  |  out|    7|   ap_memory|                       gap_buf_V_1|         array|
|gap_buf_V_1_ce0       |  out|    1|   ap_memory|                       gap_buf_V_1|         array|
|gap_buf_V_1_we0       |  out|    1|   ap_memory|                       gap_buf_V_1|         array|
|gap_buf_V_1_d0        |  out|   32|   ap_memory|                       gap_buf_V_1|         array|
|gap_buf_V_1_q0        |   in|   32|   ap_memory|                       gap_buf_V_1|         array|
|gap_buf_V_address0    |  out|    7|   ap_memory|                         gap_buf_V|         array|
|gap_buf_V_ce0         |  out|    1|   ap_memory|                         gap_buf_V|         array|
|gap_buf_V_we0         |  out|    1|   ap_memory|                         gap_buf_V|         array|
|gap_buf_V_d0          |  out|   32|   ap_memory|                         gap_buf_V|         array|
|gap_buf_V_q0          |   in|   32|   ap_memory|                         gap_buf_V|         array|
+----------------------+-----+-----+------------+----------------------------------+--------------+

