

================================================================
== Vitis HLS Report for 'ecg_classifier_Pipeline_L1_IC_L1_K'
================================================================
* Date:           Sat Apr  4 10:53:49 2026

* Version:        2022.2 (Build 3670227 on Oct 13 2022)
* Project:        ecg_classifier_ip
* Solution:       solution1 (Vivado IP Flow Target)
* Product family: zynq
* Target device:  xc7z030-sbg485-2


================================================================
== Performance Estimates
================================================================
+ Timing: 
    * Summary: 
    +--------+----------+----------+------------+
    |  Clock |  Target  | Estimated| Uncertainty|
    +--------+----------+----------+------------+
    |ap_clk  |  13.00 ns|  7.466 ns|     3.51 ns|
    +--------+----------+----------+------------+

+ Latency: 
    * Summary: 
    +---------+---------+----------+----------+-----+-----+---------+
    |  Latency (cycles) |  Latency (absolute) |  Interval | Pipeline|
    |   min   |   max   |    min   |    max   | min | max |   Type  |
    +---------+---------+----------+----------+-----+-----+---------+
    |      453|      453|  5.889 us|  5.889 us|  453|  453|       no|
    +---------+---------+----------+----------+-----+-----+---------+

    + Detail: 
        * Instance: 
        N/A

        * Loop: 
        +--------------+---------+---------+----------+-----------+-----------+------+----------+
        |              |  Latency (cycles) | Iteration|  Initiation Interval  | Trip |          |
        |   Loop Name  |   min   |   max   |  Latency |  achieved |   target  | Count| Pipelined|
        +--------------+---------+---------+----------+-----------+-----------+------+----------+
        |- L1_IC_L1_K  |      451|      451|         5|          1|          1|   448|       yes|
        +--------------+---------+---------+----------+-----------+-----------+------+----------+



================================================================
== Utilization Estimates
================================================================
* Summary: 
+-----------------+---------+-----+--------+-------+-----+
|       Name      | BRAM_18K| DSP |   FF   |  LUT  | URAM|
+-----------------+---------+-----+--------+-------+-----+
|DSP              |        -|    -|       -|      -|    -|
|Expression       |        -|    -|       0|    218|    -|
|FIFO             |        -|    -|       -|      -|    -|
|Instance         |        -|    2|       0|     58|    -|
|Memory           |        6|    -|       0|      0|    -|
|Multiplexer      |        -|    -|       -|     90|    -|
|Register         |        -|    -|     296|     32|    -|
+-----------------+---------+-----+--------+-------+-----+
|Total            |        6|    2|     296|    398|    0|
+-----------------+---------+-----+--------+-------+-----+
|Available        |      530|  400|  157200|  78600|    0|
+-----------------+---------+-----+--------+-------+-----+
|Utilization (%)  |        1|   ~0|      ~0|     ~0|    0|
+-----------------+---------+-----+--------+-------+-----+

+ Detail: 
    * Instance: 
    +------------------------+--------------------+---------+----+---+----+-----+
    |        Instance        |       Module       | BRAM_18K| DSP| FF| LUT| URAM|
    +------------------------+--------------------+---------+----+---+----+-----+
    |mul_23s_40s_62_1_1_U44  |mul_23s_40s_62_1_1  |        0|   2|  0|  29|    0|
    |mux_73_32_1_1_U43       |mux_73_32_1_1       |        0|   0|  0|  29|    0|
    +------------------------+--------------------+---------+----+---+----+-----+
    |Total                   |                    |        0|   2|  0|  58|    0|
    +------------------------+--------------------+---------+----+---+----+-----+

    * DSP: 
    N/A

    * Memory: 
    +----------------+-------------------------------------------------------------+---------+---+----+-----+-------+-----+------+-------------+
    |     Memory     |                            Module                           | BRAM_18K| FF| LUT| URAM| Words | Bits| Banks| W*Bits*Banks|
    +----------------+-------------------------------------------------------------+---------+---+----+-----+-------+-----+------+-------------+
    |clf_w_L1_W_V_U  |ecg_classifier_Pipeline_L1_IC_L1_K_clf_w_L1_W_V_ROM_AUTO_1R  |        6|  0|   0|    0|  28672|    3|     1|        86016|
    +----------------+-------------------------------------------------------------+---------+---+----+-----+-------+-----+------+-------------+
    |Total           |                                                             |        6|  0|   0|    0|  28672|    3|     1|        86016|
    +----------------+-------------------------------------------------------------+---------+---+----+-----+-------+-----+------+-------------+

    * FIFO: 
    N/A

    * Expression: 
    +--------------------------+----------+----+---+----+------------+------------+
    |       Variable Name      | Operation| DSP| FF| LUT| Bitwidth P0| Bitwidth P1|
    +--------------------------+----------+----+---+----+------------+------------+
    |add_ln1347_fu_480_p2      |         +|   0|  0|  72|          72|          72|
    |add_ln148_1_fu_279_p2     |         +|   0|  0|   9|           9|           1|
    |add_ln148_fu_291_p2       |         +|   0|  0|   7|           7|           1|
    |add_ln150_1_fu_474_p2     |         +|   0|  0|  64|          64|          64|
    |add_ln150_fu_319_p2       |         +|   0|  0|   4|           3|           1|
    |add_ln837_1_fu_353_p2     |         +|   0|  0|  14|          14|          14|
    |add_ln837_2_fu_383_p2     |         +|   0|  0|  15|          15|          15|
    |sub_ln837_1_fu_374_p2     |         -|   0|  0|  15|          15|          15|
    |icmp_ln148_fu_273_p2      |      icmp|   0|  0|   4|           9|           8|
    |icmp_ln150_fu_297_p2      |      icmp|   0|  0|   2|           3|           2|
    |select_ln148_1_fu_311_p3  |    select|   0|  0|   7|           1|           7|
    |select_ln148_fu_303_p3    |    select|   0|  0|   3|           1|           1|
    |ap_enable_pp0             |       xor|   0|  0|   2|           1|           2|
    +--------------------------+----------+----+---+----+------------+------------+
    |Total                     |          |   0|  0| 218|         214|         203|
    +--------------------------+----------+----+---+----+------------+------------+

    * Multiplexer: 
    +----------------------------------------+----+-----------+-----+-----------+
    |                  Name                  | LUT| Input Size| Bits| Total Bits|
    +----------------------------------------+----+-----------+-----+-----------+
    |ap_done_int                             |   9|          2|    1|          2|
    |ap_enable_reg_pp0_iter1                 |   9|          2|    1|          2|
    |ap_sig_allocacmp_ic_load                |   9|          2|    7|         14|
    |ap_sig_allocacmp_indvar_flatten13_load  |   9|          2|    9|         18|
    |ap_sig_allocacmp_k_load                 |   9|          2|    3|          6|
    |ic_fu_106                               |   9|          2|    7|         14|
    |indvar_flatten13_fu_110                 |   9|          2|    9|         18|
    |k_fu_102                                |   9|          2|    3|          6|
    |lhs_V_fu_98                             |   9|          2|   48|         96|
    |phi_ln818_fu_94                         |   9|          2|   32|         64|
    +----------------------------------------+----+-----------+-----+-----------+
    |Total                                   |  90|         20|  120|        240|
    +----------------------------------------+----+-----------+-----+-----------+

    * Register: 
    +------------------------------------+----+----+-----+-----------+
    |                Name                | FF | LUT| Bits| Const Bits|
    +------------------------------------+----+----+-----+-----------+
    |ap_CS_fsm                           |   1|   0|    1|          0|
    |ap_done_reg                         |   1|   0|    1|          0|
    |ap_enable_reg_pp0_iter1             |   1|   0|    1|          0|
    |ap_enable_reg_pp0_iter2             |   1|   0|    1|          0|
    |ap_enable_reg_pp0_iter3             |   1|   0|    1|          0|
    |ap_enable_reg_pp0_iter4             |   1|   0|    1|          0|
    |ap_loop_exit_ready_pp0_iter1_reg    |   1|   0|    1|          0|
    |ap_loop_exit_ready_pp0_iter2_reg    |   1|   0|    1|          0|
    |ap_loop_exit_ready_pp0_iter3_reg    |   1|   0|    1|          0|
    |clf_w_L1_W_V_load_reg_621           |   3|   0|    3|          0|
    |ic_fu_106                           |   7|   0|    7|          0|
    |icmp_ln148_reg_560                  |   1|   0|    1|          0|
    |indvar_flatten13_fu_110             |   9|   0|    9|          0|
    |k_fu_102                            |   3|   0|    3|          0|
    |lhs_V_fu_98                         |  48|   0|   48|          0|
    |phi_ln818_fu_94                     |  32|   0|   32|          0|
    |r_V_10_reg_626                      |  62|   0|   62|          0|
    |select_ln148_1_reg_570              |   7|   0|    7|          0|
    |select_ln148_reg_564                |   3|   0|    3|          0|
    |select_ln148_reg_564_pp0_iter1_reg  |   3|   0|    3|          0|
    |tmp_7_reg_616                       |  32|   0|   32|          0|
    |zext_ln837_7_cast_reg_555           |  13|   0|   14|          1|
    |icmp_ln148_reg_560                  |  64|  32|    1|          0|
    +------------------------------------+----+----+-----+-----------+
    |Total                               | 296|  32|  234|          1|
    +------------------------------------+----+----+-----+-----------+



================================================================
== Interface
================================================================
* Summary: 
+----------------------+-----+-----+------------+------------------------------------+--------------+
|       RTL Ports      | Dir | Bits|  Protocol  |            Source Object           |    C Type    |
+----------------------+-----+-----+------------+------------------------------------+--------------+
|ap_clk                |   in|    1|  ap_ctrl_hs|  ecg_classifier_Pipeline_L1_IC_L1_K|  return value|
|ap_rst                |   in|    1|  ap_ctrl_hs|  ecg_classifier_Pipeline_L1_IC_L1_K|  return value|
|ap_start              |   in|    1|  ap_ctrl_hs|  ecg_classifier_Pipeline_L1_IC_L1_K|  return value|
|ap_done               |  out|    1|  ap_ctrl_hs|  ecg_classifier_Pipeline_L1_IC_L1_K|  return value|
|ap_idle               |  out|    1|  ap_ctrl_hs|  ecg_classifier_Pipeline_L1_IC_L1_K|  return value|
|ap_ready              |  out|    1|  ap_ctrl_hs|  ecg_classifier_Pipeline_L1_IC_L1_K|  return value|
|sext_ln146            |   in|   26|     ap_none|                          sext_ln146|        scalar|
|zext_ln837_7          |   in|   13|     ap_none|                        zext_ln837_7|        scalar|
|win0_V_address0       |  out|    6|   ap_memory|                              win0_V|         array|
|win0_V_ce0            |  out|    1|   ap_memory|                              win0_V|         array|
|win0_V_q0             |   in|   32|   ap_memory|                              win0_V|         array|
|win0_V_1_address0     |  out|    6|   ap_memory|                            win0_V_1|         array|
|win0_V_1_ce0          |  out|    1|   ap_memory|                            win0_V_1|         array|
|win0_V_1_q0           |   in|   32|   ap_memory|                            win0_V_1|         array|
|win0_V_2_address0     |  out|    6|   ap_memory|                            win0_V_2|         array|
|win0_V_2_ce0          |  out|    1|   ap_memory|                            win0_V_2|         array|
|win0_V_2_q0           |   in|   32|   ap_memory|                            win0_V_2|         array|
|win0_V_3_address0     |  out|    6|   ap_memory|                            win0_V_3|         array|
|win0_V_3_ce0          |  out|    1|   ap_memory|                            win0_V_3|         array|
|win0_V_3_q0           |   in|   32|   ap_memory|                            win0_V_3|         array|
|win0_V_4_address0     |  out|    6|   ap_memory|                            win0_V_4|         array|
|win0_V_4_ce0          |  out|    1|   ap_memory|                            win0_V_4|         array|
|win0_V_4_q0           |   in|   32|   ap_memory|                            win0_V_4|         array|
|win0_V_5_address0     |  out|    6|   ap_memory|                            win0_V_5|         array|
|win0_V_5_ce0          |  out|    1|   ap_memory|                            win0_V_5|         array|
|win0_V_5_q0           |   in|   32|   ap_memory|                            win0_V_5|         array|
|win0_V_6_address0     |  out|    6|   ap_memory|                            win0_V_6|         array|
|win0_V_6_ce0          |  out|    1|   ap_memory|                            win0_V_6|         array|
|win0_V_6_q0           |   in|   31|   ap_memory|                            win0_V_6|         array|
|phi_ln818_out         |  out|   32|      ap_vld|                       phi_ln818_out|       pointer|
|phi_ln818_out_ap_vld  |  out|    1|      ap_vld|                       phi_ln818_out|       pointer|
+----------------------+-----+-----+------------+------------------------------------+--------------+

