

================================================================
== Vitis HLS Report for 'ecg_classifier_Pipeline_WRITE_OUTPUT'
================================================================
* Date:           Sat Apr  4 10:53:55 2026

* Version:        2022.2 (Build 3670227 on Oct 13 2022)
* Project:        ecg_classifier_ip
* Solution:       solution1 (Vivado IP Flow Target)
* Product family: zynq
* Target device:  xc7z030-sbg485-2


================================================================
== Performance Estimates
================================================================
+ Timing: 
    * Summary: 
    +--------+----------+----------+------------+
    |  Clock |  Target  | Estimated| Uncertainty|
    +--------+----------+----------+------------+
    |ap_clk  |  13.00 ns|  9.281 ns|     3.51 ns|
    +--------+----------+----------+------------+

+ Latency: 
    * Summary: 
    +---------+---------+----------+----------+-----+-----+---------+
    |  Latency (cycles) |  Latency (absolute) |  Interval | Pipeline|
    |   min   |   max   |    min   |    max   | min | max |   Type  |
    +---------+---------+----------+----------+-----+-----+---------+
    |       13|       13|  0.169 us|  0.169 us|   13|   13|       no|
    +---------+---------+----------+----------+-----+-----+---------+

    + Detail: 
        * Instance: 
        N/A

        * Loop: 
        +----------------+---------+---------+----------+-----------+-----------+------+----------+
        |                |  Latency (cycles) | Iteration|  Initiation Interval  | Trip |          |
        |    Loop Name   |   min   |   max   |  Latency |  achieved |   target  | Count| Pipelined|
        +----------------+---------+---------+----------+-----------+-----------+------+----------+
        |- WRITE_OUTPUT  |       11|       11|        11|          1|          1|     2|       yes|
        +----------------+---------+---------+----------+-----------+-----------+------+----------+



================================================================
== Utilization Estimates
================================================================
* Summary: 
+-----------------+---------+-----+--------+-------+-----+
|       Name      | BRAM_18K| DSP |   FF   |  LUT  | URAM|
+-----------------+---------+-----+--------+-------+-----+
|DSP              |        -|    -|       -|      -|    -|
|Expression       |        -|    -|       0|     42|    -|
|FIFO             |        -|    -|       -|      -|    -|
|Instance         |        -|    -|       -|      -|    -|
|Memory           |        -|    -|       -|      -|    -|
|Multiplexer      |        -|    -|       -|     45|    -|
|Register         |        -|    -|     120|     32|    -|
+-----------------+---------+-----+--------+-------+-----+
|Total            |        0|    0|     120|    119|    0|
+-----------------+---------+-----+--------+-------+-----+
|Available        |      530|  400|  157200|  78600|    0|
+-----------------+---------+-----+--------+-------+-----+
|Utilization (%)  |        0|    0|      ~0|     ~0|    0|
+-----------------+---------+-----+--------+-------+-----+

+ Detail: 
    * Instance: 
    +------------------------------------+-------------------------------+---------+----+---+----+-----+
    |              Instance              |             Module            | BRAM_18K| DSP| FF| LUT| URAM|
    +------------------------------------+-------------------------------+---------+----+---+----+-----+
    |fdiv_32ns_32ns_32_10_no_dsp_1_U167  |fdiv_32ns_32ns_32_10_no_dsp_1  |        0|   0|  0|   0|    0|
    +------------------------------------+-------------------------------+---------+----+---+----+-----+
    |Total                               |                               |        0|   0|  0|   0|    0|
    +------------------------------------+-------------------------------+---------+----+---+----+-----+

    * DSP: 
    N/A

    * Memory: 
    N/A

    * FIFO: 
    N/A

    * Expression: 
    +---------------------------+----------+----+---+----+------------+------------+
    |       Variable Name       | Operation| DSP| FF| LUT| Bitwidth P0| Bitwidth P1|
    +---------------------------+----------+----+---+----+------------+------------+
    |i_2_fu_132_p2              |         +|   0|  0|   3|           2|           1|
    |ap_block_pp0_stage0_01001  |       and|   0|  0|   1|           1|           1|
    |icmp_ln313_fu_126_p2       |      icmp|   0|  0|   2|           2|           3|
    |icmp_ln315_fu_138_p2       |      icmp|   0|  0|   1|           2|           1|
    |pkt_last_V_fu_152_p2       |      icmp|   0|  0|   1|           2|           1|
    |select_ln315_fu_144_p3     |    select|   0|  0|  32|           1|          32|
    |ap_enable_pp0              |       xor|   0|  0|   2|           1|           2|
    +---------------------------+----------+----+---+----+------------+------------+
    |Total                      |          |   0|  0|  42|          11|          41|
    +---------------------------+----------+----+---+----+------------+------------+

    * Multiplexer: 
    +-------------------------+----+-----------+-----+-----------+
    |           Name          | LUT| Input Size| Bits| Total Bits|
    +-------------------------+----+-----------+-----+-----------+
    |ap_done_int              |   9|          2|    1|          2|
    |ap_enable_reg_pp0_iter1  |   9|          2|    1|          2|
    |ap_sig_allocacmp_i_1     |   9|          2|    2|          4|
    |i_fu_62                  |   9|          2|    2|          4|
    |out_stream_TDATA_blk_n   |   9|          2|    1|          2|
    +-------------------------+----+-----------+-----+-----------+
    |Total                    |  45|         10|    7|         14|
    +-------------------------+----+-----------+-----+-----------+

    * Register: 
    +----------------------------------+----+----+-----+-----------+
    |               Name               | FF | LUT| Bits| Const Bits|
    +----------------------------------+----+----+-----+-----------+
    |ap_CS_fsm                         |   1|   0|    1|          0|
    |ap_done_reg                       |   1|   0|    1|          0|
    |ap_enable_reg_pp0_iter1           |   1|   0|    1|          0|
    |ap_enable_reg_pp0_iter10          |   1|   0|    1|          0|
    |ap_enable_reg_pp0_iter2           |   1|   0|    1|          0|
    |ap_enable_reg_pp0_iter3           |   1|   0|    1|          0|
    |ap_enable_reg_pp0_iter4           |   1|   0|    1|          0|
    |ap_enable_reg_pp0_iter5           |   1|   0|    1|          0|
    |ap_enable_reg_pp0_iter6           |   1|   0|    1|          0|
    |ap_enable_reg_pp0_iter7           |   1|   0|    1|          0|
    |ap_enable_reg_pp0_iter8           |   1|   0|    1|          0|
    |ap_enable_reg_pp0_iter9           |   1|   0|    1|          0|
    |ap_loop_exit_ready_pp0_iter1_reg  |   1|   0|    1|          0|
    |ap_loop_exit_ready_pp0_iter2_reg  |   1|   0|    1|          0|
    |ap_loop_exit_ready_pp0_iter3_reg  |   1|   0|    1|          0|
    |ap_loop_exit_ready_pp0_iter4_reg  |   1|   0|    1|          0|
    |ap_loop_exit_ready_pp0_iter5_reg  |   1|   0|    1|          0|
    |ap_loop_exit_ready_pp0_iter6_reg  |   1|   0|    1|          0|
    |ap_loop_exit_ready_pp0_iter7_reg  |   1|   0|    1|          0|
    |ap_loop_exit_ready_pp0_iter8_reg  |   1|   0|    1|          0|
    |ap_loop_exit_ready_pp0_iter9_reg  |   1|   0|    1|          0|
    |i_fu_62                           |   2|   0|    2|          0|
    |pkt_last_V_reg_189                |   1|   0|    1|          0|
    |select_ln315_reg_184              |  32|   0|   32|          0|
    |pkt_last_V_reg_189                |  64|  32|    1|          0|
    +----------------------------------+----+----+-----+-----------+
    |Total                             | 120|  32|   57|          0|
    +----------------------------------+----+----+-----+-----------+



================================================================
== Interface
================================================================
* Summary: 
+-------------------+-----+-----+------------+--------------------------------------+--------------+
|     RTL Ports     | Dir | Bits|  Protocol  |             Source Object            |    C Type    |
+-------------------+-----+-----+------------+--------------------------------------+--------------+
|ap_clk             |   in|    1|  ap_ctrl_hs|  ecg_classifier_Pipeline_WRITE_OUTPUT|  return value|
|ap_rst             |   in|    1|  ap_ctrl_hs|  ecg_classifier_Pipeline_WRITE_OUTPUT|  return value|
|ap_start           |   in|    1|  ap_ctrl_hs|  ecg_classifier_Pipeline_WRITE_OUTPUT|  return value|
|ap_done            |  out|    1|  ap_ctrl_hs|  ecg_classifier_Pipeline_WRITE_OUTPUT|  return value|
|ap_idle            |  out|    1|  ap_ctrl_hs|  ecg_classifier_Pipeline_WRITE_OUTPUT|  return value|
|ap_ready           |  out|    1|  ap_ctrl_hs|  ecg_classifier_Pipeline_WRITE_OUTPUT|  return value|
|out_stream_TREADY  |   in|    1|        axis|                   out_stream_V_data_V|       pointer|
|out_stream_TDATA   |  out|   32|        axis|                   out_stream_V_data_V|       pointer|
|ea                 |   in|   32|     ap_none|                                    ea|        scalar|
|eb                 |   in|   32|     ap_none|                                    eb|        scalar|
|s_1                |   in|   32|     ap_none|                                   s_1|        scalar|
|out_stream_TVALID  |  out|    1|        axis|                   out_stream_V_dest_V|       pointer|
|out_stream_TDEST   |  out|    1|        axis|                   out_stream_V_dest_V|       pointer|
|out_stream_TKEEP   |  out|    4|        axis|                   out_stream_V_keep_V|       pointer|
|out_stream_TSTRB   |  out|    4|        axis|                   out_stream_V_strb_V|       pointer|
|out_stream_TUSER   |  out|    1|        axis|                   out_stream_V_user_V|       pointer|
|out_stream_TLAST   |  out|    1|        axis|                   out_stream_V_last_V|       pointer|
|out_stream_TID     |  out|    1|        axis|                     out_stream_V_id_V|       pointer|
+-------------------+-----+-----+------------+--------------------------------------+--------------+

