

================================================================
== Vitis HLS Report for 'ecg_classifier_Pipeline_GAP_INIT'
================================================================
* Date:           Sat Apr  4 10:53:51 2026

* Version:        2022.2 (Build 3670227 on Oct 13 2022)
* Project:        ecg_classifier_ip
* Solution:       solution1 (Vivado IP Flow Target)
* Product family: zynq
* Target device:  xc7z030-sbg485-2


================================================================
== Performance Estimates
================================================================
+ Timing: 
    * Summary: 
    +--------+----------+----------+------------+
    |  Clock |  Target  | Estimated| Uncertainty|
    +--------+----------+----------+------------+
    |ap_clk  |  13.00 ns|  3.069 ns|     3.51 ns|
    +--------+----------+----------+------------+

+ Latency: 
    * Summary: 
    +---------+---------+----------+----------+-----+-----+---------+
    |  Latency (cycles) |  Latency (absolute) |  Interval | Pipeline|
    |   min   |   max   |    min   |    max   | min | max |   Type  |
    +---------+---------+----------+----------+-----+-----+---------+
    |      194|      194|  2.522 us|  2.522 us|  194|  194|       no|
    +---------+---------+----------+----------+-----+-----+---------+

    + Detail: 
        * Instance: 
        N/A

        * Loop: 
        +------------+---------+---------+----------+-----------+-----------+------+----------+
        |            |  Latency (cycles) | Iteration|  Initiation Interval  | Trip |          |
        |  Loop Name |   min   |   max   |  Latency |  achieved |   target  | Count| Pipelined|
        +------------+---------+---------+----------+-----------+-----------+------+----------+
        |- GAP_INIT  |      192|      192|         1|          1|          1|   192|       yes|
        +------------+---------+---------+----------+-----------+-----------+------+----------+



================================================================
== Utilization Estimates
================================================================
* Summary: 
+-----------------+---------+-----+--------+-------+-----+
|       Name      | BRAM_18K| DSP |   FF   |  LUT  | URAM|
+-----------------+---------+-----+--------+-------+-----+
|DSP              |        -|    -|       -|      -|    -|
|Expression       |        -|    -|       0|     12|    -|
|FIFO             |        -|    -|       -|      -|    -|
|Instance         |        -|    -|       -|      -|    -|
|Memory           |        -|    -|       -|      -|    -|
|Multiplexer      |        -|    -|       -|     27|    -|
|Register         |        -|    -|      10|      -|    -|
+-----------------+---------+-----+--------+-------+-----+
|Total            |        0|    0|      10|     39|    0|
+-----------------+---------+-----+--------+-------+-----+
|Available        |      530|  400|  157200|  78600|    0|
+-----------------+---------+-----+--------+-------+-----+
|Utilization (%)  |        0|    0|      ~0|     ~0|    0|
+-----------------+---------+-----+--------+-------+-----+

+ Detail: 
    * Instance: 
    N/A

    * DSP: 
    N/A

    * Memory: 
    N/A

    * FIFO: 
    N/A

    * Expression: 
    +---------------------+----------+----+---+----+------------+------------+
    |    Variable Name    | Operation| DSP| FF| LUT| Bitwidth P0| Bitwidth P1|
    +---------------------+----------+----+---+----+------------+------------+
    |add_ln197_fu_86_p2   |         +|   0|  0|   8|           8|           1|
    |icmp_ln197_fu_80_p2  |      icmp|   0|  0|   4|           8|           8|
    +---------------------+----------+----+---+----+------------+------------+
    |Total                |          |   0|  0|  12|          16|           9|
    +---------------------+----------+----+---+----+------------+------------+

    * Multiplexer: 
    +----------------------+----+-----------+-----+-----------+
    |         Name         | LUT| Input Size| Bits| Total Bits|
    +----------------------+----+-----------+-----+-----------+
    |ap_done_int           |   9|          2|    1|          2|
    |ap_sig_allocacmp_c_2  |   9|          2|    8|         16|
    |c_fu_40               |   9|          2|    8|         16|
    +----------------------+----+-----------+-----+-----------+
    |Total                 |  27|          6|   17|         34|
    +----------------------+----+-----------+-----+-----------+

    * Register: 
    +-------------+---+----+-----+-----------+
    |     Name    | FF| LUT| Bits| Const Bits|
    +-------------+---+----+-----+-----------+
    |ap_CS_fsm    |  1|   0|    1|          0|
    |ap_done_reg  |  1|   0|    1|          0|
    |c_fu_40      |  8|   0|    8|          0|
    +-------------+---+----+-----+-----------+
    |Total        | 10|   0|   10|          0|
    +-------------+---+----+-----+-----------+



================================================================
== Interface
================================================================
* Summary: 
+----------------------+-----+-----+------------+----------------------------------+--------------+
|       RTL Ports      | Dir | Bits|  Protocol  |           Source Object          |    C Type    |
+----------------------+-----+-----+------------+----------------------------------+--------------+
|ap_clk                |   in|    1|  ap_ctrl_hs|  ecg_classifier_Pipeline_GAP_INIT|  return value|
|ap_rst                |   in|    1|  ap_ctrl_hs|  ecg_classifier_Pipeline_GAP_INIT|  return value|
|ap_start              |   in|    1|  ap_ctrl_hs|  ecg_classifier_Pipeline_GAP_INIT|  return value|
|ap_done               |  out|    1|  ap_ctrl_hs|  ecg_classifier_Pipeline_GAP_INIT|  return value|
|ap_idle               |  out|    1|  ap_ctrl_hs|  ecg_classifier_Pipeline_GAP_INIT|  return value|
|ap_ready              |  out|    1|  ap_ctrl_hs|  ecg_classifier_Pipeline_GAP_INIT|  return value|
|gap_buf_V_1_address0  |  out|    7|   ap_memory|                       gap_buf_V_1|         array|
|gap_buf_V_1_ce0       |  out|    1|   ap_memory|                       gap_buf_V_1|         array|
|gap_buf_V_1_we0       |  out|    1|   ap_memory|                       gap_buf_V_1|         array|
|gap_buf_V_1_d0        |  out|   32|   ap_memory|                       gap_buf_V_1|         array|
|gap_buf_V_address0    |  out|    7|   ap_memory|                         gap_buf_V|         array|
|gap_buf_V_ce0         |  out|    1|   ap_memory|                         gap_buf_V|         array|
|gap_buf_V_we0         |  out|    1|   ap_memory|                         gap_buf_V|         array|
|gap_buf_V_d0          |  out|   32|   ap_memory|                         gap_buf_V|         array|
+----------------------+-----+-----+------------+----------------------------------+--------------+

