#-----------------------------------------------------------
# Vivado v2022.2 (64-bit)
# SW Build 3671981 on Fri Oct 14 05:00:03 MDT 2022
# IP Build 3669848 on Fri Oct 14 08:30:02 MDT 2022
# Start of session at: Sat Apr  4 11:01:33 2026
# Process ID: 1908
# Current directory: C:/ecg_hls/ecg_classifier_ip/solution1/impl/ip
# Command line: vivado.exe -notrace -mode batch -source run_ippack.tcl
# Log file: C:/ecg_hls/ecg_classifier_ip/solution1/impl/ip/vivado.log
# Journal file: C:/ecg_hls/ecg_classifier_ip/solution1/impl/ip\vivado.jou
# Running On: DESKTOP-PN7JN6O, OS: Windows, CPU Frequency: 2096 MHz, CPU Physical cores: 12, Host memory: 16483 MB
#-----------------------------------------------------------
source run_ippack.tcl -notrace
create_project: Time (s): cpu = 00:00:08 ; elapsed = 00:00:13 . Memory (MB): peak = 394.723 ; gain = 61.410
INFO: [IP_Flow 19-234] Refreshing IP repositories
INFO: [IP_Flow 19-1704] No user IP repositories specified
INFO: [IP_Flow 19-2313] Loaded Vivado IP repository 'C:/Xilinx/Vivado/2022.2/data/ip'.
WARNING: [IP_Flow 19-4832] The IP name 'ecg_classifier_fadd_32ns_32ns_32_4_full_dsp_1_ip' you have specified is long. The Windows operating system has path length limitations. It is recommended you use shorter names to reduce the likelihood of issues.
create_ip: Time (s): cpu = 00:00:04 ; elapsed = 00:00:07 . Memory (MB): peak = 437.039 ; gain = 42.316
INFO: [IP_Flow 19-1686] Generating 'Synthesis' target for IP 'ecg_classifier_fadd_32ns_32ns_32_4_full_dsp_1_ip'...
INFO: [IP_Flow 19-1686] Generating 'Simulation' target for IP 'ecg_classifier_fadd_32ns_32ns_32_4_full_dsp_1_ip'...
WARNING: [IP_Flow 19-4832] The IP name 'ecg_classifier_fcmp_32ns_32ns_1_2_no_dsp_1_ip' you have specified is long. The Windows operating system has path length limitations. It is recommended you use shorter names to reduce the likelihood of issues.
INFO: [IP_Flow 19-1686] Generating 'Synthesis' target for IP 'ecg_classifier_fcmp_32ns_32ns_1_2_no_dsp_1_ip'...
INFO: [IP_Flow 19-1686] Generating 'Simulation' target for IP 'ecg_classifier_fcmp_32ns_32ns_1_2_no_dsp_1_ip'...
WARNING: [IP_Flow 19-4832] The IP name 'ecg_classifier_fdiv_32ns_32ns_32_10_no_dsp_1_ip' you have specified is long. The Windows operating system has path length limitations. It is recommended you use shorter names to reduce the likelihood of issues.
INFO: [IP_Flow 19-1686] Generating 'Synthesis' target for IP 'ecg_classifier_fdiv_32ns_32ns_32_10_no_dsp_1_ip'...
INFO: [IP_Flow 19-1686] Generating 'Simulation' target for IP 'ecg_classifier_fdiv_32ns_32ns_32_10_no_dsp_1_ip'...
WARNING: [IP_Flow 19-4832] The IP name 'ecg_classifier_fexp_32ns_32ns_32_8_full_dsp_1_ip' you have specified is long. The Windows operating system has path length limitations. It is recommended you use shorter names to reduce the likelihood of issues.
INFO: [IP_Flow 19-1686] Generating 'Synthesis' target for IP 'ecg_classifier_fexp_32ns_32ns_32_8_full_dsp_1_ip'...
INFO: [IP_Flow 19-1686] Generating 'Simulation' target for IP 'ecg_classifier_fexp_32ns_32ns_32_8_full_dsp_1_ip'...
WARNING: [IP_Flow 19-4832] The IP name 'ecg_classifier_fpext_32ns_64_2_no_dsp_1_ip' you have specified is long. The Windows operating system has path length limitations. It is recommended you use shorter names to reduce the likelihood of issues.
INFO: [IP_Flow 19-1686] Generating 'Synthesis' target for IP 'ecg_classifier_fpext_32ns_64_2_no_dsp_1_ip'...
INFO: [IP_Flow 19-1686] Generating 'Simulation' target for IP 'ecg_classifier_fpext_32ns_64_2_no_dsp_1_ip'...
WARNING: [IP_Flow 19-4832] The IP name 'ecg_classifier_fsqrt_32ns_32ns_32_10_no_dsp_1_ip' you have specified is long. The Windows operating system has path length limitations. It is recommended you use shorter names to reduce the likelihood of issues.
INFO: [IP_Flow 19-1686] Generating 'Synthesis' target for IP 'ecg_classifier_fsqrt_32ns_32ns_32_10_no_dsp_1_ip'...
INFO: [IP_Flow 19-1686] Generating 'Simulation' target for IP 'ecg_classifier_fsqrt_32ns_32ns_32_10_no_dsp_1_ip'...
INFO: [IP_Flow 19-234] Refreshing IP repositories
INFO: [IP_Flow 19-1704] No user IP repositories specified
INFO: [IP_Flow 19-2313] Loaded Vivado IP repository 'C:/Xilinx/Vivado/2022.2/data/ip'.
INFO: [Common 17-206] Exiting Vivado at Sat Apr  4 11:02:46 2026...
