

================================================================
== Vitis HLS Report for 'conv_layer01234_fused_Pipeline_L3_IC_L3_K'
================================================================
* Date:           Sat Apr  4 09:58:36 2026

* Version:        2022.2 (Build 3670227 on Oct 13 2022)
* Project:        ecg_denoiser_ip
* Solution:       solution1 (Vivado IP Flow Target)
* Product family: zynq
* Target device:  xc7z030-sbg485-2


================================================================
== Performance Estimates
================================================================
+ Timing: 
    * Summary: 
    +--------+----------+----------+------------+
    |  Clock |  Target  | Estimated| Uncertainty|
    +--------+----------+----------+------------+
    |ap_clk  |  13.00 ns|  9.090 ns|     3.51 ns|
    +--------+----------+----------+------------+

+ Latency: 
    * Summary: 
    +---------+---------+----------+----------+-----+-----+---------+
    |  Latency (cycles) |  Latency (absolute) |  Interval | Pipeline|
    |   min   |   max   |    min   |    max   | min | max |   Type  |
    +---------+---------+----------+----------+-----+-----+---------+
    |      196|      196|  2.548 us|  2.548 us|  196|  196|       no|
    +---------+---------+----------+----------+-----+-----+---------+

    + Detail: 
        * Instance: 
        N/A

        * Loop: 
        +--------------+---------+---------+----------+-----------+-----------+------+----------+
        |              |  Latency (cycles) | Iteration|  Initiation Interval  | Trip |          |
        |   Loop Name  |   min   |   max   |  Latency |  achieved |   target  | Count| Pipelined|
        +--------------+---------+---------+----------+-----------+-----------+------+----------+
        |- L3_IC_L3_K  |      194|      194|         4|          1|          1|   192|       yes|
        +--------------+---------+---------+----------+-----------+-----------+------+----------+

============================================================
+ Verbose Summary: Synthesis Manager
============================================================
InlineROM: 1
ExposeGlobal: 0
============================================================
+ Verbose Summary: CDFG Model
============================================================
IsTopModel: 0
ResetActiveHigh: 1
IsCombinational: 0
IsDatapathOnly: 0
HasWiredReturn: 1
HasMFsm: 2
HasVarLatency: 1
IsPipeline: 0
IsRtlPipelined: 0
IsInstanceOverlapped: 0
IsDontTouch: 0
HasImplIP: 0
IsGatedGlobalClock: 0

+ Individual pipeline summary: 
  * Pipeline-0: initiation interval (II) = 1, depth = 4


============================================================
+ Verbose Summary: Schedule
============================================================
* Number of FSM states : 4
* Pipeline : 1
  Pipeline-0 : II = 1, D = 4, States = { 1 2 3 4 }
* Dataflow Pipeline: 0

* FSM state transitions: 
1 --> 2 
2 --> 3 
3 --> 4 
4 --> 

* FSM state operations: 

State 1 <SV = 0> <Delay = 3.42>
ST_1 : Operation 7 [1/1] (0.00ns)   --->   "%phi_ln818_5 = alloca i32 1"   --->   Operation 7 'alloca' 'phi_ln818_5' <Predicate = true> <Delay = 0.00>
ST_1 : Operation 8 [1/1] (0.00ns)   --->   "%phi_ln818_4 = alloca i32 1"   --->   Operation 8 'alloca' 'phi_ln818_4' <Predicate = true> <Delay = 0.00>
ST_1 : Operation 9 [1/1] (0.00ns)   --->   "%lhs = alloca i32 1"   --->   Operation 9 'alloca' 'lhs' <Predicate = true> <Delay = 0.00>
ST_1 : Operation 10 [1/1] (0.00ns)   --->   "%lhs_V = alloca i32 1"   --->   Operation 10 'alloca' 'lhs_V' <Predicate = true> <Delay = 0.00>
ST_1 : Operation 11 [1/1] (0.00ns)   --->   "%k = alloca i32 1"   --->   Operation 11 'alloca' 'k' <Predicate = true> <Delay = 0.00>
ST_1 : Operation 12 [1/1] (0.00ns)   --->   "%ic = alloca i32 1"   --->   Operation 12 'alloca' 'ic' <Predicate = true> <Delay = 0.00>
ST_1 : Operation 13 [1/1] (0.00ns)   --->   "%indvar_flatten47 = alloca i32 1"   --->   Operation 13 'alloca' 'indvar_flatten47' <Predicate = true> <Delay = 0.00>
ST_1 : Operation 14 [1/1] (0.00ns)   --->   "%zext_ln837_5_read = read i11 @_ssdm_op_Read.ap_auto.i11, i11 %zext_ln837_5"   --->   Operation 14 'read' 'zext_ln837_5_read' <Predicate = true> <Delay = 0.00>
ST_1 : Operation 15 [1/1] (0.00ns)   --->   "%oc_base_2_read = read i5 @_ssdm_op_Read.ap_auto.i5, i5 %oc_base_2"   --->   Operation 15 'read' 'oc_base_2_read' <Predicate = true> <Delay = 0.00>
ST_1 : Operation 16 [1/1] (0.00ns)   --->   "%sext_ln177_read = read i25 @_ssdm_op_Read.ap_auto.i25, i25 %sext_ln177"   --->   Operation 16 'read' 'sext_ln177_read' <Predicate = true> <Delay = 0.00>
ST_1 : Operation 17 [1/1] (0.00ns)   --->   "%sext_ln178_read = read i25 @_ssdm_op_Read.ap_auto.i25, i25 %sext_ln178"   --->   Operation 17 'read' 'sext_ln178_read' <Predicate = true> <Delay = 0.00>
ST_1 : Operation 18 [1/1] (0.00ns)   --->   "%sext_ln177_cast = sext i25 %sext_ln177_read"   --->   Operation 18 'sext' 'sext_ln177_cast' <Predicate = true> <Delay = 0.00>
ST_1 : Operation 19 [1/1] (0.00ns)   --->   "%sext_ln178_cast = sext i25 %sext_ln178_read"   --->   Operation 19 'sext' 'sext_ln178_cast' <Predicate = true> <Delay = 0.00>
ST_1 : Operation 20 [1/1] (0.00ns)   --->   "%zext_ln837_5_cast = zext i11 %zext_ln837_5_read"   --->   Operation 20 'zext' 'zext_ln837_5_cast' <Predicate = true> <Delay = 0.00>
ST_1 : Operation 21 [1/1] (0.00ns)   --->   "%specmemcore_ln0 = specmemcore void @_ssdm_op_SpecMemCore, i15 %denoiser_w_L3_W_V, i64 666, i64 39, i64 18446744073709551615"   --->   Operation 21 'specmemcore' 'specmemcore_ln0' <Predicate = true> <Delay = 0.00>
ST_1 : Operation 22 [1/1] (1.29ns)   --->   "%store_ln0 = store i8 0, i8 %indvar_flatten47"   --->   Operation 22 'store' 'store_ln0' <Predicate = true> <Delay = 1.29>
ST_1 : Operation 23 [1/1] (1.29ns)   --->   "%store_ln0 = store i7 0, i7 %ic"   --->   Operation 23 'store' 'store_ln0' <Predicate = true> <Delay = 1.29>
ST_1 : Operation 24 [1/1] (1.29ns)   --->   "%store_ln0 = store i2 0, i2 %k"   --->   Operation 24 'store' 'store_ln0' <Predicate = true> <Delay = 1.29>
ST_1 : Operation 25 [1/1] (1.29ns)   --->   "%store_ln0 = store i48 %sext_ln178_cast, i48 %lhs_V"   --->   Operation 25 'store' 'store_ln0' <Predicate = true> <Delay = 1.29>
ST_1 : Operation 26 [1/1] (1.29ns)   --->   "%store_ln0 = store i48 %sext_ln177_cast, i48 %lhs"   --->   Operation 26 'store' 'store_ln0' <Predicate = true> <Delay = 1.29>
ST_1 : Operation 27 [1/1] (1.29ns)   --->   "%store_ln0 = store i32 0, i32 %phi_ln818_4"   --->   Operation 27 'store' 'store_ln0' <Predicate = true> <Delay = 1.29>
ST_1 : Operation 28 [1/1] (1.29ns)   --->   "%store_ln0 = store i32 0, i32 %phi_ln818_5"   --->   Operation 28 'store' 'store_ln0' <Predicate = true> <Delay = 1.29>
ST_1 : Operation 29 [1/1] (0.00ns)   --->   "%br_ln0 = br void %for.body454"   --->   Operation 29 'br' 'br_ln0' <Predicate = true> <Delay = 0.00>
ST_1 : Operation 30 [1/1] (0.00ns)   --->   "%ic_2 = load i7 %ic"   --->   Operation 30 'load' 'ic_2' <Predicate = true> <Delay = 0.00>
ST_1 : Operation 31 [1/1] (0.00ns)   --->   "%indvar_flatten47_load = load i8 %indvar_flatten47" [src/ecg_denoiser.cpp:180]   --->   Operation 31 'load' 'indvar_flatten47_load' <Predicate = true> <Delay = 0.00>
ST_1 : Operation 32 [1/1] (0.00ns)   --->   "%tmp_9 = partselect i5 @_ssdm_op_PartSelect.i5.i7.i32.i32, i7 %ic_2, i32 1, i32 5"   --->   Operation 32 'partselect' 'tmp_9' <Predicate = true> <Delay = 0.00>
ST_1 : Operation 33 [1/1] (0.00ns)   --->   "%p_cast = zext i5 %tmp_9"   --->   Operation 33 'zext' 'p_cast' <Predicate = true> <Delay = 0.00>
ST_1 : Operation 34 [1/1] (0.00ns)   --->   "%empty = trunc i7 %ic_2"   --->   Operation 34 'trunc' 'empty' <Predicate = true> <Delay = 0.00>
ST_1 : Operation 35 [1/1] (0.00ns)   --->   "%win23_V_2_addr = getelementptr i31 %win23_V_2, i64 0, i64 %p_cast"   --->   Operation 35 'getelementptr' 'win23_V_2_addr' <Predicate = true> <Delay = 0.00>
ST_1 : Operation 36 [2/2] (1.75ns)   --->   "%win23_V_2_load = load i5 %win23_V_2_addr"   --->   Operation 36 'load' 'win23_V_2_load' <Predicate = true> <Delay = 1.75> <CoreInst = "RAM">   --->   Core 82 'RAM' <Latency = 1> <II = 1> <Delay = 1.75> <Storage> <Opcode : 'load' 'store'> <Ports = 2> <Width = 31> <Depth = 32> <RAM>
ST_1 : Operation 37 [1/1] (0.00ns)   --->   "%win23_V_3_addr = getelementptr i31 %win23_V_3, i64 0, i64 %p_cast"   --->   Operation 37 'getelementptr' 'win23_V_3_addr' <Predicate = true> <Delay = 0.00>
ST_1 : Operation 38 [2/2] (1.75ns)   --->   "%win23_V_3_load = load i5 %win23_V_3_addr"   --->   Operation 38 'load' 'win23_V_3_load' <Predicate = true> <Delay = 1.75> <CoreInst = "RAM">   --->   Core 82 'RAM' <Latency = 1> <II = 1> <Delay = 1.75> <Storage> <Opcode : 'load' 'store'> <Ports = 2> <Width = 31> <Depth = 32> <RAM>
ST_1 : Operation 39 [1/1] (0.00ns)   --->   "%win23_V_4_addr = getelementptr i31 %win23_V_4, i64 0, i64 %p_cast"   --->   Operation 39 'getelementptr' 'win23_V_4_addr' <Predicate = true> <Delay = 0.00>
ST_1 : Operation 40 [2/2] (1.75ns)   --->   "%win23_V_4_load = load i5 %win23_V_4_addr"   --->   Operation 40 'load' 'win23_V_4_load' <Predicate = true> <Delay = 1.75> <CoreInst = "RAM">   --->   Core 82 'RAM' <Latency = 1> <II = 1> <Delay = 1.75> <Storage> <Opcode : 'load' 'store'> <Ports = 2> <Width = 31> <Depth = 32> <RAM>
ST_1 : Operation 41 [1/1] (0.00ns)   --->   "%win23_V_5_addr = getelementptr i31 %win23_V_5, i64 0, i64 %p_cast"   --->   Operation 41 'getelementptr' 'win23_V_5_addr' <Predicate = true> <Delay = 0.00>
ST_1 : Operation 42 [2/2] (1.75ns)   --->   "%win23_V_5_load = load i5 %win23_V_5_addr"   --->   Operation 42 'load' 'win23_V_5_load' <Predicate = true> <Delay = 1.75> <CoreInst = "RAM">   --->   Core 82 'RAM' <Latency = 1> <II = 1> <Delay = 1.75> <Storage> <Opcode : 'load' 'store'> <Ports = 2> <Width = 31> <Depth = 32> <RAM>
ST_1 : Operation 43 [1/1] (1.31ns)   --->   "%icmp_ln180 = icmp_eq  i8 %indvar_flatten47_load, i8 192" [src/ecg_denoiser.cpp:180]   --->   Operation 43 'icmp' 'icmp_ln180' <Predicate = true> <Delay = 1.31> <CoreInst = "Cmp">   --->   Core 9 'Cmp' <Latency = 0> <II = 1> <Delay = 1.31> <FuncUnit> <Opcode : 'icmp'> <InPorts = 2> <OutPorts = 1>
ST_1 : Operation 44 [1/1] (1.30ns)   --->   "%add_ln180_1 = add i8 %indvar_flatten47_load, i8 1" [src/ecg_denoiser.cpp:180]   --->   Operation 44 'add' 'add_ln180_1' <Predicate = true> <Delay = 1.30> <CoreInst = "Adder">   --->   Core 1 'Adder' <Latency = 0> <II = 1> <Delay = 1.30> <FuncUnit> <Opcode : 'add' 'sub'> <InPorts = 2> <OutPorts = 1>
ST_1 : Operation 45 [1/1] (0.00ns)   --->   "%br_ln180 = br i1 %icmp_ln180, void %for.inc485, void %for.end487.exitStub" [src/ecg_denoiser.cpp:180]   --->   Operation 45 'br' 'br_ln180' <Predicate = true> <Delay = 0.00>
ST_1 : Operation 46 [1/1] (0.00ns)   --->   "%k_load = load i2 %k" [src/ecg_denoiser.cpp:182]   --->   Operation 46 'load' 'k_load' <Predicate = (!icmp_ln180)> <Delay = 0.00>
ST_1 : Operation 47 [1/1] (1.31ns)   --->   "%add_ln180 = add i7 %ic_2, i7 1" [src/ecg_denoiser.cpp:180]   --->   Operation 47 'add' 'add_ln180' <Predicate = (!icmp_ln180)> <Delay = 1.31> <CoreInst = "Adder">   --->   Core 1 'Adder' <Latency = 0> <II = 1> <Delay = 1.31> <FuncUnit> <Opcode : 'add' 'sub'> <InPorts = 2> <OutPorts = 1>
ST_1 : Operation 48 [1/1] (0.50ns)   --->   "%icmp_ln182 = icmp_eq  i2 %k_load, i2 3" [src/ecg_denoiser.cpp:182]   --->   Operation 48 'icmp' 'icmp_ln182' <Predicate = (!icmp_ln180)> <Delay = 0.50> <CoreInst = "Cmp">   --->   Core 9 'Cmp' <Latency = 0> <II = 1> <Delay = 0.50> <FuncUnit> <Opcode : 'icmp'> <InPorts = 2> <OutPorts = 1>
ST_1 : Operation 49 [1/1] (0.81ns)   --->   "%select_ln180 = select i1 %icmp_ln182, i2 0, i2 %k_load" [src/ecg_denoiser.cpp:180]   --->   Operation 49 'select' 'select_ln180' <Predicate = (!icmp_ln180)> <Delay = 0.81> <CoreInst = "Sel">   --->   Core 73 'Sel' <Latency = 0> <II = 1> <Delay = 0.81> <FuncUnit> <Opcode : 'select'> <InPorts = 3> <OutPorts = 1>
ST_1 : Operation 50 [1/1] (0.80ns)   --->   "%select_ln180_1 = select i1 %icmp_ln182, i7 %add_ln180, i7 %ic_2" [src/ecg_denoiser.cpp:180]   --->   Operation 50 'select' 'select_ln180_1' <Predicate = (!icmp_ln180)> <Delay = 0.80> <CoreInst = "Sel">   --->   Core 73 'Sel' <Latency = 0> <II = 1> <Delay = 0.80> <FuncUnit> <Opcode : 'select'> <InPorts = 3> <OutPorts = 1>
ST_1 : Operation 51 [1/1] (0.00ns)   --->   "%p_mid = partselect i5 @_ssdm_op_PartSelect.i5.i7.i32.i32, i7 %add_ln180, i32 1, i32 5" [src/ecg_denoiser.cpp:180]   --->   Operation 51 'partselect' 'p_mid' <Predicate = (!icmp_ln180)> <Delay = 0.00>
ST_1 : Operation 52 [1/1] (0.00ns)   --->   "%p_cast_mid1 = zext i5 %p_mid" [src/ecg_denoiser.cpp:180]   --->   Operation 52 'zext' 'p_cast_mid1' <Predicate = (!icmp_ln180)> <Delay = 0.00>
ST_1 : Operation 53 [1/1] (0.00ns)   --->   "%empty_56 = trunc i7 %add_ln180" [src/ecg_denoiser.cpp:180]   --->   Operation 53 'trunc' 'empty_56' <Predicate = (!icmp_ln180)> <Delay = 0.00>
ST_1 : Operation 54 [1/1] (0.00ns)   --->   "%win23_V_2_addr_1 = getelementptr i31 %win23_V_2, i64 0, i64 %p_cast_mid1" [src/ecg_denoiser.cpp:180]   --->   Operation 54 'getelementptr' 'win23_V_2_addr_1' <Predicate = (!icmp_ln180)> <Delay = 0.00>
ST_1 : Operation 55 [2/2] (1.75ns)   --->   "%win23_V_2_load_1 = load i5 %win23_V_2_addr_1" [src/ecg_denoiser.cpp:180]   --->   Operation 55 'load' 'win23_V_2_load_1' <Predicate = (!icmp_ln180)> <Delay = 1.75> <CoreInst = "RAM">   --->   Core 82 'RAM' <Latency = 1> <II = 1> <Delay = 1.75> <Storage> <Opcode : 'load' 'store'> <Ports = 2> <Width = 31> <Depth = 32> <RAM>
ST_1 : Operation 56 [1/1] (0.00ns)   --->   "%win23_V_3_addr_1 = getelementptr i31 %win23_V_3, i64 0, i64 %p_cast_mid1" [src/ecg_denoiser.cpp:180]   --->   Operation 56 'getelementptr' 'win23_V_3_addr_1' <Predicate = (!icmp_ln180)> <Delay = 0.00>
ST_1 : Operation 57 [2/2] (1.75ns)   --->   "%win23_V_3_load_1 = load i5 %win23_V_3_addr_1" [src/ecg_denoiser.cpp:180]   --->   Operation 57 'load' 'win23_V_3_load_1' <Predicate = (!icmp_ln180)> <Delay = 1.75> <CoreInst = "RAM">   --->   Core 82 'RAM' <Latency = 1> <II = 1> <Delay = 1.75> <Storage> <Opcode : 'load' 'store'> <Ports = 2> <Width = 31> <Depth = 32> <RAM>
ST_1 : Operation 58 [1/1] (0.00ns)   --->   "%win23_V_4_addr_1 = getelementptr i31 %win23_V_4, i64 0, i64 %p_cast_mid1" [src/ecg_denoiser.cpp:180]   --->   Operation 58 'getelementptr' 'win23_V_4_addr_1' <Predicate = (!icmp_ln180)> <Delay = 0.00>
ST_1 : Operation 59 [2/2] (1.75ns)   --->   "%win23_V_4_load_1 = load i5 %win23_V_4_addr_1" [src/ecg_denoiser.cpp:180]   --->   Operation 59 'load' 'win23_V_4_load_1' <Predicate = (!icmp_ln180)> <Delay = 1.75> <CoreInst = "RAM">   --->   Core 82 'RAM' <Latency = 1> <II = 1> <Delay = 1.75> <Storage> <Opcode : 'load' 'store'> <Ports = 2> <Width = 31> <Depth = 32> <RAM>
ST_1 : Operation 60 [1/1] (0.00ns)   --->   "%win23_V_5_addr_1 = getelementptr i31 %win23_V_5, i64 0, i64 %p_cast_mid1" [src/ecg_denoiser.cpp:180]   --->   Operation 60 'getelementptr' 'win23_V_5_addr_1' <Predicate = (!icmp_ln180)> <Delay = 0.00>
ST_1 : Operation 61 [2/2] (1.75ns)   --->   "%win23_V_5_load_1 = load i5 %win23_V_5_addr_1" [src/ecg_denoiser.cpp:180]   --->   Operation 61 'load' 'win23_V_5_load_1' <Predicate = (!icmp_ln180)> <Delay = 1.75> <CoreInst = "RAM">   --->   Core 82 'RAM' <Latency = 1> <II = 1> <Delay = 1.75> <Storage> <Opcode : 'load' 'store'> <Ports = 2> <Width = 31> <Depth = 32> <RAM>
ST_1 : Operation 62 [1/1] (0.63ns)   --->   "%add_ln182 = add i2 %select_ln180, i2 1" [src/ecg_denoiser.cpp:182]   --->   Operation 62 'add' 'add_ln182' <Predicate = (!icmp_ln180)> <Delay = 0.63> <CoreInst = "Adder">   --->   Core 1 'Adder' <Latency = 0> <II = 1> <Delay = 0.63> <FuncUnit> <Opcode : 'add' 'sub'> <InPorts = 2> <OutPorts = 1>
ST_1 : Operation 63 [1/1] (1.29ns)   --->   "%store_ln182 = store i8 %add_ln180_1, i8 %indvar_flatten47" [src/ecg_denoiser.cpp:182]   --->   Operation 63 'store' 'store_ln182' <Predicate = (!icmp_ln180)> <Delay = 1.29>
ST_1 : Operation 64 [1/1] (1.29ns)   --->   "%store_ln182 = store i7 %select_ln180_1, i7 %ic" [src/ecg_denoiser.cpp:182]   --->   Operation 64 'store' 'store_ln182' <Predicate = (!icmp_ln180)> <Delay = 1.29>
ST_1 : Operation 65 [1/1] (1.29ns)   --->   "%store_ln182 = store i2 %add_ln182, i2 %k" [src/ecg_denoiser.cpp:182]   --->   Operation 65 'store' 'store_ln182' <Predicate = (!icmp_ln180)> <Delay = 1.29>

State 2 <SV = 1> <Delay = 6.34>
ST_2 : Operation 66 [1/1] (1.29ns)   --->   "%tmp = mux i31 @_ssdm_op_Mux.ap_auto.2i31.i1, i31 0, i31 0, i1 %empty" [src/ecg_denoiser.cpp:184]   --->   Operation 66 'mux' 'tmp' <Predicate = (!icmp_ln182)> <Delay = 1.29> <CoreInst = "Multiplexer">   --->   Core 76 'Multiplexer' <Latency = 0> <II = 1> <Delay = 1.29> <FuncUnit> <Opcode : 'mux'> <InPorts = 2> <OutPorts = 1>
ST_2 : Operation 67 [1/2] (1.75ns)   --->   "%win23_V_2_load = load i5 %win23_V_2_addr"   --->   Operation 67 'load' 'win23_V_2_load' <Predicate = true> <Delay = 1.75> <CoreInst = "RAM">   --->   Core 82 'RAM' <Latency = 1> <II = 1> <Delay = 1.75> <Storage> <Opcode : 'load' 'store'> <Ports = 2> <Width = 31> <Depth = 32> <RAM>
ST_2 : Operation 68 [1/2] (1.75ns)   --->   "%win23_V_3_load = load i5 %win23_V_3_addr"   --->   Operation 68 'load' 'win23_V_3_load' <Predicate = true> <Delay = 1.75> <CoreInst = "RAM">   --->   Core 82 'RAM' <Latency = 1> <II = 1> <Delay = 1.75> <Storage> <Opcode : 'load' 'store'> <Ports = 2> <Width = 31> <Depth = 32> <RAM>
ST_2 : Operation 69 [1/1] (1.29ns)   --->   "%tmp_s = mux i31 @_ssdm_op_Mux.ap_auto.2i31.i1, i31 %win23_V_2_load, i31 %win23_V_3_load, i1 %empty" [src/ecg_denoiser.cpp:184]   --->   Operation 69 'mux' 'tmp_s' <Predicate = (!icmp_ln182)> <Delay = 1.29> <CoreInst = "Multiplexer">   --->   Core 76 'Multiplexer' <Latency = 0> <II = 1> <Delay = 1.29> <FuncUnit> <Opcode : 'mux'> <InPorts = 2> <OutPorts = 1>
ST_2 : Operation 70 [1/2] (1.75ns)   --->   "%win23_V_4_load = load i5 %win23_V_4_addr"   --->   Operation 70 'load' 'win23_V_4_load' <Predicate = true> <Delay = 1.75> <CoreInst = "RAM">   --->   Core 82 'RAM' <Latency = 1> <II = 1> <Delay = 1.75> <Storage> <Opcode : 'load' 'store'> <Ports = 2> <Width = 31> <Depth = 32> <RAM>
ST_2 : Operation 71 [1/2] (1.75ns)   --->   "%win23_V_5_load = load i5 %win23_V_5_addr"   --->   Operation 71 'load' 'win23_V_5_load' <Predicate = true> <Delay = 1.75> <CoreInst = "RAM">   --->   Core 82 'RAM' <Latency = 1> <II = 1> <Delay = 1.75> <Storage> <Opcode : 'load' 'store'> <Ports = 2> <Width = 31> <Depth = 32> <RAM>
ST_2 : Operation 72 [1/1] (1.29ns)   --->   "%tmp_10 = mux i31 @_ssdm_op_Mux.ap_auto.2i31.i1, i31 %win23_V_4_load, i31 %win23_V_5_load, i1 %empty" [src/ecg_denoiser.cpp:184]   --->   Operation 72 'mux' 'tmp_10' <Predicate = (!icmp_ln182)> <Delay = 1.29> <CoreInst = "Multiplexer">   --->   Core 76 'Multiplexer' <Latency = 0> <II = 1> <Delay = 1.29> <FuncUnit> <Opcode : 'mux'> <InPorts = 2> <OutPorts = 1>
ST_2 : Operation 73 [1/1] (0.00ns)   --->   "%zext_ln837 = zext i7 %select_ln180_1"   --->   Operation 73 'zext' 'zext_ln837' <Predicate = (!icmp_ln180)> <Delay = 0.00>
ST_2 : Operation 74 [1/1] (0.00ns)   --->   "%tmp_11 = partselect i4 @_ssdm_op_PartSelect.i4.i5.i32.i32, i5 %oc_base_2_read, i32 1, i32 4"   --->   Operation 74 'partselect' 'tmp_11' <Predicate = (!icmp_ln180)> <Delay = 0.00>
ST_2 : Operation 75 [1/1] (0.00ns)   --->   "%tmp_12 = bitconcatenate i11 @_ssdm_op_BitConcatenate.i11.i4.i7, i4 %tmp_11, i7 %select_ln180_1"   --->   Operation 75 'bitconcatenate' 'tmp_12' <Predicate = (!icmp_ln180)> <Delay = 0.00>
ST_2 : Operation 76 [1/1] (0.00ns)   --->   "%zext_ln837_3 = zext i11 %tmp_12"   --->   Operation 76 'zext' 'zext_ln837_3' <Predicate = (!icmp_ln180)> <Delay = 0.00>
ST_2 : Operation 77 [1/1] (0.00ns)   --->   "%tmp_13 = bitconcatenate i13 @_ssdm_op_BitConcatenate.i13.i4.i7.i2, i4 %tmp_11, i7 %select_ln180_1, i2 0"   --->   Operation 77 'bitconcatenate' 'tmp_13' <Predicate = (!icmp_ln180)> <Delay = 0.00>
ST_2 : Operation 78 [1/1] (0.00ns) (grouped into TernaryAdder)   --->   "%sub_ln837 = sub i13 %tmp_13, i13 %zext_ln837_3"   --->   Operation 78 'sub' 'sub_ln837' <Predicate = (!icmp_ln180)> <Delay = 0.00> <CoreInst = "TAddSub">   --->   Core 10 'TAddSub' <Latency = 0> <II = 1> <Delay = 1.55> <IPBlock> <Opcode : 'add' 'sub'> <InPorts = 3> <OutPorts = 1> <Sync> <CReg>
ST_2 : Operation 79 [1/1] (1.48ns)   --->   "%add_ln837 = add i12 %zext_ln837_5_cast, i12 %zext_ln837"   --->   Operation 79 'add' 'add_ln837' <Predicate = (!icmp_ln180)> <Delay = 1.48> <CoreInst = "Adder">   --->   Core 1 'Adder' <Latency = 0> <II = 1> <Delay = 1.48> <FuncUnit> <Opcode : 'add' 'sub'> <InPorts = 2> <OutPorts = 1>
ST_2 : Operation 80 [1/1] (0.00ns)   --->   "%zext_ln837_4 = zext i12 %add_ln837"   --->   Operation 80 'zext' 'zext_ln837_4' <Predicate = (!icmp_ln180)> <Delay = 0.00>
ST_2 : Operation 81 [1/1] (0.00ns)   --->   "%trunc_ln837 = trunc i12 %add_ln837"   --->   Operation 81 'trunc' 'trunc_ln837' <Predicate = (!icmp_ln180)> <Delay = 0.00>
ST_2 : Operation 82 [1/1] (0.00ns)   --->   "%p_shl4 = bitconcatenate i13 @_ssdm_op_BitConcatenate.i13.i11.i2, i11 %trunc_ln837, i2 0"   --->   Operation 82 'bitconcatenate' 'p_shl4' <Predicate = (!icmp_ln180)> <Delay = 0.00>
ST_2 : Operation 83 [1/1] (0.00ns) (grouped into TernaryAdder)   --->   "%sub_ln837_1 = sub i13 %p_shl4, i13 %zext_ln837_4"   --->   Operation 83 'sub' 'sub_ln837_1' <Predicate = (!icmp_ln180)> <Delay = 0.00> <CoreInst = "TAddSub">   --->   Core 10 'TAddSub' <Latency = 0> <II = 1> <Delay = 1.55> <IPBlock> <Opcode : 'add' 'sub'> <InPorts = 3> <OutPorts = 1> <Sync> <CReg>
ST_2 : Operation 84 [1/1] (0.00ns) (grouped into LUT with out node select_ln180_2)   --->   "%tmp_mid1 = mux i31 @_ssdm_op_Mux.ap_auto.2i31.i1, i31 0, i31 0, i1 %empty_56" [src/ecg_denoiser.cpp:184]   --->   Operation 84 'mux' 'tmp_mid1' <Predicate = (!icmp_ln180 & icmp_ln182)> <Delay = 0.00> <CoreInst = "Multiplexer">   --->   Core 76 'Multiplexer' <Latency = 0> <II = 1> <Delay = 1.29> <FuncUnit> <Opcode : 'mux'> <InPorts = 2> <OutPorts = 1>
ST_2 : Operation 85 [1/1] (1.29ns) (out node of the LUT)   --->   "%select_ln180_2 = select i1 %icmp_ln182, i31 %tmp_mid1, i31 %tmp" [src/ecg_denoiser.cpp:180]   --->   Operation 85 'select' 'select_ln180_2' <Predicate = (!icmp_ln180)> <Delay = 1.29> <CoreInst = "Sel">   --->   Core 73 'Sel' <Latency = 0> <II = 1> <Delay = 0.71> <FuncUnit> <Opcode : 'select'> <InPorts = 3> <OutPorts = 1>
ST_2 : Operation 86 [1/2] (1.75ns)   --->   "%win23_V_2_load_1 = load i5 %win23_V_2_addr_1" [src/ecg_denoiser.cpp:180]   --->   Operation 86 'load' 'win23_V_2_load_1' <Predicate = (!icmp_ln180)> <Delay = 1.75> <CoreInst = "RAM">   --->   Core 82 'RAM' <Latency = 1> <II = 1> <Delay = 1.75> <Storage> <Opcode : 'load' 'store'> <Ports = 2> <Width = 31> <Depth = 32> <RAM>
ST_2 : Operation 87 [1/2] (1.75ns)   --->   "%win23_V_3_load_1 = load i5 %win23_V_3_addr_1" [src/ecg_denoiser.cpp:180]   --->   Operation 87 'load' 'win23_V_3_load_1' <Predicate = (!icmp_ln180)> <Delay = 1.75> <CoreInst = "RAM">   --->   Core 82 'RAM' <Latency = 1> <II = 1> <Delay = 1.75> <Storage> <Opcode : 'load' 'store'> <Ports = 2> <Width = 31> <Depth = 32> <RAM>
ST_2 : Operation 88 [1/1] (1.29ns)   --->   "%tmp_10_mid1 = mux i31 @_ssdm_op_Mux.ap_auto.2i31.i1, i31 %win23_V_2_load_1, i31 %win23_V_3_load_1, i1 %empty_56" [src/ecg_denoiser.cpp:184]   --->   Operation 88 'mux' 'tmp_10_mid1' <Predicate = (!icmp_ln180 & icmp_ln182)> <Delay = 1.29> <CoreInst = "Multiplexer">   --->   Core 76 'Multiplexer' <Latency = 0> <II = 1> <Delay = 1.29> <FuncUnit> <Opcode : 'mux'> <InPorts = 2> <OutPorts = 1>
ST_2 : Operation 89 [1/1] (0.71ns)   --->   "%select_ln180_3 = select i1 %icmp_ln182, i31 %tmp_10_mid1, i31 %tmp_s" [src/ecg_denoiser.cpp:180]   --->   Operation 89 'select' 'select_ln180_3' <Predicate = (!icmp_ln180)> <Delay = 0.71> <CoreInst = "Sel">   --->   Core 73 'Sel' <Latency = 0> <II = 1> <Delay = 0.71> <FuncUnit> <Opcode : 'select'> <InPorts = 3> <OutPorts = 1>
ST_2 : Operation 90 [1/2] (1.75ns)   --->   "%win23_V_4_load_1 = load i5 %win23_V_4_addr_1" [src/ecg_denoiser.cpp:180]   --->   Operation 90 'load' 'win23_V_4_load_1' <Predicate = (!icmp_ln180)> <Delay = 1.75> <CoreInst = "RAM">   --->   Core 82 'RAM' <Latency = 1> <II = 1> <Delay = 1.75> <Storage> <Opcode : 'load' 'store'> <Ports = 2> <Width = 31> <Depth = 32> <RAM>
ST_2 : Operation 91 [1/2] (1.75ns)   --->   "%win23_V_5_load_1 = load i5 %win23_V_5_addr_1" [src/ecg_denoiser.cpp:180]   --->   Operation 91 'load' 'win23_V_5_load_1' <Predicate = (!icmp_ln180)> <Delay = 1.75> <CoreInst = "RAM">   --->   Core 82 'RAM' <Latency = 1> <II = 1> <Delay = 1.75> <Storage> <Opcode : 'load' 'store'> <Ports = 2> <Width = 31> <Depth = 32> <RAM>
ST_2 : Operation 92 [1/1] (1.29ns)   --->   "%tmp_11_mid1 = mux i31 @_ssdm_op_Mux.ap_auto.2i31.i1, i31 %win23_V_4_load_1, i31 %win23_V_5_load_1, i1 %empty_56" [src/ecg_denoiser.cpp:184]   --->   Operation 92 'mux' 'tmp_11_mid1' <Predicate = (!icmp_ln180 & icmp_ln182)> <Delay = 1.29> <CoreInst = "Multiplexer">   --->   Core 76 'Multiplexer' <Latency = 0> <II = 1> <Delay = 1.29> <FuncUnit> <Opcode : 'mux'> <InPorts = 2> <OutPorts = 1>
ST_2 : Operation 93 [1/1] (0.71ns)   --->   "%select_ln180_4 = select i1 %icmp_ln182, i31 %tmp_11_mid1, i31 %tmp_10" [src/ecg_denoiser.cpp:180]   --->   Operation 93 'select' 'select_ln180_4' <Predicate = (!icmp_ln180)> <Delay = 0.71> <CoreInst = "Sel">   --->   Core 73 'Sel' <Latency = 0> <II = 1> <Delay = 0.71> <FuncUnit> <Opcode : 'select'> <InPorts = 3> <OutPorts = 1>
ST_2 : Operation 94 [1/1] (0.00ns)   --->   "%zext_ln837_6 = zext i2 %select_ln180"   --->   Operation 94 'zext' 'zext_ln837_6' <Predicate = (!icmp_ln180)> <Delay = 0.00>
ST_2 : Operation 95 [1/1] (3.10ns) (root node of TernaryAdder)   --->   "%add_ln837_1 = add i13 %sub_ln837, i13 %zext_ln837_6"   --->   Operation 95 'add' 'add_ln837_1' <Predicate = (!icmp_ln180)> <Delay = 3.10> <CoreInst = "TAddSub">   --->   Core 10 'TAddSub' <Latency = 0> <II = 1> <Delay = 1.55> <IPBlock> <Opcode : 'add' 'sub'> <InPorts = 3> <OutPorts = 1> <Sync> <CReg>
ST_2 : Operation 96 [1/1] (0.00ns)   --->   "%zext_ln837_7 = zext i13 %add_ln837_1"   --->   Operation 96 'zext' 'zext_ln837_7' <Predicate = (!icmp_ln180)> <Delay = 0.00>
ST_2 : Operation 97 [1/1] (0.00ns)   --->   "%denoiser_w_L3_W_V_addr = getelementptr i15 %denoiser_w_L3_W_V, i64 0, i64 %zext_ln837_7"   --->   Operation 97 'getelementptr' 'denoiser_w_L3_W_V_addr' <Predicate = (!icmp_ln180)> <Delay = 0.00>
ST_2 : Operation 98 [1/1] (3.10ns) (root node of TernaryAdder)   --->   "%add_ln837_2 = add i13 %sub_ln837_1, i13 %zext_ln837_6"   --->   Operation 98 'add' 'add_ln837_2' <Predicate = (!icmp_ln180)> <Delay = 3.10> <CoreInst = "TAddSub">   --->   Core 10 'TAddSub' <Latency = 0> <II = 1> <Delay = 1.55> <IPBlock> <Opcode : 'add' 'sub'> <InPorts = 3> <OutPorts = 1> <Sync> <CReg>
ST_2 : Operation 99 [1/1] (0.00ns)   --->   "%zext_ln837_8 = zext i13 %add_ln837_2"   --->   Operation 99 'zext' 'zext_ln837_8' <Predicate = (!icmp_ln180)> <Delay = 0.00>
ST_2 : Operation 100 [1/1] (0.00ns)   --->   "%denoiser_w_L3_W_V_addr_1 = getelementptr i15 %denoiser_w_L3_W_V, i64 0, i64 %zext_ln837_8"   --->   Operation 100 'getelementptr' 'denoiser_w_L3_W_V_addr_1' <Predicate = (!icmp_ln180)> <Delay = 0.00>
ST_2 : Operation 101 [1/1] (1.32ns)   --->   "%tmp_14 = mux i31 @_ssdm_op_Mux.ap_auto.3i31.i2, i31 %select_ln180_2, i31 %select_ln180_3, i31 %select_ln180_4, i2 %select_ln180" [src/ecg_denoiser.cpp:184]   --->   Operation 101 'mux' 'tmp_14' <Predicate = (!icmp_ln180)> <Delay = 1.32> <CoreInst = "Multiplexer">   --->   Core 76 'Multiplexer' <Latency = 0> <II = 1> <Delay = 1.32> <FuncUnit> <Opcode : 'mux'> <InPorts = 2> <OutPorts = 1>
ST_2 : Operation 102 [2/2] (1.75ns)   --->   "%denoiser_w_L3_W_V_load = load i13 %denoiser_w_L3_W_V_addr"   --->   Operation 102 'load' 'denoiser_w_L3_W_V_load' <Predicate = (!icmp_ln180)> <Delay = 1.75> <CoreInst = "ROM_nP_LUTRAM">   --->   Core 102 'ROM_nP_LUTRAM' <Latency = 1> <II = 1> <Delay = 1.75> <Storage> <Opcode : 'load'> <Ports = 0> <Width = 15> <Depth = 6144> <ROM>
ST_2 : Operation 103 [2/2] (1.75ns)   --->   "%denoiser_w_L3_W_V_load_1 = load i13 %denoiser_w_L3_W_V_addr_1"   --->   Operation 103 'load' 'denoiser_w_L3_W_V_load_1' <Predicate = (!icmp_ln180)> <Delay = 1.75> <CoreInst = "ROM_nP_LUTRAM">   --->   Core 102 'ROM_nP_LUTRAM' <Latency = 1> <II = 1> <Delay = 1.75> <Storage> <Opcode : 'load'> <Ports = 0> <Width = 15> <Depth = 6144> <ROM>

State 3 <SV = 2> <Delay = 9.09>
ST_3 : Operation 104 [1/1] (0.00ns)   --->   "%tmp_15 = bitconcatenate i39 @_ssdm_op_BitConcatenate.i39.i31.i8, i31 %tmp_14, i8 0"   --->   Operation 104 'bitconcatenate' 'tmp_15' <Predicate = true> <Delay = 0.00>
ST_3 : Operation 105 [1/2] (1.75ns)   --->   "%denoiser_w_L3_W_V_load = load i13 %denoiser_w_L3_W_V_addr"   --->   Operation 105 'load' 'denoiser_w_L3_W_V_load' <Predicate = true> <Delay = 1.75> <CoreInst = "ROM_nP_LUTRAM">   --->   Core 102 'ROM_nP_LUTRAM' <Latency = 1> <II = 1> <Delay = 1.75> <Storage> <Opcode : 'load'> <Ports = 0> <Width = 15> <Depth = 6144> <ROM>
ST_3 : Operation 106 [1/1] (0.00ns)   --->   "%shl_ln838_3 = bitconcatenate i23 @_ssdm_op_BitConcatenate.i23.i15.i8, i15 %denoiser_w_L3_W_V_load, i8 0"   --->   Operation 106 'bitconcatenate' 'shl_ln838_3' <Predicate = true> <Delay = 0.00>
ST_3 : Operation 107 [1/1] (0.00ns)   --->   "%zext_ln1270 = zext i39 %tmp_15"   --->   Operation 107 'zext' 'zext_ln1270' <Predicate = true> <Delay = 0.00>
ST_3 : Operation 108 [1/1] (0.00ns)   --->   "%sext_ln1273 = sext i23 %shl_ln838_3"   --->   Operation 108 'sext' 'sext_ln1273' <Predicate = true> <Delay = 0.00>
ST_3 : Operation 109 [1/1] (7.33ns)   --->   "%r_V = mul i62 %sext_ln1273, i62 %zext_ln1270"   --->   Operation 109 'mul' 'r_V' <Predicate = true> <Delay = 7.33> <CoreInst = "Multiplier">   --->   Core 3 'Multiplier' <Latency = 0> <II = 1> <Delay = 7.33> <FuncUnit> <Opcode : 'mul'> <InPorts = 2> <OutPorts = 1>
ST_3 : Operation 110 [1/2] (1.75ns)   --->   "%denoiser_w_L3_W_V_load_1 = load i13 %denoiser_w_L3_W_V_addr_1"   --->   Operation 110 'load' 'denoiser_w_L3_W_V_load_1' <Predicate = true> <Delay = 1.75> <CoreInst = "ROM_nP_LUTRAM">   --->   Core 102 'ROM_nP_LUTRAM' <Latency = 1> <II = 1> <Delay = 1.75> <Storage> <Opcode : 'load'> <Ports = 0> <Width = 15> <Depth = 6144> <ROM>
ST_3 : Operation 111 [1/1] (0.00ns)   --->   "%shl_ln838_4 = bitconcatenate i23 @_ssdm_op_BitConcatenate.i23.i15.i8, i15 %denoiser_w_L3_W_V_load_1, i8 0"   --->   Operation 111 'bitconcatenate' 'shl_ln838_4' <Predicate = true> <Delay = 0.00>
ST_3 : Operation 112 [1/1] (0.00ns)   --->   "%sext_ln1273_1 = sext i23 %shl_ln838_4"   --->   Operation 112 'sext' 'sext_ln1273_1' <Predicate = true> <Delay = 0.00>
ST_3 : Operation 113 [1/1] (7.33ns)   --->   "%r_V_6 = mul i62 %sext_ln1273_1, i62 %zext_ln1270"   --->   Operation 113 'mul' 'r_V_6' <Predicate = true> <Delay = 7.33> <CoreInst = "Multiplier">   --->   Core 3 'Multiplier' <Latency = 0> <II = 1> <Delay = 7.33> <FuncUnit> <Opcode : 'mul'> <InPorts = 2> <OutPorts = 1>
ST_3 : Operation 143 [1/1] (0.00ns)   --->   "%phi_ln818_5_load = load i32 %phi_ln818_5"   --->   Operation 143 'load' 'phi_ln818_5_load' <Predicate = (icmp_ln180)> <Delay = 0.00>
ST_3 : Operation 144 [1/1] (0.00ns)   --->   "%phi_ln818_4_load = load i32 %phi_ln818_4"   --->   Operation 144 'load' 'phi_ln818_4_load' <Predicate = (icmp_ln180)> <Delay = 0.00>
ST_3 : Operation 145 [1/1] (0.00ns)   --->   "%write_ln0 = write void @_ssdm_op_Write.ap_auto.i32P0A, i32 %phi_ln818_4_out, i32 %phi_ln818_4_load"   --->   Operation 145 'write' 'write_ln0' <Predicate = (icmp_ln180)> <Delay = 0.00>
ST_3 : Operation 146 [1/1] (0.00ns)   --->   "%write_ln0 = write void @_ssdm_op_Write.ap_auto.i32P0A, i32 %phi_ln818_5_out, i32 %phi_ln818_5_load"   --->   Operation 146 'write' 'write_ln0' <Predicate = (icmp_ln180)> <Delay = 0.00>
ST_3 : Operation 147 [1/1] (0.00ns)   --->   "%ret_ln0 = ret"   --->   Operation 147 'ret' 'ret_ln0' <Predicate = (icmp_ln180)> <Delay = 0.00>

State 4 <SV = 3> <Delay = 4.11>
ST_4 : Operation 114 [1/1] (0.00ns)   --->   "%lhs_load = load i48 %lhs" [src/ecg_denoiser.cpp:182]   --->   Operation 114 'load' 'lhs_load' <Predicate = true> <Delay = 0.00>
ST_4 : Operation 115 [1/1] (0.00ns)   --->   "%lhs_V_load = load i48 %lhs_V" [src/ecg_denoiser.cpp:182]   --->   Operation 115 'load' 'lhs_V_load' <Predicate = true> <Delay = 0.00>
ST_4 : Operation 116 [1/1] (0.00ns)   --->   "%specloopname_ln0 = specloopname void @_ssdm_op_SpecLoopName, void @L3_IC_L3_K_str"   --->   Operation 116 'specloopname' 'specloopname_ln0' <Predicate = true> <Delay = 0.00>
ST_4 : Operation 117 [1/1] (0.00ns)   --->   "%empty_55 = speclooptripcount i32 @_ssdm_op_SpecLoopTripCount, i64 192, i64 192, i64 192"   --->   Operation 117 'speclooptripcount' 'empty_55' <Predicate = true> <Delay = 0.00>
ST_4 : Operation 118 [1/1] (0.00ns)   --->   "%specpipeline_ln183 = specpipeline void @_ssdm_op_SpecPipeline, i32 1, i32 0, i32 0, i32 0, void @empty_1" [src/ecg_denoiser.cpp:183]   --->   Operation 118 'specpipeline' 'specpipeline_ln183' <Predicate = true> <Delay = 0.00>
ST_4 : Operation 119 [1/1] (0.00ns)   --->   "%specloopname_ln177 = specloopname void @_ssdm_op_SpecLoopName, void @empty_16" [src/ecg_denoiser.cpp:177]   --->   Operation 119 'specloopname' 'specloopname_ln177' <Predicate = true> <Delay = 0.00>
ST_4 : Operation 120 [1/1] (0.00ns)   --->   "%lhs_2 = bitconcatenate i72 @_ssdm_op_BitConcatenate.i72.i48.i24, i48 %lhs_load, i24 0"   --->   Operation 120 'bitconcatenate' 'lhs_2' <Predicate = true> <Delay = 0.00>
ST_4 : Operation 121 [1/1] (0.00ns)   --->   "%trunc_ln182 = trunc i48 %lhs_load" [src/ecg_denoiser.cpp:182]   --->   Operation 121 'trunc' 'trunc_ln182' <Predicate = true> <Delay = 0.00>
ST_4 : Operation 122 [1/1] (0.00ns)   --->   "%sext_ln1347_9 = bitconcatenate i64 @_ssdm_op_BitConcatenate.i64.i40.i24, i40 %trunc_ln182, i24 0" [src/ecg_denoiser.cpp:182]   --->   Operation 122 'bitconcatenate' 'sext_ln1347_9' <Predicate = true> <Delay = 0.00>
ST_4 : Operation 123 [1/1] (0.00ns)   --->   "%sext_ln182 = sext i62 %r_V" [src/ecg_denoiser.cpp:182]   --->   Operation 123 'sext' 'sext_ln182' <Predicate = true> <Delay = 0.00>
ST_4 : Operation 124 [1/1] (0.00ns)   --->   "%sext_ln1347 = sext i62 %r_V"   --->   Operation 124 'sext' 'sext_ln1347' <Predicate = true> <Delay = 0.00>
ST_4 : Operation 125 [1/1] (2.69ns)   --->   "%add_ln182_1 = add i64 %sext_ln1347_9, i64 %sext_ln182" [src/ecg_denoiser.cpp:182]   --->   Operation 125 'add' 'add_ln182_1' <Predicate = true> <Delay = 2.69> <CoreInst = "Adder">   --->   Core 1 'Adder' <Latency = 0> <II = 1> <Delay = 2.69> <FuncUnit> <Opcode : 'add' 'sub'> <InPorts = 2> <OutPorts = 1>
ST_4 : Operation 126 [1/1] (2.81ns)   --->   "%add_ln1347 = add i72 %lhs_2, i72 %sext_ln1347"   --->   Operation 126 'add' 'add_ln1347' <Predicate = true> <Delay = 2.81> <CoreInst = "Adder">   --->   Core 1 'Adder' <Latency = 0> <II = 1> <Delay = 2.81> <FuncUnit> <Opcode : 'add' 'sub'> <InPorts = 2> <OutPorts = 1>
ST_4 : Operation 127 [1/1] (0.00ns)   --->   "%acc0_V = partselect i48 @_ssdm_op_PartSelect.i48.i72.i32.i32, i72 %add_ln1347, i32 24, i32 71"   --->   Operation 127 'partselect' 'acc0_V' <Predicate = true> <Delay = 0.00>
ST_4 : Operation 128 [1/1] (0.00ns)   --->   "%lhs_V_2 = bitconcatenate i72 @_ssdm_op_BitConcatenate.i72.i48.i24, i48 %lhs_V_load, i24 0"   --->   Operation 128 'bitconcatenate' 'lhs_V_2' <Predicate = true> <Delay = 0.00>
ST_4 : Operation 129 [1/1] (0.00ns)   --->   "%trunc_ln182_1 = trunc i48 %lhs_V_load" [src/ecg_denoiser.cpp:182]   --->   Operation 129 'trunc' 'trunc_ln182_1' <Predicate = true> <Delay = 0.00>
ST_4 : Operation 130 [1/1] (0.00ns)   --->   "%sext_ln1347_s = bitconcatenate i64 @_ssdm_op_BitConcatenate.i64.i40.i24, i40 %trunc_ln182_1, i24 0" [src/ecg_denoiser.cpp:182]   --->   Operation 130 'bitconcatenate' 'sext_ln1347_s' <Predicate = true> <Delay = 0.00>
ST_4 : Operation 131 [1/1] (0.00ns)   --->   "%sext_ln182_1 = sext i62 %r_V_6" [src/ecg_denoiser.cpp:182]   --->   Operation 131 'sext' 'sext_ln182_1' <Predicate = true> <Delay = 0.00>
ST_4 : Operation 132 [1/1] (0.00ns)   --->   "%sext_ln1347_1 = sext i62 %r_V_6"   --->   Operation 132 'sext' 'sext_ln1347_1' <Predicate = true> <Delay = 0.00>
ST_4 : Operation 133 [1/1] (2.69ns)   --->   "%add_ln182_2 = add i64 %sext_ln1347_s, i64 %sext_ln182_1" [src/ecg_denoiser.cpp:182]   --->   Operation 133 'add' 'add_ln182_2' <Predicate = true> <Delay = 2.69> <CoreInst = "Adder">   --->   Core 1 'Adder' <Latency = 0> <II = 1> <Delay = 2.69> <FuncUnit> <Opcode : 'add' 'sub'> <InPorts = 2> <OutPorts = 1>
ST_4 : Operation 134 [1/1] (2.81ns)   --->   "%add_ln1347_1 = add i72 %lhs_V_2, i72 %sext_ln1347_1"   --->   Operation 134 'add' 'add_ln1347_1' <Predicate = true> <Delay = 2.81> <CoreInst = "Adder">   --->   Core 1 'Adder' <Latency = 0> <II = 1> <Delay = 2.81> <FuncUnit> <Opcode : 'add' 'sub'> <InPorts = 2> <OutPorts = 1>
ST_4 : Operation 135 [1/1] (0.00ns)   --->   "%acc1_V = partselect i48 @_ssdm_op_PartSelect.i48.i72.i32.i32, i72 %add_ln1347_1, i32 24, i32 71"   --->   Operation 135 'partselect' 'acc1_V' <Predicate = true> <Delay = 0.00>
ST_4 : Operation 136 [1/1] (0.00ns)   --->   "%phitmp4 = partselect i32 @_ssdm_op_PartSelect.i32.i64.i32.i32, i64 %add_ln182_1, i32 32, i32 63" [src/ecg_denoiser.cpp:182]   --->   Operation 136 'partselect' 'phitmp4' <Predicate = true> <Delay = 0.00>
ST_4 : Operation 137 [1/1] (0.00ns)   --->   "%phitmp5 = partselect i32 @_ssdm_op_PartSelect.i32.i64.i32.i32, i64 %add_ln182_2, i32 32, i32 63" [src/ecg_denoiser.cpp:182]   --->   Operation 137 'partselect' 'phitmp5' <Predicate = true> <Delay = 0.00>
ST_4 : Operation 138 [1/1] (1.29ns)   --->   "%store_ln182 = store i48 %acc1_V, i48 %lhs_V" [src/ecg_denoiser.cpp:182]   --->   Operation 138 'store' 'store_ln182' <Predicate = true> <Delay = 1.29>
ST_4 : Operation 139 [1/1] (1.29ns)   --->   "%store_ln182 = store i48 %acc0_V, i48 %lhs" [src/ecg_denoiser.cpp:182]   --->   Operation 139 'store' 'store_ln182' <Predicate = true> <Delay = 1.29>
ST_4 : Operation 140 [1/1] (1.29ns)   --->   "%store_ln182 = store i32 %phitmp4, i32 %phi_ln818_4" [src/ecg_denoiser.cpp:182]   --->   Operation 140 'store' 'store_ln182' <Predicate = true> <Delay = 1.29>
ST_4 : Operation 141 [1/1] (1.29ns)   --->   "%store_ln182 = store i32 %phitmp5, i32 %phi_ln818_5" [src/ecg_denoiser.cpp:182]   --->   Operation 141 'store' 'store_ln182' <Predicate = true> <Delay = 1.29>
ST_4 : Operation 142 [1/1] (0.00ns)   --->   "%br_ln182 = br void %for.body454" [src/ecg_denoiser.cpp:182]   --->   Operation 142 'br' 'br_ln182' <Predicate = true> <Delay = 0.00>


============================================================
+ Verbose Summary: Timing violations
============================================================
Target clock period: 13ns, clock uncertainty: 3.51ns.

 <State 1>: 3.42ns
The critical path consists of the following:
	'alloca' operation ('ic') [17]  (0 ns)
	'load' operation ('ic') on local variable 'ic' [36]  (0 ns)
	'add' operation ('add_ln180', src/ecg_denoiser.cpp:180) [59]  (1.32 ns)
	'select' operation ('select_ln180_1', src/ecg_denoiser.cpp:180) [64]  (0.808 ns)
	'store' operation ('store_ln182', src/ecg_denoiser.cpp:182) of variable 'select_ln180_1', src/ecg_denoiser.cpp:180 on local variable 'ic' [133]  (1.3 ns)

 <State 2>: 6.34ns
The critical path consists of the following:
	'add' operation ('add_ln837') [71]  (1.48 ns)
	'sub' operation ('sub_ln837_1') [75]  (0 ns)
	'add' operation ('add_ln837_2') [97]  (3.1 ns)
	'getelementptr' operation ('denoiser_w_L3_W_V_addr_1') [99]  (0 ns)
	'load' operation ('denoiser_w_L3_W_V_load_1') on array 'denoiser_w_L3_W_V' [117]  (1.75 ns)

 <State 3>: 9.09ns
The critical path consists of the following:
	'load' operation ('denoiser_w_L3_W_V_load') on array 'denoiser_w_L3_W_V' [104]  (1.75 ns)
	'mul' operation ('r.V') [108]  (7.33 ns)

 <State 4>: 4.12ns
The critical path consists of the following:
	'load' operation ('lhs_V_load', src/ecg_denoiser.cpp:182) on local variable 'lhs.V' [57]  (0 ns)
	'add' operation ('add_ln1347_1') [127]  (2.82 ns)
	'store' operation ('store_ln182', src/ecg_denoiser.cpp:182) of variable 'acc1_V' on local variable 'lhs.V' [135]  (1.3 ns)


============================================================
+ Verbose Summary: Binding
============================================================
N/A
* FSMD analyzer results:
  - Output states:
 - Input state : 
  - Chain level:
	State 1
	State 2
	State 3
	State 4


============================================================
+ Verbose Summary: Datapath Resource usage 
============================================================
N/A
