

================================================================
== Vitis HLS Report for 'conv_layer01234_fused_Pipeline_L0_K'
================================================================
* Date:           Sat Apr  4 09:58:34 2026

* Version:        2022.2 (Build 3670227 on Oct 13 2022)
* Project:        ecg_denoiser_ip
* Solution:       solution1 (Vivado IP Flow Target)
* Product family: zynq
* Target device:  xc7z030-sbg485-2


================================================================
== Performance Estimates
================================================================
+ Timing: 
    * Summary: 
    +--------+----------+----------+------------+
    |  Clock |  Target  | Estimated| Uncertainty|
    +--------+----------+----------+------------+
    |ap_clk  |  13.00 ns|  9.115 ns|     3.51 ns|
    +--------+----------+----------+------------+

+ Latency: 
    * Summary: 
    +---------+---------+----------+----------+-----+-----+---------+
    |  Latency (cycles) |  Latency (absolute) |  Interval | Pipeline|
    |   min   |   max   |    min   |    max   | min | max |   Type  |
    +---------+---------+----------+----------+-----+-----+---------+
    |       15|       15|  0.195 us|  0.195 us|   15|   15|       no|
    +---------+---------+----------+----------+-----+-----+---------+

    + Detail: 
        * Instance: 
        N/A

        * Loop: 
        +----------+---------+---------+----------+-----------+-----------+------+----------+
        |          |  Latency (cycles) | Iteration|  Initiation Interval  | Trip |          |
        | Loop Name|   min   |   max   |  Latency |  achieved |   target  | Count| Pipelined|
        +----------+---------+---------+----------+-----------+-----------+------+----------+
        |- L0_K    |       13|       13|         4|          1|          1|    11|       yes|
        +----------+---------+---------+----------+-----------+-----------+------+----------+

============================================================
+ Verbose Summary: Synthesis Manager
============================================================
InlineROM: 1
ExposeGlobal: 0
============================================================
+ Verbose Summary: CDFG Model
============================================================
IsTopModel: 0
ResetActiveHigh: 1
IsCombinational: 0
IsDatapathOnly: 0
HasWiredReturn: 1
HasMFsm: 2
HasVarLatency: 1
IsPipeline: 0
IsRtlPipelined: 0
IsInstanceOverlapped: 0
IsDontTouch: 0
HasImplIP: 0
IsGatedGlobalClock: 0

+ Individual pipeline summary: 
  * Pipeline-0: initiation interval (II) = 1, depth = 4


============================================================
+ Verbose Summary: Schedule
============================================================
* Number of FSM states : 4
* Pipeline : 1
  Pipeline-0 : II = 1, D = 4, States = { 1 2 3 4 }
* Dataflow Pipeline: 0

* FSM state transitions: 
1 --> 2 
2 --> 3 
3 --> 4 
4 --> 

* FSM state operations: 

State 1 <SV = 0> <Delay = 3.11>
ST_1 : Operation 7 [1/1] (0.00ns)   --->   "%x_V = alloca i32 1"   --->   Operation 7 'alloca' 'x_V' <Predicate = true> <Delay = 0.00>
ST_1 : Operation 8 [1/1] (0.00ns)   --->   "%lhs = alloca i32 1"   --->   Operation 8 'alloca' 'lhs' <Predicate = true> <Delay = 0.00>
ST_1 : Operation 9 [1/1] (0.00ns)   --->   "%k = alloca i32 1"   --->   Operation 9 'alloca' 'k' <Predicate = true> <Delay = 0.00>
ST_1 : Operation 10 [1/1] (0.00ns)   --->   "%trunc_ln_read = read i1 @_ssdm_op_Read.ap_auto.i1, i1 %trunc_ln"   --->   Operation 10 'read' 'trunc_ln_read' <Predicate = true> <Delay = 0.00>
ST_1 : Operation 11 [1/1] (0.00ns)   --->   "%add_ln82_1_read = read i10 @_ssdm_op_Read.ap_auto.i10, i10 %add_ln82_1"   --->   Operation 11 'read' 'add_ln82_1_read' <Predicate = true> <Delay = 0.00>
ST_1 : Operation 12 [1/1] (0.00ns)   --->   "%add_ln81_read = read i9 @_ssdm_op_Read.ap_auto.i9, i9 %add_ln81"   --->   Operation 12 'read' 'add_ln81_read' <Predicate = true> <Delay = 0.00>
ST_1 : Operation 13 [1/1] (0.00ns)   --->   "%phi_mul_read = read i10 @_ssdm_op_Read.ap_auto.i10, i10 %phi_mul"   --->   Operation 13 'read' 'phi_mul_read' <Predicate = true> <Delay = 0.00>
ST_1 : Operation 14 [1/1] (0.00ns)   --->   "%sext_ln77_read = read i24 @_ssdm_op_Read.ap_auto.i24, i24 %sext_ln77"   --->   Operation 14 'read' 'sext_ln77_read' <Predicate = true> <Delay = 0.00>
ST_1 : Operation 15 [1/1] (0.00ns)   --->   "%sext_ln77_cast = sext i24 %sext_ln77_read"   --->   Operation 15 'sext' 'sext_ln77_cast' <Predicate = true> <Delay = 0.00>
ST_1 : Operation 16 [1/1] (0.00ns)   --->   "%specmemcore_ln0 = specmemcore void @_ssdm_op_SpecMemCore, i16 %denoiser_w_L0_W_V, i64 666, i64 39, i64 18446744073709551615"   --->   Operation 16 'specmemcore' 'specmemcore_ln0' <Predicate = true> <Delay = 0.00>
ST_1 : Operation 17 [1/1] (0.00ns)   --->   "%specmemcore_ln0 = specmemcore void @_ssdm_op_SpecMemCore, i32 %in_1, i64 666, i64 19, i64 18446744073709551615"   --->   Operation 17 'specmemcore' 'specmemcore_ln0' <Predicate = true> <Delay = 0.00>
ST_1 : Operation 18 [1/1] (0.00ns)   --->   "%specmemcore_ln0 = specmemcore void @_ssdm_op_SpecMemCore, i32 %in_0, i64 666, i64 19, i64 18446744073709551615"   --->   Operation 18 'specmemcore' 'specmemcore_ln0' <Predicate = true> <Delay = 0.00>
ST_1 : Operation 19 [1/1] (1.29ns)   --->   "%store_ln0 = store i4 0, i4 %k"   --->   Operation 19 'store' 'store_ln0' <Predicate = true> <Delay = 1.29>
ST_1 : Operation 20 [1/1] (1.29ns)   --->   "%store_ln0 = store i48 %sext_ln77_cast, i48 %lhs"   --->   Operation 20 'store' 'store_ln0' <Predicate = true> <Delay = 1.29>
ST_1 : Operation 21 [1/1] (1.29ns)   --->   "%store_ln0 = store i32 0, i32 %x_V"   --->   Operation 21 'store' 'store_ln0' <Predicate = true> <Delay = 1.29>
ST_1 : Operation 22 [1/1] (0.00ns)   --->   "%br_ln0 = br void %for.body142"   --->   Operation 22 'br' 'br_ln0' <Predicate = true> <Delay = 0.00>
ST_1 : Operation 23 [1/1] (0.00ns)   --->   "%k_1 = load i4 %k" [src/ecg_denoiser.cpp:81]   --->   Operation 23 'load' 'k_1' <Predicate = true> <Delay = 0.00>
ST_1 : Operation 24 [1/1] (0.96ns)   --->   "%icmp_ln79 = icmp_eq  i4 %k_1, i4 11" [src/ecg_denoiser.cpp:79]   --->   Operation 24 'icmp' 'icmp_ln79' <Predicate = true> <Delay = 0.96> <CoreInst = "Cmp">   --->   Core 9 'Cmp' <Latency = 0> <II = 1> <Delay = 0.96> <FuncUnit> <Opcode : 'icmp'> <InPorts = 2> <OutPorts = 1>
ST_1 : Operation 25 [1/1] (0.00ns)   --->   "%empty = speclooptripcount i32 @_ssdm_op_SpecLoopTripCount, i64 11, i64 11, i64 11"   --->   Operation 25 'speclooptripcount' 'empty' <Predicate = true> <Delay = 0.00>
ST_1 : Operation 26 [1/1] (0.99ns)   --->   "%add_ln79 = add i4 %k_1, i4 1" [src/ecg_denoiser.cpp:79]   --->   Operation 26 'add' 'add_ln79' <Predicate = true> <Delay = 0.99> <CoreInst = "Adder">   --->   Core 1 'Adder' <Latency = 0> <II = 1> <Delay = 0.99> <FuncUnit> <Opcode : 'add' 'sub'> <InPorts = 2> <OutPorts = 1>
ST_1 : Operation 27 [1/1] (0.00ns)   --->   "%br_ln79 = br i1 %icmp_ln79, void %for.body142.split_ifconv, void %for.end156.exitStub" [src/ecg_denoiser.cpp:79]   --->   Operation 27 'br' 'br_ln79' <Predicate = true> <Delay = 0.00>
ST_1 : Operation 28 [1/1] (0.00ns)   --->   "%zext_ln79 = zext i4 %k_1" [src/ecg_denoiser.cpp:79]   --->   Operation 28 'zext' 'zext_ln79' <Predicate = (!icmp_ln79)> <Delay = 0.00>
ST_1 : Operation 29 [1/1] (1.36ns)   --->   "%add_ln81_1 = add i9 %add_ln81_read, i9 %zext_ln79" [src/ecg_denoiser.cpp:81]   --->   Operation 29 'add' 'add_ln81_1' <Predicate = (!icmp_ln79)> <Delay = 1.36> <CoreInst = "Adder">   --->   Core 1 'Adder' <Latency = 0> <II = 1> <Delay = 1.36> <FuncUnit> <Opcode : 'add' 'sub'> <InPorts = 2> <OutPorts = 1>
ST_1 : Operation 30 [1/1] (0.00ns)   --->   "%lshr_ln3 = partselect i8 @_ssdm_op_PartSelect.i8.i9.i32.i32, i9 %add_ln81_1, i32 1, i32 8" [src/ecg_denoiser.cpp:82]   --->   Operation 30 'partselect' 'lshr_ln3' <Predicate = (!icmp_ln79)> <Delay = 0.00>
ST_1 : Operation 31 [1/1] (0.00ns)   --->   "%zext_ln82 = zext i8 %lshr_ln3" [src/ecg_denoiser.cpp:82]   --->   Operation 31 'zext' 'zext_ln82' <Predicate = (!icmp_ln79)> <Delay = 0.00>
ST_1 : Operation 32 [1/1] (0.00ns)   --->   "%in_0_addr = getelementptr i32 %in_0, i64 0, i64 %zext_ln82" [src/ecg_denoiser.cpp:82]   --->   Operation 32 'getelementptr' 'in_0_addr' <Predicate = (!icmp_ln79)> <Delay = 0.00>
ST_1 : Operation 33 [1/1] (0.00ns)   --->   "%in_1_addr = getelementptr i32 %in_1, i64 0, i64 %zext_ln82" [src/ecg_denoiser.cpp:82]   --->   Operation 33 'getelementptr' 'in_1_addr' <Predicate = (!icmp_ln79)> <Delay = 0.00>
ST_1 : Operation 34 [2/2] (1.75ns)   --->   "%in_0_load = load i8 %in_0_addr" [src/ecg_denoiser.cpp:82]   --->   Operation 34 'load' 'in_0_load' <Predicate = (!icmp_ln79)> <Delay = 1.75> <CoreInst = "RAM_1P_LUTRAM">   --->   Core 87 'RAM_1P_LUTRAM' <Latency = 1> <II = 1> <Delay = 1.75> <Storage> <Opcode : 'load' 'store'> <Ports = 1> <Width = 32> <Depth = 180> <RAM>
ST_1 : Operation 35 [2/2] (1.75ns)   --->   "%in_1_load = load i8 %in_1_addr" [src/ecg_denoiser.cpp:82]   --->   Operation 35 'load' 'in_1_load' <Predicate = (!icmp_ln79)> <Delay = 1.75> <CoreInst = "RAM_1P_LUTRAM">   --->   Core 87 'RAM_1P_LUTRAM' <Latency = 1> <II = 1> <Delay = 1.75> <Storage> <Opcode : 'load' 'store'> <Ports = 1> <Width = 32> <Depth = 180> <RAM>
ST_1 : Operation 36 [1/1] (1.29ns)   --->   "%store_ln79 = store i4 %add_ln79, i4 %k" [src/ecg_denoiser.cpp:79]   --->   Operation 36 'store' 'store_ln79' <Predicate = (!icmp_ln79)> <Delay = 1.29>

State 2 <SV = 1> <Delay = 4.06>
ST_2 : Operation 37 [1/1] (0.00ns)   --->   "%zext_ln837 = zext i4 %k_1"   --->   Operation 37 'zext' 'zext_ln837' <Predicate = true> <Delay = 0.00>
ST_2 : Operation 38 [1/1] (1.41ns)   --->   "%add_ln837 = add i10 %phi_mul_read, i10 %zext_ln837"   --->   Operation 38 'add' 'add_ln837' <Predicate = true> <Delay = 1.41> <CoreInst = "Adder">   --->   Core 1 'Adder' <Latency = 0> <II = 1> <Delay = 1.41> <FuncUnit> <Opcode : 'add' 'sub'> <InPorts = 2> <OutPorts = 1>
ST_2 : Operation 39 [1/1] (0.00ns)   --->   "%zext_ln837_22 = zext i10 %add_ln837"   --->   Operation 39 'zext' 'zext_ln837_22' <Predicate = true> <Delay = 0.00>
ST_2 : Operation 40 [1/1] (0.00ns)   --->   "%denoiser_w_L0_W_V_addr = getelementptr i16 %denoiser_w_L0_W_V, i64 0, i64 %zext_ln837_22"   --->   Operation 40 'getelementptr' 'denoiser_w_L0_W_V_addr' <Predicate = true> <Delay = 0.00>
ST_2 : Operation 41 [1/1] (0.00ns)   --->   "%trunc_ln81 = trunc i4 %k_1" [src/ecg_denoiser.cpp:81]   --->   Operation 41 'trunc' 'trunc_ln81' <Predicate = true> <Delay = 0.00>
ST_2 : Operation 42 [1/1] (1.41ns)   --->   "%add_ln82 = add i10 %add_ln82_1_read, i10 %zext_ln837" [src/ecg_denoiser.cpp:82]   --->   Operation 42 'add' 'add_ln82' <Predicate = true> <Delay = 1.41> <CoreInst = "Adder">   --->   Core 1 'Adder' <Latency = 0> <II = 1> <Delay = 1.41> <FuncUnit> <Opcode : 'add' 'sub'> <InPorts = 2> <OutPorts = 1>
ST_2 : Operation 43 [1/1] (1.94ns)   --->   "%icmp_ln82 = icmp_ult  i10 %add_ln82, i10 360" [src/ecg_denoiser.cpp:82]   --->   Operation 43 'icmp' 'icmp_ln82' <Predicate = true> <Delay = 1.94> <CoreInst = "Cmp">   --->   Core 9 'Cmp' <Latency = 0> <II = 1> <Delay = 1.94> <FuncUnit> <Opcode : 'icmp'> <InPorts = 2> <OutPorts = 1>
ST_2 : Operation 44 [1/1] (0.80ns)   --->   "%xor_ln82 = xor i1 %trunc_ln81, i1 %trunc_ln_read" [src/ecg_denoiser.cpp:82]   --->   Operation 44 'xor' 'xor_ln82' <Predicate = true> <Delay = 0.80> <CoreInst = "LogicGate">   --->   Core 74 'LogicGate' <Latency = 0> <II = 1> <Delay = 0.80> <FuncUnit> <Opcode : 'and' 'or' 'xor'> <InPorts = 2> <OutPorts = 1>
ST_2 : Operation 45 [1/2] (1.75ns)   --->   "%in_0_load = load i8 %in_0_addr" [src/ecg_denoiser.cpp:82]   --->   Operation 45 'load' 'in_0_load' <Predicate = true> <Delay = 1.75> <CoreInst = "RAM_1P_LUTRAM">   --->   Core 87 'RAM_1P_LUTRAM' <Latency = 1> <II = 1> <Delay = 1.75> <Storage> <Opcode : 'load' 'store'> <Ports = 1> <Width = 32> <Depth = 180> <RAM>
ST_2 : Operation 46 [1/2] (1.75ns)   --->   "%in_1_load = load i8 %in_1_addr" [src/ecg_denoiser.cpp:82]   --->   Operation 46 'load' 'in_1_load' <Predicate = true> <Delay = 1.75> <CoreInst = "RAM_1P_LUTRAM">   --->   Core 87 'RAM_1P_LUTRAM' <Latency = 1> <II = 1> <Delay = 1.75> <Storage> <Opcode : 'load' 'store'> <Ports = 1> <Width = 32> <Depth = 180> <RAM>
ST_2 : Operation 47 [1/1] (1.29ns)   --->   "%x_V_1 = mux i32 @_ssdm_op_Mux.ap_auto.2i32.i1, i32 %in_1_load, i32 %in_0_load, i1 %xor_ln82" [src/ecg_denoiser.cpp:82]   --->   Operation 47 'mux' 'x_V_1' <Predicate = true> <Delay = 1.29> <CoreInst = "Multiplexer">   --->   Core 76 'Multiplexer' <Latency = 0> <II = 1> <Delay = 1.29> <FuncUnit> <Opcode : 'mux'> <InPorts = 2> <OutPorts = 1>
ST_2 : Operation 48 [1/1] (0.70ns)   --->   "%select_ln82 = select i1 %icmp_ln82, i32 %x_V_1, i32 0" [src/ecg_denoiser.cpp:82]   --->   Operation 48 'select' 'select_ln82' <Predicate = true> <Delay = 0.70> <CoreInst = "Sel">   --->   Core 73 'Sel' <Latency = 0> <II = 1> <Delay = 0.70> <FuncUnit> <Opcode : 'select'> <InPorts = 3> <OutPorts = 1>
ST_2 : Operation 49 [2/2] (1.75ns)   --->   "%denoiser_w_L0_W_V_load = load i10 %denoiser_w_L0_W_V_addr"   --->   Operation 49 'load' 'denoiser_w_L0_W_V_load' <Predicate = true> <Delay = 1.75> <CoreInst = "ROM_nP_LUTRAM">   --->   Core 102 'ROM_nP_LUTRAM' <Latency = 1> <II = 1> <Delay = 1.75> <Storage> <Opcode : 'load'> <Ports = 0> <Width = 16> <Depth = 704> <ROM>

State 3 <SV = 2> <Delay = 9.11>
ST_3 : Operation 50 [1/1] (0.00ns)   --->   "%r_V = bitconcatenate i40 @_ssdm_op_BitConcatenate.i40.i32.i8, i32 %select_ln82, i8 0"   --->   Operation 50 'bitconcatenate' 'r_V' <Predicate = true> <Delay = 0.00>
ST_3 : Operation 51 [1/2] (1.75ns)   --->   "%denoiser_w_L0_W_V_load = load i10 %denoiser_w_L0_W_V_addr"   --->   Operation 51 'load' 'denoiser_w_L0_W_V_load' <Predicate = true> <Delay = 1.75> <CoreInst = "ROM_nP_LUTRAM">   --->   Core 102 'ROM_nP_LUTRAM' <Latency = 1> <II = 1> <Delay = 1.75> <Storage> <Opcode : 'load'> <Ports = 0> <Width = 16> <Depth = 704> <ROM>
ST_3 : Operation 52 [1/1] (0.00ns)   --->   "%shl_ln838_1 = bitconcatenate i24 @_ssdm_op_BitConcatenate.i24.i16.i8, i16 %denoiser_w_L0_W_V_load, i8 0"   --->   Operation 52 'bitconcatenate' 'shl_ln838_1' <Predicate = true> <Delay = 0.00>
ST_3 : Operation 53 [1/1] (0.00ns)   --->   "%sext_ln1270 = sext i40 %r_V"   --->   Operation 53 'sext' 'sext_ln1270' <Predicate = true> <Delay = 0.00>
ST_3 : Operation 54 [1/1] (0.00ns)   --->   "%sext_ln1273 = sext i24 %shl_ln838_1"   --->   Operation 54 'sext' 'sext_ln1273' <Predicate = true> <Delay = 0.00>
ST_3 : Operation 55 [1/1] (7.36ns)   --->   "%r_V_13 = mul i63 %sext_ln1273, i63 %sext_ln1270"   --->   Operation 55 'mul' 'r_V_13' <Predicate = true> <Delay = 7.36> <CoreInst = "Multiplier">   --->   Core 3 'Multiplier' <Latency = 0> <II = 1> <Delay = 7.36> <FuncUnit> <Opcode : 'mul'> <InPorts = 2> <OutPorts = 1>
ST_3 : Operation 71 [1/1] (0.00ns)   --->   "%x_V_load = load i32 %x_V"   --->   Operation 71 'load' 'x_V_load' <Predicate = (icmp_ln79)> <Delay = 0.00>
ST_3 : Operation 72 [1/1] (0.00ns)   --->   "%write_ln0 = write void @_ssdm_op_Write.ap_auto.i32P0A, i32 %x_V_out, i32 %x_V_load"   --->   Operation 72 'write' 'write_ln0' <Predicate = (icmp_ln79)> <Delay = 0.00>
ST_3 : Operation 73 [1/1] (0.00ns)   --->   "%ret_ln0 = ret"   --->   Operation 73 'ret' 'ret_ln0' <Predicate = (icmp_ln79)> <Delay = 0.00>

State 4 <SV = 3> <Delay = 4.11>
ST_4 : Operation 56 [1/1] (0.00ns)   --->   "%lhs_load = load i48 %lhs"   --->   Operation 56 'load' 'lhs_load' <Predicate = true> <Delay = 0.00>
ST_4 : Operation 57 [1/1] (0.00ns)   --->   "%specpipeline_ln80 = specpipeline void @_ssdm_op_SpecPipeline, i32 1, i32 0, i32 0, i32 0, void @empty_1" [src/ecg_denoiser.cpp:80]   --->   Operation 57 'specpipeline' 'specpipeline_ln80' <Predicate = true> <Delay = 0.00>
ST_4 : Operation 58 [1/1] (0.00ns)   --->   "%specloopname_ln77 = specloopname void @_ssdm_op_SpecLoopName, void @empty_18" [src/ecg_denoiser.cpp:77]   --->   Operation 58 'specloopname' 'specloopname_ln77' <Predicate = true> <Delay = 0.00>
ST_4 : Operation 59 [1/1] (0.00ns)   --->   "%lhs_1 = bitconcatenate i72 @_ssdm_op_BitConcatenate.i72.i48.i24, i48 %lhs_load, i24 0"   --->   Operation 59 'bitconcatenate' 'lhs_1' <Predicate = true> <Delay = 0.00>
ST_4 : Operation 60 [1/1] (0.00ns)   --->   "%sext_ln1347 = sext i63 %r_V_13"   --->   Operation 60 'sext' 'sext_ln1347' <Predicate = true> <Delay = 0.00>
ST_4 : Operation 61 [1/1] (0.00ns)   --->   "%sext_ln1347_1 = sext i63 %r_V_13"   --->   Operation 61 'sext' 'sext_ln1347_1' <Predicate = true> <Delay = 0.00>
ST_4 : Operation 62 [1/1] (0.00ns)   --->   "%trunc_ln1347 = trunc i48 %lhs_load"   --->   Operation 62 'trunc' 'trunc_ln1347' <Predicate = true> <Delay = 0.00>
ST_4 : Operation 63 [1/1] (0.00ns)   --->   "%trunc_ln1 = bitconcatenate i64 @_ssdm_op_BitConcatenate.i64.i40.i24, i40 %trunc_ln1347, i24 0"   --->   Operation 63 'bitconcatenate' 'trunc_ln1' <Predicate = true> <Delay = 0.00>
ST_4 : Operation 64 [1/1] (2.81ns)   --->   "%ret_V = add i72 %lhs_1, i72 %sext_ln1347"   --->   Operation 64 'add' 'ret_V' <Predicate = true> <Delay = 2.81> <CoreInst = "Adder">   --->   Core 1 'Adder' <Latency = 0> <II = 1> <Delay = 2.81> <FuncUnit> <Opcode : 'add' 'sub'> <InPorts = 2> <OutPorts = 1>
ST_4 : Operation 65 [1/1] (2.69ns)   --->   "%add_ln1347_1 = add i64 %trunc_ln1, i64 %sext_ln1347_1"   --->   Operation 65 'add' 'add_ln1347_1' <Predicate = true> <Delay = 2.69> <CoreInst = "Adder">   --->   Core 1 'Adder' <Latency = 0> <II = 1> <Delay = 2.69> <FuncUnit> <Opcode : 'add' 'sub'> <InPorts = 2> <OutPorts = 1>
ST_4 : Operation 66 [1/1] (0.00ns)   --->   "%acc_V = partselect i48 @_ssdm_op_PartSelect.i48.i72.i32.i32, i72 %ret_V, i32 24, i32 71"   --->   Operation 66 'partselect' 'acc_V' <Predicate = true> <Delay = 0.00>
ST_4 : Operation 67 [1/1] (0.00ns)   --->   "%trunc_ln2 = partselect i32 @_ssdm_op_PartSelect.i32.i64.i32.i32, i64 %add_ln1347_1, i32 32, i32 63" [src/ecg_denoiser.cpp:79]   --->   Operation 67 'partselect' 'trunc_ln2' <Predicate = true> <Delay = 0.00>
ST_4 : Operation 68 [1/1] (1.29ns)   --->   "%store_ln79 = store i48 %acc_V, i48 %lhs" [src/ecg_denoiser.cpp:79]   --->   Operation 68 'store' 'store_ln79' <Predicate = true> <Delay = 1.29>
ST_4 : Operation 69 [1/1] (1.29ns)   --->   "%store_ln79 = store i32 %trunc_ln2, i32 %x_V" [src/ecg_denoiser.cpp:79]   --->   Operation 69 'store' 'store_ln79' <Predicate = true> <Delay = 1.29>
ST_4 : Operation 70 [1/1] (0.00ns)   --->   "%br_ln79 = br void %for.body142" [src/ecg_denoiser.cpp:79]   --->   Operation 70 'br' 'br_ln79' <Predicate = true> <Delay = 0.00>


============================================================
+ Verbose Summary: Timing violations
============================================================
Target clock period: 13ns, clock uncertainty: 3.51ns.

 <State 1>: 3.12ns
The critical path consists of the following:
	'alloca' operation ('k') [12]  (0 ns)
	'load' operation ('k', src/ecg_denoiser.cpp:81) on local variable 'k' [27]  (0 ns)
	'add' operation ('add_ln81_1', src/ecg_denoiser.cpp:81) [42]  (1.36 ns)
	'getelementptr' operation ('in_0_addr', src/ecg_denoiser.cpp:82) [47]  (0 ns)
	'load' operation ('in_0_load', src/ecg_denoiser.cpp:82) on array 'in_0' [50]  (1.75 ns)

 <State 2>: 4.07ns
The critical path consists of the following:
	'add' operation ('add_ln82', src/ecg_denoiser.cpp:82) [43]  (1.42 ns)
	'icmp' operation ('icmp_ln82', src/ecg_denoiser.cpp:82) [44]  (1.94 ns)
	'select' operation ('select_ln82', src/ecg_denoiser.cpp:82) [53]  (0.705 ns)

 <State 3>: 9.12ns
The critical path consists of the following:
	'load' operation ('denoiser_w_L0_W_V_load') on array 'denoiser_w_L0_W_V' [55]  (1.75 ns)
	'mul' operation ('r.V') [59]  (7.36 ns)

 <State 4>: 4.12ns
The critical path consists of the following:
	'load' operation ('lhs_load') on local variable 'lhs' [33]  (0 ns)
	'add' operation ('ret.V') [65]  (2.82 ns)
	'store' operation ('store_ln79', src/ecg_denoiser.cpp:79) of variable 'acc.V' on local variable 'lhs' [70]  (1.3 ns)


============================================================
+ Verbose Summary: Binding
============================================================
N/A
* FSMD analyzer results:
  - Output states:
 - Input state : 
  - Chain level:
	State 1
	State 2
	State 3
	State 4


============================================================
+ Verbose Summary: Datapath Resource usage 
============================================================
N/A
