

================================================================
== Vitis HLS Report for 'conv_layer01234_fused_Pipeline_L4_IC_L4_K'
================================================================
* Date:           Sat Apr  4 09:58:37 2026

* Version:        2022.2 (Build 3670227 on Oct 13 2022)
* Project:        ecg_denoiser_ip
* Solution:       solution1 (Vivado IP Flow Target)
* Product family: zynq
* Target device:  xc7z030-sbg485-2


================================================================
== Performance Estimates
================================================================
+ Timing: 
    * Summary: 
    +--------+----------+----------+------------+
    |  Clock |  Target  | Estimated| Uncertainty|
    +--------+----------+----------+------------+
    |ap_clk  |  13.00 ns|  9.115 ns|     3.51 ns|
    +--------+----------+----------+------------+

+ Latency: 
    * Summary: 
    +---------+---------+----------+----------+-----+-----+---------+
    |  Latency (cycles) |  Latency (absolute) |  Interval | Pipeline|
    |   min   |   max   |    min   |    max   | min | max |   Type  |
    +---------+---------+----------+----------+-----+-----+---------+
    |      228|      228|  2.964 us|  2.964 us|  228|  228|       no|
    +---------+---------+----------+----------+-----+-----+---------+

    + Detail: 
        * Instance: 
        N/A

        * Loop: 
        +--------------+---------+---------+----------+-----------+-----------+------+----------+
        |              |  Latency (cycles) | Iteration|  Initiation Interval  | Trip |          |
        |   Loop Name  |   min   |   max   |  Latency |  achieved |   target  | Count| Pipelined|
        +--------------+---------+---------+----------+-----------+-----------+------+----------+
        |- L4_IC_L4_K  |      226|      226|         4|          1|          1|   224|       yes|
        +--------------+---------+---------+----------+-----------+-----------+------+----------+

============================================================
+ Verbose Summary: Synthesis Manager
============================================================
InlineROM: 1
ExposeGlobal: 0
============================================================
+ Verbose Summary: CDFG Model
============================================================
IsTopModel: 0
ResetActiveHigh: 1
IsCombinational: 0
IsDatapathOnly: 0
HasWiredReturn: 1
HasMFsm: 2
HasVarLatency: 1
IsPipeline: 0
IsRtlPipelined: 0
IsInstanceOverlapped: 0
IsDontTouch: 0
HasImplIP: 0
IsGatedGlobalClock: 0

+ Individual pipeline summary: 
  * Pipeline-0: initiation interval (II) = 1, depth = 4


============================================================
+ Verbose Summary: Schedule
============================================================
* Number of FSM states : 4
* Pipeline : 1
  Pipeline-0 : II = 1, D = 4, States = { 1 2 3 4 }
* Dataflow Pipeline: 0

* FSM state transitions: 
1 --> 2 
2 --> 3 
3 --> 4 
4 --> 

* FSM state operations: 

State 1 <SV = 0> <Delay = 5.22>
ST_1 : Operation 7 [1/1] (0.00ns)   --->   "%phi_ln818_6 = alloca i32 1"   --->   Operation 7 'alloca' 'phi_ln818_6' <Predicate = true> <Delay = 0.00>
ST_1 : Operation 8 [1/1] (0.00ns)   --->   "%lhs = alloca i32 1"   --->   Operation 8 'alloca' 'lhs' <Predicate = true> <Delay = 0.00>
ST_1 : Operation 9 [1/1] (0.00ns)   --->   "%k = alloca i32 1"   --->   Operation 9 'alloca' 'k' <Predicate = true> <Delay = 0.00>
ST_1 : Operation 10 [1/1] (0.00ns)   --->   "%ic = alloca i32 1"   --->   Operation 10 'alloca' 'ic' <Predicate = true> <Delay = 0.00>
ST_1 : Operation 11 [1/1] (0.00ns)   --->   "%indvar_flatten72 = alloca i32 1"   --->   Operation 11 'alloca' 'indvar_flatten72' <Predicate = true> <Delay = 0.00>
ST_1 : Operation 12 [1/1] (0.00ns)   --->   "%specmemcore_ln0 = specmemcore void @_ssdm_op_SpecMemCore, i15 %denoiser_w_L4_W_V, i64 666, i64 39, i64 18446744073709551615"   --->   Operation 12 'specmemcore' 'specmemcore_ln0' <Predicate = true> <Delay = 0.00>
ST_1 : Operation 13 [1/1] (1.29ns)   --->   "%store_ln0 = store i8 0, i8 %indvar_flatten72"   --->   Operation 13 'store' 'store_ln0' <Predicate = true> <Delay = 1.29>
ST_1 : Operation 14 [1/1] (1.29ns)   --->   "%store_ln0 = store i6 0, i6 %ic"   --->   Operation 14 'store' 'store_ln0' <Predicate = true> <Delay = 1.29>
ST_1 : Operation 15 [1/1] (1.29ns)   --->   "%store_ln0 = store i3 0, i3 %k"   --->   Operation 15 'store' 'store_ln0' <Predicate = true> <Delay = 1.29>
ST_1 : Operation 16 [1/1] (1.29ns)   --->   "%store_ln0 = store i48 281474976659968, i48 %lhs"   --->   Operation 16 'store' 'store_ln0' <Predicate = true> <Delay = 1.29>
ST_1 : Operation 17 [1/1] (1.29ns)   --->   "%store_ln0 = store i32 0, i32 %phi_ln818_6"   --->   Operation 17 'store' 'store_ln0' <Predicate = true> <Delay = 1.29>
ST_1 : Operation 18 [1/1] (0.00ns)   --->   "%br_ln0 = br void %for.body556"   --->   Operation 18 'br' 'br_ln0' <Predicate = true> <Delay = 0.00>
ST_1 : Operation 19 [1/1] (0.00ns)   --->   "%ic_1 = load i6 %ic"   --->   Operation 19 'load' 'ic_1' <Predicate = true> <Delay = 0.00>
ST_1 : Operation 20 [1/1] (0.00ns)   --->   "%indvar_flatten72_load = load i8 %indvar_flatten72" [src/ecg_denoiser.cpp:212]   --->   Operation 20 'load' 'indvar_flatten72_load' <Predicate = true> <Delay = 0.00>
ST_1 : Operation 21 [1/1] (0.00ns)   --->   "%tmp_s = partselect i4 @_ssdm_op_PartSelect.i4.i6.i32.i32, i6 %ic_1, i32 1, i32 4"   --->   Operation 21 'partselect' 'tmp_s' <Predicate = true> <Delay = 0.00>
ST_1 : Operation 22 [1/1] (0.00ns)   --->   "%p_cast22 = zext i4 %tmp_s"   --->   Operation 22 'zext' 'p_cast22' <Predicate = true> <Delay = 0.00>
ST_1 : Operation 23 [1/1] (0.00ns)   --->   "%empty = trunc i6 %ic_1"   --->   Operation 23 'trunc' 'empty' <Predicate = true> <Delay = 0.00>
ST_1 : Operation 24 [1/1] (0.00ns)   --->   "%win34_V_2_addr = getelementptr i31 %win34_V_2, i64 0, i64 %p_cast22"   --->   Operation 24 'getelementptr' 'win34_V_2_addr' <Predicate = true> <Delay = 0.00>
ST_1 : Operation 25 [2/2] (1.75ns)   --->   "%win34_V_2_load = load i4 %win34_V_2_addr"   --->   Operation 25 'load' 'win34_V_2_load' <Predicate = true> <Delay = 1.75> <CoreInst = "RAM">   --->   Core 82 'RAM' <Latency = 1> <II = 1> <Delay = 1.75> <Storage> <Opcode : 'load' 'store'> <Ports = 2> <Width = 31> <Depth = 16> <RAM>
ST_1 : Operation 26 [1/1] (0.00ns)   --->   "%win34_V_3_addr = getelementptr i31 %win34_V_3, i64 0, i64 %p_cast22"   --->   Operation 26 'getelementptr' 'win34_V_3_addr' <Predicate = true> <Delay = 0.00>
ST_1 : Operation 27 [2/2] (1.75ns)   --->   "%win34_V_3_load = load i4 %win34_V_3_addr"   --->   Operation 27 'load' 'win34_V_3_load' <Predicate = true> <Delay = 1.75> <CoreInst = "RAM">   --->   Core 82 'RAM' <Latency = 1> <II = 1> <Delay = 1.75> <Storage> <Opcode : 'load' 'store'> <Ports = 2> <Width = 31> <Depth = 16> <RAM>
ST_1 : Operation 28 [1/1] (0.00ns)   --->   "%win34_V_4_addr = getelementptr i31 %win34_V_4, i64 0, i64 %p_cast22"   --->   Operation 28 'getelementptr' 'win34_V_4_addr' <Predicate = true> <Delay = 0.00>
ST_1 : Operation 29 [2/2] (1.75ns)   --->   "%win34_V_4_load = load i4 %win34_V_4_addr"   --->   Operation 29 'load' 'win34_V_4_load' <Predicate = true> <Delay = 1.75> <CoreInst = "RAM">   --->   Core 82 'RAM' <Latency = 1> <II = 1> <Delay = 1.75> <Storage> <Opcode : 'load' 'store'> <Ports = 2> <Width = 31> <Depth = 16> <RAM>
ST_1 : Operation 30 [1/1] (0.00ns)   --->   "%win34_V_5_addr = getelementptr i31 %win34_V_5, i64 0, i64 %p_cast22"   --->   Operation 30 'getelementptr' 'win34_V_5_addr' <Predicate = true> <Delay = 0.00>
ST_1 : Operation 31 [2/2] (1.75ns)   --->   "%win34_V_5_load = load i4 %win34_V_5_addr"   --->   Operation 31 'load' 'win34_V_5_load' <Predicate = true> <Delay = 1.75> <CoreInst = "RAM">   --->   Core 82 'RAM' <Latency = 1> <II = 1> <Delay = 1.75> <Storage> <Opcode : 'load' 'store'> <Ports = 2> <Width = 31> <Depth = 16> <RAM>
ST_1 : Operation 32 [1/1] (0.00ns)   --->   "%win34_V_6_addr = getelementptr i31 %win34_V_6, i64 0, i64 %p_cast22"   --->   Operation 32 'getelementptr' 'win34_V_6_addr' <Predicate = true> <Delay = 0.00>
ST_1 : Operation 33 [2/2] (1.75ns)   --->   "%win34_V_6_load = load i4 %win34_V_6_addr"   --->   Operation 33 'load' 'win34_V_6_load' <Predicate = true> <Delay = 1.75> <CoreInst = "RAM">   --->   Core 82 'RAM' <Latency = 1> <II = 1> <Delay = 1.75> <Storage> <Opcode : 'load' 'store'> <Ports = 2> <Width = 31> <Depth = 16> <RAM>
ST_1 : Operation 34 [1/1] (0.00ns)   --->   "%win34_V_7_addr = getelementptr i31 %win34_V_7, i64 0, i64 %p_cast22"   --->   Operation 34 'getelementptr' 'win34_V_7_addr' <Predicate = true> <Delay = 0.00>
ST_1 : Operation 35 [2/2] (1.75ns)   --->   "%win34_V_7_load = load i4 %win34_V_7_addr"   --->   Operation 35 'load' 'win34_V_7_load' <Predicate = true> <Delay = 1.75> <CoreInst = "RAM">   --->   Core 82 'RAM' <Latency = 1> <II = 1> <Delay = 1.75> <Storage> <Opcode : 'load' 'store'> <Ports = 2> <Width = 31> <Depth = 16> <RAM>
ST_1 : Operation 36 [1/1] (0.00ns)   --->   "%win34_V_8_addr = getelementptr i31 %win34_V_8, i64 0, i64 %p_cast22"   --->   Operation 36 'getelementptr' 'win34_V_8_addr' <Predicate = true> <Delay = 0.00>
ST_1 : Operation 37 [2/2] (1.75ns)   --->   "%win34_V_8_load = load i4 %win34_V_8_addr"   --->   Operation 37 'load' 'win34_V_8_load' <Predicate = true> <Delay = 1.75> <CoreInst = "RAM">   --->   Core 82 'RAM' <Latency = 1> <II = 1> <Delay = 1.75> <Storage> <Opcode : 'load' 'store'> <Ports = 2> <Width = 31> <Depth = 16> <RAM>
ST_1 : Operation 38 [1/1] (0.00ns)   --->   "%win34_V_9_addr = getelementptr i31 %win34_V_9, i64 0, i64 %p_cast22"   --->   Operation 38 'getelementptr' 'win34_V_9_addr' <Predicate = true> <Delay = 0.00>
ST_1 : Operation 39 [2/2] (1.75ns)   --->   "%win34_V_9_load = load i4 %win34_V_9_addr"   --->   Operation 39 'load' 'win34_V_9_load' <Predicate = true> <Delay = 1.75> <CoreInst = "RAM">   --->   Core 82 'RAM' <Latency = 1> <II = 1> <Delay = 1.75> <Storage> <Opcode : 'load' 'store'> <Ports = 2> <Width = 31> <Depth = 16> <RAM>
ST_1 : Operation 40 [1/1] (0.00ns)   --->   "%win34_V_10_addr = getelementptr i31 %win34_V_10, i64 0, i64 %p_cast22"   --->   Operation 40 'getelementptr' 'win34_V_10_addr' <Predicate = true> <Delay = 0.00>
ST_1 : Operation 41 [2/2] (1.75ns)   --->   "%win34_V_10_load = load i4 %win34_V_10_addr"   --->   Operation 41 'load' 'win34_V_10_load' <Predicate = true> <Delay = 1.75> <CoreInst = "RAM">   --->   Core 82 'RAM' <Latency = 1> <II = 1> <Delay = 1.75> <Storage> <Opcode : 'load' 'store'> <Ports = 2> <Width = 31> <Depth = 16> <RAM>
ST_1 : Operation 42 [1/1] (0.00ns)   --->   "%win34_V_11_addr = getelementptr i31 %win34_V_11, i64 0, i64 %p_cast22"   --->   Operation 42 'getelementptr' 'win34_V_11_addr' <Predicate = true> <Delay = 0.00>
ST_1 : Operation 43 [2/2] (1.75ns)   --->   "%win34_V_11_load = load i4 %win34_V_11_addr"   --->   Operation 43 'load' 'win34_V_11_load' <Predicate = true> <Delay = 1.75> <CoreInst = "RAM">   --->   Core 82 'RAM' <Latency = 1> <II = 1> <Delay = 1.75> <Storage> <Opcode : 'load' 'store'> <Ports = 2> <Width = 31> <Depth = 16> <RAM>
ST_1 : Operation 44 [1/1] (1.31ns)   --->   "%icmp_ln212 = icmp_eq  i8 %indvar_flatten72_load, i8 224" [src/ecg_denoiser.cpp:212]   --->   Operation 44 'icmp' 'icmp_ln212' <Predicate = true> <Delay = 1.31> <CoreInst = "Cmp">   --->   Core 9 'Cmp' <Latency = 0> <II = 1> <Delay = 1.31> <FuncUnit> <Opcode : 'icmp'> <InPorts = 2> <OutPorts = 1>
ST_1 : Operation 45 [1/1] (1.30ns)   --->   "%add_ln212_1 = add i8 %indvar_flatten72_load, i8 1" [src/ecg_denoiser.cpp:212]   --->   Operation 45 'add' 'add_ln212_1' <Predicate = true> <Delay = 1.30> <CoreInst = "Adder">   --->   Core 1 'Adder' <Latency = 0> <II = 1> <Delay = 1.30> <FuncUnit> <Opcode : 'add' 'sub'> <InPorts = 2> <OutPorts = 1>
ST_1 : Operation 46 [1/1] (0.00ns)   --->   "%br_ln212 = br i1 %icmp_ln212, void %for.inc575, void %for.end577.exitStub" [src/ecg_denoiser.cpp:212]   --->   Operation 46 'br' 'br_ln212' <Predicate = true> <Delay = 0.00>
ST_1 : Operation 47 [1/1] (0.00ns)   --->   "%k_load = load i3 %k" [src/ecg_denoiser.cpp:214]   --->   Operation 47 'load' 'k_load' <Predicate = (!icmp_ln212)> <Delay = 0.00>
ST_1 : Operation 48 [1/1] (1.28ns)   --->   "%add_ln212 = add i6 %ic_1, i6 1" [src/ecg_denoiser.cpp:212]   --->   Operation 48 'add' 'add_ln212' <Predicate = (!icmp_ln212)> <Delay = 1.28> <CoreInst = "Adder">   --->   Core 1 'Adder' <Latency = 0> <II = 1> <Delay = 1.28> <FuncUnit> <Opcode : 'add' 'sub'> <InPorts = 2> <OutPorts = 1>
ST_1 : Operation 49 [1/1] (0.98ns)   --->   "%icmp_ln214 = icmp_eq  i3 %k_load, i3 7" [src/ecg_denoiser.cpp:214]   --->   Operation 49 'icmp' 'icmp_ln214' <Predicate = (!icmp_ln212)> <Delay = 0.98> <CoreInst = "Cmp">   --->   Core 9 'Cmp' <Latency = 0> <II = 1> <Delay = 0.98> <FuncUnit> <Opcode : 'icmp'> <InPorts = 2> <OutPorts = 1>
ST_1 : Operation 50 [1/1] (0.79ns)   --->   "%select_ln212 = select i1 %icmp_ln214, i3 0, i3 %k_load" [src/ecg_denoiser.cpp:212]   --->   Operation 50 'select' 'select_ln212' <Predicate = (!icmp_ln212)> <Delay = 0.79> <CoreInst = "Sel">   --->   Core 73 'Sel' <Latency = 0> <II = 1> <Delay = 0.79> <FuncUnit> <Opcode : 'select'> <InPorts = 3> <OutPorts = 1>
ST_1 : Operation 51 [1/1] (0.97ns)   --->   "%select_ln212_1 = select i1 %icmp_ln214, i6 %add_ln212, i6 %ic_1" [src/ecg_denoiser.cpp:212]   --->   Operation 51 'select' 'select_ln212_1' <Predicate = (!icmp_ln212)> <Delay = 0.97> <CoreInst = "Sel">   --->   Core 73 'Sel' <Latency = 0> <II = 1> <Delay = 0.97> <FuncUnit> <Opcode : 'select'> <InPorts = 3> <OutPorts = 1>
ST_1 : Operation 52 [1/1] (0.00ns)   --->   "%trunc_ln212 = trunc i6 %select_ln212_1" [src/ecg_denoiser.cpp:212]   --->   Operation 52 'trunc' 'trunc_ln212' <Predicate = (!icmp_ln212)> <Delay = 0.00>
ST_1 : Operation 53 [1/1] (0.00ns)   --->   "%zext_ln837 = zext i6 %select_ln212_1"   --->   Operation 53 'zext' 'zext_ln837' <Predicate = (!icmp_ln212)> <Delay = 0.00>
ST_1 : Operation 54 [1/1] (0.00ns)   --->   "%tmp_8 = bitconcatenate i8 @_ssdm_op_BitConcatenate.i8.i5.i3, i5 %trunc_ln212, i3 0"   --->   Operation 54 'bitconcatenate' 'tmp_8' <Predicate = (!icmp_ln212)> <Delay = 0.00>
ST_1 : Operation 55 [1/1] (0.00ns) (grouped into TernaryAdder)   --->   "%sub_ln837 = sub i8 %tmp_8, i8 %zext_ln837"   --->   Operation 55 'sub' 'sub_ln837' <Predicate = (!icmp_ln212)> <Delay = 0.00> <CoreInst = "TAddSub">   --->   Core 10 'TAddSub' <Latency = 0> <II = 1> <Delay = 1.48> <IPBlock> <Opcode : 'add' 'sub'> <InPorts = 3> <OutPorts = 1> <Sync> <CReg>
ST_1 : Operation 56 [1/1] (0.00ns)   --->   "%p_mid1 = partselect i4 @_ssdm_op_PartSelect.i4.i6.i32.i32, i6 %add_ln212, i32 1, i32 4" [src/ecg_denoiser.cpp:212]   --->   Operation 56 'partselect' 'p_mid1' <Predicate = (!icmp_ln212)> <Delay = 0.00>
ST_1 : Operation 57 [1/1] (0.00ns)   --->   "%p_cast22_mid1 = zext i4 %p_mid1" [src/ecg_denoiser.cpp:212]   --->   Operation 57 'zext' 'p_cast22_mid1' <Predicate = (!icmp_ln212)> <Delay = 0.00>
ST_1 : Operation 58 [1/1] (0.00ns)   --->   "%empty_54 = trunc i6 %add_ln212" [src/ecg_denoiser.cpp:212]   --->   Operation 58 'trunc' 'empty_54' <Predicate = (!icmp_ln212)> <Delay = 0.00>
ST_1 : Operation 59 [1/1] (0.00ns)   --->   "%win34_V_2_addr_1 = getelementptr i31 %win34_V_2, i64 0, i64 %p_cast22_mid1" [src/ecg_denoiser.cpp:212]   --->   Operation 59 'getelementptr' 'win34_V_2_addr_1' <Predicate = (!icmp_ln212)> <Delay = 0.00>
ST_1 : Operation 60 [2/2] (1.75ns)   --->   "%win34_V_2_load_1 = load i4 %win34_V_2_addr_1" [src/ecg_denoiser.cpp:212]   --->   Operation 60 'load' 'win34_V_2_load_1' <Predicate = (!icmp_ln212)> <Delay = 1.75> <CoreInst = "RAM">   --->   Core 82 'RAM' <Latency = 1> <II = 1> <Delay = 1.75> <Storage> <Opcode : 'load' 'store'> <Ports = 2> <Width = 31> <Depth = 16> <RAM>
ST_1 : Operation 61 [1/1] (0.00ns)   --->   "%win34_V_3_addr_1 = getelementptr i31 %win34_V_3, i64 0, i64 %p_cast22_mid1" [src/ecg_denoiser.cpp:212]   --->   Operation 61 'getelementptr' 'win34_V_3_addr_1' <Predicate = (!icmp_ln212)> <Delay = 0.00>
ST_1 : Operation 62 [2/2] (1.75ns)   --->   "%win34_V_3_load_1 = load i4 %win34_V_3_addr_1" [src/ecg_denoiser.cpp:212]   --->   Operation 62 'load' 'win34_V_3_load_1' <Predicate = (!icmp_ln212)> <Delay = 1.75> <CoreInst = "RAM">   --->   Core 82 'RAM' <Latency = 1> <II = 1> <Delay = 1.75> <Storage> <Opcode : 'load' 'store'> <Ports = 2> <Width = 31> <Depth = 16> <RAM>
ST_1 : Operation 63 [1/1] (0.00ns)   --->   "%win34_V_4_addr_1 = getelementptr i31 %win34_V_4, i64 0, i64 %p_cast22_mid1" [src/ecg_denoiser.cpp:212]   --->   Operation 63 'getelementptr' 'win34_V_4_addr_1' <Predicate = (!icmp_ln212)> <Delay = 0.00>
ST_1 : Operation 64 [2/2] (1.75ns)   --->   "%win34_V_4_load_1 = load i4 %win34_V_4_addr_1" [src/ecg_denoiser.cpp:212]   --->   Operation 64 'load' 'win34_V_4_load_1' <Predicate = (!icmp_ln212)> <Delay = 1.75> <CoreInst = "RAM">   --->   Core 82 'RAM' <Latency = 1> <II = 1> <Delay = 1.75> <Storage> <Opcode : 'load' 'store'> <Ports = 2> <Width = 31> <Depth = 16> <RAM>
ST_1 : Operation 65 [1/1] (0.00ns)   --->   "%win34_V_5_addr_1 = getelementptr i31 %win34_V_5, i64 0, i64 %p_cast22_mid1" [src/ecg_denoiser.cpp:212]   --->   Operation 65 'getelementptr' 'win34_V_5_addr_1' <Predicate = (!icmp_ln212)> <Delay = 0.00>
ST_1 : Operation 66 [2/2] (1.75ns)   --->   "%win34_V_5_load_1 = load i4 %win34_V_5_addr_1" [src/ecg_denoiser.cpp:212]   --->   Operation 66 'load' 'win34_V_5_load_1' <Predicate = (!icmp_ln212)> <Delay = 1.75> <CoreInst = "RAM">   --->   Core 82 'RAM' <Latency = 1> <II = 1> <Delay = 1.75> <Storage> <Opcode : 'load' 'store'> <Ports = 2> <Width = 31> <Depth = 16> <RAM>
ST_1 : Operation 67 [1/1] (0.00ns)   --->   "%win34_V_6_addr_1 = getelementptr i31 %win34_V_6, i64 0, i64 %p_cast22_mid1" [src/ecg_denoiser.cpp:212]   --->   Operation 67 'getelementptr' 'win34_V_6_addr_1' <Predicate = (!icmp_ln212)> <Delay = 0.00>
ST_1 : Operation 68 [2/2] (1.75ns)   --->   "%win34_V_6_load_1 = load i4 %win34_V_6_addr_1" [src/ecg_denoiser.cpp:212]   --->   Operation 68 'load' 'win34_V_6_load_1' <Predicate = (!icmp_ln212)> <Delay = 1.75> <CoreInst = "RAM">   --->   Core 82 'RAM' <Latency = 1> <II = 1> <Delay = 1.75> <Storage> <Opcode : 'load' 'store'> <Ports = 2> <Width = 31> <Depth = 16> <RAM>
ST_1 : Operation 69 [1/1] (0.00ns)   --->   "%win34_V_7_addr_1 = getelementptr i31 %win34_V_7, i64 0, i64 %p_cast22_mid1" [src/ecg_denoiser.cpp:212]   --->   Operation 69 'getelementptr' 'win34_V_7_addr_1' <Predicate = (!icmp_ln212)> <Delay = 0.00>
ST_1 : Operation 70 [2/2] (1.75ns)   --->   "%win34_V_7_load_1 = load i4 %win34_V_7_addr_1" [src/ecg_denoiser.cpp:212]   --->   Operation 70 'load' 'win34_V_7_load_1' <Predicate = (!icmp_ln212)> <Delay = 1.75> <CoreInst = "RAM">   --->   Core 82 'RAM' <Latency = 1> <II = 1> <Delay = 1.75> <Storage> <Opcode : 'load' 'store'> <Ports = 2> <Width = 31> <Depth = 16> <RAM>
ST_1 : Operation 71 [1/1] (0.00ns)   --->   "%win34_V_8_addr_1 = getelementptr i31 %win34_V_8, i64 0, i64 %p_cast22_mid1" [src/ecg_denoiser.cpp:212]   --->   Operation 71 'getelementptr' 'win34_V_8_addr_1' <Predicate = (!icmp_ln212)> <Delay = 0.00>
ST_1 : Operation 72 [2/2] (1.75ns)   --->   "%win34_V_8_load_1 = load i4 %win34_V_8_addr_1" [src/ecg_denoiser.cpp:212]   --->   Operation 72 'load' 'win34_V_8_load_1' <Predicate = (!icmp_ln212)> <Delay = 1.75> <CoreInst = "RAM">   --->   Core 82 'RAM' <Latency = 1> <II = 1> <Delay = 1.75> <Storage> <Opcode : 'load' 'store'> <Ports = 2> <Width = 31> <Depth = 16> <RAM>
ST_1 : Operation 73 [1/1] (0.00ns)   --->   "%win34_V_9_addr_1 = getelementptr i31 %win34_V_9, i64 0, i64 %p_cast22_mid1" [src/ecg_denoiser.cpp:212]   --->   Operation 73 'getelementptr' 'win34_V_9_addr_1' <Predicate = (!icmp_ln212)> <Delay = 0.00>
ST_1 : Operation 74 [2/2] (1.75ns)   --->   "%win34_V_9_load_1 = load i4 %win34_V_9_addr_1" [src/ecg_denoiser.cpp:212]   --->   Operation 74 'load' 'win34_V_9_load_1' <Predicate = (!icmp_ln212)> <Delay = 1.75> <CoreInst = "RAM">   --->   Core 82 'RAM' <Latency = 1> <II = 1> <Delay = 1.75> <Storage> <Opcode : 'load' 'store'> <Ports = 2> <Width = 31> <Depth = 16> <RAM>
ST_1 : Operation 75 [1/1] (0.00ns)   --->   "%win34_V_10_addr_1 = getelementptr i31 %win34_V_10, i64 0, i64 %p_cast22_mid1" [src/ecg_denoiser.cpp:212]   --->   Operation 75 'getelementptr' 'win34_V_10_addr_1' <Predicate = (!icmp_ln212)> <Delay = 0.00>
ST_1 : Operation 76 [2/2] (1.75ns)   --->   "%win34_V_10_load_1 = load i4 %win34_V_10_addr_1" [src/ecg_denoiser.cpp:212]   --->   Operation 76 'load' 'win34_V_10_load_1' <Predicate = (!icmp_ln212)> <Delay = 1.75> <CoreInst = "RAM">   --->   Core 82 'RAM' <Latency = 1> <II = 1> <Delay = 1.75> <Storage> <Opcode : 'load' 'store'> <Ports = 2> <Width = 31> <Depth = 16> <RAM>
ST_1 : Operation 77 [1/1] (0.00ns)   --->   "%win34_V_11_addr_1 = getelementptr i31 %win34_V_11, i64 0, i64 %p_cast22_mid1" [src/ecg_denoiser.cpp:212]   --->   Operation 77 'getelementptr' 'win34_V_11_addr_1' <Predicate = (!icmp_ln212)> <Delay = 0.00>
ST_1 : Operation 78 [2/2] (1.75ns)   --->   "%win34_V_11_load_1 = load i4 %win34_V_11_addr_1" [src/ecg_denoiser.cpp:212]   --->   Operation 78 'load' 'win34_V_11_load_1' <Predicate = (!icmp_ln212)> <Delay = 1.75> <CoreInst = "RAM">   --->   Core 82 'RAM' <Latency = 1> <II = 1> <Delay = 1.75> <Storage> <Opcode : 'load' 'store'> <Ports = 2> <Width = 31> <Depth = 16> <RAM>
ST_1 : Operation 79 [1/1] (0.00ns)   --->   "%zext_ln837_1 = zext i3 %select_ln212"   --->   Operation 79 'zext' 'zext_ln837_1' <Predicate = (!icmp_ln212)> <Delay = 0.00>
ST_1 : Operation 80 [1/1] (2.96ns) (root node of TernaryAdder)   --->   "%add_ln837 = add i8 %sub_ln837, i8 %zext_ln837_1"   --->   Operation 80 'add' 'add_ln837' <Predicate = (!icmp_ln212)> <Delay = 2.96> <CoreInst = "TAddSub">   --->   Core 10 'TAddSub' <Latency = 0> <II = 1> <Delay = 1.48> <IPBlock> <Opcode : 'add' 'sub'> <InPorts = 3> <OutPorts = 1> <Sync> <CReg>
ST_1 : Operation 81 [1/1] (0.76ns)   --->   "%add_ln214 = add i3 %select_ln212, i3 1" [src/ecg_denoiser.cpp:214]   --->   Operation 81 'add' 'add_ln214' <Predicate = (!icmp_ln212)> <Delay = 0.76> <CoreInst = "Adder">   --->   Core 1 'Adder' <Latency = 0> <II = 1> <Delay = 0.76> <FuncUnit> <Opcode : 'add' 'sub'> <InPorts = 2> <OutPorts = 1>
ST_1 : Operation 82 [1/1] (1.29ns)   --->   "%store_ln214 = store i8 %add_ln212_1, i8 %indvar_flatten72" [src/ecg_denoiser.cpp:214]   --->   Operation 82 'store' 'store_ln214' <Predicate = (!icmp_ln212)> <Delay = 1.29>
ST_1 : Operation 83 [1/1] (1.29ns)   --->   "%store_ln214 = store i6 %select_ln212_1, i6 %ic" [src/ecg_denoiser.cpp:214]   --->   Operation 83 'store' 'store_ln214' <Predicate = (!icmp_ln212)> <Delay = 1.29>
ST_1 : Operation 84 [1/1] (1.29ns)   --->   "%store_ln214 = store i3 %add_ln214, i3 %k" [src/ecg_denoiser.cpp:214]   --->   Operation 84 'store' 'store_ln214' <Predicate = (!icmp_ln212)> <Delay = 1.29>

State 2 <SV = 1> <Delay = 5.20>
ST_2 : Operation 85 [1/1] (1.29ns)   --->   "%tmp_5 = mux i32 @_ssdm_op_Mux.ap_auto.2i32.i1, i32 0, i32 0, i1 %empty" [src/ecg_denoiser.cpp:216]   --->   Operation 85 'mux' 'tmp_5' <Predicate = (!icmp_ln214)> <Delay = 1.29> <CoreInst = "Multiplexer">   --->   Core 76 'Multiplexer' <Latency = 0> <II = 1> <Delay = 1.29> <FuncUnit> <Opcode : 'mux'> <InPorts = 2> <OutPorts = 1>
ST_2 : Operation 86 [1/1] (1.29ns)   --->   "%tmp_1 = mux i31 @_ssdm_op_Mux.ap_auto.2i31.i1, i31 0, i31 0, i1 %empty" [src/ecg_denoiser.cpp:216]   --->   Operation 86 'mux' 'tmp_1' <Predicate = (!icmp_ln214)> <Delay = 1.29> <CoreInst = "Multiplexer">   --->   Core 76 'Multiplexer' <Latency = 0> <II = 1> <Delay = 1.29> <FuncUnit> <Opcode : 'mux'> <InPorts = 2> <OutPorts = 1>
ST_2 : Operation 87 [1/2] (1.75ns)   --->   "%win34_V_2_load = load i4 %win34_V_2_addr"   --->   Operation 87 'load' 'win34_V_2_load' <Predicate = true> <Delay = 1.75> <CoreInst = "RAM">   --->   Core 82 'RAM' <Latency = 1> <II = 1> <Delay = 1.75> <Storage> <Opcode : 'load' 'store'> <Ports = 2> <Width = 31> <Depth = 16> <RAM>
ST_2 : Operation 88 [1/2] (1.75ns)   --->   "%win34_V_3_load = load i4 %win34_V_3_addr"   --->   Operation 88 'load' 'win34_V_3_load' <Predicate = true> <Delay = 1.75> <CoreInst = "RAM">   --->   Core 82 'RAM' <Latency = 1> <II = 1> <Delay = 1.75> <Storage> <Opcode : 'load' 'store'> <Ports = 2> <Width = 31> <Depth = 16> <RAM>
ST_2 : Operation 89 [1/1] (1.29ns)   --->   "%tmp_2 = mux i31 @_ssdm_op_Mux.ap_auto.2i31.i1, i31 %win34_V_2_load, i31 %win34_V_3_load, i1 %empty" [src/ecg_denoiser.cpp:216]   --->   Operation 89 'mux' 'tmp_2' <Predicate = (!icmp_ln214)> <Delay = 1.29> <CoreInst = "Multiplexer">   --->   Core 76 'Multiplexer' <Latency = 0> <II = 1> <Delay = 1.29> <FuncUnit> <Opcode : 'mux'> <InPorts = 2> <OutPorts = 1>
ST_2 : Operation 90 [1/2] (1.75ns)   --->   "%win34_V_4_load = load i4 %win34_V_4_addr"   --->   Operation 90 'load' 'win34_V_4_load' <Predicate = true> <Delay = 1.75> <CoreInst = "RAM">   --->   Core 82 'RAM' <Latency = 1> <II = 1> <Delay = 1.75> <Storage> <Opcode : 'load' 'store'> <Ports = 2> <Width = 31> <Depth = 16> <RAM>
ST_2 : Operation 91 [1/2] (1.75ns)   --->   "%win34_V_5_load = load i4 %win34_V_5_addr"   --->   Operation 91 'load' 'win34_V_5_load' <Predicate = true> <Delay = 1.75> <CoreInst = "RAM">   --->   Core 82 'RAM' <Latency = 1> <II = 1> <Delay = 1.75> <Storage> <Opcode : 'load' 'store'> <Ports = 2> <Width = 31> <Depth = 16> <RAM>
ST_2 : Operation 92 [1/1] (1.29ns)   --->   "%tmp_3 = mux i31 @_ssdm_op_Mux.ap_auto.2i31.i1, i31 %win34_V_4_load, i31 %win34_V_5_load, i1 %empty" [src/ecg_denoiser.cpp:216]   --->   Operation 92 'mux' 'tmp_3' <Predicate = (!icmp_ln214)> <Delay = 1.29> <CoreInst = "Multiplexer">   --->   Core 76 'Multiplexer' <Latency = 0> <II = 1> <Delay = 1.29> <FuncUnit> <Opcode : 'mux'> <InPorts = 2> <OutPorts = 1>
ST_2 : Operation 93 [1/2] (1.75ns)   --->   "%win34_V_6_load = load i4 %win34_V_6_addr"   --->   Operation 93 'load' 'win34_V_6_load' <Predicate = true> <Delay = 1.75> <CoreInst = "RAM">   --->   Core 82 'RAM' <Latency = 1> <II = 1> <Delay = 1.75> <Storage> <Opcode : 'load' 'store'> <Ports = 2> <Width = 31> <Depth = 16> <RAM>
ST_2 : Operation 94 [1/2] (1.75ns)   --->   "%win34_V_7_load = load i4 %win34_V_7_addr"   --->   Operation 94 'load' 'win34_V_7_load' <Predicate = true> <Delay = 1.75> <CoreInst = "RAM">   --->   Core 82 'RAM' <Latency = 1> <II = 1> <Delay = 1.75> <Storage> <Opcode : 'load' 'store'> <Ports = 2> <Width = 31> <Depth = 16> <RAM>
ST_2 : Operation 95 [1/1] (1.29ns)   --->   "%tmp_4 = mux i31 @_ssdm_op_Mux.ap_auto.2i31.i1, i31 %win34_V_6_load, i31 %win34_V_7_load, i1 %empty" [src/ecg_denoiser.cpp:216]   --->   Operation 95 'mux' 'tmp_4' <Predicate = (!icmp_ln214)> <Delay = 1.29> <CoreInst = "Multiplexer">   --->   Core 76 'Multiplexer' <Latency = 0> <II = 1> <Delay = 1.29> <FuncUnit> <Opcode : 'mux'> <InPorts = 2> <OutPorts = 1>
ST_2 : Operation 96 [1/2] (1.75ns)   --->   "%win34_V_8_load = load i4 %win34_V_8_addr"   --->   Operation 96 'load' 'win34_V_8_load' <Predicate = true> <Delay = 1.75> <CoreInst = "RAM">   --->   Core 82 'RAM' <Latency = 1> <II = 1> <Delay = 1.75> <Storage> <Opcode : 'load' 'store'> <Ports = 2> <Width = 31> <Depth = 16> <RAM>
ST_2 : Operation 97 [1/2] (1.75ns)   --->   "%win34_V_9_load = load i4 %win34_V_9_addr"   --->   Operation 97 'load' 'win34_V_9_load' <Predicate = true> <Delay = 1.75> <CoreInst = "RAM">   --->   Core 82 'RAM' <Latency = 1> <II = 1> <Delay = 1.75> <Storage> <Opcode : 'load' 'store'> <Ports = 2> <Width = 31> <Depth = 16> <RAM>
ST_2 : Operation 98 [1/1] (1.29ns)   --->   "%tmp_6 = mux i31 @_ssdm_op_Mux.ap_auto.2i31.i1, i31 %win34_V_8_load, i31 %win34_V_9_load, i1 %empty" [src/ecg_denoiser.cpp:216]   --->   Operation 98 'mux' 'tmp_6' <Predicate = (!icmp_ln214)> <Delay = 1.29> <CoreInst = "Multiplexer">   --->   Core 76 'Multiplexer' <Latency = 0> <II = 1> <Delay = 1.29> <FuncUnit> <Opcode : 'mux'> <InPorts = 2> <OutPorts = 1>
ST_2 : Operation 99 [1/2] (1.75ns)   --->   "%win34_V_10_load = load i4 %win34_V_10_addr"   --->   Operation 99 'load' 'win34_V_10_load' <Predicate = true> <Delay = 1.75> <CoreInst = "RAM">   --->   Core 82 'RAM' <Latency = 1> <II = 1> <Delay = 1.75> <Storage> <Opcode : 'load' 'store'> <Ports = 2> <Width = 31> <Depth = 16> <RAM>
ST_2 : Operation 100 [1/2] (1.75ns)   --->   "%win34_V_11_load = load i4 %win34_V_11_addr"   --->   Operation 100 'load' 'win34_V_11_load' <Predicate = true> <Delay = 1.75> <CoreInst = "RAM">   --->   Core 82 'RAM' <Latency = 1> <II = 1> <Delay = 1.75> <Storage> <Opcode : 'load' 'store'> <Ports = 2> <Width = 31> <Depth = 16> <RAM>
ST_2 : Operation 101 [1/1] (1.29ns)   --->   "%tmp_7 = mux i31 @_ssdm_op_Mux.ap_auto.2i31.i1, i31 %win34_V_10_load, i31 %win34_V_11_load, i1 %empty" [src/ecg_denoiser.cpp:216]   --->   Operation 101 'mux' 'tmp_7' <Predicate = (!icmp_ln214)> <Delay = 1.29> <CoreInst = "Multiplexer">   --->   Core 76 'Multiplexer' <Latency = 0> <II = 1> <Delay = 1.29> <FuncUnit> <Opcode : 'mux'> <InPorts = 2> <OutPorts = 1>
ST_2 : Operation 102 [1/1] (0.00ns) (grouped into LUT with out node select_ln212_2)   --->   "%tmp_5_mid1 = mux i32 @_ssdm_op_Mux.ap_auto.2i32.i1, i32 0, i32 0, i1 %empty_54" [src/ecg_denoiser.cpp:216]   --->   Operation 102 'mux' 'tmp_5_mid1' <Predicate = (!icmp_ln212 & icmp_ln214)> <Delay = 0.00> <CoreInst = "Multiplexer">   --->   Core 76 'Multiplexer' <Latency = 0> <II = 1> <Delay = 1.29> <FuncUnit> <Opcode : 'mux'> <InPorts = 2> <OutPorts = 1>
ST_2 : Operation 103 [1/1] (1.29ns) (out node of the LUT)   --->   "%select_ln212_2 = select i1 %icmp_ln214, i32 %tmp_5_mid1, i32 %tmp_5" [src/ecg_denoiser.cpp:212]   --->   Operation 103 'select' 'select_ln212_2' <Predicate = (!icmp_ln212)> <Delay = 1.29> <CoreInst = "Sel">   --->   Core 73 'Sel' <Latency = 0> <II = 1> <Delay = 0.70> <FuncUnit> <Opcode : 'select'> <InPorts = 3> <OutPorts = 1>
ST_2 : Operation 104 [1/1] (0.00ns) (grouped into LUT with out node select_ln212_3)   --->   "%tmp_12_mid1 = mux i31 @_ssdm_op_Mux.ap_auto.2i31.i1, i31 0, i31 0, i1 %empty_54" [src/ecg_denoiser.cpp:216]   --->   Operation 104 'mux' 'tmp_12_mid1' <Predicate = (!icmp_ln212 & icmp_ln214)> <Delay = 0.00> <CoreInst = "Multiplexer">   --->   Core 76 'Multiplexer' <Latency = 0> <II = 1> <Delay = 1.29> <FuncUnit> <Opcode : 'mux'> <InPorts = 2> <OutPorts = 1>
ST_2 : Operation 105 [1/1] (1.29ns) (out node of the LUT)   --->   "%select_ln212_3 = select i1 %icmp_ln214, i31 %tmp_12_mid1, i31 %tmp_1" [src/ecg_denoiser.cpp:212]   --->   Operation 105 'select' 'select_ln212_3' <Predicate = (!icmp_ln212)> <Delay = 1.29> <CoreInst = "Sel">   --->   Core 73 'Sel' <Latency = 0> <II = 1> <Delay = 0.71> <FuncUnit> <Opcode : 'select'> <InPorts = 3> <OutPorts = 1>
ST_2 : Operation 106 [1/1] (0.00ns)   --->   "%zext_ln212 = zext i31 %select_ln212_3" [src/ecg_denoiser.cpp:212]   --->   Operation 106 'zext' 'zext_ln212' <Predicate = (!icmp_ln212)> <Delay = 0.00>
ST_2 : Operation 107 [1/2] (1.75ns)   --->   "%win34_V_2_load_1 = load i4 %win34_V_2_addr_1" [src/ecg_denoiser.cpp:212]   --->   Operation 107 'load' 'win34_V_2_load_1' <Predicate = (!icmp_ln212)> <Delay = 1.75> <CoreInst = "RAM">   --->   Core 82 'RAM' <Latency = 1> <II = 1> <Delay = 1.75> <Storage> <Opcode : 'load' 'store'> <Ports = 2> <Width = 31> <Depth = 16> <RAM>
ST_2 : Operation 108 [1/2] (1.75ns)   --->   "%win34_V_3_load_1 = load i4 %win34_V_3_addr_1" [src/ecg_denoiser.cpp:212]   --->   Operation 108 'load' 'win34_V_3_load_1' <Predicate = (!icmp_ln212)> <Delay = 1.75> <CoreInst = "RAM">   --->   Core 82 'RAM' <Latency = 1> <II = 1> <Delay = 1.75> <Storage> <Opcode : 'load' 'store'> <Ports = 2> <Width = 31> <Depth = 16> <RAM>
ST_2 : Operation 109 [1/1] (1.29ns)   --->   "%tmp_13_mid1 = mux i31 @_ssdm_op_Mux.ap_auto.2i31.i1, i31 %win34_V_2_load_1, i31 %win34_V_3_load_1, i1 %empty_54" [src/ecg_denoiser.cpp:216]   --->   Operation 109 'mux' 'tmp_13_mid1' <Predicate = (!icmp_ln212 & icmp_ln214)> <Delay = 1.29> <CoreInst = "Multiplexer">   --->   Core 76 'Multiplexer' <Latency = 0> <II = 1> <Delay = 1.29> <FuncUnit> <Opcode : 'mux'> <InPorts = 2> <OutPorts = 1>
ST_2 : Operation 110 [1/1] (0.71ns)   --->   "%select_ln212_4 = select i1 %icmp_ln214, i31 %tmp_13_mid1, i31 %tmp_2" [src/ecg_denoiser.cpp:212]   --->   Operation 110 'select' 'select_ln212_4' <Predicate = (!icmp_ln212)> <Delay = 0.71> <CoreInst = "Sel">   --->   Core 73 'Sel' <Latency = 0> <II = 1> <Delay = 0.71> <FuncUnit> <Opcode : 'select'> <InPorts = 3> <OutPorts = 1>
ST_2 : Operation 111 [1/1] (0.00ns)   --->   "%zext_ln212_1 = zext i31 %select_ln212_4" [src/ecg_denoiser.cpp:212]   --->   Operation 111 'zext' 'zext_ln212_1' <Predicate = (!icmp_ln212)> <Delay = 0.00>
ST_2 : Operation 112 [1/2] (1.75ns)   --->   "%win34_V_4_load_1 = load i4 %win34_V_4_addr_1" [src/ecg_denoiser.cpp:212]   --->   Operation 112 'load' 'win34_V_4_load_1' <Predicate = (!icmp_ln212)> <Delay = 1.75> <CoreInst = "RAM">   --->   Core 82 'RAM' <Latency = 1> <II = 1> <Delay = 1.75> <Storage> <Opcode : 'load' 'store'> <Ports = 2> <Width = 31> <Depth = 16> <RAM>
ST_2 : Operation 113 [1/2] (1.75ns)   --->   "%win34_V_5_load_1 = load i4 %win34_V_5_addr_1" [src/ecg_denoiser.cpp:212]   --->   Operation 113 'load' 'win34_V_5_load_1' <Predicate = (!icmp_ln212)> <Delay = 1.75> <CoreInst = "RAM">   --->   Core 82 'RAM' <Latency = 1> <II = 1> <Delay = 1.75> <Storage> <Opcode : 'load' 'store'> <Ports = 2> <Width = 31> <Depth = 16> <RAM>
ST_2 : Operation 114 [1/1] (1.29ns)   --->   "%tmp_14_mid1 = mux i31 @_ssdm_op_Mux.ap_auto.2i31.i1, i31 %win34_V_4_load_1, i31 %win34_V_5_load_1, i1 %empty_54" [src/ecg_denoiser.cpp:216]   --->   Operation 114 'mux' 'tmp_14_mid1' <Predicate = (!icmp_ln212 & icmp_ln214)> <Delay = 1.29> <CoreInst = "Multiplexer">   --->   Core 76 'Multiplexer' <Latency = 0> <II = 1> <Delay = 1.29> <FuncUnit> <Opcode : 'mux'> <InPorts = 2> <OutPorts = 1>
ST_2 : Operation 115 [1/1] (0.71ns)   --->   "%select_ln212_5 = select i1 %icmp_ln214, i31 %tmp_14_mid1, i31 %tmp_3" [src/ecg_denoiser.cpp:212]   --->   Operation 115 'select' 'select_ln212_5' <Predicate = (!icmp_ln212)> <Delay = 0.71> <CoreInst = "Sel">   --->   Core 73 'Sel' <Latency = 0> <II = 1> <Delay = 0.71> <FuncUnit> <Opcode : 'select'> <InPorts = 3> <OutPorts = 1>
ST_2 : Operation 116 [1/1] (0.00ns)   --->   "%zext_ln212_2 = zext i31 %select_ln212_5" [src/ecg_denoiser.cpp:212]   --->   Operation 116 'zext' 'zext_ln212_2' <Predicate = (!icmp_ln212)> <Delay = 0.00>
ST_2 : Operation 117 [1/2] (1.75ns)   --->   "%win34_V_6_load_1 = load i4 %win34_V_6_addr_1" [src/ecg_denoiser.cpp:212]   --->   Operation 117 'load' 'win34_V_6_load_1' <Predicate = (!icmp_ln212)> <Delay = 1.75> <CoreInst = "RAM">   --->   Core 82 'RAM' <Latency = 1> <II = 1> <Delay = 1.75> <Storage> <Opcode : 'load' 'store'> <Ports = 2> <Width = 31> <Depth = 16> <RAM>
ST_2 : Operation 118 [1/2] (1.75ns)   --->   "%win34_V_7_load_1 = load i4 %win34_V_7_addr_1" [src/ecg_denoiser.cpp:212]   --->   Operation 118 'load' 'win34_V_7_load_1' <Predicate = (!icmp_ln212)> <Delay = 1.75> <CoreInst = "RAM">   --->   Core 82 'RAM' <Latency = 1> <II = 1> <Delay = 1.75> <Storage> <Opcode : 'load' 'store'> <Ports = 2> <Width = 31> <Depth = 16> <RAM>
ST_2 : Operation 119 [1/1] (1.29ns)   --->   "%tmp_15_mid1 = mux i31 @_ssdm_op_Mux.ap_auto.2i31.i1, i31 %win34_V_6_load_1, i31 %win34_V_7_load_1, i1 %empty_54" [src/ecg_denoiser.cpp:216]   --->   Operation 119 'mux' 'tmp_15_mid1' <Predicate = (!icmp_ln212 & icmp_ln214)> <Delay = 1.29> <CoreInst = "Multiplexer">   --->   Core 76 'Multiplexer' <Latency = 0> <II = 1> <Delay = 1.29> <FuncUnit> <Opcode : 'mux'> <InPorts = 2> <OutPorts = 1>
ST_2 : Operation 120 [1/1] (0.71ns)   --->   "%select_ln212_6 = select i1 %icmp_ln214, i31 %tmp_15_mid1, i31 %tmp_4" [src/ecg_denoiser.cpp:212]   --->   Operation 120 'select' 'select_ln212_6' <Predicate = (!icmp_ln212)> <Delay = 0.71> <CoreInst = "Sel">   --->   Core 73 'Sel' <Latency = 0> <II = 1> <Delay = 0.71> <FuncUnit> <Opcode : 'select'> <InPorts = 3> <OutPorts = 1>
ST_2 : Operation 121 [1/1] (0.00ns)   --->   "%zext_ln212_3 = zext i31 %select_ln212_6" [src/ecg_denoiser.cpp:212]   --->   Operation 121 'zext' 'zext_ln212_3' <Predicate = (!icmp_ln212)> <Delay = 0.00>
ST_2 : Operation 122 [1/2] (1.75ns)   --->   "%win34_V_8_load_1 = load i4 %win34_V_8_addr_1" [src/ecg_denoiser.cpp:212]   --->   Operation 122 'load' 'win34_V_8_load_1' <Predicate = (!icmp_ln212)> <Delay = 1.75> <CoreInst = "RAM">   --->   Core 82 'RAM' <Latency = 1> <II = 1> <Delay = 1.75> <Storage> <Opcode : 'load' 'store'> <Ports = 2> <Width = 31> <Depth = 16> <RAM>
ST_2 : Operation 123 [1/2] (1.75ns)   --->   "%win34_V_9_load_1 = load i4 %win34_V_9_addr_1" [src/ecg_denoiser.cpp:212]   --->   Operation 123 'load' 'win34_V_9_load_1' <Predicate = (!icmp_ln212)> <Delay = 1.75> <CoreInst = "RAM">   --->   Core 82 'RAM' <Latency = 1> <II = 1> <Delay = 1.75> <Storage> <Opcode : 'load' 'store'> <Ports = 2> <Width = 31> <Depth = 16> <RAM>
ST_2 : Operation 124 [1/1] (1.29ns)   --->   "%tmp_16_mid1 = mux i31 @_ssdm_op_Mux.ap_auto.2i31.i1, i31 %win34_V_8_load_1, i31 %win34_V_9_load_1, i1 %empty_54" [src/ecg_denoiser.cpp:216]   --->   Operation 124 'mux' 'tmp_16_mid1' <Predicate = (!icmp_ln212 & icmp_ln214)> <Delay = 1.29> <CoreInst = "Multiplexer">   --->   Core 76 'Multiplexer' <Latency = 0> <II = 1> <Delay = 1.29> <FuncUnit> <Opcode : 'mux'> <InPorts = 2> <OutPorts = 1>
ST_2 : Operation 125 [1/1] (0.71ns)   --->   "%select_ln212_7 = select i1 %icmp_ln214, i31 %tmp_16_mid1, i31 %tmp_6" [src/ecg_denoiser.cpp:212]   --->   Operation 125 'select' 'select_ln212_7' <Predicate = (!icmp_ln212)> <Delay = 0.71> <CoreInst = "Sel">   --->   Core 73 'Sel' <Latency = 0> <II = 1> <Delay = 0.71> <FuncUnit> <Opcode : 'select'> <InPorts = 3> <OutPorts = 1>
ST_2 : Operation 126 [1/1] (0.00ns)   --->   "%zext_ln212_4 = zext i31 %select_ln212_7" [src/ecg_denoiser.cpp:212]   --->   Operation 126 'zext' 'zext_ln212_4' <Predicate = (!icmp_ln212)> <Delay = 0.00>
ST_2 : Operation 127 [1/2] (1.75ns)   --->   "%win34_V_10_load_1 = load i4 %win34_V_10_addr_1" [src/ecg_denoiser.cpp:212]   --->   Operation 127 'load' 'win34_V_10_load_1' <Predicate = (!icmp_ln212)> <Delay = 1.75> <CoreInst = "RAM">   --->   Core 82 'RAM' <Latency = 1> <II = 1> <Delay = 1.75> <Storage> <Opcode : 'load' 'store'> <Ports = 2> <Width = 31> <Depth = 16> <RAM>
ST_2 : Operation 128 [1/2] (1.75ns)   --->   "%win34_V_11_load_1 = load i4 %win34_V_11_addr_1" [src/ecg_denoiser.cpp:212]   --->   Operation 128 'load' 'win34_V_11_load_1' <Predicate = (!icmp_ln212)> <Delay = 1.75> <CoreInst = "RAM">   --->   Core 82 'RAM' <Latency = 1> <II = 1> <Delay = 1.75> <Storage> <Opcode : 'load' 'store'> <Ports = 2> <Width = 31> <Depth = 16> <RAM>
ST_2 : Operation 129 [1/1] (1.29ns)   --->   "%tmp_17_mid1 = mux i31 @_ssdm_op_Mux.ap_auto.2i31.i1, i31 %win34_V_10_load_1, i31 %win34_V_11_load_1, i1 %empty_54" [src/ecg_denoiser.cpp:216]   --->   Operation 129 'mux' 'tmp_17_mid1' <Predicate = (!icmp_ln212 & icmp_ln214)> <Delay = 1.29> <CoreInst = "Multiplexer">   --->   Core 76 'Multiplexer' <Latency = 0> <II = 1> <Delay = 1.29> <FuncUnit> <Opcode : 'mux'> <InPorts = 2> <OutPorts = 1>
ST_2 : Operation 130 [1/1] (0.71ns)   --->   "%select_ln212_8 = select i1 %icmp_ln214, i31 %tmp_17_mid1, i31 %tmp_7" [src/ecg_denoiser.cpp:212]   --->   Operation 130 'select' 'select_ln212_8' <Predicate = (!icmp_ln212)> <Delay = 0.71> <CoreInst = "Sel">   --->   Core 73 'Sel' <Latency = 0> <II = 1> <Delay = 0.71> <FuncUnit> <Opcode : 'select'> <InPorts = 3> <OutPorts = 1>
ST_2 : Operation 131 [1/1] (0.00ns)   --->   "%zext_ln212_5 = zext i31 %select_ln212_8" [src/ecg_denoiser.cpp:212]   --->   Operation 131 'zext' 'zext_ln212_5' <Predicate = (!icmp_ln212)> <Delay = 0.00>
ST_2 : Operation 132 [1/1] (0.00ns)   --->   "%zext_ln837_2 = zext i8 %add_ln837"   --->   Operation 132 'zext' 'zext_ln837_2' <Predicate = (!icmp_ln212)> <Delay = 0.00>
ST_2 : Operation 133 [1/1] (0.00ns)   --->   "%denoiser_w_L4_W_V_addr = getelementptr i15 %denoiser_w_L4_W_V, i64 0, i64 %zext_ln837_2"   --->   Operation 133 'getelementptr' 'denoiser_w_L4_W_V_addr' <Predicate = (!icmp_ln212)> <Delay = 0.00>
ST_2 : Operation 134 [1/1] (1.43ns)   --->   "%x_V = mux i32 @_ssdm_op_Mux.ap_auto.7i32.i3, i32 %select_ln212_2, i32 %zext_ln212, i32 %zext_ln212_1, i32 %zext_ln212_2, i32 %zext_ln212_3, i32 %zext_ln212_4, i32 %zext_ln212_5, i3 %select_ln212" [src/ecg_denoiser.cpp:216]   --->   Operation 134 'mux' 'x_V' <Predicate = (!icmp_ln212)> <Delay = 1.43> <CoreInst = "Multiplexer">   --->   Core 76 'Multiplexer' <Latency = 0> <II = 1> <Delay = 1.43> <FuncUnit> <Opcode : 'mux'> <InPorts = 2> <OutPorts = 1>
ST_2 : Operation 135 [2/2] (1.75ns)   --->   "%denoiser_w_L4_W_V_load = load i8 %denoiser_w_L4_W_V_addr"   --->   Operation 135 'load' 'denoiser_w_L4_W_V_load' <Predicate = (!icmp_ln212)> <Delay = 1.75> <CoreInst = "ROM_nP_LUTRAM">   --->   Core 102 'ROM_nP_LUTRAM' <Latency = 1> <II = 1> <Delay = 1.75> <Storage> <Opcode : 'load'> <Ports = 0> <Width = 15> <Depth = 224> <ROM>

State 3 <SV = 2> <Delay = 9.11>
ST_3 : Operation 136 [1/1] (0.00ns)   --->   "%r_V = bitconcatenate i40 @_ssdm_op_BitConcatenate.i40.i32.i8, i32 %x_V, i8 0"   --->   Operation 136 'bitconcatenate' 'r_V' <Predicate = true> <Delay = 0.00>
ST_3 : Operation 137 [1/2] (1.75ns)   --->   "%denoiser_w_L4_W_V_load = load i8 %denoiser_w_L4_W_V_addr"   --->   Operation 137 'load' 'denoiser_w_L4_W_V_load' <Predicate = true> <Delay = 1.75> <CoreInst = "ROM_nP_LUTRAM">   --->   Core 102 'ROM_nP_LUTRAM' <Latency = 1> <II = 1> <Delay = 1.75> <Storage> <Opcode : 'load'> <Ports = 0> <Width = 15> <Depth = 224> <ROM>
ST_3 : Operation 138 [1/1] (0.00ns)   --->   "%shl_ln838_6 = bitconcatenate i23 @_ssdm_op_BitConcatenate.i23.i15.i8, i15 %denoiser_w_L4_W_V_load, i8 0"   --->   Operation 138 'bitconcatenate' 'shl_ln838_6' <Predicate = true> <Delay = 0.00>
ST_3 : Operation 139 [1/1] (0.00ns)   --->   "%sext_ln1270 = sext i40 %r_V"   --->   Operation 139 'sext' 'sext_ln1270' <Predicate = true> <Delay = 0.00>
ST_3 : Operation 140 [1/1] (0.00ns)   --->   "%sext_ln1273 = sext i23 %shl_ln838_6"   --->   Operation 140 'sext' 'sext_ln1273' <Predicate = true> <Delay = 0.00>
ST_3 : Operation 141 [1/1] (7.36ns)   --->   "%r_V_5 = mul i62 %sext_ln1273, i62 %sext_ln1270"   --->   Operation 141 'mul' 'r_V_5' <Predicate = true> <Delay = 7.36> <CoreInst = "Multiplier">   --->   Core 3 'Multiplier' <Latency = 0> <II = 1> <Delay = 7.36> <FuncUnit> <Opcode : 'mul'> <InPorts = 2> <OutPorts = 1>
ST_3 : Operation 159 [1/1] (0.00ns)   --->   "%phi_ln818_6_load = load i32 %phi_ln818_6"   --->   Operation 159 'load' 'phi_ln818_6_load' <Predicate = (icmp_ln212)> <Delay = 0.00>
ST_3 : Operation 160 [1/1] (0.00ns)   --->   "%write_ln0 = write void @_ssdm_op_Write.ap_auto.i32P0A, i32 %phi_ln818_6_out, i32 %phi_ln818_6_load"   --->   Operation 160 'write' 'write_ln0' <Predicate = (icmp_ln212)> <Delay = 0.00>
ST_3 : Operation 161 [1/1] (0.00ns)   --->   "%ret_ln0 = ret"   --->   Operation 161 'ret' 'ret_ln0' <Predicate = (icmp_ln212)> <Delay = 0.00>

State 4 <SV = 3> <Delay = 4.11>
ST_4 : Operation 142 [1/1] (0.00ns)   --->   "%lhs_load = load i48 %lhs" [src/ecg_denoiser.cpp:214]   --->   Operation 142 'load' 'lhs_load' <Predicate = true> <Delay = 0.00>
ST_4 : Operation 143 [1/1] (0.00ns)   --->   "%specloopname_ln0 = specloopname void @_ssdm_op_SpecLoopName, void @L4_IC_L4_K_str"   --->   Operation 143 'specloopname' 'specloopname_ln0' <Predicate = true> <Delay = 0.00>
ST_4 : Operation 144 [1/1] (0.00ns)   --->   "%empty_53 = speclooptripcount i32 @_ssdm_op_SpecLoopTripCount, i64 224, i64 224, i64 224"   --->   Operation 144 'speclooptripcount' 'empty_53' <Predicate = true> <Delay = 0.00>
ST_4 : Operation 145 [1/1] (0.00ns)   --->   "%specpipeline_ln215 = specpipeline void @_ssdm_op_SpecPipeline, i32 1, i32 0, i32 0, i32 0, void @empty_1" [src/ecg_denoiser.cpp:215]   --->   Operation 145 'specpipeline' 'specpipeline_ln215' <Predicate = true> <Delay = 0.00>
ST_4 : Operation 146 [1/1] (0.00ns)   --->   "%specloopname_ln210 = specloopname void @_ssdm_op_SpecLoopName, void @empty_4" [src/ecg_denoiser.cpp:210]   --->   Operation 146 'specloopname' 'specloopname_ln210' <Predicate = true> <Delay = 0.00>
ST_4 : Operation 147 [1/1] (0.00ns)   --->   "%lhs_1 = bitconcatenate i72 @_ssdm_op_BitConcatenate.i72.i48.i24, i48 %lhs_load, i24 0"   --->   Operation 147 'bitconcatenate' 'lhs_1' <Predicate = true> <Delay = 0.00>
ST_4 : Operation 148 [1/1] (0.00ns)   --->   "%trunc_ln214 = trunc i48 %lhs_load" [src/ecg_denoiser.cpp:214]   --->   Operation 148 'trunc' 'trunc_ln214' <Predicate = true> <Delay = 0.00>
ST_4 : Operation 149 [1/1] (0.00ns)   --->   "%sext_ln1347_s = bitconcatenate i64 @_ssdm_op_BitConcatenate.i64.i40.i24, i40 %trunc_ln214, i24 0" [src/ecg_denoiser.cpp:214]   --->   Operation 149 'bitconcatenate' 'sext_ln1347_s' <Predicate = true> <Delay = 0.00>
ST_4 : Operation 150 [1/1] (0.00ns)   --->   "%sext_ln214 = sext i62 %r_V_5" [src/ecg_denoiser.cpp:214]   --->   Operation 150 'sext' 'sext_ln214' <Predicate = true> <Delay = 0.00>
ST_4 : Operation 151 [1/1] (0.00ns)   --->   "%sext_ln1347 = sext i62 %r_V_5"   --->   Operation 151 'sext' 'sext_ln1347' <Predicate = true> <Delay = 0.00>
ST_4 : Operation 152 [1/1] (2.69ns)   --->   "%add_ln214_1 = add i64 %sext_ln1347_s, i64 %sext_ln214" [src/ecg_denoiser.cpp:214]   --->   Operation 152 'add' 'add_ln214_1' <Predicate = true> <Delay = 2.69> <CoreInst = "Adder">   --->   Core 1 'Adder' <Latency = 0> <II = 1> <Delay = 2.69> <FuncUnit> <Opcode : 'add' 'sub'> <InPorts = 2> <OutPorts = 1>
ST_4 : Operation 153 [1/1] (2.81ns)   --->   "%add_ln1347 = add i72 %lhs_1, i72 %sext_ln1347"   --->   Operation 153 'add' 'add_ln1347' <Predicate = true> <Delay = 2.81> <CoreInst = "Adder">   --->   Core 1 'Adder' <Latency = 0> <II = 1> <Delay = 2.81> <FuncUnit> <Opcode : 'add' 'sub'> <InPorts = 2> <OutPorts = 1>
ST_4 : Operation 154 [1/1] (0.00ns)   --->   "%acc_V = partselect i48 @_ssdm_op_PartSelect.i48.i72.i32.i32, i72 %add_ln1347, i32 24, i32 71"   --->   Operation 154 'partselect' 'acc_V' <Predicate = true> <Delay = 0.00>
ST_4 : Operation 155 [1/1] (0.00ns)   --->   "%phitmp6 = partselect i32 @_ssdm_op_PartSelect.i32.i64.i32.i32, i64 %add_ln214_1, i32 32, i32 63" [src/ecg_denoiser.cpp:214]   --->   Operation 155 'partselect' 'phitmp6' <Predicate = true> <Delay = 0.00>
ST_4 : Operation 156 [1/1] (1.29ns)   --->   "%store_ln214 = store i48 %acc_V, i48 %lhs" [src/ecg_denoiser.cpp:214]   --->   Operation 156 'store' 'store_ln214' <Predicate = true> <Delay = 1.29>
ST_4 : Operation 157 [1/1] (1.29ns)   --->   "%store_ln214 = store i32 %phitmp6, i32 %phi_ln818_6" [src/ecg_denoiser.cpp:214]   --->   Operation 157 'store' 'store_ln214' <Predicate = true> <Delay = 1.29>
ST_4 : Operation 158 [1/1] (0.00ns)   --->   "%br_ln214 = br void %for.body556" [src/ecg_denoiser.cpp:214]   --->   Operation 158 'br' 'br_ln214' <Predicate = true> <Delay = 0.00>


============================================================
+ Verbose Summary: Timing violations
============================================================
Target clock period: 13ns, clock uncertainty: 3.51ns.

 <State 1>: 5.22ns
The critical path consists of the following:
	'alloca' operation ('ic') [16]  (0 ns)
	'load' operation ('ic') on local variable 'ic' [26]  (0 ns)
	'add' operation ('add_ln212', src/ecg_denoiser.cpp:212) [64]  (1.28 ns)
	'select' operation ('select_ln212_1', src/ecg_denoiser.cpp:212) [69]  (0.972 ns)
	'sub' operation ('sub_ln837') [73]  (0 ns)
	'add' operation ('add_ln837') [118]  (2.97 ns)

 <State 2>: 5.2ns
The critical path consists of the following:
	'load' operation ('win34_V_2_load') on array 'win34_V_2' [34]  (1.75 ns)
	'mux' operation ('tmp_2', src/ecg_denoiser.cpp:216) [37]  (1.3 ns)
	'select' operation ('select_ln212_4', src/ecg_denoiser.cpp:212) [87]  (0.716 ns)
	'mux' operation ('x.V', src/ecg_denoiser.cpp:216) [123]  (1.43 ns)

 <State 3>: 9.12ns
The critical path consists of the following:
	'load' operation ('denoiser_w_L4_W_V_load') on array 'denoiser_w_L4_W_V' [125]  (1.75 ns)
	'mul' operation ('r.V') [129]  (7.36 ns)

 <State 4>: 4.12ns
The critical path consists of the following:
	'load' operation ('lhs_load', src/ecg_denoiser.cpp:214) on local variable 'lhs' [62]  (0 ns)
	'add' operation ('add_ln1347') [136]  (2.82 ns)
	'store' operation ('store_ln214', src/ecg_denoiser.cpp:214) of variable 'acc_V' on local variable 'lhs' [143]  (1.3 ns)


============================================================
+ Verbose Summary: Binding
============================================================
N/A
* FSMD analyzer results:
  - Output states:
 - Input state : 
  - Chain level:
	State 1
	State 2
	State 3
	State 4


============================================================
+ Verbose Summary: Datapath Resource usage 
============================================================
N/A
