

================================================================
== Vitis HLS Report for 'conv_layer01234_fused_Pipeline_L1_IC_L1_K'
================================================================
* Date:           Sat Apr  4 09:58:35 2026

* Version:        2022.2 (Build 3670227 on Oct 13 2022)
* Project:        ecg_denoiser_ip
* Solution:       solution1 (Vivado IP Flow Target)
* Product family: zynq
* Target device:  xc7z030-sbg485-2


================================================================
== Performance Estimates
================================================================
+ Timing: 
    * Summary: 
    +--------+----------+----------+------------+
    |  Clock |  Target  | Estimated| Uncertainty|
    +--------+----------+----------+------------+
    |ap_clk  |  13.00 ns|  7.494 ns|     3.51 ns|
    +--------+----------+----------+------------+

+ Latency: 
    * Summary: 
    +---------+---------+----------+----------+-----+-----+---------+
    |  Latency (cycles) |  Latency (absolute) |  Interval | Pipeline|
    |   min   |   max   |    min   |    max   | min | max |   Type  |
    +---------+---------+----------+----------+-----+-----+---------+
    |      453|      453|  5.889 us|  5.889 us|  453|  453|       no|
    +---------+---------+----------+----------+-----+-----+---------+

    + Detail: 
        * Instance: 
        N/A

        * Loop: 
        +--------------+---------+---------+----------+-----------+-----------+------+----------+
        |              |  Latency (cycles) | Iteration|  Initiation Interval  | Trip |          |
        |   Loop Name  |   min   |   max   |  Latency |  achieved |   target  | Count| Pipelined|
        +--------------+---------+---------+----------+-----------+-----------+------+----------+
        |- L1_IC_L1_K  |      451|      451|         5|          1|          1|   448|       yes|
        +--------------+---------+---------+----------+-----------+-----------+------+----------+

============================================================
+ Verbose Summary: Synthesis Manager
============================================================
InlineROM: 1
ExposeGlobal: 0
============================================================
+ Verbose Summary: CDFG Model
============================================================
IsTopModel: 0
ResetActiveHigh: 1
IsCombinational: 0
IsDatapathOnly: 0
HasWiredReturn: 1
HasMFsm: 2
HasVarLatency: 1
IsPipeline: 0
IsRtlPipelined: 0
IsInstanceOverlapped: 0
IsDontTouch: 0
HasImplIP: 0
IsGatedGlobalClock: 0

+ Individual pipeline summary: 
  * Pipeline-0: initiation interval (II) = 1, depth = 5


============================================================
+ Verbose Summary: Schedule
============================================================
* Number of FSM states : 5
* Pipeline : 1
  Pipeline-0 : II = 1, D = 5, States = { 1 2 3 4 5 }
* Dataflow Pipeline: 0

* FSM state transitions: 
1 --> 2 
2 --> 3 
3 --> 4 
4 --> 5 
5 --> 

* FSM state operations: 

State 1 <SV = 0> <Delay = 3.84>
ST_1 : Operation 8 [1/1] (0.00ns)   --->   "%phi_ln818_1 = alloca i32 1"   --->   Operation 8 'alloca' 'phi_ln818_1' <Predicate = true> <Delay = 0.00>
ST_1 : Operation 9 [1/1] (0.00ns)   --->   "%phi_ln818 = alloca i32 1"   --->   Operation 9 'alloca' 'phi_ln818' <Predicate = true> <Delay = 0.00>
ST_1 : Operation 10 [1/1] (0.00ns)   --->   "%lhs = alloca i32 1"   --->   Operation 10 'alloca' 'lhs' <Predicate = true> <Delay = 0.00>
ST_1 : Operation 11 [1/1] (0.00ns)   --->   "%lhs_V = alloca i32 1"   --->   Operation 11 'alloca' 'lhs_V' <Predicate = true> <Delay = 0.00>
ST_1 : Operation 12 [1/1] (0.00ns)   --->   "%k = alloca i32 1"   --->   Operation 12 'alloca' 'k' <Predicate = true> <Delay = 0.00>
ST_1 : Operation 13 [1/1] (0.00ns)   --->   "%ic = alloca i32 1"   --->   Operation 13 'alloca' 'ic' <Predicate = true> <Delay = 0.00>
ST_1 : Operation 14 [1/1] (0.00ns)   --->   "%indvar_flatten = alloca i32 1"   --->   Operation 14 'alloca' 'indvar_flatten' <Predicate = true> <Delay = 0.00>
ST_1 : Operation 15 [1/1] (0.00ns)   --->   "%zext_ln837_3_read = read i13 @_ssdm_op_Read.ap_auto.i13, i13 %zext_ln837_3"   --->   Operation 15 'read' 'zext_ln837_3_read' <Predicate = true> <Delay = 0.00>
ST_1 : Operation 16 [1/1] (0.00ns)   --->   "%oc_base_read = read i7 @_ssdm_op_Read.ap_auto.i7, i7 %oc_base"   --->   Operation 16 'read' 'oc_base_read' <Predicate = true> <Delay = 0.00>
ST_1 : Operation 17 [1/1] (0.00ns)   --->   "%sext_ln107_read = read i25 @_ssdm_op_Read.ap_auto.i25, i25 %sext_ln107"   --->   Operation 17 'read' 'sext_ln107_read' <Predicate = true> <Delay = 0.00>
ST_1 : Operation 18 [1/1] (0.00ns)   --->   "%sext_ln108_read = read i25 @_ssdm_op_Read.ap_auto.i25, i25 %sext_ln108"   --->   Operation 18 'read' 'sext_ln108_read' <Predicate = true> <Delay = 0.00>
ST_1 : Operation 19 [1/1] (0.00ns)   --->   "%sext_ln107_cast = sext i25 %sext_ln107_read"   --->   Operation 19 'sext' 'sext_ln107_cast' <Predicate = true> <Delay = 0.00>
ST_1 : Operation 20 [1/1] (0.00ns)   --->   "%sext_ln108_cast = sext i25 %sext_ln108_read"   --->   Operation 20 'sext' 'sext_ln108_cast' <Predicate = true> <Delay = 0.00>
ST_1 : Operation 21 [1/1] (0.00ns)   --->   "%zext_ln837_3_cast = zext i13 %zext_ln837_3_read"   --->   Operation 21 'zext' 'zext_ln837_3_cast' <Predicate = true> <Delay = 0.00>
ST_1 : Operation 22 [1/1] (0.00ns)   --->   "%specmemcore_ln0 = specmemcore void @_ssdm_op_SpecMemCore, i15 %denoiser_w_L1_W_V, i64 666, i64 38, i64 18446744073709551615"   --->   Operation 22 'specmemcore' 'specmemcore_ln0' <Predicate = true> <Delay = 0.00>
ST_1 : Operation 23 [1/1] (1.29ns)   --->   "%store_ln0 = store i9 0, i9 %indvar_flatten"   --->   Operation 23 'store' 'store_ln0' <Predicate = true> <Delay = 1.29>
ST_1 : Operation 24 [1/1] (1.29ns)   --->   "%store_ln0 = store i7 0, i7 %ic"   --->   Operation 24 'store' 'store_ln0' <Predicate = true> <Delay = 1.29>
ST_1 : Operation 25 [1/1] (1.29ns)   --->   "%store_ln0 = store i3 0, i3 %k"   --->   Operation 25 'store' 'store_ln0' <Predicate = true> <Delay = 1.29>
ST_1 : Operation 26 [1/1] (1.29ns)   --->   "%store_ln0 = store i48 %sext_ln108_cast, i48 %lhs_V"   --->   Operation 26 'store' 'store_ln0' <Predicate = true> <Delay = 1.29>
ST_1 : Operation 27 [1/1] (1.29ns)   --->   "%store_ln0 = store i48 %sext_ln107_cast, i48 %lhs"   --->   Operation 27 'store' 'store_ln0' <Predicate = true> <Delay = 1.29>
ST_1 : Operation 28 [1/1] (1.29ns)   --->   "%store_ln0 = store i32 0, i32 %phi_ln818"   --->   Operation 28 'store' 'store_ln0' <Predicate = true> <Delay = 1.29>
ST_1 : Operation 29 [1/1] (1.29ns)   --->   "%store_ln0 = store i32 0, i32 %phi_ln818_1"   --->   Operation 29 'store' 'store_ln0' <Predicate = true> <Delay = 1.29>
ST_1 : Operation 30 [1/1] (0.00ns)   --->   "%br_ln0 = br void %for.body226"   --->   Operation 30 'br' 'br_ln0' <Predicate = true> <Delay = 0.00>
ST_1 : Operation 31 [1/1] (0.00ns)   --->   "%indvar_flatten_load = load i9 %indvar_flatten" [src/ecg_denoiser.cpp:110]   --->   Operation 31 'load' 'indvar_flatten_load' <Predicate = true> <Delay = 0.00>
ST_1 : Operation 32 [1/1] (1.62ns)   --->   "%icmp_ln110 = icmp_eq  i9 %indvar_flatten_load, i9 448" [src/ecg_denoiser.cpp:110]   --->   Operation 32 'icmp' 'icmp_ln110' <Predicate = true> <Delay = 1.62> <CoreInst = "Cmp">   --->   Core 9 'Cmp' <Latency = 0> <II = 1> <Delay = 1.62> <FuncUnit> <Opcode : 'icmp'> <InPorts = 2> <OutPorts = 1>
ST_1 : Operation 33 [1/1] (1.36ns)   --->   "%add_ln110_1 = add i9 %indvar_flatten_load, i9 1" [src/ecg_denoiser.cpp:110]   --->   Operation 33 'add' 'add_ln110_1' <Predicate = true> <Delay = 1.36> <CoreInst = "Adder">   --->   Core 1 'Adder' <Latency = 0> <II = 1> <Delay = 1.36> <FuncUnit> <Opcode : 'add' 'sub'> <InPorts = 2> <OutPorts = 1>
ST_1 : Operation 34 [1/1] (0.00ns)   --->   "%br_ln110 = br i1 %icmp_ln110, void %for.inc257, void %for.end259.exitStub" [src/ecg_denoiser.cpp:110]   --->   Operation 34 'br' 'br_ln110' <Predicate = true> <Delay = 0.00>
ST_1 : Operation 35 [1/1] (0.00ns)   --->   "%k_load = load i3 %k" [src/ecg_denoiser.cpp:112]   --->   Operation 35 'load' 'k_load' <Predicate = (!icmp_ln110)> <Delay = 0.00>
ST_1 : Operation 36 [1/1] (0.00ns)   --->   "%ic_load = load i7 %ic" [src/ecg_denoiser.cpp:110]   --->   Operation 36 'load' 'ic_load' <Predicate = (!icmp_ln110)> <Delay = 0.00>
ST_1 : Operation 37 [1/1] (1.31ns)   --->   "%add_ln110 = add i7 %ic_load, i7 1" [src/ecg_denoiser.cpp:110]   --->   Operation 37 'add' 'add_ln110' <Predicate = (!icmp_ln110)> <Delay = 1.31> <CoreInst = "Adder">   --->   Core 1 'Adder' <Latency = 0> <II = 1> <Delay = 1.31> <FuncUnit> <Opcode : 'add' 'sub'> <InPorts = 2> <OutPorts = 1>
ST_1 : Operation 38 [1/1] (0.98ns)   --->   "%icmp_ln112 = icmp_eq  i3 %k_load, i3 7" [src/ecg_denoiser.cpp:112]   --->   Operation 38 'icmp' 'icmp_ln112' <Predicate = (!icmp_ln110)> <Delay = 0.98> <CoreInst = "Cmp">   --->   Core 9 'Cmp' <Latency = 0> <II = 1> <Delay = 0.98> <FuncUnit> <Opcode : 'icmp'> <InPorts = 2> <OutPorts = 1>
ST_1 : Operation 39 [1/1] (0.79ns)   --->   "%select_ln110 = select i1 %icmp_ln112, i3 0, i3 %k_load" [src/ecg_denoiser.cpp:110]   --->   Operation 39 'select' 'select_ln110' <Predicate = (!icmp_ln110)> <Delay = 0.79> <CoreInst = "Sel">   --->   Core 73 'Sel' <Latency = 0> <II = 1> <Delay = 0.79> <FuncUnit> <Opcode : 'select'> <InPorts = 3> <OutPorts = 1>
ST_1 : Operation 40 [1/1] (0.80ns)   --->   "%select_ln110_1 = select i1 %icmp_ln112, i7 %add_ln110, i7 %ic_load" [src/ecg_denoiser.cpp:110]   --->   Operation 40 'select' 'select_ln110_1' <Predicate = (!icmp_ln110)> <Delay = 0.80> <CoreInst = "Sel">   --->   Core 73 'Sel' <Latency = 0> <II = 1> <Delay = 0.80> <FuncUnit> <Opcode : 'select'> <InPorts = 3> <OutPorts = 1>
ST_1 : Operation 41 [1/1] (0.76ns)   --->   "%add_ln112 = add i3 %select_ln110, i3 1" [src/ecg_denoiser.cpp:112]   --->   Operation 41 'add' 'add_ln112' <Predicate = (!icmp_ln110)> <Delay = 0.76> <CoreInst = "Adder">   --->   Core 1 'Adder' <Latency = 0> <II = 1> <Delay = 0.76> <FuncUnit> <Opcode : 'add' 'sub'> <InPorts = 2> <OutPorts = 1>
ST_1 : Operation 42 [1/1] (1.29ns)   --->   "%store_ln112 = store i9 %add_ln110_1, i9 %indvar_flatten" [src/ecg_denoiser.cpp:112]   --->   Operation 42 'store' 'store_ln112' <Predicate = (!icmp_ln110)> <Delay = 1.29>
ST_1 : Operation 43 [1/1] (1.29ns)   --->   "%store_ln112 = store i7 %select_ln110_1, i7 %ic" [src/ecg_denoiser.cpp:112]   --->   Operation 43 'store' 'store_ln112' <Predicate = (!icmp_ln110)> <Delay = 1.29>
ST_1 : Operation 44 [1/1] (1.29ns)   --->   "%store_ln112 = store i3 %add_ln112, i3 %k" [src/ecg_denoiser.cpp:112]   --->   Operation 44 'store' 'store_ln112' <Predicate = (!icmp_ln110)> <Delay = 1.29>

State 2 <SV = 1> <Delay = 7.49>
ST_2 : Operation 45 [1/1] (0.00ns)   --->   "%zext_ln110 = zext i7 %select_ln110_1" [src/ecg_denoiser.cpp:110]   --->   Operation 45 'zext' 'zext_ln110' <Predicate = true> <Delay = 0.00>
ST_2 : Operation 46 [1/1] (0.00ns)   --->   "%zext_ln837 = zext i7 %select_ln110_1"   --->   Operation 46 'zext' 'zext_ln837' <Predicate = true> <Delay = 0.00>
ST_2 : Operation 47 [1/1] (0.00ns)   --->   "%tmp = partselect i6 @_ssdm_op_PartSelect.i6.i7.i32.i32, i7 %oc_base_read, i32 1, i32 6"   --->   Operation 47 'partselect' 'tmp' <Predicate = true> <Delay = 0.00>
ST_2 : Operation 48 [1/1] (0.00ns)   --->   "%zext_ln837_16 = zext i6 %tmp"   --->   Operation 48 'zext' 'zext_ln837_16' <Predicate = true> <Delay = 0.00>
ST_2 : Operation 49 [1/1] (0.00ns)   --->   "%tmp_4 = bitconcatenate i15 @_ssdm_op_BitConcatenate.i15.i1.i7.i7, i1 0, i7 %zext_ln837_16, i7 %select_ln110_1"   --->   Operation 49 'bitconcatenate' 'tmp_4' <Predicate = true> <Delay = 0.00>
ST_2 : Operation 50 [1/1] (0.00ns)   --->   "%zext_ln837_17 = zext i15 %tmp_4"   --->   Operation 50 'zext' 'zext_ln837_17' <Predicate = true> <Delay = 0.00>
ST_2 : Operation 51 [1/1] (0.00ns)   --->   "%p_shl1 = bitconcatenate i16 @_ssdm_op_BitConcatenate.i16.i6.i7.i3, i6 %tmp, i7 %select_ln110_1, i3 0"   --->   Operation 51 'bitconcatenate' 'p_shl1' <Predicate = true> <Delay = 0.00>
ST_2 : Operation 52 [1/1] (0.00ns) (grouped into TernaryAdder)   --->   "%sub_ln837 = sub i16 %p_shl1, i16 %zext_ln837_17"   --->   Operation 52 'sub' 'sub_ln837' <Predicate = true> <Delay = 0.00> <CoreInst = "TAddSub">   --->   Core 10 'TAddSub' <Latency = 0> <II = 1> <Delay = 1.59> <IPBlock> <Opcode : 'add' 'sub'> <InPorts = 3> <OutPorts = 1> <Sync> <CReg>
ST_2 : Operation 53 [1/1] (1.53ns)   --->   "%add_ln837_1 = add i14 %zext_ln837_3_cast, i14 %zext_ln837"   --->   Operation 53 'add' 'add_ln837_1' <Predicate = true> <Delay = 1.53> <CoreInst = "Adder">   --->   Core 1 'Adder' <Latency = 0> <II = 1> <Delay = 1.53> <FuncUnit> <Opcode : 'add' 'sub'> <InPorts = 2> <OutPorts = 1>
ST_2 : Operation 54 [1/1] (0.00ns)   --->   "%zext_ln837_18 = zext i14 %add_ln837_1"   --->   Operation 54 'zext' 'zext_ln837_18' <Predicate = true> <Delay = 0.00>
ST_2 : Operation 55 [1/1] (0.00ns)   --->   "%trunc_ln837 = trunc i14 %add_ln837_1"   --->   Operation 55 'trunc' 'trunc_ln837' <Predicate = true> <Delay = 0.00>
ST_2 : Operation 56 [1/1] (0.00ns)   --->   "%p_shl = bitconcatenate i16 @_ssdm_op_BitConcatenate.i16.i13.i3, i13 %trunc_ln837, i3 0"   --->   Operation 56 'bitconcatenate' 'p_shl' <Predicate = true> <Delay = 0.00>
ST_2 : Operation 57 [1/1] (0.00ns) (grouped into TernaryAdder)   --->   "%sub_ln837_1 = sub i16 %p_shl, i16 %zext_ln837_18"   --->   Operation 57 'sub' 'sub_ln837_1' <Predicate = true> <Delay = 0.00> <CoreInst = "TAddSub">   --->   Core 10 'TAddSub' <Latency = 0> <II = 1> <Delay = 1.59> <IPBlock> <Opcode : 'add' 'sub'> <InPorts = 3> <OutPorts = 1> <Sync> <CReg>
ST_2 : Operation 58 [1/1] (0.00ns)   --->   "%win01_V_1_addr = getelementptr i31 %win01_V_1, i64 0, i64 %zext_ln110" [src/ecg_denoiser.cpp:110]   --->   Operation 58 'getelementptr' 'win01_V_1_addr' <Predicate = true> <Delay = 0.00>
ST_2 : Operation 59 [2/2] (2.77ns)   --->   "%win01_V_1_load = load i6 %win01_V_1_addr" [src/ecg_denoiser.cpp:110]   --->   Operation 59 'load' 'win01_V_1_load' <Predicate = true> <Delay = 2.77> <CoreInst = "RAM">   --->   Core 82 'RAM' <Latency = 1> <II = 1> <Delay = 2.77> <Storage> <Opcode : 'load' 'store'> <Ports = 2> <Width = 31> <Depth = 64> <RAM>
ST_2 : Operation 60 [1/1] (0.00ns)   --->   "%win01_V_2_addr = getelementptr i31 %win01_V_2, i64 0, i64 %zext_ln110" [src/ecg_denoiser.cpp:110]   --->   Operation 60 'getelementptr' 'win01_V_2_addr' <Predicate = true> <Delay = 0.00>
ST_2 : Operation 61 [2/2] (2.77ns)   --->   "%win01_V_2_load = load i6 %win01_V_2_addr" [src/ecg_denoiser.cpp:110]   --->   Operation 61 'load' 'win01_V_2_load' <Predicate = true> <Delay = 2.77> <CoreInst = "RAM">   --->   Core 82 'RAM' <Latency = 1> <II = 1> <Delay = 2.77> <Storage> <Opcode : 'load' 'store'> <Ports = 2> <Width = 31> <Depth = 64> <RAM>
ST_2 : Operation 62 [1/1] (0.00ns)   --->   "%win01_V_3_addr = getelementptr i31 %win01_V_3, i64 0, i64 %zext_ln110" [src/ecg_denoiser.cpp:110]   --->   Operation 62 'getelementptr' 'win01_V_3_addr' <Predicate = true> <Delay = 0.00>
ST_2 : Operation 63 [2/2] (2.77ns)   --->   "%win01_V_3_load = load i6 %win01_V_3_addr" [src/ecg_denoiser.cpp:110]   --->   Operation 63 'load' 'win01_V_3_load' <Predicate = true> <Delay = 2.77> <CoreInst = "RAM">   --->   Core 82 'RAM' <Latency = 1> <II = 1> <Delay = 2.77> <Storage> <Opcode : 'load' 'store'> <Ports = 2> <Width = 31> <Depth = 64> <RAM>
ST_2 : Operation 64 [1/1] (0.00ns)   --->   "%win01_V_4_addr = getelementptr i31 %win01_V_4, i64 0, i64 %zext_ln110" [src/ecg_denoiser.cpp:110]   --->   Operation 64 'getelementptr' 'win01_V_4_addr' <Predicate = true> <Delay = 0.00>
ST_2 : Operation 65 [2/2] (2.77ns)   --->   "%win01_V_4_load = load i6 %win01_V_4_addr" [src/ecg_denoiser.cpp:110]   --->   Operation 65 'load' 'win01_V_4_load' <Predicate = true> <Delay = 2.77> <CoreInst = "RAM">   --->   Core 82 'RAM' <Latency = 1> <II = 1> <Delay = 2.77> <Storage> <Opcode : 'load' 'store'> <Ports = 2> <Width = 31> <Depth = 64> <RAM>
ST_2 : Operation 66 [1/1] (0.00ns)   --->   "%win01_V_5_addr = getelementptr i31 %win01_V_5, i64 0, i64 %zext_ln110" [src/ecg_denoiser.cpp:110]   --->   Operation 66 'getelementptr' 'win01_V_5_addr' <Predicate = true> <Delay = 0.00>
ST_2 : Operation 67 [2/2] (2.77ns)   --->   "%win01_V_5_load = load i6 %win01_V_5_addr" [src/ecg_denoiser.cpp:110]   --->   Operation 67 'load' 'win01_V_5_load' <Predicate = true> <Delay = 2.77> <CoreInst = "RAM">   --->   Core 82 'RAM' <Latency = 1> <II = 1> <Delay = 2.77> <Storage> <Opcode : 'load' 'store'> <Ports = 2> <Width = 31> <Depth = 64> <RAM>
ST_2 : Operation 68 [1/1] (0.00ns)   --->   "%zext_ln837_19 = zext i3 %select_ln110"   --->   Operation 68 'zext' 'zext_ln837_19' <Predicate = true> <Delay = 0.00>
ST_2 : Operation 69 [1/1] (3.18ns) (root node of TernaryAdder)   --->   "%add_ln837_2 = add i16 %sub_ln837, i16 %zext_ln837_19"   --->   Operation 69 'add' 'add_ln837_2' <Predicate = true> <Delay = 3.18> <CoreInst = "TAddSub">   --->   Core 10 'TAddSub' <Latency = 0> <II = 1> <Delay = 1.59> <IPBlock> <Opcode : 'add' 'sub'> <InPorts = 3> <OutPorts = 1> <Sync> <CReg>
ST_2 : Operation 70 [1/1] (0.00ns)   --->   "%zext_ln837_20 = zext i16 %add_ln837_2"   --->   Operation 70 'zext' 'zext_ln837_20' <Predicate = true> <Delay = 0.00>
ST_2 : Operation 71 [1/1] (0.00ns)   --->   "%denoiser_w_L1_W_V_addr = getelementptr i15 %denoiser_w_L1_W_V, i64 0, i64 %zext_ln837_20"   --->   Operation 71 'getelementptr' 'denoiser_w_L1_W_V_addr' <Predicate = true> <Delay = 0.00>
ST_2 : Operation 72 [1/1] (3.18ns) (root node of TernaryAdder)   --->   "%add_ln837_3 = add i16 %sub_ln837_1, i16 %zext_ln837_19"   --->   Operation 72 'add' 'add_ln837_3' <Predicate = true> <Delay = 3.18> <CoreInst = "TAddSub">   --->   Core 10 'TAddSub' <Latency = 0> <II = 1> <Delay = 1.59> <IPBlock> <Opcode : 'add' 'sub'> <InPorts = 3> <OutPorts = 1> <Sync> <CReg>
ST_2 : Operation 73 [1/1] (0.00ns)   --->   "%zext_ln837_21 = zext i16 %add_ln837_3"   --->   Operation 73 'zext' 'zext_ln837_21' <Predicate = true> <Delay = 0.00>
ST_2 : Operation 74 [1/1] (0.00ns)   --->   "%denoiser_w_L1_W_V_addr_1 = getelementptr i15 %denoiser_w_L1_W_V, i64 0, i64 %zext_ln837_21"   --->   Operation 74 'getelementptr' 'denoiser_w_L1_W_V_addr_1' <Predicate = true> <Delay = 0.00>
ST_2 : Operation 75 [2/2] (2.77ns)   --->   "%denoiser_w_L1_W_V_load = load i16 %denoiser_w_L1_W_V_addr"   --->   Operation 75 'load' 'denoiser_w_L1_W_V_load' <Predicate = true> <Delay = 2.77> <CoreInst = "ROM_nP_BRAM">   --->   Core 103 'ROM_nP_BRAM' <Latency = 1> <II = 1> <Delay = 2.77> <Storage> <Opcode : 'load'> <Ports = 0> <Width = 15> <Depth = 57344> <ROM>
ST_2 : Operation 76 [2/2] (2.77ns)   --->   "%denoiser_w_L1_W_V_load_1 = load i16 %denoiser_w_L1_W_V_addr_1"   --->   Operation 76 'load' 'denoiser_w_L1_W_V_load_1' <Predicate = true> <Delay = 2.77> <CoreInst = "ROM_nP_BRAM">   --->   Core 103 'ROM_nP_BRAM' <Latency = 1> <II = 1> <Delay = 2.77> <Storage> <Opcode : 'load'> <Ports = 0> <Width = 15> <Depth = 57344> <ROM>

State 3 <SV = 2> <Delay = 4.20>
ST_3 : Operation 77 [1/2] (2.77ns)   --->   "%win01_V_1_load = load i6 %win01_V_1_addr" [src/ecg_denoiser.cpp:110]   --->   Operation 77 'load' 'win01_V_1_load' <Predicate = true> <Delay = 2.77> <CoreInst = "RAM">   --->   Core 82 'RAM' <Latency = 1> <II = 1> <Delay = 2.77> <Storage> <Opcode : 'load' 'store'> <Ports = 2> <Width = 31> <Depth = 64> <RAM>
ST_3 : Operation 78 [1/1] (0.00ns)   --->   "%zext_ln110_1 = zext i31 %win01_V_1_load" [src/ecg_denoiser.cpp:110]   --->   Operation 78 'zext' 'zext_ln110_1' <Predicate = true> <Delay = 0.00>
ST_3 : Operation 79 [1/2] (2.77ns)   --->   "%win01_V_2_load = load i6 %win01_V_2_addr" [src/ecg_denoiser.cpp:110]   --->   Operation 79 'load' 'win01_V_2_load' <Predicate = true> <Delay = 2.77> <CoreInst = "RAM">   --->   Core 82 'RAM' <Latency = 1> <II = 1> <Delay = 2.77> <Storage> <Opcode : 'load' 'store'> <Ports = 2> <Width = 31> <Depth = 64> <RAM>
ST_3 : Operation 80 [1/1] (0.00ns)   --->   "%zext_ln110_2 = zext i31 %win01_V_2_load" [src/ecg_denoiser.cpp:110]   --->   Operation 80 'zext' 'zext_ln110_2' <Predicate = true> <Delay = 0.00>
ST_3 : Operation 81 [1/2] (2.77ns)   --->   "%win01_V_3_load = load i6 %win01_V_3_addr" [src/ecg_denoiser.cpp:110]   --->   Operation 81 'load' 'win01_V_3_load' <Predicate = true> <Delay = 2.77> <CoreInst = "RAM">   --->   Core 82 'RAM' <Latency = 1> <II = 1> <Delay = 2.77> <Storage> <Opcode : 'load' 'store'> <Ports = 2> <Width = 31> <Depth = 64> <RAM>
ST_3 : Operation 82 [1/1] (0.00ns)   --->   "%zext_ln110_3 = zext i31 %win01_V_3_load" [src/ecg_denoiser.cpp:110]   --->   Operation 82 'zext' 'zext_ln110_3' <Predicate = true> <Delay = 0.00>
ST_3 : Operation 83 [1/2] (2.77ns)   --->   "%win01_V_4_load = load i6 %win01_V_4_addr" [src/ecg_denoiser.cpp:110]   --->   Operation 83 'load' 'win01_V_4_load' <Predicate = true> <Delay = 2.77> <CoreInst = "RAM">   --->   Core 82 'RAM' <Latency = 1> <II = 1> <Delay = 2.77> <Storage> <Opcode : 'load' 'store'> <Ports = 2> <Width = 31> <Depth = 64> <RAM>
ST_3 : Operation 84 [1/1] (0.00ns)   --->   "%zext_ln110_4 = zext i31 %win01_V_4_load" [src/ecg_denoiser.cpp:110]   --->   Operation 84 'zext' 'zext_ln110_4' <Predicate = true> <Delay = 0.00>
ST_3 : Operation 85 [1/2] (2.77ns)   --->   "%win01_V_5_load = load i6 %win01_V_5_addr" [src/ecg_denoiser.cpp:110]   --->   Operation 85 'load' 'win01_V_5_load' <Predicate = true> <Delay = 2.77> <CoreInst = "RAM">   --->   Core 82 'RAM' <Latency = 1> <II = 1> <Delay = 2.77> <Storage> <Opcode : 'load' 'store'> <Ports = 2> <Width = 31> <Depth = 64> <RAM>
ST_3 : Operation 86 [1/1] (0.00ns)   --->   "%zext_ln110_5 = zext i31 %win01_V_5_load" [src/ecg_denoiser.cpp:110]   --->   Operation 86 'zext' 'zext_ln110_5' <Predicate = true> <Delay = 0.00>
ST_3 : Operation 87 [1/1] (1.43ns)   --->   "%x_V = mux i32 @_ssdm_op_Mux.ap_auto.7i32.i3, i32 0, i32 0, i32 %zext_ln110_1, i32 %zext_ln110_2, i32 %zext_ln110_3, i32 %zext_ln110_4, i32 %zext_ln110_5, i3 %select_ln110" [src/ecg_denoiser.cpp:114]   --->   Operation 87 'mux' 'x_V' <Predicate = true> <Delay = 1.43> <CoreInst = "Multiplexer">   --->   Core 76 'Multiplexer' <Latency = 0> <II = 1> <Delay = 1.43> <FuncUnit> <Opcode : 'mux'> <InPorts = 2> <OutPorts = 1>
ST_3 : Operation 88 [1/2] (2.77ns)   --->   "%denoiser_w_L1_W_V_load = load i16 %denoiser_w_L1_W_V_addr"   --->   Operation 88 'load' 'denoiser_w_L1_W_V_load' <Predicate = true> <Delay = 2.77> <CoreInst = "ROM_nP_BRAM">   --->   Core 103 'ROM_nP_BRAM' <Latency = 1> <II = 1> <Delay = 2.77> <Storage> <Opcode : 'load'> <Ports = 0> <Width = 15> <Depth = 57344> <ROM>
ST_3 : Operation 89 [1/2] (2.77ns)   --->   "%denoiser_w_L1_W_V_load_1 = load i16 %denoiser_w_L1_W_V_addr_1"   --->   Operation 89 'load' 'denoiser_w_L1_W_V_load_1' <Predicate = true> <Delay = 2.77> <CoreInst = "ROM_nP_BRAM">   --->   Core 103 'ROM_nP_BRAM' <Latency = 1> <II = 1> <Delay = 2.77> <Storage> <Opcode : 'load'> <Ports = 0> <Width = 15> <Depth = 57344> <ROM>

State 4 <SV = 3> <Delay = 7.36>
ST_4 : Operation 90 [1/1] (0.00ns)   --->   "%r_V_7 = bitconcatenate i40 @_ssdm_op_BitConcatenate.i40.i32.i8, i32 %x_V, i8 0"   --->   Operation 90 'bitconcatenate' 'r_V_7' <Predicate = true> <Delay = 0.00>
ST_4 : Operation 91 [1/1] (0.00ns)   --->   "%shl_ln838_5 = bitconcatenate i23 @_ssdm_op_BitConcatenate.i23.i15.i8, i15 %denoiser_w_L1_W_V_load, i8 0"   --->   Operation 91 'bitconcatenate' 'shl_ln838_5' <Predicate = true> <Delay = 0.00>
ST_4 : Operation 92 [1/1] (0.00ns)   --->   "%sext_ln1270 = sext i40 %r_V_7"   --->   Operation 92 'sext' 'sext_ln1270' <Predicate = true> <Delay = 0.00>
ST_4 : Operation 93 [1/1] (0.00ns)   --->   "%sext_ln1273_1 = sext i23 %shl_ln838_5"   --->   Operation 93 'sext' 'sext_ln1273_1' <Predicate = true> <Delay = 0.00>
ST_4 : Operation 94 [1/1] (7.36ns)   --->   "%r_V = mul i62 %sext_ln1273_1, i62 %sext_ln1270"   --->   Operation 94 'mul' 'r_V' <Predicate = true> <Delay = 7.36> <CoreInst = "Multiplier">   --->   Core 3 'Multiplier' <Latency = 0> <II = 1> <Delay = 7.36> <FuncUnit> <Opcode : 'mul'> <InPorts = 2> <OutPorts = 1>
ST_4 : Operation 95 [1/1] (0.00ns)   --->   "%shl_ln = bitconcatenate i23 @_ssdm_op_BitConcatenate.i23.i15.i8, i15 %denoiser_w_L1_W_V_load_1, i8 0"   --->   Operation 95 'bitconcatenate' 'shl_ln' <Predicate = true> <Delay = 0.00>
ST_4 : Operation 96 [1/1] (0.00ns)   --->   "%sext_ln1273_2 = sext i23 %shl_ln"   --->   Operation 96 'sext' 'sext_ln1273_2' <Predicate = true> <Delay = 0.00>
ST_4 : Operation 97 [1/1] (7.36ns)   --->   "%r_V_11 = mul i62 %sext_ln1273_2, i62 %sext_ln1270"   --->   Operation 97 'mul' 'r_V_11' <Predicate = true> <Delay = 7.36> <CoreInst = "Multiplier">   --->   Core 3 'Multiplier' <Latency = 0> <II = 1> <Delay = 7.36> <FuncUnit> <Opcode : 'mul'> <InPorts = 2> <OutPorts = 1>
ST_4 : Operation 127 [1/1] (0.00ns)   --->   "%phi_ln818_1_load = load i32 %phi_ln818_1"   --->   Operation 127 'load' 'phi_ln818_1_load' <Predicate = (icmp_ln110)> <Delay = 0.00>
ST_4 : Operation 128 [1/1] (0.00ns)   --->   "%phi_ln818_load = load i32 %phi_ln818"   --->   Operation 128 'load' 'phi_ln818_load' <Predicate = (icmp_ln110)> <Delay = 0.00>
ST_4 : Operation 129 [1/1] (0.00ns)   --->   "%write_ln0 = write void @_ssdm_op_Write.ap_auto.i32P0A, i32 %phi_ln818_out, i32 %phi_ln818_load"   --->   Operation 129 'write' 'write_ln0' <Predicate = (icmp_ln110)> <Delay = 0.00>
ST_4 : Operation 130 [1/1] (0.00ns)   --->   "%write_ln0 = write void @_ssdm_op_Write.ap_auto.i32P0A, i32 %phi_ln818_1_out, i32 %phi_ln818_1_load"   --->   Operation 130 'write' 'write_ln0' <Predicate = (icmp_ln110)> <Delay = 0.00>
ST_4 : Operation 131 [1/1] (0.00ns)   --->   "%ret_ln0 = ret"   --->   Operation 131 'ret' 'ret_ln0' <Predicate = (icmp_ln110)> <Delay = 0.00>

State 5 <SV = 4> <Delay = 4.11>
ST_5 : Operation 98 [1/1] (0.00ns)   --->   "%lhs_load = load i48 %lhs" [src/ecg_denoiser.cpp:112]   --->   Operation 98 'load' 'lhs_load' <Predicate = true> <Delay = 0.00>
ST_5 : Operation 99 [1/1] (0.00ns)   --->   "%lhs_V_load = load i48 %lhs_V" [src/ecg_denoiser.cpp:112]   --->   Operation 99 'load' 'lhs_V_load' <Predicate = true> <Delay = 0.00>
ST_5 : Operation 100 [1/1] (0.00ns)   --->   "%specloopname_ln0 = specloopname void @_ssdm_op_SpecLoopName, void @L1_IC_L1_K_str"   --->   Operation 100 'specloopname' 'specloopname_ln0' <Predicate = true> <Delay = 0.00>
ST_5 : Operation 101 [1/1] (0.00ns)   --->   "%empty = speclooptripcount i32 @_ssdm_op_SpecLoopTripCount, i64 448, i64 448, i64 448"   --->   Operation 101 'speclooptripcount' 'empty' <Predicate = true> <Delay = 0.00>
ST_5 : Operation 102 [1/1] (0.00ns)   --->   "%specpipeline_ln113 = specpipeline void @_ssdm_op_SpecPipeline, i32 1, i32 0, i32 0, i32 0, void @empty_1" [src/ecg_denoiser.cpp:113]   --->   Operation 102 'specpipeline' 'specpipeline_ln113' <Predicate = true> <Delay = 0.00>
ST_5 : Operation 103 [1/1] (0.00ns)   --->   "%specloopname_ln107 = specloopname void @_ssdm_op_SpecLoopName, void @empty_10" [src/ecg_denoiser.cpp:107]   --->   Operation 103 'specloopname' 'specloopname_ln107' <Predicate = true> <Delay = 0.00>
ST_5 : Operation 104 [1/1] (0.00ns)   --->   "%lhs_3 = bitconcatenate i72 @_ssdm_op_BitConcatenate.i72.i48.i24, i48 %lhs_load, i24 0"   --->   Operation 104 'bitconcatenate' 'lhs_3' <Predicate = true> <Delay = 0.00>
ST_5 : Operation 105 [1/1] (0.00ns)   --->   "%trunc_ln112 = trunc i48 %lhs_load" [src/ecg_denoiser.cpp:112]   --->   Operation 105 'trunc' 'trunc_ln112' <Predicate = true> <Delay = 0.00>
ST_5 : Operation 106 [1/1] (0.00ns)   --->   "%sext_ln1347_s = bitconcatenate i64 @_ssdm_op_BitConcatenate.i64.i40.i24, i40 %trunc_ln112, i24 0" [src/ecg_denoiser.cpp:112]   --->   Operation 106 'bitconcatenate' 'sext_ln1347_s' <Predicate = true> <Delay = 0.00>
ST_5 : Operation 107 [1/1] (0.00ns)   --->   "%sext_ln112 = sext i62 %r_V" [src/ecg_denoiser.cpp:112]   --->   Operation 107 'sext' 'sext_ln112' <Predicate = true> <Delay = 0.00>
ST_5 : Operation 108 [1/1] (0.00ns)   --->   "%sext_ln1347_2 = sext i62 %r_V"   --->   Operation 108 'sext' 'sext_ln1347_2' <Predicate = true> <Delay = 0.00>
ST_5 : Operation 109 [1/1] (2.69ns)   --->   "%add_ln112_1 = add i64 %sext_ln1347_s, i64 %sext_ln112" [src/ecg_denoiser.cpp:112]   --->   Operation 109 'add' 'add_ln112_1' <Predicate = true> <Delay = 2.69> <CoreInst = "Adder">   --->   Core 1 'Adder' <Latency = 0> <II = 1> <Delay = 2.69> <FuncUnit> <Opcode : 'add' 'sub'> <InPorts = 2> <OutPorts = 1>
ST_5 : Operation 110 [1/1] (2.81ns)   --->   "%add_ln1347 = add i72 %lhs_3, i72 %sext_ln1347_2"   --->   Operation 110 'add' 'add_ln1347' <Predicate = true> <Delay = 2.81> <CoreInst = "Adder">   --->   Core 1 'Adder' <Latency = 0> <II = 1> <Delay = 2.81> <FuncUnit> <Opcode : 'add' 'sub'> <InPorts = 2> <OutPorts = 1>
ST_5 : Operation 111 [1/1] (0.00ns)   --->   "%acc0_V = partselect i48 @_ssdm_op_PartSelect.i48.i72.i32.i32, i72 %add_ln1347, i32 24, i32 71"   --->   Operation 111 'partselect' 'acc0_V' <Predicate = true> <Delay = 0.00>
ST_5 : Operation 112 [1/1] (0.00ns)   --->   "%lhs_V_3 = bitconcatenate i72 @_ssdm_op_BitConcatenate.i72.i48.i24, i48 %lhs_V_load, i24 0"   --->   Operation 112 'bitconcatenate' 'lhs_V_3' <Predicate = true> <Delay = 0.00>
ST_5 : Operation 113 [1/1] (0.00ns)   --->   "%trunc_ln112_1 = trunc i48 %lhs_V_load" [src/ecg_denoiser.cpp:112]   --->   Operation 113 'trunc' 'trunc_ln112_1' <Predicate = true> <Delay = 0.00>
ST_5 : Operation 114 [1/1] (0.00ns)   --->   "%sext_ln1347_3 = bitconcatenate i64 @_ssdm_op_BitConcatenate.i64.i40.i24, i40 %trunc_ln112_1, i24 0" [src/ecg_denoiser.cpp:112]   --->   Operation 114 'bitconcatenate' 'sext_ln1347_3' <Predicate = true> <Delay = 0.00>
ST_5 : Operation 115 [1/1] (0.00ns)   --->   "%sext_ln112_1 = sext i62 %r_V_11" [src/ecg_denoiser.cpp:112]   --->   Operation 115 'sext' 'sext_ln112_1' <Predicate = true> <Delay = 0.00>
ST_5 : Operation 116 [1/1] (0.00ns)   --->   "%sext_ln1347 = sext i62 %r_V_11"   --->   Operation 116 'sext' 'sext_ln1347' <Predicate = true> <Delay = 0.00>
ST_5 : Operation 117 [1/1] (2.69ns)   --->   "%add_ln112_2 = add i64 %sext_ln1347_3, i64 %sext_ln112_1" [src/ecg_denoiser.cpp:112]   --->   Operation 117 'add' 'add_ln112_2' <Predicate = true> <Delay = 2.69> <CoreInst = "Adder">   --->   Core 1 'Adder' <Latency = 0> <II = 1> <Delay = 2.69> <FuncUnit> <Opcode : 'add' 'sub'> <InPorts = 2> <OutPorts = 1>
ST_5 : Operation 118 [1/1] (2.81ns)   --->   "%add_ln1347_2 = add i72 %lhs_V_3, i72 %sext_ln1347"   --->   Operation 118 'add' 'add_ln1347_2' <Predicate = true> <Delay = 2.81> <CoreInst = "Adder">   --->   Core 1 'Adder' <Latency = 0> <II = 1> <Delay = 2.81> <FuncUnit> <Opcode : 'add' 'sub'> <InPorts = 2> <OutPorts = 1>
ST_5 : Operation 119 [1/1] (0.00ns)   --->   "%acc1_V = partselect i48 @_ssdm_op_PartSelect.i48.i72.i32.i32, i72 %add_ln1347_2, i32 24, i32 71"   --->   Operation 119 'partselect' 'acc1_V' <Predicate = true> <Delay = 0.00>
ST_5 : Operation 120 [1/1] (0.00ns)   --->   "%phitmp = partselect i32 @_ssdm_op_PartSelect.i32.i64.i32.i32, i64 %add_ln112_1, i32 32, i32 63" [src/ecg_denoiser.cpp:112]   --->   Operation 120 'partselect' 'phitmp' <Predicate = true> <Delay = 0.00>
ST_5 : Operation 121 [1/1] (0.00ns)   --->   "%phitmp1 = partselect i32 @_ssdm_op_PartSelect.i32.i64.i32.i32, i64 %add_ln112_2, i32 32, i32 63" [src/ecg_denoiser.cpp:112]   --->   Operation 121 'partselect' 'phitmp1' <Predicate = true> <Delay = 0.00>
ST_5 : Operation 122 [1/1] (1.29ns)   --->   "%store_ln112 = store i48 %acc1_V, i48 %lhs_V" [src/ecg_denoiser.cpp:112]   --->   Operation 122 'store' 'store_ln112' <Predicate = true> <Delay = 1.29>
ST_5 : Operation 123 [1/1] (1.29ns)   --->   "%store_ln112 = store i48 %acc0_V, i48 %lhs" [src/ecg_denoiser.cpp:112]   --->   Operation 123 'store' 'store_ln112' <Predicate = true> <Delay = 1.29>
ST_5 : Operation 124 [1/1] (1.29ns)   --->   "%store_ln112 = store i32 %phitmp, i32 %phi_ln818" [src/ecg_denoiser.cpp:112]   --->   Operation 124 'store' 'store_ln112' <Predicate = true> <Delay = 1.29>
ST_5 : Operation 125 [1/1] (1.29ns)   --->   "%store_ln112 = store i32 %phitmp1, i32 %phi_ln818_1" [src/ecg_denoiser.cpp:112]   --->   Operation 125 'store' 'store_ln112' <Predicate = true> <Delay = 1.29>
ST_5 : Operation 126 [1/1] (0.00ns)   --->   "%br_ln112 = br void %for.body226" [src/ecg_denoiser.cpp:112]   --->   Operation 126 'br' 'br_ln112' <Predicate = true> <Delay = 0.00>


============================================================
+ Verbose Summary: Timing violations
============================================================
Target clock period: 13ns, clock uncertainty: 3.51ns.

 <State 1>: 3.84ns
The critical path consists of the following:
	'alloca' operation ('k') [17]  (0 ns)
	'load' operation ('k_load', src/ecg_denoiser.cpp:112) on local variable 'k' [44]  (0 ns)
	'icmp' operation ('icmp_ln112', src/ecg_denoiser.cpp:112) [49]  (0.98 ns)
	'select' operation ('select_ln110', src/ecg_denoiser.cpp:110) [50]  (0.795 ns)
	'add' operation ('add_ln112', src/ecg_denoiser.cpp:112) [116]  (0.768 ns)
	'store' operation ('store_ln112', src/ecg_denoiser.cpp:112) of variable 'add_ln112', src/ecg_denoiser.cpp:112 on local variable 'k' [121]  (1.3 ns)

 <State 2>: 7.49ns
The critical path consists of the following:
	'add' operation ('add_ln837_1') [60]  (1.54 ns)
	'sub' operation ('sub_ln837_1') [64]  (0 ns)
	'add' operation ('add_ln837_3') [84]  (3.19 ns)
	'getelementptr' operation ('denoiser_w_L1_W_V_addr_1') [86]  (0 ns)
	'load' operation ('denoiser_w_L1_W_V_load_1') on array 'denoiser_w_L1_W_V' [104]  (2.77 ns)

 <State 3>: 4.2ns
The critical path consists of the following:
	'load' operation ('win01_V_1_load', src/ecg_denoiser.cpp:110) on array 'win01_V_1' [66]  (2.77 ns)
	'mux' operation ('x.V', src/ecg_denoiser.cpp:114) [89]  (1.43 ns)

 <State 4>: 7.36ns
The critical path consists of the following:
	'mul' operation ('r.V') [95]  (7.36 ns)

 <State 5>: 4.12ns
The critical path consists of the following:
	'load' operation ('lhs_V_load', src/ecg_denoiser.cpp:112) on local variable 'lhs.V' [43]  (0 ns)
	'add' operation ('add_ln1347_2') [114]  (2.82 ns)
	'store' operation ('store_ln112', src/ecg_denoiser.cpp:112) of variable 'acc1_V' on local variable 'lhs.V' [122]  (1.3 ns)


============================================================
+ Verbose Summary: Binding
============================================================
N/A
* FSMD analyzer results:
  - Output states:
 - Input state : 
  - Chain level:
	State 1
	State 2
	State 3
	State 4
	State 5


============================================================
+ Verbose Summary: Datapath Resource usage 
============================================================
N/A
