

================================================================
== Vitis HLS Report for 'conv_layer01234_fused_Pipeline_L0_K'
================================================================
* Date:           Sat Apr  4 09:58:35 2026

* Version:        2022.2 (Build 3670227 on Oct 13 2022)
* Project:        ecg_denoiser_ip
* Solution:       solution1 (Vivado IP Flow Target)
* Product family: zynq
* Target device:  xc7z030-sbg485-2


================================================================
== Performance Estimates
================================================================
+ Timing: 
    * Summary: 
    +--------+----------+----------+------------+
    |  Clock |  Target  | Estimated| Uncertainty|
    +--------+----------+----------+------------+
    |ap_clk  |  13.00 ns|  9.115 ns|     3.51 ns|
    +--------+----------+----------+------------+

+ Latency: 
    * Summary: 
    +---------+---------+----------+----------+-----+-----+---------+
    |  Latency (cycles) |  Latency (absolute) |  Interval | Pipeline|
    |   min   |   max   |    min   |    max   | min | max |   Type  |
    +---------+---------+----------+----------+-----+-----+---------+
    |       15|       15|  0.195 us|  0.195 us|   15|   15|       no|
    +---------+---------+----------+----------+-----+-----+---------+

    + Detail: 
        * Instance: 
        N/A

        * Loop: 
        +----------+---------+---------+----------+-----------+-----------+------+----------+
        |          |  Latency (cycles) | Iteration|  Initiation Interval  | Trip |          |
        | Loop Name|   min   |   max   |  Latency |  achieved |   target  | Count| Pipelined|
        +----------+---------+---------+----------+-----------+-----------+------+----------+
        |- L0_K    |       13|       13|         4|          1|          1|    11|       yes|
        +----------+---------+---------+----------+-----------+-----------+------+----------+

============================================================
+ Verbose Summary: Synthesis Manager
============================================================
InlineROM: 1
ExposeGlobal: 0
============================================================
+ Verbose Summary: CDFG Model
============================================================
IsTopModel: 0
ResetActiveHigh: 1
IsCombinational: 0
IsDatapathOnly: 0
HasWiredReturn: 1
HasMFsm: 2
HasVarLatency: 1
IsPipeline: 0
IsRtlPipelined: 0
IsInstanceOverlapped: 0
IsDontTouch: 0
HasImplIP: 0
IsGatedGlobalClock: 0

+ Individual pipeline summary: 
  * Pipeline-0: initiation interval (II) = 1, depth = 4


============================================================
+ Verbose Summary: Schedule
============================================================
* Number of FSM states : 4
* Pipeline : 1
  Pipeline-0 : II = 1, D = 4, States = { 1 2 3 4 }
* Dataflow Pipeline: 0

* FSM state transitions: 
1 --> 2 
2 --> 3 
3 --> 4 
4 --> 

* FSM state operations: 

State 1 <SV = 0> <Delay = 3.11>
ST_1 : Operation 7 [1/1] (0.00ns)   --->   "%x_V = alloca i32 1"   --->   Operation 7 'alloca' 'x_V' <Predicate = true> <Delay = 0.00>
ST_1 : Operation 8 [1/1] (0.00ns)   --->   "%lhs = alloca i32 1"   --->   Operation 8 'alloca' 'lhs' <Predicate = true> <Delay = 0.00>
ST_1 : Operation 9 [1/1] (0.00ns)   --->   "%k = alloca i32 1"   --->   Operation 9 'alloca' 'k' <Predicate = true> <Delay = 0.00>
ST_1 : Operation 10 [1/1] (0.00ns)   --->   "%trunc_ln_read = read i1 @_ssdm_op_Read.ap_auto.i1, i1 %trunc_ln"   --->   Operation 10 'read' 'trunc_ln_read' <Predicate = true> <Delay = 0.00>
ST_1 : Operation 11 [1/1] (0.00ns)   --->   "%add_ln82_1_read = read i10 @_ssdm_op_Read.ap_auto.i10, i10 %add_ln82_1"   --->   Operation 11 'read' 'add_ln82_1_read' <Predicate = true> <Delay = 0.00>
ST_1 : Operation 12 [1/1] (0.00ns)   --->   "%add_ln81_read = read i9 @_ssdm_op_Read.ap_auto.i9, i9 %add_ln81"   --->   Operation 12 'read' 'add_ln81_read' <Predicate = true> <Delay = 0.00>
ST_1 : Operation 13 [1/1] (0.00ns)   --->   "%phi_mul_read = read i10 @_ssdm_op_Read.ap_auto.i10, i10 %phi_mul"   --->   Operation 13 'read' 'phi_mul_read' <Predicate = true> <Delay = 0.00>
ST_1 : Operation 14 [1/1] (0.00ns)   --->   "%sext_ln77_read = read i24 @_ssdm_op_Read.ap_auto.i24, i24 %sext_ln77"   --->   Operation 14 'read' 'sext_ln77_read' <Predicate = true> <Delay = 0.00>
ST_1 : Operation 15 [1/1] (0.00ns)   --->   "%sext_ln77_cast = sext i24 %sext_ln77_read"   --->   Operation 15 'sext' 'sext_ln77_cast' <Predicate = true> <Delay = 0.00>
ST_1 : Operation 16 [1/1] (0.00ns)   --->   "%specmemcore_ln0 = specmemcore void @_ssdm_op_SpecMemCore, i16 %denoiser_w_L0_W_V, i64 666, i64 39, i64 18446744073709551615"   --->   Operation 16 'specmemcore' 'specmemcore_ln0' <Predicate = true> <Delay = 0.00>
ST_1 : Operation 17 [1/1] (0.00ns)   --->   "%specmemcore_ln0 = specmemcore void @_ssdm_op_SpecMemCore, i32 %in_1, i64 666, i64 19, i64 18446744073709551615"   --->   Operation 17 'specmemcore' 'specmemcore_ln0' <Predicate = true> <Delay = 0.00>
ST_1 : Operation 18 [1/1] (0.00ns)   --->   "%specmemcore_ln0 = specmemcore void @_ssdm_op_SpecMemCore, i32 %in_0, i64 666, i64 19, i64 18446744073709551615"   --->   Operation 18 'specmemcore' 'specmemcore_ln0' <Predicate = true> <Delay = 0.00>
ST_1 : Operation 19 [1/1] (1.29ns)   --->   "%store_ln0 = store i4 0, i4 %k"   --->   Operation 19 'store' 'store_ln0' <Predicate = true> <Delay = 1.29>
ST_1 : Operation 20 [1/1] (1.29ns)   --->   "%store_ln0 = store i48 %sext_ln77_cast, i48 %lhs"   --->   Operation 20 'store' 'store_ln0' <Predicate = true> <Delay = 1.29>
ST_1 : Operation 21 [1/1] (1.29ns)   --->   "%store_ln0 = store i32 0, i32 %x_V"   --->   Operation 21 'store' 'store_ln0' <Predicate = true> <Delay = 1.29>
ST_1 : Operation 22 [1/1] (0.00ns)   --->   "%br_ln0 = br void %for.body142"   --->   Operation 22 'br' 'br_ln0' <Predicate = true> <Delay = 0.00>
ST_1 : Operation 23 [1/1] (0.00ns)   --->   "%k_1 = load i4 %k" [src/ecg_denoiser.cpp:81]   --->   Operation 23 'load' 'k_1' <Predicate = true> <Delay = 0.00>
ST_1 : Operation 24 [1/1] (0.96ns)   --->   "%icmp_ln79 = icmp_eq  i4 %k_1, i4 11" [src/ecg_denoiser.cpp:79]   --->   Operation 24 'icmp' 'icmp_ln79' <Predicate = true> <Delay = 0.96> <CoreInst = "Cmp">   --->   Core 9 'Cmp' <Latency = 0> <II = 1> <Delay = 0.96> <FuncUnit> <Opcode : 'icmp'> <InPorts = 2> <OutPorts = 1>
ST_1 : Operation 25 [1/1] (0.00ns)   --->   "%empty = speclooptripcount i32 @_ssdm_op_SpecLoopTripCount, i64 11, i64 11, i64 11"   --->   Operation 25 'speclooptripcount' 'empty' <Predicate = true> <Delay = 0.00>
ST_1 : Operation 26 [1/1] (0.99ns)   --->   "%add_ln79 = add i4 %k_1, i4 1" [src/ecg_denoiser.cpp:79]   --->   Operation 26 'add' 'add_ln79' <Predicate = true> <Delay = 0.99> <CoreInst = "Adder">   --->   Core 1 'Adder' <Latency = 0> <II = 1> <Delay = 0.99> <FuncUnit> <Opcode : 'add' 'sub'> <InPorts = 2> <OutPorts = 1>
ST_1 : Operation 27 [1/1] (0.00ns)   --->   "%br_ln79 = br i1 %icmp_ln79, void %for.body142.split_ifconv, void %for.end156.exitStub" [src/ecg_denoiser.cpp:79]   --->   Operation 27 'br' 'br_ln79' <Predicate = true> <Delay = 0.00>
ST_1 : Operation 28 [1/1] (0.00ns)   --->   "%zext_ln79 = zext i4 %k_1" [src/ecg_denoiser.cpp:79]   --->   Operation 28 'zext' 'zext_ln79' <Predicate = (!icmp_ln79)> <Delay = 0.00>
ST_1 : Operation 29 [1/1] (1.36ns)   --->   "%add_ln81_1 = add i9 %add_ln81_read, i9 %zext_ln79" [src/ecg_denoiser.cpp:81]   --->   Operation 29 'add' 'add_ln81_1' <Predicate = (!icmp_ln79)> <Delay = 1.36> <CoreInst = "Adder">   --->   Core 1 'Adder' <Latency = 0> <II = 1> <Delay = 1.36> <FuncUnit> <Opcode : 'add' 'sub'> <InPorts = 2> <OutPorts = 1>
ST_1 : Operation 30 [1/1] (0.00ns)   --->   "%lshr_ln3 = partselect i8 @_ssdm_op_PartSelect.i8.i9.i32.i32, i9 %add_ln81_1, i32 1, i32 8" [src/ecg_denoiser.cpp:82]   --->   Operation 30 'partselect' 'lshr_ln3' <Predicate = (!icmp_ln79)> <Delay = 0.00>
ST_1 : Operation 31 [1/1] (0.00ns)   --->   "%zext_ln82 = zext i8 %lshr_ln3" [src/ecg_denoiser.cpp:82]   --->   Operation 31 'zext' 'zext_ln82' <Predicate = (!icmp_ln79)> <Delay = 0.00>
ST_1 : Operation 32 [1/1] (0.00ns)   --->   "%in_0_addr = getelementptr i32 %in_0, i64 0, i64 %zext_ln82" [src/ecg_denoiser.cpp:82]   --->   Operation 32 'getelementptr' 'in_0_addr' <Predicate = (!icmp_ln79)> <Delay = 0.00>
ST_1 : Operation 33 [1/1] (0.00ns)   --->   "%in_1_addr = getelementptr i32 %in_1, i64 0, i64 %zext_ln82" [src/ecg_denoiser.cpp:82]   --->   Operation 33 'getelementptr' 'in_1_addr' <Predicate = (!icmp_ln79)> <Delay = 0.00>
ST_1 : Operation 34 [2/2] (1.75ns)   --->   "%in_0_load = load i8 %in_0_addr" [src/ecg_denoiser.cpp:82]   --->   Operation 34 'load' 'in_0_load' <Predicate = (!icmp_ln79)> <Delay = 1.75> <CoreInst = "RAM_1P_LUTRAM">   --->   Core 87 'RAM_1P_LUTRAM' <Latency = 1> <II = 1> <Delay = 1.75> <Storage> <Opcode : 'load' 'store'> <Ports = 1> <Width = 32> <Depth = 180> <RAM>
ST_1 : Operation 35 [2/2] (1.75ns)   --->   "%in_1_load = load i8 %in_1_addr" [src/ecg_denoiser.cpp:82]   --->   Operation 35 'load' 'in_1_load' <Predicate = (!icmp_ln79)> <Delay = 1.75> <CoreInst = "RAM_1P_LUTRAM">   --->   Core 87 'RAM_1P_LUTRAM' <Latency = 1> <II = 1> <Delay = 1.75> <Storage> <Opcode : 'load' 'store'> <Ports = 1> <Width = 32> <Depth = 180> <RAM>
ST_1 : Operation 36 [1/1] (1.29ns)   --->   "%store_ln79 = store i4 %add_ln79, i4 %k" [src/ecg_denoiser.cpp:79]   --->   Operation 36 'store' 'store_ln79' <Predicate = (!icmp_ln79)> <Delay = 1.29>

State 2 <SV = 1> <Delay = 4.06>
ST_2 : Operation 37 [1/1] (0.00ns)   --->   "%zext_ln837 = zext i4 %k_1"   --->   Operation 37 'zext' 'zext_ln837' <Predicate = true> <Delay = 0.00>
ST_2 : Operation 38 [1/1] (1.41ns)   --->   "%add_ln837 = add i10 %phi_mul_read, i10 %zext_ln837"   --->   Operation 38 'add' 'add_ln837' <Predicate = true> <Delay = 1.41> <CoreInst = "Adder">   --->   Core 1 'Adder' <Latency = 0> <II = 1> <Delay = 1.41> <FuncUnit> <Opcode : 'add' 'sub'> <InPorts = 2> <OutPorts = 1>
ST_2 : Operation 39 [1/1] (0.00ns)   --->   "%zext_ln837_22 = zext i10 %add_ln837"   --->   Operation 39 'zext' 'zext_ln837_22' <Predicate = true> <Delay = 0.00>
ST_2 : Operation 40 [1/1] (0.00ns)   --->   "%denoiser_w_L0_W_V_addr = getelementptr i16 %denoiser_w_L0_W_V, i64 0, i64 %zext_ln837_22"   --->   Operation 40 'getelementptr' 'denoiser_w_L0_W_V_addr' <Predicate = true> <Delay = 0.00>
ST_2 : Operation 41 [1/1] (0.00ns)   --->   "%trunc_ln81 = trunc i4 %k_1" [src/ecg_denoiser.cpp:81]   --->   Operation 41 'trunc' 'trunc_ln81' <Predicate = true> <Delay = 0.00>
ST_2 : Operation 42 [1/1] (1.41ns)   --->   "%add_ln82 = add i10 %add_ln82_1_read, i10 %zext_ln837" [src/ecg_denoiser.cpp:82]   --->   Operation 42 'add' 'add_ln82' <Predicate = true> <Delay = 1.41> <CoreInst = "Adder">   --->   Core 1 'Adder' <Latency = 0> <II = 1> <Delay = 1.41> <FuncUnit> <Opcode : 'add' 'sub'> <InPorts = 2> <OutPorts = 1>
ST_2 : Operation 43 [1/1] (1.94ns)   --->   "%icmp_ln82 = icmp_ult  i10 %add_ln82, i10 360" [src/ecg_denoiser.cpp:82]   --->   Operation 43 'icmp' 'icmp_ln82' <Predicate = true> <Delay = 1.94> <CoreInst = "Cmp">   --->   Core 9 'Cmp' <Latency = 0> <II = 1> <Delay = 1.94> <FuncUnit> <Opcode : 'icmp'> <InPorts = 2> <OutPorts = 1>
ST_2 : Operation 44 [1/1] (0.80ns)   --->   "%xor_ln82 = xor i1 %trunc_ln81, i1 %trunc_ln_read" [src/ecg_denoiser.cpp:82]   --->   Operation 44 'xor' 'xor_ln82' <Predicate = true> <Delay = 0.80> <CoreInst = "LogicGate">   --->   Core 74 'LogicGate' <Latency = 0> <II = 1> <Delay = 0.80> <FuncUnit> <Opcode : 'and' 'or' 'xor'> <InPorts = 2> <OutPorts = 1>
ST_2 : Operation 45 [1/2] (1.75ns)   --->   "%in_0_load = load i8 %in_0_addr" [src/ecg_denoiser.cpp:82]   --->   Operation 45 'load' 'in_0_load' <Predicate = true> <Delay = 1.75> <CoreInst = "RAM_1P_LUTRAM">   --->   Core 87 'RAM_1P_LUTRAM' <Latency = 1> <II = 1> <Delay = 1.75> <Storage> <Opcode : 'load' 'store'> <Ports = 1> <Width = 32> <Depth = 180> <RAM>
ST_2 : Operation 46 [1/2] (1.75ns)   --->   "%in_1_load = load i8 %in_1_addr" [src/ecg_denoiser.cpp:82]   --->   Operation 46 'load' 'in_1_load' <Predicate = true> <Delay = 1.75> <CoreInst = "RAM_1P_LUTRAM">   --->   Core 87 'RAM_1P_LUTRAM' <Latency = 1> <II = 1> <Delay = 1.75> <Storage> <Opcode : 'load' 'store'> <Ports = 1> <Width = 32> <Depth = 180> <RAM>
ST_2 : Operation 47 [1/1] (1.29ns)   --->   "%x_V_1 = mux i32 @_ssdm_op_Mux.ap_auto.2i32.i1, i32 %in_1_load, i32 %in_0_load, i1 %xor_ln82" [src/ecg_denoiser.cpp:82]   --->   Operation 47 'mux' 'x_V_1' <Predicate = true> <Delay = 1.29> <CoreInst = "Multiplexer">   --->   Core 76 'Multiplexer' <Latency = 0> <II = 1> <Delay = 1.29> <FuncUnit> <Opcode : 'mux'> <InPorts = 2> <OutPorts = 1>
ST_2 : Operation 48 [1/1] (0.70ns)   --->   "%select_ln82 = select i1 %icmp_ln82, i32 %x_V_1, i32 0" [src/ecg_denoiser.cpp:82]   --->   Operation 48 'select' 'select_ln82' <Predicate = true> <Delay = 0.70> <CoreInst = "Sel">   --->   Core 73 'Sel' <Latency = 0> <II = 1> <Delay = 0.70> <FuncUnit> <Opcode : 'select'> <InPorts = 3> <OutPorts = 1>
ST_2 : Operation 49 [2/2] (1.75ns)   --->   "%denoiser_w_L0_W_V_load = load i10 %denoiser_w_L0_W_V_addr"   --->   Operation 49 'load' 'denoiser_w_L0_W_V_load' <Predicate = true> <Delay = 1.75> <CoreInst = "ROM_nP_LUTRAM">   --->   Core 102 'ROM_nP_LUTRAM' <Latency = 1> <II = 1> <Delay = 1.75> <Storage> <Opcode : 'load'> <Ports = 0> <Width = 16> <Depth = 704> <ROM>

State 3 <SV = 2> <Delay = 9.11>
ST_3 : Operation 50 [1/1] (0.00ns)   --->   "%r_V = bitconcatenate i40 @_ssdm_op_BitConcatenate.i40.i32.i8, i32 %select_ln82, i8 0"   --->   Operation 50 'bitconcatenate' 'r_V' <Predicate = true> <Delay = 0.00>
ST_3 : Operation 51 [1/2] (1.75ns)   --->   "%denoiser_w_L0_W_V_load = load i10 %denoiser_w_L0_W_V_addr"   --->   Operation 51 'load' 'denoiser_w_L0_W_V_load' <Predicate = true> <Delay = 1.75> <CoreInst = "ROM_nP_LUTRAM">   --->   Core 102 'ROM_nP_LUTRAM' <Latency = 1> <II = 1> <Delay = 1.75> <Storage> <Opcode : 'load'> <Ports = 0> <Width = 16> <Depth = 704> <ROM>
ST_3 : Operation 52 [1/1] (0.00ns)   --->   "%shl_ln838_1 = bitconcatenate i24 @_ssdm_op_BitConcatenate.i24.i16.i8, i16 %denoiser_w_L0_W_V_load, i8 0"   --->   Operation 52 'bitconcatenate' 'shl_ln838_1' <Predicate = true> <Delay = 0.00>
ST_3 : Operation 53 [1/1] (0.00ns)   --->   "%sext_ln1270 = sext i40 %r_V"   --->   Operation 53 'sext' 'sext_ln1270' <Predicate = true> <Delay = 0.00>
ST_3 : Operation 54 [1/1] (0.00ns)   --->   "%sext_ln1273 = sext i24 %shl_ln838_1"   --->   Operation 54 'sext' 'sext_ln1273' <Predicate = true> <Delay = 0.00>
ST_3 : Operation 55 [1/1] (7.36ns)   --->   "%r_V_13 = mul i63 %sext_ln1273, i63 %sext_ln1270"   --->   Operation 55 'mul' 'r_V_13' <Predicate = true> <Delay = 7.36> <CoreInst = "Multiplier">   --->   Core 3 'Multiplier' <Latency = 0> <II = 1> <Delay = 7.36> <FuncUnit> <Opcode : 'mul'> <InPorts = 2> <OutPorts = 1>
ST_3 : Operation 71 [1/1] (0.00ns)   --->   "%x_V_load = load i32 %x_V"   --->   Operation 71 'load' 'x_V_load' <Predicate = (icmp_ln79)> <Delay = 0.00>
ST_3 : Operation 72 [1/1] (0.00ns)   --->   "%write_ln0 = write void @_ssdm_op_Write.ap_auto.i32P0A, i32 %x_V_out, i32 %x_V_load"   --->   Operation 72 'write' 'write_ln0' <Predicate = (icmp_ln79)> <Delay = 0.00>
ST_3 : Operation 73 [1/1] (0.00ns)   --->   "%ret_ln0 = ret"   --->   Operation 73 'ret' 'ret_ln0' <Predicate = (icmp_ln79)> <Delay = 0.00>

State 4 <SV = 3> <Delay = 4.11>
ST_4 : Operation 56 [1/1] (0.00ns)   --->   "%lhs_load = load i48 %lhs"   --->   Operation 56 'load' 'lhs_load' <Predicate = true> <Delay = 0.00>
ST_4 : Operation 57 [1/1] (0.00ns)   --->   "%specpipeline_ln80 = specpipeline void @_ssdm_op_SpecPipeline, i32 1, i32 0, i32 0, i32 0, void @empty_1" [src/ecg_denoiser.cpp:80]   --->   Operation 57 'specpipeline' 'specpipeline_ln80' <Predicate = true> <Delay = 0.00>
ST_4 : Operation 58 [1/1] (0.00ns)   --->   "%specloopname_ln77 = specloopname void @_ssdm_op_SpecLoopName, void @empty_18" [src/ecg_denoiser.cpp:77]   --->   Operation 58 'specloopname' 'specloopname_ln77' <Predicate = true> <Delay = 0.00>
ST_4 : Operation 59 [1/1] (0.00ns)   --->   "%lhs_1 = bitconcatenate i72 @_ssdm_op_BitConcatenate.i72.i48.i24, i48 %lhs_load, i24 0"   --->   Operation 59 'bitconcatenate' 'lhs_1' <Predicate = true> <Delay = 0.00>
ST_4 : Operation 60 [1/1] (0.00ns)   --->   "%sext_ln1347 = sext i63 %r_V_13"   --->   Operation 60 'sext' 'sext_ln1347' <Predicate = true> <Delay = 0.00>
ST_4 : Operation 61 [1/1] (0.00ns)   --->   "%sext_ln1347_1 = sext i63 %r_V_13"   --->   Operation 61 'sext' 'sext_ln1347_1' <Predicate = true> <Delay = 0.00>
ST_4 : Operation 62 [1/1] (0.00ns)   --->   "%trunc_ln1347 = trunc i48 %lhs_load"   --->   Operation 62 'trunc' 'trunc_ln1347' <Predicate = true> <Delay = 0.00>
ST_4 : Operation 63 [1/1] (0.00ns)   --->   "%trunc_ln1 = bitconcatenate i64 @_ssdm_op_BitConcatenate.i64.i40.i24, i40 %trunc_ln1347, i24 0"   --->   Operation 63 'bitconcatenate' 'trunc_ln1' <Predicate = true> <Delay = 0.00>
ST_4 : Operation 64 [1/1] (2.81ns)   --->   "%ret_V = add i72 %lhs_1, i72 %sext_ln1347"   --->   Operation 64 'add' 'ret_V' <Predicate = true> <Delay = 2.81> <CoreInst = "Adder">   --->   Core 1 'Adder' <Latency = 0> <II = 1> <Delay = 2.81> <FuncUnit> <Opcode : 'add' 'sub'> <InPorts = 2> <OutPorts = 1>
ST_4 : Operation 65 [1/1] (2.69ns)   --->   "%add_ln1347_1 = add i64 %trunc_ln1, i64 %sext_ln1347_1"   --->   Operation 65 'add' 'add_ln1347_1' <Predicate = true> <Delay = 2.69> <CoreInst = "Adder">   --->   Core 1 'Adder' <Latency = 0> <II = 1> <Delay = 2.69> <FuncUnit> <Opcode : 'add' 'sub'> <InPorts = 2> <OutPorts = 1>
ST_4 : Operation 66 [1/1] (0.00ns)   --->   "%acc_V = partselect i48 @_ssdm_op_PartSelect.i48.i72.i32.i32, i72 %ret_V, i32 24, i32 71"   --->   Operation 66 'partselect' 'acc_V' <Predicate = true> <Delay = 0.00>
ST_4 : Operation 67 [1/1] (0.00ns)   --->   "%trunc_ln2 = partselect i32 @_ssdm_op_PartSelect.i32.i64.i32.i32, i64 %add_ln1347_1, i32 32, i32 63" [src/ecg_denoiser.cpp:79]   --->   Operation 67 'partselect' 'trunc_ln2' <Predicate = true> <Delay = 0.00>
ST_4 : Operation 68 [1/1] (1.29ns)   --->   "%store_ln79 = store i48 %acc_V, i48 %lhs" [src/ecg_denoiser.cpp:79]   --->   Operation 68 'store' 'store_ln79' <Predicate = true> <Delay = 1.29>
ST_4 : Operation 69 [1/1] (1.29ns)   --->   "%store_ln79 = store i32 %trunc_ln2, i32 %x_V" [src/ecg_denoiser.cpp:79]   --->   Operation 69 'store' 'store_ln79' <Predicate = true> <Delay = 1.29>
ST_4 : Operation 70 [1/1] (0.00ns)   --->   "%br_ln79 = br void %for.body142" [src/ecg_denoiser.cpp:79]   --->   Operation 70 'br' 'br_ln79' <Predicate = true> <Delay = 0.00>


============================================================
+ Verbose Summary: Binding
============================================================
STG Binding: 
---------------- STG Properties BEGIN ----------------
- Is combinational: 0
- Is one-state seq: 0
- Is datapath-only: 0
- Is pipelined: 0
- Is top level: 0
Port [ Return ] is wired: 1; IO mode=ap_ctrl_hs:ce=0
Port [ sext_ln77]:  wired=1; compound=0; hidden=0; nouse=0; global=0; static=0; extern=0; dir=0; type=0; pingpong=0; private_global=0; IO mode=ap_none:ce=0
Port [ phi_mul]:  wired=1; compound=0; hidden=0; nouse=0; global=0; static=0; extern=0; dir=0; type=0; pingpong=0; private_global=0; IO mode=ap_none:ce=0
Port [ add_ln81]:  wired=1; compound=0; hidden=0; nouse=0; global=0; static=0; extern=0; dir=0; type=0; pingpong=0; private_global=0; IO mode=ap_none:ce=0
Port [ add_ln82_1]:  wired=1; compound=0; hidden=0; nouse=0; global=0; static=0; extern=0; dir=0; type=0; pingpong=0; private_global=0; IO mode=ap_none:ce=0
Port [ in_0]:  wired=1; compound=1; hidden=0; nouse=0; global=0; static=0; extern=0; dir=0; type=1; pingpong=0; private_global=0; MemPort=[1]; IO mode=ap_memory:ce=0
Port [ in_1]:  wired=1; compound=1; hidden=0; nouse=0; global=0; static=0; extern=0; dir=0; type=1; pingpong=0; private_global=0; MemPort=[1]; IO mode=ap_memory:ce=0
Port [ trunc_ln]:  wired=1; compound=0; hidden=0; nouse=0; global=0; static=0; extern=0; dir=0; type=0; pingpong=0; private_global=0; IO mode=ap_none:ce=0
Port [ x_V_out]:  wired=1; compound=0; hidden=0; nouse=0; global=0; static=0; extern=0; dir=1; type=0; pingpong=0; private_global=0; IO mode=ap_vld:ce=0
Port [ denoiser_w_L0_W_V]:  wired=0; compound=1; hidden=1; nouse=0; global=1; static=1; extern=0; dir=0; type=1; pingpong=0; private_global=1; MemPort=[1]; IO mode=ap_memory:ce=0
---------------- STG Properties END ------------------

---------------- Datapath Model BEGIN ----------------

<LifeTime>
<method=bitvector/>
x_V                    (alloca           ) [ 01111]
lhs                    (alloca           ) [ 01111]
k                      (alloca           ) [ 01000]
trunc_ln_read          (read             ) [ 01100]
add_ln82_1_read        (read             ) [ 01100]
add_ln81_read          (read             ) [ 00000]
phi_mul_read           (read             ) [ 01100]
sext_ln77_read         (read             ) [ 00000]
sext_ln77_cast         (sext             ) [ 00000]
specmemcore_ln0        (specmemcore      ) [ 00000]
specmemcore_ln0        (specmemcore      ) [ 00000]
specmemcore_ln0        (specmemcore      ) [ 00000]
store_ln0              (store            ) [ 00000]
store_ln0              (store            ) [ 00000]
store_ln0              (store            ) [ 00000]
br_ln0                 (br               ) [ 00000]
k_1                    (load             ) [ 01100]
icmp_ln79              (icmp             ) [ 01110]
empty                  (speclooptripcount) [ 00000]
add_ln79               (add              ) [ 00000]
br_ln79                (br               ) [ 00000]
zext_ln79              (zext             ) [ 00000]
add_ln81_1             (add              ) [ 00000]
lshr_ln3               (partselect       ) [ 00000]
zext_ln82              (zext             ) [ 00000]
in_0_addr              (getelementptr    ) [ 01100]
in_1_addr              (getelementptr    ) [ 01100]
store_ln79             (store            ) [ 00000]
zext_ln837             (zext             ) [ 00000]
add_ln837              (add              ) [ 00000]
zext_ln837_22          (zext             ) [ 00000]
denoiser_w_L0_W_V_addr (getelementptr    ) [ 01010]
trunc_ln81             (trunc            ) [ 00000]
add_ln82               (add              ) [ 00000]
icmp_ln82              (icmp             ) [ 00000]
xor_ln82               (xor              ) [ 00000]
in_0_load              (load             ) [ 00000]
in_1_load              (load             ) [ 00000]
x_V_1                  (mux              ) [ 00000]
select_ln82            (select           ) [ 01010]
r_V                    (bitconcatenate   ) [ 00000]
denoiser_w_L0_W_V_load (load             ) [ 00000]
shl_ln838_1            (bitconcatenate   ) [ 00000]
sext_ln1270            (sext             ) [ 00000]
sext_ln1273            (sext             ) [ 00000]
r_V_13                 (mul              ) [ 01001]
lhs_load               (load             ) [ 00000]
specpipeline_ln80      (specpipeline     ) [ 00000]
specloopname_ln77      (specloopname     ) [ 00000]
lhs_1                  (bitconcatenate   ) [ 00000]
sext_ln1347            (sext             ) [ 00000]
sext_ln1347_1          (sext             ) [ 00000]
trunc_ln1347           (trunc            ) [ 00000]
trunc_ln1              (bitconcatenate   ) [ 00000]
ret_V                  (add              ) [ 00000]
add_ln1347_1           (add              ) [ 00000]
acc_V                  (partselect       ) [ 00000]
trunc_ln2              (partselect       ) [ 00000]
store_ln79             (store            ) [ 00000]
store_ln79             (store            ) [ 00000]
br_ln79                (br               ) [ 00000]
x_V_load               (load             ) [ 00000]
write_ln0              (write            ) [ 00000]
ret_ln0                (ret              ) [ 00000]
</LifeTime>

<model>

<comp_list>
<comp id="0" class="1000" name="sext_ln77">
<pin_list>
<pin id="1" dir="1" index="0" bw="1" slack="0"/>
</pin_list>
<bind>
<StgValue><ssdm name="sext_ln77"/></StgValue>
</bind>
</comp>

<comp id="2" class="1000" name="phi_mul">
<pin_list>
<pin id="3" dir="1" index="0" bw="1" slack="0"/>
</pin_list>
<bind>
<StgValue><ssdm name="phi_mul"/></StgValue>
</bind>
</comp>

<comp id="4" class="1000" name="add_ln81">
<pin_list>
<pin id="5" dir="1" index="0" bw="1" slack="0"/>
</pin_list>
<bind>
<StgValue><ssdm name="add_ln81"/></StgValue>
</bind>
</comp>

<comp id="6" class="1000" name="add_ln82_1">
<pin_list>
<pin id="7" dir="1" index="0" bw="1" slack="0"/>
</pin_list>
<bind>
<StgValue><ssdm name="add_ln82_1"/></StgValue>
</bind>
</comp>

<comp id="8" class="1000" name="in_0">
<pin_list>
<pin id="9" dir="1" index="0" bw="1" slack="0"/>
</pin_list>
<bind>
<StgValue><ssdm name="in_0"/><MemPortTyVec>1 </MemPortTyVec>
</StgValue>
</bind>
</comp>

<comp id="10" class="1000" name="in_1">
<pin_list>
<pin id="11" dir="1" index="0" bw="1" slack="0"/>
</pin_list>
<bind>
<StgValue><ssdm name="in_1"/><MemPortTyVec>1 </MemPortTyVec>
</StgValue>
</bind>
</comp>

<comp id="12" class="1000" name="trunc_ln">
<pin_list>
<pin id="13" dir="1" index="0" bw="1" slack="0"/>
</pin_list>
<bind>
<StgValue><ssdm name="trunc_ln"/></StgValue>
</bind>
</comp>

<comp id="14" class="1000" name="x_V_out">
<pin_list>
<pin id="15" dir="1" index="0" bw="1" slack="0"/>
</pin_list>
<bind>
<StgValue><ssdm name="x_V_out"/></StgValue>
</bind>
</comp>

<comp id="16" class="1000" name="denoiser_w_L0_W_V">
<pin_list>
<pin id="17" dir="1" index="0" bw="1" slack="0"/>
</pin_list>
<bind>
<StgValue><ssdm name="denoiser_w_L0_W_V"/><MemPortTyVec>1 </MemPortTyVec>
</StgValue>
</bind>
</comp>

<comp id="18" class="1001" name="const_18">
<pin_list>
<pin id="19" dir="1" index="0" bw="1" slack="0"/>
</pin_list>
<bind>
<StgValue><ssdm name=""/></StgValue>
</bind>
</comp>

<comp id="20" class="1001" name="const_20">
<pin_list>
<pin id="21" dir="1" index="0" bw="1" slack="0"/>
</pin_list>
<bind>
<StgValue><ssdm name="_ssdm_op_Read.ap_auto.i1"/></StgValue>
</bind>
</comp>

<comp id="22" class="1001" name="const_22">
<pin_list>
<pin id="23" dir="1" index="0" bw="1" slack="0"/>
</pin_list>
<bind>
<StgValue><ssdm name="_ssdm_op_Read.ap_auto.i10"/></StgValue>
</bind>
</comp>

<comp id="24" class="1001" name="const_24">
<pin_list>
<pin id="25" dir="1" index="0" bw="1" slack="0"/>
</pin_list>
<bind>
<StgValue><ssdm name="_ssdm_op_Read.ap_auto.i9"/></StgValue>
</bind>
</comp>

<comp id="26" class="1001" name="const_26">
<pin_list>
<pin id="27" dir="1" index="0" bw="1" slack="0"/>
</pin_list>
<bind>
<StgValue><ssdm name="_ssdm_op_Read.ap_auto.i24"/></StgValue>
</bind>
</comp>

<comp id="28" class="1001" name="const_28">
<pin_list>
<pin id="29" dir="1" index="0" bw="1" slack="2147483647"/>
</pin_list>
<bind>
<StgValue><ssdm name="_ssdm_op_SpecMemCore"/></StgValue>
</bind>
</comp>

<comp id="30" class="1001" name="const_30">
<pin_list>
<pin id="31" dir="1" index="0" bw="1" slack="2147483647"/>
</pin_list>
<bind>
<StgValue><ssdm name=""/></StgValue>
</bind>
</comp>

<comp id="32" class="1001" name="const_32">
<pin_list>
<pin id="33" dir="1" index="0" bw="1" slack="2147483647"/>
</pin_list>
<bind>
<StgValue><ssdm name=""/></StgValue>
</bind>
</comp>

<comp id="34" class="1001" name="const_34">
<pin_list>
<pin id="35" dir="1" index="0" bw="1" slack="2147483647"/>
</pin_list>
<bind>
<StgValue><ssdm name=""/></StgValue>
</bind>
</comp>

<comp id="36" class="1001" name="const_36">
<pin_list>
<pin id="37" dir="1" index="0" bw="1" slack="2147483647"/>
</pin_list>
<bind>
<StgValue><ssdm name=""/></StgValue>
</bind>
</comp>

<comp id="38" class="1001" name="const_38">
<pin_list>
<pin id="39" dir="1" index="0" bw="1" slack="0"/>
</pin_list>
<bind>
<StgValue><ssdm name=""/></StgValue>
</bind>
</comp>

<comp id="40" class="1001" name="const_40">
<pin_list>
<pin id="41" dir="1" index="0" bw="1" slack="0"/>
</pin_list>
<bind>
<StgValue><ssdm name=""/></StgValue>
</bind>
</comp>

<comp id="42" class="1001" name="const_42">
<pin_list>
<pin id="43" dir="1" index="0" bw="1" slack="0"/>
</pin_list>
<bind>
<StgValue><ssdm name=""/></StgValue>
</bind>
</comp>

<comp id="44" class="1001" name="const_44">
<pin_list>
<pin id="45" dir="1" index="0" bw="1" slack="2147483647"/>
</pin_list>
<bind>
<StgValue><ssdm name="_ssdm_op_SpecLoopTripCount"/></StgValue>
</bind>
</comp>

<comp id="46" class="1001" name="const_46">
<pin_list>
<pin id="47" dir="1" index="0" bw="1" slack="2147483647"/>
</pin_list>
<bind>
<StgValue><ssdm name=""/></StgValue>
</bind>
</comp>

<comp id="48" class="1001" name="const_48">
<pin_list>
<pin id="49" dir="1" index="0" bw="1" slack="0"/>
</pin_list>
<bind>
<StgValue><ssdm name=""/></StgValue>
</bind>
</comp>

<comp id="50" class="1001" name="const_50">
<pin_list>
<pin id="51" dir="1" index="0" bw="1" slack="0"/>
</pin_list>
<bind>
<StgValue><ssdm name="_ssdm_op_PartSelect.i8.i9.i32.i32"/></StgValue>
</bind>
</comp>

<comp id="52" class="1001" name="const_52">
<pin_list>
<pin id="53" dir="1" index="0" bw="1" slack="0"/>
</pin_list>
<bind>
<StgValue><ssdm name=""/></StgValue>
</bind>
</comp>

<comp id="54" class="1001" name="const_54">
<pin_list>
<pin id="55" dir="1" index="0" bw="1" slack="0"/>
</pin_list>
<bind>
<StgValue><ssdm name=""/></StgValue>
</bind>
</comp>

<comp id="56" class="1001" name="const_56">
<pin_list>
<pin id="57" dir="1" index="0" bw="1" slack="0"/>
</pin_list>
<bind>
<StgValue><ssdm name=""/></StgValue>
</bind>
</comp>

<comp id="58" class="1001" name="const_58">
<pin_list>
<pin id="59" dir="1" index="0" bw="1" slack="0"/>
</pin_list>
<bind>
<StgValue><ssdm name="_ssdm_op_Mux.ap_auto.2i32.i1"/></StgValue>
</bind>
</comp>

<comp id="60" class="1001" name="const_60">
<pin_list>
<pin id="61" dir="1" index="0" bw="1" slack="0"/>
</pin_list>
<bind>
<StgValue><ssdm name="_ssdm_op_BitConcatenate.i40.i32.i8"/></StgValue>
</bind>
</comp>

<comp id="62" class="1001" name="const_62">
<pin_list>
<pin id="63" dir="1" index="0" bw="1" slack="0"/>
</pin_list>
<bind>
<StgValue><ssdm name=""/></StgValue>
</bind>
</comp>

<comp id="64" class="1001" name="const_64">
<pin_list>
<pin id="65" dir="1" index="0" bw="1" slack="0"/>
</pin_list>
<bind>
<StgValue><ssdm name="_ssdm_op_BitConcatenate.i24.i16.i8"/></StgValue>
</bind>
</comp>

<comp id="66" class="1001" name="const_66">
<pin_list>
<pin id="67" dir="1" index="0" bw="1" slack="2147483647"/>
</pin_list>
<bind>
<StgValue><ssdm name="_ssdm_op_SpecPipeline"/></StgValue>
</bind>
</comp>

<comp id="68" class="1001" name="const_68">
<pin_list>
<pin id="69" dir="1" index="0" bw="1" slack="2147483647"/>
</pin_list>
<bind>
<StgValue><ssdm name="empty_1"/></StgValue>
</bind>
</comp>

<comp id="70" class="1001" name="const_70">
<pin_list>
<pin id="71" dir="1" index="0" bw="1" slack="2147483647"/>
</pin_list>
<bind>
<StgValue><ssdm name="_ssdm_op_SpecLoopName"/></StgValue>
</bind>
</comp>

<comp id="72" class="1001" name="const_72">
<pin_list>
<pin id="73" dir="1" index="0" bw="1" slack="2147483647"/>
</pin_list>
<bind>
<StgValue><ssdm name="empty_18"/></StgValue>
</bind>
</comp>

<comp id="74" class="1001" name="const_74">
<pin_list>
<pin id="75" dir="1" index="0" bw="1" slack="0"/>
</pin_list>
<bind>
<StgValue><ssdm name="_ssdm_op_BitConcatenate.i72.i48.i24"/></StgValue>
</bind>
</comp>

<comp id="76" class="1001" name="const_76">
<pin_list>
<pin id="77" dir="1" index="0" bw="1" slack="0"/>
</pin_list>
<bind>
<StgValue><ssdm name=""/></StgValue>
</bind>
</comp>

<comp id="78" class="1001" name="const_78">
<pin_list>
<pin id="79" dir="1" index="0" bw="1" slack="0"/>
</pin_list>
<bind>
<StgValue><ssdm name="_ssdm_op_BitConcatenate.i64.i40.i24"/></StgValue>
</bind>
</comp>

<comp id="80" class="1001" name="const_80">
<pin_list>
<pin id="81" dir="1" index="0" bw="1" slack="0"/>
</pin_list>
<bind>
<StgValue><ssdm name="_ssdm_op_PartSelect.i48.i72.i32.i32"/></StgValue>
</bind>
</comp>

<comp id="82" class="1001" name="const_82">
<pin_list>
<pin id="83" dir="1" index="0" bw="1" slack="0"/>
</pin_list>
<bind>
<StgValue><ssdm name=""/></StgValue>
</bind>
</comp>

<comp id="84" class="1001" name="const_84">
<pin_list>
<pin id="85" dir="1" index="0" bw="1" slack="0"/>
</pin_list>
<bind>
<StgValue><ssdm name=""/></StgValue>
</bind>
</comp>

<comp id="86" class="1001" name="const_86">
<pin_list>
<pin id="87" dir="1" index="0" bw="1" slack="0"/>
</pin_list>
<bind>
<StgValue><ssdm name="_ssdm_op_PartSelect.i32.i64.i32.i32"/></StgValue>
</bind>
</comp>

<comp id="88" class="1001" name="const_88">
<pin_list>
<pin id="89" dir="1" index="0" bw="1" slack="0"/>
</pin_list>
<bind>
<StgValue><ssdm name=""/></StgValue>
</bind>
</comp>

<comp id="90" class="1001" name="const_90">
<pin_list>
<pin id="91" dir="1" index="0" bw="1" slack="0"/>
</pin_list>
<bind>
<StgValue><ssdm name=""/></StgValue>
</bind>
</comp>

<comp id="92" class="1001" name="const_92">
<pin_list>
<pin id="93" dir="1" index="0" bw="1" slack="0"/>
</pin_list>
<bind>
<StgValue><ssdm name="_ssdm_op_Write.ap_auto.i32P0A"/></StgValue>
</bind>
</comp>

<comp id="94" class="1004" name="x_V_fu_94">
<pin_list>
<pin id="95" dir="0" index="0" bw="1" slack="0"/>
<pin id="96" dir="1" index="1" bw="32" slack="0"/>
</pin_list>
<bind>
<opcode="alloca(26) " fcode="alloca"/>
<opset="x_V/1 "/>
</bind>
</comp>

<comp id="98" class="1004" name="lhs_fu_98">
<pin_list>
<pin id="99" dir="0" index="0" bw="1" slack="0"/>
<pin id="100" dir="1" index="1" bw="48" slack="0"/>
</pin_list>
<bind>
<opcode="alloca(26) " fcode="alloca"/>
<opset="lhs/1 "/>
</bind>
</comp>

<comp id="102" class="1004" name="k_fu_102">
<pin_list>
<pin id="103" dir="0" index="0" bw="1" slack="0"/>
<pin id="104" dir="1" index="1" bw="4" slack="0"/>
</pin_list>
<bind>
<opcode="alloca(26) " fcode="alloca"/>
<opset="k/1 "/>
</bind>
</comp>

<comp id="106" class="1004" name="trunc_ln_read_read_fu_106">
<pin_list>
<pin id="107" dir="0" index="0" bw="1" slack="0"/>
<pin id="108" dir="0" index="1" bw="1" slack="0"/>
<pin id="109" dir="1" index="2" bw="1" slack="1"/>
</pin_list>
<bind>
<opcode="read(1150) " fcode="read"/>
<opset="trunc_ln_read/1 "/>
</bind>
</comp>

<comp id="112" class="1004" name="add_ln82_1_read_read_fu_112">
<pin_list>
<pin id="113" dir="0" index="0" bw="10" slack="0"/>
<pin id="114" dir="0" index="1" bw="10" slack="0"/>
<pin id="115" dir="1" index="2" bw="10" slack="1"/>
</pin_list>
<bind>
<opcode="read(1150) " fcode="read"/>
<opset="add_ln82_1_read/1 "/>
</bind>
</comp>

<comp id="118" class="1004" name="add_ln81_read_read_fu_118">
<pin_list>
<pin id="119" dir="0" index="0" bw="9" slack="0"/>
<pin id="120" dir="0" index="1" bw="9" slack="0"/>
<pin id="121" dir="1" index="2" bw="9" slack="0"/>
</pin_list>
<bind>
<opcode="read(1150) " fcode="read"/>
<opset="add_ln81_read/1 "/>
</bind>
</comp>

<comp id="124" class="1004" name="phi_mul_read_read_fu_124">
<pin_list>
<pin id="125" dir="0" index="0" bw="10" slack="0"/>
<pin id="126" dir="0" index="1" bw="10" slack="0"/>
<pin id="127" dir="1" index="2" bw="10" slack="1"/>
</pin_list>
<bind>
<opcode="read(1150) " fcode="read"/>
<opset="phi_mul_read/1 "/>
</bind>
</comp>

<comp id="130" class="1004" name="sext_ln77_read_read_fu_130">
<pin_list>
<pin id="131" dir="0" index="0" bw="24" slack="0"/>
<pin id="132" dir="0" index="1" bw="24" slack="0"/>
<pin id="133" dir="1" index="2" bw="24" slack="0"/>
</pin_list>
<bind>
<opcode="read(1150) " fcode="read"/>
<opset="sext_ln77_read/1 "/>
</bind>
</comp>

<comp id="136" class="1004" name="write_ln0_write_fu_136">
<pin_list>
<pin id="137" dir="0" index="0" bw="0" slack="0"/>
<pin id="138" dir="0" index="1" bw="32" slack="0"/>
<pin id="139" dir="0" index="2" bw="32" slack="0"/>
<pin id="140" dir="1" index="3" bw="0" slack="2147483647"/>
</pin_list>
<bind>
<opcode="write(1151) " fcode="write"/>
<opset="write_ln0/3 "/>
</bind>
</comp>

<comp id="143" class="1004" name="in_0_addr_gep_fu_143">
<pin_list>
<pin id="144" dir="0" index="0" bw="32" slack="0"/>
<pin id="145" dir="0" index="1" bw="1" slack="0"/>
<pin id="146" dir="0" index="2" bw="8" slack="0"/>
<pin id="147" dir="1" index="3" bw="8" slack="0"/>
</pin_list>
<bind>
<opcode="getelementptr(29) " fcode="getelementptr"/>
<opset="in_0_addr/1 "/>
</bind>
</comp>

<comp id="150" class="1004" name="in_1_addr_gep_fu_150">
<pin_list>
<pin id="151" dir="0" index="0" bw="32" slack="0"/>
<pin id="152" dir="0" index="1" bw="1" slack="0"/>
<pin id="153" dir="0" index="2" bw="8" slack="0"/>
<pin id="154" dir="1" index="3" bw="8" slack="0"/>
</pin_list>
<bind>
<opcode="getelementptr(29) " fcode="getelementptr"/>
<opset="in_1_addr/1 "/>
</bind>
</comp>

<comp id="157" class="1004" name="grp_access_fu_157">
<pin_list>
<pin id="158" dir="0" index="0" bw="8" slack="0"/>
<pin id="159" dir="0" index="1" bw="32" slack="2147483647"/>
<pin id="160" dir="0" index="2" bw="0" slack="2147483647"/>
<pin id="161" dir="1" index="3" bw="32" slack="0"/>
</pin_list>
<bind>
<opcode="load(27) " fcode="load"/>
<opset="in_0_load/1 "/>
</bind>
</comp>

<comp id="163" class="1004" name="grp_access_fu_163">
<pin_list>
<pin id="164" dir="0" index="0" bw="8" slack="0"/>
<pin id="165" dir="0" index="1" bw="32" slack="2147483647"/>
<pin id="166" dir="0" index="2" bw="0" slack="2147483647"/>
<pin id="167" dir="1" index="3" bw="32" slack="0"/>
</pin_list>
<bind>
<opcode="load(27) " fcode="load"/>
<opset="in_1_load/1 "/>
</bind>
</comp>

<comp id="169" class="1004" name="denoiser_w_L0_W_V_addr_gep_fu_169">
<pin_list>
<pin id="170" dir="0" index="0" bw="16" slack="0"/>
<pin id="171" dir="0" index="1" bw="1" slack="0"/>
<pin id="172" dir="0" index="2" bw="10" slack="0"/>
<pin id="173" dir="1" index="3" bw="10" slack="0"/>
</pin_list>
<bind>
<opcode="getelementptr(29) " fcode="getelementptr"/>
<opset="denoiser_w_L0_W_V_addr/2 "/>
</bind>
</comp>

<comp id="176" class="1004" name="grp_access_fu_176">
<pin_list>
<pin id="177" dir="0" index="0" bw="10" slack="0"/>
<pin id="178" dir="0" index="1" bw="16" slack="2147483647"/>
<pin id="179" dir="0" index="2" bw="0" slack="2147483647"/>
<pin id="180" dir="1" index="3" bw="16" slack="0"/>
</pin_list>
<bind>
<opcode="load(27) " fcode="load"/>
<opset="denoiser_w_L0_W_V_load/2 "/>
</bind>
</comp>

<comp id="182" class="1004" name="sext_ln77_cast_fu_182">
<pin_list>
<pin id="183" dir="0" index="0" bw="24" slack="0"/>
<pin id="184" dir="1" index="1" bw="48" slack="0"/>
</pin_list>
<bind>
<opcode="sext(35) " fcode="sext"/>
<opset="sext_ln77_cast/1 "/>
</bind>
</comp>

<comp id="186" class="1004" name="store_ln0_store_fu_186">
<pin_list>
<pin id="187" dir="0" index="0" bw="1" slack="0"/>
<pin id="188" dir="0" index="1" bw="4" slack="0"/>
<pin id="189" dir="1" index="2" bw="0" slack="2147483647"/>
</pin_list>
<bind>
<opcode="store(28) " fcode="store"/>
<opset="store_ln0/1 "/>
</bind>
</comp>

<comp id="191" class="1004" name="store_ln0_store_fu_191">
<pin_list>
<pin id="192" dir="0" index="0" bw="24" slack="0"/>
<pin id="193" dir="0" index="1" bw="48" slack="0"/>
<pin id="194" dir="1" index="2" bw="0" slack="2147483647"/>
</pin_list>
<bind>
<opcode="store(28) " fcode="store"/>
<opset="store_ln0/1 "/>
</bind>
</comp>

<comp id="196" class="1004" name="store_ln0_store_fu_196">
<pin_list>
<pin id="197" dir="0" index="0" bw="1" slack="0"/>
<pin id="198" dir="0" index="1" bw="32" slack="0"/>
<pin id="199" dir="1" index="2" bw="0" slack="2147483647"/>
</pin_list>
<bind>
<opcode="store(28) " fcode="store"/>
<opset="store_ln0/1 "/>
</bind>
</comp>

<comp id="201" class="1004" name="k_1_load_fu_201">
<pin_list>
<pin id="202" dir="0" index="0" bw="4" slack="0"/>
<pin id="203" dir="1" index="1" bw="4" slack="0"/>
</pin_list>
<bind>
<opcode="load(27) " fcode="load"/>
<opset="k_1/1 "/>
</bind>
</comp>

<comp id="204" class="1004" name="icmp_ln79_fu_204">
<pin_list>
<pin id="205" dir="0" index="0" bw="4" slack="0"/>
<pin id="206" dir="0" index="1" bw="4" slack="0"/>
<pin id="207" dir="1" index="2" bw="1" slack="2"/>
</pin_list>
<bind>
<opcode="icmp(45) " fcode="icmp"/>
<opset="icmp_ln79/1 "/>
</bind>
</comp>

<comp id="210" class="1004" name="add_ln79_fu_210">
<pin_list>
<pin id="211" dir="0" index="0" bw="4" slack="0"/>
<pin id="212" dir="0" index="1" bw="1" slack="0"/>
<pin id="213" dir="1" index="2" bw="4" slack="0"/>
</pin_list>
<bind>
<opcode="add(8) " fcode="add"/>
<opset="add_ln79/1 "/>
</bind>
</comp>

<comp id="216" class="1004" name="zext_ln79_fu_216">
<pin_list>
<pin id="217" dir="0" index="0" bw="4" slack="0"/>
<pin id="218" dir="1" index="1" bw="9" slack="0"/>
</pin_list>
<bind>
<opcode="zext(34) " fcode="zext"/>
<opset="zext_ln79/1 "/>
</bind>
</comp>

<comp id="220" class="1004" name="add_ln81_1_fu_220">
<pin_list>
<pin id="221" dir="0" index="0" bw="9" slack="0"/>
<pin id="222" dir="0" index="1" bw="4" slack="0"/>
<pin id="223" dir="1" index="2" bw="9" slack="0"/>
</pin_list>
<bind>
<opcode="add(8) " fcode="add"/>
<opset="add_ln81_1/1 "/>
</bind>
</comp>

<comp id="226" class="1004" name="lshr_ln3_fu_226">
<pin_list>
<pin id="227" dir="0" index="0" bw="8" slack="0"/>
<pin id="228" dir="0" index="1" bw="9" slack="0"/>
<pin id="229" dir="0" index="2" bw="1" slack="0"/>
<pin id="230" dir="0" index="3" bw="5" slack="0"/>
<pin id="231" dir="1" index="4" bw="8" slack="0"/>
</pin_list>
<bind>
<opcode="partselect(1002) " fcode="partselect"/>
<opset="lshr_ln3/1 "/>
</bind>
</comp>

<comp id="236" class="1004" name="zext_ln82_fu_236">
<pin_list>
<pin id="237" dir="0" index="0" bw="8" slack="0"/>
<pin id="238" dir="1" index="1" bw="64" slack="0"/>
</pin_list>
<bind>
<opcode="zext(34) " fcode="zext"/>
<opset="zext_ln82/1 "/>
</bind>
</comp>

<comp id="242" class="1004" name="store_ln79_store_fu_242">
<pin_list>
<pin id="243" dir="0" index="0" bw="4" slack="0"/>
<pin id="244" dir="0" index="1" bw="4" slack="0"/>
<pin id="245" dir="1" index="2" bw="0" slack="2147483647"/>
</pin_list>
<bind>
<opcode="store(28) " fcode="store"/>
<opset="store_ln79/1 "/>
</bind>
</comp>

<comp id="247" class="1004" name="zext_ln837_fu_247">
<pin_list>
<pin id="248" dir="0" index="0" bw="4" slack="1"/>
<pin id="249" dir="1" index="1" bw="10" slack="0"/>
</pin_list>
<bind>
<opcode="zext(34) " fcode="zext"/>
<opset="zext_ln837/2 "/>
</bind>
</comp>

<comp id="250" class="1004" name="add_ln837_fu_250">
<pin_list>
<pin id="251" dir="0" index="0" bw="10" slack="1"/>
<pin id="252" dir="0" index="1" bw="4" slack="0"/>
<pin id="253" dir="1" index="2" bw="10" slack="0"/>
</pin_list>
<bind>
<opcode="add(8) " fcode="add"/>
<opset="add_ln837/2 "/>
</bind>
</comp>

<comp id="255" class="1004" name="zext_ln837_22_fu_255">
<pin_list>
<pin id="256" dir="0" index="0" bw="10" slack="0"/>
<pin id="257" dir="1" index="1" bw="64" slack="0"/>
</pin_list>
<bind>
<opcode="zext(34) " fcode="zext"/>
<opset="zext_ln837_22/2 "/>
</bind>
</comp>

<comp id="260" class="1004" name="trunc_ln81_fu_260">
<pin_list>
<pin id="261" dir="0" index="0" bw="4" slack="1"/>
<pin id="262" dir="1" index="1" bw="1" slack="0"/>
</pin_list>
<bind>
<opcode="trunc(33) " fcode="trunc"/>
<opset="trunc_ln81/2 "/>
</bind>
</comp>

<comp id="263" class="1004" name="add_ln82_fu_263">
<pin_list>
<pin id="264" dir="0" index="0" bw="10" slack="1"/>
<pin id="265" dir="0" index="1" bw="4" slack="0"/>
<pin id="266" dir="1" index="2" bw="10" slack="0"/>
</pin_list>
<bind>
<opcode="add(8) " fcode="add"/>
<opset="add_ln82/2 "/>
</bind>
</comp>

<comp id="268" class="1004" name="icmp_ln82_fu_268">
<pin_list>
<pin id="269" dir="0" index="0" bw="10" slack="0"/>
<pin id="270" dir="0" index="1" bw="10" slack="0"/>
<pin id="271" dir="1" index="2" bw="1" slack="0"/>
</pin_list>
<bind>
<opcode="icmp(45) " fcode="icmp"/>
<opset="icmp_ln82/2 "/>
</bind>
</comp>

<comp id="274" class="1004" name="xor_ln82_fu_274">
<pin_list>
<pin id="275" dir="0" index="0" bw="1" slack="0"/>
<pin id="276" dir="0" index="1" bw="1" slack="1"/>
<pin id="277" dir="1" index="2" bw="1" slack="0"/>
</pin_list>
<bind>
<opcode="xor(25) " fcode="xor"/>
<opset="xor_ln82/2 "/>
</bind>
</comp>

<comp id="279" class="1004" name="x_V_1_fu_279">
<pin_list>
<pin id="280" dir="0" index="0" bw="32" slack="0"/>
<pin id="281" dir="0" index="1" bw="32" slack="0"/>
<pin id="282" dir="0" index="2" bw="32" slack="0"/>
<pin id="283" dir="0" index="3" bw="1" slack="0"/>
<pin id="284" dir="1" index="4" bw="32" slack="0"/>
</pin_list>
<bind>
<opcode="mux(1196) " fcode="mux"/>
<opset="x_V_1/2 "/>
</bind>
</comp>

<comp id="289" class="1004" name="select_ln82_fu_289">
<pin_list>
<pin id="290" dir="0" index="0" bw="1" slack="0"/>
<pin id="291" dir="0" index="1" bw="32" slack="0"/>
<pin id="292" dir="0" index="2" bw="1" slack="0"/>
<pin id="293" dir="1" index="3" bw="32" slack="1"/>
</pin_list>
<bind>
<opcode="select(49) " fcode="select"/>
<opset="select_ln82/2 "/>
</bind>
</comp>

<comp id="297" class="1004" name="r_V_fu_297">
<pin_list>
<pin id="298" dir="0" index="0" bw="40" slack="0"/>
<pin id="299" dir="0" index="1" bw="32" slack="1"/>
<pin id="300" dir="0" index="2" bw="1" slack="0"/>
<pin id="301" dir="1" index="3" bw="40" slack="0"/>
</pin_list>
<bind>
<opcode="bitconcatenate(1004) " fcode="bitconcatenate"/>
<opset="r_V/3 "/>
</bind>
</comp>

<comp id="304" class="1004" name="shl_ln838_1_fu_304">
<pin_list>
<pin id="305" dir="0" index="0" bw="24" slack="0"/>
<pin id="306" dir="0" index="1" bw="16" slack="0"/>
<pin id="307" dir="0" index="2" bw="1" slack="0"/>
<pin id="308" dir="1" index="3" bw="24" slack="0"/>
</pin_list>
<bind>
<opcode="bitconcatenate(1004) " fcode="bitconcatenate"/>
<opset="shl_ln838_1/3 "/>
</bind>
</comp>

<comp id="312" class="1004" name="sext_ln1270_fu_312">
<pin_list>
<pin id="313" dir="0" index="0" bw="40" slack="0"/>
<pin id="314" dir="1" index="1" bw="63" slack="0"/>
</pin_list>
<bind>
<opcode="sext(35) " fcode="sext"/>
<opset="sext_ln1270/3 "/>
</bind>
</comp>

<comp id="316" class="1004" name="sext_ln1273_fu_316">
<pin_list>
<pin id="317" dir="0" index="0" bw="24" slack="0"/>
<pin id="318" dir="1" index="1" bw="63" slack="0"/>
</pin_list>
<bind>
<opcode="sext(35) " fcode="sext"/>
<opset="sext_ln1273/3 "/>
</bind>
</comp>

<comp id="320" class="1004" name="r_V_13_fu_320">
<pin_list>
<pin id="321" dir="0" index="0" bw="24" slack="0"/>
<pin id="322" dir="0" index="1" bw="40" slack="0"/>
<pin id="323" dir="1" index="2" bw="63" slack="1"/>
</pin_list>
<bind>
<opcode="mul(12) " fcode="mul"/>
<opset="r_V_13/3 "/>
</bind>
</comp>

<comp id="326" class="1004" name="lhs_load_load_fu_326">
<pin_list>
<pin id="327" dir="0" index="0" bw="48" slack="3"/>
<pin id="328" dir="1" index="1" bw="48" slack="0"/>
</pin_list>
<bind>
<opcode="load(27) " fcode="load"/>
<opset="lhs_load/4 "/>
</bind>
</comp>

<comp id="329" class="1004" name="lhs_1_fu_329">
<pin_list>
<pin id="330" dir="0" index="0" bw="72" slack="0"/>
<pin id="331" dir="0" index="1" bw="48" slack="0"/>
<pin id="332" dir="0" index="2" bw="1" slack="0"/>
<pin id="333" dir="1" index="3" bw="72" slack="0"/>
</pin_list>
<bind>
<opcode="bitconcatenate(1004) " fcode="bitconcatenate"/>
<opset="lhs_1/4 "/>
</bind>
</comp>

<comp id="337" class="1004" name="sext_ln1347_fu_337">
<pin_list>
<pin id="338" dir="0" index="0" bw="63" slack="1"/>
<pin id="339" dir="1" index="1" bw="72" slack="0"/>
</pin_list>
<bind>
<opcode="sext(35) " fcode="sext"/>
<opset="sext_ln1347/4 "/>
</bind>
</comp>

<comp id="340" class="1004" name="sext_ln1347_1_fu_340">
<pin_list>
<pin id="341" dir="0" index="0" bw="63" slack="1"/>
<pin id="342" dir="1" index="1" bw="64" slack="0"/>
</pin_list>
<bind>
<opcode="sext(35) " fcode="sext"/>
<opset="sext_ln1347_1/4 "/>
</bind>
</comp>

<comp id="343" class="1004" name="trunc_ln1347_fu_343">
<pin_list>
<pin id="344" dir="0" index="0" bw="48" slack="0"/>
<pin id="345" dir="1" index="1" bw="40" slack="0"/>
</pin_list>
<bind>
<opcode="trunc(33) " fcode="trunc"/>
<opset="trunc_ln1347/4 "/>
</bind>
</comp>

<comp id="347" class="1004" name="trunc_ln1_fu_347">
<pin_list>
<pin id="348" dir="0" index="0" bw="64" slack="0"/>
<pin id="349" dir="0" index="1" bw="40" slack="0"/>
<pin id="350" dir="0" index="2" bw="1" slack="0"/>
<pin id="351" dir="1" index="3" bw="64" slack="0"/>
</pin_list>
<bind>
<opcode="bitconcatenate(1004) " fcode="bitconcatenate"/>
<opset="trunc_ln1/4 "/>
</bind>
</comp>

<comp id="355" class="1004" name="ret_V_fu_355">
<pin_list>
<pin id="356" dir="0" index="0" bw="72" slack="0"/>
<pin id="357" dir="0" index="1" bw="63" slack="0"/>
<pin id="358" dir="1" index="2" bw="72" slack="0"/>
</pin_list>
<bind>
<opcode="add(8) " fcode="add"/>
<opset="ret_V/4 "/>
</bind>
</comp>

<comp id="361" class="1004" name="add_ln1347_1_fu_361">
<pin_list>
<pin id="362" dir="0" index="0" bw="64" slack="0"/>
<pin id="363" dir="0" index="1" bw="63" slack="0"/>
<pin id="364" dir="1" index="2" bw="64" slack="0"/>
</pin_list>
<bind>
<opcode="add(8) " fcode="add"/>
<opset="add_ln1347_1/4 "/>
</bind>
</comp>

<comp id="367" class="1004" name="acc_V_fu_367">
<pin_list>
<pin id="368" dir="0" index="0" bw="48" slack="0"/>
<pin id="369" dir="0" index="1" bw="72" slack="0"/>
<pin id="370" dir="0" index="2" bw="6" slack="0"/>
<pin id="371" dir="0" index="3" bw="8" slack="0"/>
<pin id="372" dir="1" index="4" bw="48" slack="0"/>
</pin_list>
<bind>
<opcode="partselect(1002) " fcode="partselect"/>
<opset="acc_V/4 "/>
</bind>
</comp>

<comp id="377" class="1004" name="trunc_ln2_fu_377">
<pin_list>
<pin id="378" dir="0" index="0" bw="32" slack="0"/>
<pin id="379" dir="0" index="1" bw="64" slack="0"/>
<pin id="380" dir="0" index="2" bw="7" slack="0"/>
<pin id="381" dir="0" index="3" bw="7" slack="0"/>
<pin id="382" dir="1" index="4" bw="32" slack="0"/>
</pin_list>
<bind>
<opcode="partselect(1002) " fcode="partselect"/>
<opset="trunc_ln2/4 "/>
</bind>
</comp>

<comp id="387" class="1004" name="store_ln79_store_fu_387">
<pin_list>
<pin id="388" dir="0" index="0" bw="48" slack="0"/>
<pin id="389" dir="0" index="1" bw="48" slack="3"/>
<pin id="390" dir="1" index="2" bw="0" slack="2147483647"/>
</pin_list>
<bind>
<opcode="store(28) " fcode="store"/>
<opset="store_ln79/4 "/>
</bind>
</comp>

<comp id="392" class="1004" name="store_ln79_store_fu_392">
<pin_list>
<pin id="393" dir="0" index="0" bw="32" slack="0"/>
<pin id="394" dir="0" index="1" bw="32" slack="3"/>
<pin id="395" dir="1" index="2" bw="0" slack="2147483647"/>
</pin_list>
<bind>
<opcode="store(28) " fcode="store"/>
<opset="store_ln79/4 "/>
</bind>
</comp>

<comp id="397" class="1004" name="x_V_load_load_fu_397">
<pin_list>
<pin id="398" dir="0" index="0" bw="32" slack="2"/>
<pin id="399" dir="1" index="1" bw="32" slack="0"/>
</pin_list>
<bind>
<opcode="load(27) " fcode="load"/>
<opset="x_V_load/3 "/>
</bind>
</comp>

<comp id="401" class="1005" name="x_V_reg_401">
<pin_list>
<pin id="402" dir="0" index="0" bw="32" slack="0"/>
<pin id="403" dir="1" index="1" bw="32" slack="0"/>
</pin_list>
<bind>
<opset="x_V "/>
</bind>
</comp>

<comp id="408" class="1005" name="lhs_reg_408">
<pin_list>
<pin id="409" dir="0" index="0" bw="48" slack="0"/>
<pin id="410" dir="1" index="1" bw="48" slack="0"/>
</pin_list>
<bind>
<opset="lhs "/>
</bind>
</comp>

<comp id="415" class="1005" name="k_reg_415">
<pin_list>
<pin id="416" dir="0" index="0" bw="4" slack="0"/>
<pin id="417" dir="1" index="1" bw="4" slack="0"/>
</pin_list>
<bind>
<opset="k "/>
</bind>
</comp>

<comp id="422" class="1005" name="trunc_ln_read_reg_422">
<pin_list>
<pin id="423" dir="0" index="0" bw="1" slack="1"/>
<pin id="424" dir="1" index="1" bw="1" slack="1"/>
</pin_list>
<bind>
<opset="trunc_ln_read "/>
</bind>
</comp>

<comp id="427" class="1005" name="add_ln82_1_read_reg_427">
<pin_list>
<pin id="428" dir="0" index="0" bw="10" slack="1"/>
<pin id="429" dir="1" index="1" bw="10" slack="1"/>
</pin_list>
<bind>
<opset="add_ln82_1_read "/>
</bind>
</comp>

<comp id="432" class="1005" name="phi_mul_read_reg_432">
<pin_list>
<pin id="433" dir="0" index="0" bw="10" slack="1"/>
<pin id="434" dir="1" index="1" bw="10" slack="1"/>
</pin_list>
<bind>
<opset="phi_mul_read "/>
</bind>
</comp>

<comp id="437" class="1005" name="k_1_reg_437">
<pin_list>
<pin id="438" dir="0" index="0" bw="4" slack="1"/>
<pin id="439" dir="1" index="1" bw="4" slack="1"/>
</pin_list>
<bind>
<opset="k_1 "/>
</bind>
</comp>

<comp id="443" class="1005" name="icmp_ln79_reg_443">
<pin_list>
<pin id="444" dir="0" index="0" bw="1" slack="2"/>
<pin id="445" dir="1" index="1" bw="1" slack="2147483647"/>
</pin_list>
<bind>
<opset="icmp_ln79 "/>
</bind>
</comp>

<comp id="447" class="1005" name="in_0_addr_reg_447">
<pin_list>
<pin id="448" dir="0" index="0" bw="8" slack="1"/>
<pin id="449" dir="1" index="1" bw="8" slack="1"/>
</pin_list>
<bind>
<opset="in_0_addr "/>
</bind>
</comp>

<comp id="452" class="1005" name="in_1_addr_reg_452">
<pin_list>
<pin id="453" dir="0" index="0" bw="8" slack="1"/>
<pin id="454" dir="1" index="1" bw="8" slack="1"/>
</pin_list>
<bind>
<opset="in_1_addr "/>
</bind>
</comp>

<comp id="457" class="1005" name="denoiser_w_L0_W_V_addr_reg_457">
<pin_list>
<pin id="458" dir="0" index="0" bw="10" slack="1"/>
<pin id="459" dir="1" index="1" bw="10" slack="1"/>
</pin_list>
<bind>
<opset="denoiser_w_L0_W_V_addr "/>
</bind>
</comp>

<comp id="462" class="1005" name="select_ln82_reg_462">
<pin_list>
<pin id="463" dir="0" index="0" bw="32" slack="1"/>
<pin id="464" dir="1" index="1" bw="32" slack="1"/>
</pin_list>
<bind>
<opset="select_ln82 "/>
</bind>
</comp>

<comp id="467" class="1005" name="r_V_13_reg_467">
<pin_list>
<pin id="468" dir="0" index="0" bw="63" slack="1"/>
<pin id="469" dir="1" index="1" bw="63" slack="1"/>
</pin_list>
<bind>
<opset="r_V_13 "/>
</bind>
</comp>

</comp_list>

<net_list>
<net id="97"><net_src comp="18" pin="0"/><net_sink comp="94" pin=0"/></net>

<net id="101"><net_src comp="18" pin="0"/><net_sink comp="98" pin=0"/></net>

<net id="105"><net_src comp="18" pin="0"/><net_sink comp="102" pin=0"/></net>

<net id="110"><net_src comp="20" pin="0"/><net_sink comp="106" pin=0"/></net>

<net id="111"><net_src comp="12" pin="0"/><net_sink comp="106" pin=1"/></net>

<net id="116"><net_src comp="22" pin="0"/><net_sink comp="112" pin=0"/></net>

<net id="117"><net_src comp="6" pin="0"/><net_sink comp="112" pin=1"/></net>

<net id="122"><net_src comp="24" pin="0"/><net_sink comp="118" pin=0"/></net>

<net id="123"><net_src comp="4" pin="0"/><net_sink comp="118" pin=1"/></net>

<net id="128"><net_src comp="22" pin="0"/><net_sink comp="124" pin=0"/></net>

<net id="129"><net_src comp="2" pin="0"/><net_sink comp="124" pin=1"/></net>

<net id="134"><net_src comp="26" pin="0"/><net_sink comp="130" pin=0"/></net>

<net id="135"><net_src comp="0" pin="0"/><net_sink comp="130" pin=1"/></net>

<net id="141"><net_src comp="92" pin="0"/><net_sink comp="136" pin=0"/></net>

<net id="142"><net_src comp="14" pin="0"/><net_sink comp="136" pin=1"/></net>

<net id="148"><net_src comp="8" pin="0"/><net_sink comp="143" pin=0"/></net>

<net id="149"><net_src comp="54" pin="0"/><net_sink comp="143" pin=1"/></net>

<net id="155"><net_src comp="10" pin="0"/><net_sink comp="150" pin=0"/></net>

<net id="156"><net_src comp="54" pin="0"/><net_sink comp="150" pin=1"/></net>

<net id="162"><net_src comp="143" pin="3"/><net_sink comp="157" pin=0"/></net>

<net id="168"><net_src comp="150" pin="3"/><net_sink comp="163" pin=0"/></net>

<net id="174"><net_src comp="16" pin="0"/><net_sink comp="169" pin=0"/></net>

<net id="175"><net_src comp="54" pin="0"/><net_sink comp="169" pin=1"/></net>

<net id="181"><net_src comp="169" pin="3"/><net_sink comp="176" pin=0"/></net>

<net id="185"><net_src comp="130" pin="2"/><net_sink comp="182" pin=0"/></net>

<net id="190"><net_src comp="38" pin="0"/><net_sink comp="186" pin=0"/></net>

<net id="195"><net_src comp="182" pin="1"/><net_sink comp="191" pin=0"/></net>

<net id="200"><net_src comp="40" pin="0"/><net_sink comp="196" pin=0"/></net>

<net id="208"><net_src comp="201" pin="1"/><net_sink comp="204" pin=0"/></net>

<net id="209"><net_src comp="42" pin="0"/><net_sink comp="204" pin=1"/></net>

<net id="214"><net_src comp="201" pin="1"/><net_sink comp="210" pin=0"/></net>

<net id="215"><net_src comp="48" pin="0"/><net_sink comp="210" pin=1"/></net>

<net id="219"><net_src comp="201" pin="1"/><net_sink comp="216" pin=0"/></net>

<net id="224"><net_src comp="118" pin="2"/><net_sink comp="220" pin=0"/></net>

<net id="225"><net_src comp="216" pin="1"/><net_sink comp="220" pin=1"/></net>

<net id="232"><net_src comp="50" pin="0"/><net_sink comp="226" pin=0"/></net>

<net id="233"><net_src comp="220" pin="2"/><net_sink comp="226" pin=1"/></net>

<net id="234"><net_src comp="18" pin="0"/><net_sink comp="226" pin=2"/></net>

<net id="235"><net_src comp="52" pin="0"/><net_sink comp="226" pin=3"/></net>

<net id="239"><net_src comp="226" pin="4"/><net_sink comp="236" pin=0"/></net>

<net id="240"><net_src comp="236" pin="1"/><net_sink comp="143" pin=2"/></net>

<net id="241"><net_src comp="236" pin="1"/><net_sink comp="150" pin=2"/></net>

<net id="246"><net_src comp="210" pin="2"/><net_sink comp="242" pin=0"/></net>

<net id="254"><net_src comp="247" pin="1"/><net_sink comp="250" pin=1"/></net>

<net id="258"><net_src comp="250" pin="2"/><net_sink comp="255" pin=0"/></net>

<net id="259"><net_src comp="255" pin="1"/><net_sink comp="169" pin=2"/></net>

<net id="267"><net_src comp="247" pin="1"/><net_sink comp="263" pin=1"/></net>

<net id="272"><net_src comp="263" pin="2"/><net_sink comp="268" pin=0"/></net>

<net id="273"><net_src comp="56" pin="0"/><net_sink comp="268" pin=1"/></net>

<net id="278"><net_src comp="260" pin="1"/><net_sink comp="274" pin=0"/></net>

<net id="285"><net_src comp="58" pin="0"/><net_sink comp="279" pin=0"/></net>

<net id="286"><net_src comp="163" pin="3"/><net_sink comp="279" pin=1"/></net>

<net id="287"><net_src comp="157" pin="3"/><net_sink comp="279" pin=2"/></net>

<net id="288"><net_src comp="274" pin="2"/><net_sink comp="279" pin=3"/></net>

<net id="294"><net_src comp="268" pin="2"/><net_sink comp="289" pin=0"/></net>

<net id="295"><net_src comp="279" pin="4"/><net_sink comp="289" pin=1"/></net>

<net id="296"><net_src comp="40" pin="0"/><net_sink comp="289" pin=2"/></net>

<net id="302"><net_src comp="60" pin="0"/><net_sink comp="297" pin=0"/></net>

<net id="303"><net_src comp="62" pin="0"/><net_sink comp="297" pin=2"/></net>

<net id="309"><net_src comp="64" pin="0"/><net_sink comp="304" pin=0"/></net>

<net id="310"><net_src comp="176" pin="3"/><net_sink comp="304" pin=1"/></net>

<net id="311"><net_src comp="62" pin="0"/><net_sink comp="304" pin=2"/></net>

<net id="315"><net_src comp="297" pin="3"/><net_sink comp="312" pin=0"/></net>

<net id="319"><net_src comp="304" pin="3"/><net_sink comp="316" pin=0"/></net>

<net id="324"><net_src comp="316" pin="1"/><net_sink comp="320" pin=0"/></net>

<net id="325"><net_src comp="312" pin="1"/><net_sink comp="320" pin=1"/></net>

<net id="334"><net_src comp="74" pin="0"/><net_sink comp="329" pin=0"/></net>

<net id="335"><net_src comp="326" pin="1"/><net_sink comp="329" pin=1"/></net>

<net id="336"><net_src comp="76" pin="0"/><net_sink comp="329" pin=2"/></net>

<net id="346"><net_src comp="326" pin="1"/><net_sink comp="343" pin=0"/></net>

<net id="352"><net_src comp="78" pin="0"/><net_sink comp="347" pin=0"/></net>

<net id="353"><net_src comp="343" pin="1"/><net_sink comp="347" pin=1"/></net>

<net id="354"><net_src comp="76" pin="0"/><net_sink comp="347" pin=2"/></net>

<net id="359"><net_src comp="329" pin="3"/><net_sink comp="355" pin=0"/></net>

<net id="360"><net_src comp="337" pin="1"/><net_sink comp="355" pin=1"/></net>

<net id="365"><net_src comp="347" pin="3"/><net_sink comp="361" pin=0"/></net>

<net id="366"><net_src comp="340" pin="1"/><net_sink comp="361" pin=1"/></net>

<net id="373"><net_src comp="80" pin="0"/><net_sink comp="367" pin=0"/></net>

<net id="374"><net_src comp="355" pin="2"/><net_sink comp="367" pin=1"/></net>

<net id="375"><net_src comp="82" pin="0"/><net_sink comp="367" pin=2"/></net>

<net id="376"><net_src comp="84" pin="0"/><net_sink comp="367" pin=3"/></net>

<net id="383"><net_src comp="86" pin="0"/><net_sink comp="377" pin=0"/></net>

<net id="384"><net_src comp="361" pin="2"/><net_sink comp="377" pin=1"/></net>

<net id="385"><net_src comp="88" pin="0"/><net_sink comp="377" pin=2"/></net>

<net id="386"><net_src comp="90" pin="0"/><net_sink comp="377" pin=3"/></net>

<net id="391"><net_src comp="367" pin="4"/><net_sink comp="387" pin=0"/></net>

<net id="396"><net_src comp="377" pin="4"/><net_sink comp="392" pin=0"/></net>

<net id="400"><net_src comp="397" pin="1"/><net_sink comp="136" pin=2"/></net>

<net id="404"><net_src comp="94" pin="1"/><net_sink comp="401" pin=0"/></net>

<net id="405"><net_src comp="401" pin="1"/><net_sink comp="196" pin=1"/></net>

<net id="406"><net_src comp="401" pin="1"/><net_sink comp="392" pin=1"/></net>

<net id="407"><net_src comp="401" pin="1"/><net_sink comp="397" pin=0"/></net>

<net id="411"><net_src comp="98" pin="1"/><net_sink comp="408" pin=0"/></net>

<net id="412"><net_src comp="408" pin="1"/><net_sink comp="191" pin=1"/></net>

<net id="413"><net_src comp="408" pin="1"/><net_sink comp="326" pin=0"/></net>

<net id="414"><net_src comp="408" pin="1"/><net_sink comp="387" pin=1"/></net>

<net id="418"><net_src comp="102" pin="1"/><net_sink comp="415" pin=0"/></net>

<net id="419"><net_src comp="415" pin="1"/><net_sink comp="186" pin=1"/></net>

<net id="420"><net_src comp="415" pin="1"/><net_sink comp="201" pin=0"/></net>

<net id="421"><net_src comp="415" pin="1"/><net_sink comp="242" pin=1"/></net>

<net id="425"><net_src comp="106" pin="2"/><net_sink comp="422" pin=0"/></net>

<net id="426"><net_src comp="422" pin="1"/><net_sink comp="274" pin=1"/></net>

<net id="430"><net_src comp="112" pin="2"/><net_sink comp="427" pin=0"/></net>

<net id="431"><net_src comp="427" pin="1"/><net_sink comp="263" pin=0"/></net>

<net id="435"><net_src comp="124" pin="2"/><net_sink comp="432" pin=0"/></net>

<net id="436"><net_src comp="432" pin="1"/><net_sink comp="250" pin=0"/></net>

<net id="440"><net_src comp="201" pin="1"/><net_sink comp="437" pin=0"/></net>

<net id="441"><net_src comp="437" pin="1"/><net_sink comp="247" pin=0"/></net>

<net id="442"><net_src comp="437" pin="1"/><net_sink comp="260" pin=0"/></net>

<net id="446"><net_src comp="204" pin="2"/><net_sink comp="443" pin=0"/></net>

<net id="450"><net_src comp="143" pin="3"/><net_sink comp="447" pin=0"/></net>

<net id="451"><net_src comp="447" pin="1"/><net_sink comp="157" pin=0"/></net>

<net id="455"><net_src comp="150" pin="3"/><net_sink comp="452" pin=0"/></net>

<net id="456"><net_src comp="452" pin="1"/><net_sink comp="163" pin=0"/></net>

<net id="460"><net_src comp="169" pin="3"/><net_sink comp="457" pin=0"/></net>

<net id="461"><net_src comp="457" pin="1"/><net_sink comp="176" pin=0"/></net>

<net id="465"><net_src comp="289" pin="3"/><net_sink comp="462" pin=0"/></net>

<net id="466"><net_src comp="462" pin="1"/><net_sink comp="297" pin=1"/></net>

<net id="470"><net_src comp="320" pin="2"/><net_sink comp="467" pin=0"/></net>

<net id="471"><net_src comp="467" pin="1"/><net_sink comp="337" pin=0"/></net>

<net id="472"><net_src comp="467" pin="1"/><net_sink comp="340" pin=0"/></net>

</net_list>

</model> 
---------------- Datapath Model END ------------------

* FSMD analyzer results:
  - Output states:
	Port: x_V_out | {3 }
 - Input state : 
	Port: conv_layer01234_fused_Pipeline_L0_K : sext_ln77 | {1 }
	Port: conv_layer01234_fused_Pipeline_L0_K : phi_mul | {1 }
	Port: conv_layer01234_fused_Pipeline_L0_K : add_ln81 | {1 }
	Port: conv_layer01234_fused_Pipeline_L0_K : add_ln82_1 | {1 }
	Port: conv_layer01234_fused_Pipeline_L0_K : in_0 | {1 2 }
	Port: conv_layer01234_fused_Pipeline_L0_K : in_1 | {1 2 }
	Port: conv_layer01234_fused_Pipeline_L0_K : trunc_ln | {1 }
	Port: conv_layer01234_fused_Pipeline_L0_K : denoiser_w_L0_W_V | {2 3 }
  - Chain level:
	State 1
		store_ln0 : 1
		store_ln0 : 1
		store_ln0 : 1
		k_1 : 1
		icmp_ln79 : 2
		add_ln79 : 2
		br_ln79 : 3
		zext_ln79 : 2
		add_ln81_1 : 3
		lshr_ln3 : 4
		zext_ln82 : 5
		in_0_addr : 6
		in_1_addr : 6
		in_0_load : 7
		in_1_load : 7
		store_ln79 : 3
	State 2
		add_ln837 : 1
		zext_ln837_22 : 2
		denoiser_w_L0_W_V_addr : 3
		add_ln82 : 1
		icmp_ln82 : 2
		xor_ln82 : 1
		x_V_1 : 1
		select_ln82 : 2
		denoiser_w_L0_W_V_load : 4
	State 3
		shl_ln838_1 : 1
		sext_ln1270 : 1
		sext_ln1273 : 2
		r_V_13 : 3
		write_ln0 : 1
	State 4
		lhs_1 : 1
		trunc_ln1347 : 1
		trunc_ln1 : 2
		ret_V : 2
		add_ln1347_1 : 3
		acc_V : 3
		trunc_ln2 : 4
		store_ln79 : 4
		store_ln79 : 5


============================================================
+ Verbose Summary: Datapath Resource usage 
============================================================

* Functional unit list:
|----------|-----------------------------|---------|---------|---------|
| Operation|       Functional Unit       |   DSP   |    FF   |   LUT   |
|----------|-----------------------------|---------|---------|---------|
|          |       add_ln79_fu_210       |    0    |    0    |    6    |
|          |      add_ln81_1_fu_220      |    0    |    0    |    9    |
|    add   |       add_ln837_fu_250      |    0    |    0    |    10   |
|          |       add_ln82_fu_263       |    0    |    0    |    10   |
|          |         ret_V_fu_355        |    0    |    0    |    72   |
|          |     add_ln1347_1_fu_361     |    0    |    0    |    64   |
|----------|-----------------------------|---------|---------|---------|
|  select  |      select_ln82_fu_289     |    0    |    0    |    32   |
|----------|-----------------------------|---------|---------|---------|
|    mul   |        r_V_13_fu_320        |    2    |    0    |    29   |
|----------|-----------------------------|---------|---------|---------|
|    mux   |         x_V_1_fu_279        |    0    |    0    |    9    |
|----------|-----------------------------|---------|---------|---------|
|   icmp   |       icmp_ln79_fu_204      |    0    |    0    |    2    |
|          |       icmp_ln82_fu_268      |    0    |    0    |    5    |
|----------|-----------------------------|---------|---------|---------|
|    xor   |       xor_ln82_fu_274       |    0    |    0    |    1    |
|----------|-----------------------------|---------|---------|---------|
|          |  trunc_ln_read_read_fu_106  |    0    |    0    |    0    |
|          | add_ln82_1_read_read_fu_112 |    0    |    0    |    0    |
|   read   |  add_ln81_read_read_fu_118  |    0    |    0    |    0    |
|          |   phi_mul_read_read_fu_124  |    0    |    0    |    0    |
|          |  sext_ln77_read_read_fu_130 |    0    |    0    |    0    |
|----------|-----------------------------|---------|---------|---------|
|   write  |    write_ln0_write_fu_136   |    0    |    0    |    0    |
|----------|-----------------------------|---------|---------|---------|
|          |    sext_ln77_cast_fu_182    |    0    |    0    |    0    |
|          |      sext_ln1270_fu_312     |    0    |    0    |    0    |
|   sext   |      sext_ln1273_fu_316     |    0    |    0    |    0    |
|          |      sext_ln1347_fu_337     |    0    |    0    |    0    |
|          |     sext_ln1347_1_fu_340    |    0    |    0    |    0    |
|----------|-----------------------------|---------|---------|---------|
|          |       zext_ln79_fu_216      |    0    |    0    |    0    |
|   zext   |       zext_ln82_fu_236      |    0    |    0    |    0    |
|          |      zext_ln837_fu_247      |    0    |    0    |    0    |
|          |     zext_ln837_22_fu_255    |    0    |    0    |    0    |
|----------|-----------------------------|---------|---------|---------|
|          |       lshr_ln3_fu_226       |    0    |    0    |    0    |
|partselect|         acc_V_fu_367        |    0    |    0    |    0    |
|          |       trunc_ln2_fu_377      |    0    |    0    |    0    |
|----------|-----------------------------|---------|---------|---------|
|   trunc  |      trunc_ln81_fu_260      |    0    |    0    |    0    |
|          |     trunc_ln1347_fu_343     |    0    |    0    |    0    |
|----------|-----------------------------|---------|---------|---------|
|          |          r_V_fu_297         |    0    |    0    |    0    |
|bitconcatenate|      shl_ln838_1_fu_304     |    0    |    0    |    0    |
|          |         lhs_1_fu_329        |    0    |    0    |    0    |
|          |       trunc_ln1_fu_347      |    0    |    0    |    0    |
|----------|-----------------------------|---------|---------|---------|
|   Total  |                             |    2    |    0    |   249   |
|----------|-----------------------------|---------|---------|---------|

Memories:
N/A

* Register list:
+------------------------------+--------+
|                              |   FF   |
+------------------------------+--------+
|    add_ln82_1_read_reg_427   |   10   |
|denoiser_w_L0_W_V_addr_reg_457|   10   |
|       icmp_ln79_reg_443      |    1   |
|       in_0_addr_reg_447      |    8   |
|       in_1_addr_reg_452      |    8   |
|          k_1_reg_437         |    4   |
|           k_reg_415          |    4   |
|          lhs_reg_408         |   48   |
|     phi_mul_read_reg_432     |   10   |
|        r_V_13_reg_467        |   63   |
|      select_ln82_reg_462     |   32   |
|     trunc_ln_read_reg_422    |    1   |
|          x_V_reg_401         |   32   |
+------------------------------+--------+
|             Total            |   231  |
+------------------------------+--------+

* Multiplexer (MUX) list: 
|-------------------|------|------|------|--------||---------||---------|
|        Comp       |  Pin | Size |  BW  | S x BW ||  Delay  ||   LUT   |
|-------------------|------|------|------|--------||---------||---------|
| grp_access_fu_157 |  p0  |   2  |   8  |   16   ||    9    |
| grp_access_fu_163 |  p0  |   2  |   8  |   16   ||    9    |
| grp_access_fu_176 |  p0  |   2  |  10  |   20   ||    9    |
|-------------------|------|------|------|--------||---------||---------|
|       Total       |      |      |      |   52   ||  3.894  ||    27   |
|-------------------|------|------|------|--------||---------||---------|



* Summary:
+-----------+--------+--------+--------+--------+
|           |   DSP  |  Delay |   FF   |   LUT  |
+-----------+--------+--------+--------+--------+
|  Function |    2   |    -   |    0   |   249  |
|   Memory  |    -   |    -   |    -   |    -   |
|Multiplexer|    -   |    3   |    -   |   27   |
|  Register |    -   |    -   |   231  |    -   |
+-----------+--------+--------+--------+--------+
|   Total   |    2   |    3   |   231  |   276  |
+-----------+--------+--------+--------+--------+
