

================================================================
== Vitis HLS Report for 'ecg_denoiser_Pipeline_WRITE_OUTPUT'
================================================================
* Date:           Sat Apr  4 09:59:05 2026

* Version:        2022.2 (Build 3670227 on Oct 13 2022)
* Project:        ecg_denoiser_ip
* Solution:       solution1 (Vivado IP Flow Target)
* Product family: zynq
* Target device:  xc7z030-sbg485-2


================================================================
== Performance Estimates
================================================================
+ Timing: 
    * Summary: 
    +--------+----------+----------+------------+
    |  Clock |  Target  | Estimated| Uncertainty|
    +--------+----------+----------+------------+
    |ap_clk  |  13.00 ns|  2.926 ns|     3.51 ns|
    +--------+----------+----------+------------+

+ Latency: 
    * Summary: 
    +---------+---------+----------+----------+-----+-----+---------+
    |  Latency (cycles) |  Latency (absolute) |  Interval | Pipeline|
    |   min   |   max   |    min   |    max   | min | max |   Type  |
    +---------+---------+----------+----------+-----+-----+---------+
    |      362|      362|  4.706 us|  4.706 us|  362|  362|       no|
    +---------+---------+----------+----------+-----+-----+---------+

    + Detail: 
        * Instance: 
        N/A

        * Loop: 
        +----------------+---------+---------+----------+-----------+-----------+------+----------+
        |                |  Latency (cycles) | Iteration|  Initiation Interval  | Trip |          |
        |    Loop Name   |   min   |   max   |  Latency |  achieved |   target  | Count| Pipelined|
        +----------------+---------+---------+----------+-----------+-----------+------+----------+
        |- WRITE_OUTPUT  |      360|      360|         2|          1|          1|   360|       yes|
        +----------------+---------+---------+----------+-----------+-----------+------+----------+



================================================================
== Utilization Estimates
================================================================
* Summary: 
+-----------------+---------+-----+--------+-------+-----+
|       Name      | BRAM_18K| DSP |   FF   |  LUT  | URAM|
+-----------------+---------+-----+--------+-------+-----+
|DSP              |        -|    -|       -|      -|    -|
|Expression       |        -|    -|       0|     20|    -|
|FIFO             |        -|    -|       -|      -|    -|
|Instance         |        -|    -|       -|      -|    -|
|Memory           |        -|    -|       -|      -|    -|
|Multiplexer      |        -|    -|       -|     45|    -|
|Register         |        -|    -|      13|      -|    -|
+-----------------+---------+-----+--------+-------+-----+
|Total            |        0|    0|      13|     65|    0|
+-----------------+---------+-----+--------+-------+-----+
|Available        |      530|  400|  157200|  78600|    0|
+-----------------+---------+-----+--------+-------+-----+
|Utilization (%)  |        0|    0|      ~0|     ~0|    0|
+-----------------+---------+-----+--------+-------+-----+

+ Detail: 
    * Instance: 
    N/A

    * DSP: 
    N/A

    * Memory: 
    N/A

    * FIFO: 
    N/A

    * Expression: 
    +---------------------------+----------+----+---+----+------------+------------+
    |       Variable Name       | Operation| DSP| FF| LUT| Bitwidth P0| Bitwidth P1|
    +---------------------------+----------+----+---+----+------------+------------+
    |add_ln280_fu_122_p2        |         +|   0|  0|   9|           9|           1|
    |ap_block_pp0_stage0_01001  |       and|   0|  0|   1|           1|           1|
    |icmp_ln280_fu_116_p2       |      icmp|   0|  0|   4|           9|           9|
    |pkt_last_V_fu_133_p2       |      icmp|   0|  0|   4|           9|           9|
    |ap_enable_pp0              |       xor|   0|  0|   2|           1|           2|
    +---------------------------+----------+----+---+----+------------+------------+
    |Total                      |          |   0|  0|  20|          29|          22|
    +---------------------------+----------+----+---+----+------------+------------+

    * Multiplexer: 
    +-------------------------+----+-----------+-----+-----------+
    |           Name          | LUT| Input Size| Bits| Total Bits|
    +-------------------------+----+-----------+-----+-----------+
    |ap_done_int              |   9|          2|    1|          2|
    |ap_enable_reg_pp0_iter1  |   9|          2|    1|          2|
    |ap_sig_allocacmp_t_3     |   9|          2|    9|         18|
    |out_stream_TDATA_blk_n   |   9|          2|    1|          2|
    |t_fu_60                  |   9|          2|    9|         18|
    +-------------------------+----+-----------+-----+-----------+
    |Total                    |  45|         10|   21|         42|
    +-------------------------+----+-----------+-----+-----------+

    * Register: 
    +-------------------------+---+----+-----+-----------+
    |           Name          | FF| LUT| Bits| Const Bits|
    +-------------------------+---+----+-----+-----------+
    |ap_CS_fsm                |  1|   0|    1|          0|
    |ap_done_reg              |  1|   0|    1|          0|
    |ap_enable_reg_pp0_iter1  |  1|   0|    1|          0|
    |pkt_last_V_reg_159       |  1|   0|    1|          0|
    |t_fu_60                  |  9|   0|    9|          0|
    +-------------------------+---+----+-----+-----------+
    |Total                    | 13|   0|   13|          0|
    +-------------------------+---+----+-----+-----------+



================================================================
== Interface
================================================================
* Summary: 
+-------------------+-----+-----+------------+------------------------------------+--------------+
|     RTL Ports     | Dir | Bits|  Protocol  |            Source Object           |    C Type    |
+-------------------+-----+-----+------------+------------------------------------+--------------+
|ap_clk             |   in|    1|  ap_ctrl_hs|  ecg_denoiser_Pipeline_WRITE_OUTPUT|  return value|
|ap_rst             |   in|    1|  ap_ctrl_hs|  ecg_denoiser_Pipeline_WRITE_OUTPUT|  return value|
|ap_start           |   in|    1|  ap_ctrl_hs|  ecg_denoiser_Pipeline_WRITE_OUTPUT|  return value|
|ap_done            |  out|    1|  ap_ctrl_hs|  ecg_denoiser_Pipeline_WRITE_OUTPUT|  return value|
|ap_idle            |  out|    1|  ap_ctrl_hs|  ecg_denoiser_Pipeline_WRITE_OUTPUT|  return value|
|ap_ready           |  out|    1|  ap_ctrl_hs|  ecg_denoiser_Pipeline_WRITE_OUTPUT|  return value|
|out_stream_TREADY  |   in|    1|        axis|                 out_stream_V_data_V|       pointer|
|out_stream_TDATA   |  out|   32|        axis|                 out_stream_V_data_V|       pointer|
|buf41210_address0  |  out|    9|   ap_memory|                            buf41210|         array|
|buf41210_ce0       |  out|    1|   ap_memory|                            buf41210|         array|
|buf41210_q0        |   in|   32|   ap_memory|                            buf41210|         array|
|out_stream_TVALID  |  out|    1|        axis|                 out_stream_V_dest_V|       pointer|
|out_stream_TDEST   |  out|    1|        axis|                 out_stream_V_dest_V|       pointer|
|out_stream_TKEEP   |  out|    4|        axis|                 out_stream_V_keep_V|       pointer|
|out_stream_TSTRB   |  out|    4|        axis|                 out_stream_V_strb_V|       pointer|
|out_stream_TUSER   |  out|    1|        axis|                 out_stream_V_user_V|       pointer|
|out_stream_TLAST   |  out|    1|        axis|                 out_stream_V_last_V|       pointer|
|out_stream_TID     |  out|    1|        axis|                   out_stream_V_id_V|       pointer|
+-------------------+-----+-----+------------+------------------------------------+--------------+

============================================================
+ Verbose Summary: Synthesis Manager
============================================================
InlineROM: 1
ExposeGlobal: 0
============================================================
+ Verbose Summary: CDFG Model
============================================================
IsTopModel: 0
ResetActiveHigh: 1
IsCombinational: 2
IsDatapathOnly: 2
HasWiredReturn: 1
HasMFsm: 2
HasVarLatency: 1
IsPipeline: 0
IsRtlPipelined: 0
IsInstanceOverlapped: 0
IsDontTouch: 0
HasImplIP: 0
IsGatedGlobalClock: 0

+ Individual pipeline summary: 
  * Pipeline-0: initiation interval (II) = 1, depth = 2


============================================================
+ Verbose Summary: Schedule
============================================================
* Number of FSM states : 2
* Pipeline : 1
  Pipeline-0 : II = 1, D = 2, States = { 1 2 }
* Dataflow Pipeline: 0

* FSM state transitions: 
1 --> 2 
2 --> 

* FSM state operations: 

State 1 <SV = 0> <Delay = 2.92>
ST_1 : Operation 5 [1/1] (0.00ns)   --->   "%t = alloca i32 1"   --->   Operation 5 'alloca' 't' <Predicate = true> <Delay = 0.00>
ST_1 : Operation 6 [1/1] (0.00ns)   --->   "%specaxissidechannel_ln0 = specaxissidechannel void @_ssdm_op_SpecAXISSideChannel, i32 %out_stream_V_data_V, i4 %out_stream_V_keep_V, i4 %out_stream_V_strb_V, i1 %out_stream_V_user_V, i1 %out_stream_V_last_V, i1 %out_stream_V_id_V, i1 %out_stream_V_dest_V, void @empty_2"   --->   Operation 6 'specaxissidechannel' 'specaxissidechannel_ln0' <Predicate = true> <Delay = 0.00>
ST_1 : Operation 7 [1/1] (0.00ns)   --->   "%specinterface_ln0 = specinterface void @_ssdm_op_SpecInterface, i1 %out_stream_V_dest_V, i1 %out_stream_V_id_V, i1 %out_stream_V_last_V, i1 %out_stream_V_user_V, i4 %out_stream_V_strb_V, i4 %out_stream_V_keep_V, i32 %out_stream_V_data_V, void @empty, i32 0, i32 0, void @empty_0, i32 0, i32 0, void @empty_1, void @empty_1, void @empty_1, i32 0, i32 0, i32 0, i32 0, void @empty_1, void @empty_1, i32 4294967295, i32 0"   --->   Operation 7 'specinterface' 'specinterface_ln0' <Predicate = true> <Delay = 0.00>
ST_1 : Operation 8 [1/1] (1.29ns)   --->   "%store_ln0 = store i9 0, i9 %t"   --->   Operation 8 'store' 'store_ln0' <Predicate = true> <Delay = 1.29>
ST_1 : Operation 9 [1/1] (0.00ns)   --->   "%br_ln0 = br void %for.inc100"   --->   Operation 9 'br' 'br_ln0' <Predicate = true> <Delay = 0.00>
ST_1 : Operation 10 [1/1] (0.00ns)   --->   "%t_3 = load i9 %t" [src/ecg_denoiser.cpp:280]   --->   Operation 10 'load' 't_3' <Predicate = true> <Delay = 0.00>
ST_1 : Operation 11 [1/1] (1.62ns)   --->   "%icmp_ln280 = icmp_eq  i9 %t_3, i9 360" [src/ecg_denoiser.cpp:280]   --->   Operation 11 'icmp' 'icmp_ln280' <Predicate = true> <Delay = 1.62> <CoreInst = "Cmp">   --->   Core 9 'Cmp' <Latency = 0> <II = 1> <Delay = 1.62> <FuncUnit> <Opcode : 'icmp'> <InPorts = 2> <OutPorts = 1>
ST_1 : Operation 12 [1/1] (0.00ns)   --->   "%empty = speclooptripcount i32 @_ssdm_op_SpecLoopTripCount, i64 360, i64 360, i64 360"   --->   Operation 12 'speclooptripcount' 'empty' <Predicate = true> <Delay = 0.00>
ST_1 : Operation 13 [1/1] (1.36ns)   --->   "%add_ln280 = add i9 %t_3, i9 1" [src/ecg_denoiser.cpp:280]   --->   Operation 13 'add' 'add_ln280' <Predicate = true> <Delay = 1.36> <CoreInst = "Adder">   --->   Core 1 'Adder' <Latency = 0> <II = 1> <Delay = 1.36> <FuncUnit> <Opcode : 'add' 'sub'> <InPorts = 2> <OutPorts = 1>
ST_1 : Operation 14 [1/1] (0.00ns)   --->   "%br_ln280 = br i1 %icmp_ln280, void %for.inc100.split, void %for.end102.exitStub" [src/ecg_denoiser.cpp:280]   --->   Operation 14 'br' 'br_ln280' <Predicate = true> <Delay = 0.00>
ST_1 : Operation 15 [1/1] (0.00ns)   --->   "%zext_ln280 = zext i9 %t_3" [src/ecg_denoiser.cpp:280]   --->   Operation 15 'zext' 'zext_ln280' <Predicate = (!icmp_ln280)> <Delay = 0.00>
ST_1 : Operation 16 [1/1] (0.00ns)   --->   "%buf41210_addr = getelementptr i32 %buf41210, i64 0, i64 %zext_ln280" [src/ecg_denoiser.cpp:284]   --->   Operation 16 'getelementptr' 'buf41210_addr' <Predicate = (!icmp_ln280)> <Delay = 0.00>
ST_1 : Operation 17 [2/2] (2.77ns)   --->   "%p_Val2_s = load i9 %buf41210_addr"   --->   Operation 17 'load' 'p_Val2_s' <Predicate = (!icmp_ln280)> <Delay = 2.77> <CoreInst = "RAM">   --->   Core 82 'RAM' <Latency = 1> <II = 1> <Delay = 2.77> <Storage> <Opcode : 'load' 'store'> <Ports = 2> <Width = 32> <Depth = 360> <RAM>
ST_1 : Operation 18 [1/1] (1.62ns)   --->   "%pkt_last_V = icmp_eq  i9 %t_3, i9 359" [src/ecg_denoiser.cpp:291]   --->   Operation 18 'icmp' 'pkt_last_V' <Predicate = (!icmp_ln280)> <Delay = 1.62> <CoreInst = "Cmp">   --->   Core 9 'Cmp' <Latency = 0> <II = 1> <Delay = 1.62> <FuncUnit> <Opcode : 'icmp'> <InPorts = 2> <OutPorts = 1>
ST_1 : Operation 19 [1/1] (1.29ns)   --->   "%store_ln280 = store i9 %add_ln280, i9 %t" [src/ecg_denoiser.cpp:280]   --->   Operation 19 'store' 'store_ln280' <Predicate = (!icmp_ln280)> <Delay = 1.29>
ST_1 : Operation 25 [1/1] (0.00ns)   --->   "%ret_ln0 = ret"   --->   Operation 25 'ret' 'ret_ln0' <Predicate = (icmp_ln280)> <Delay = 0.00>

State 2 <SV = 1> <Delay = 2.77>
ST_2 : Operation 20 [1/1] (0.00ns)   --->   "%specpipeline_ln281 = specpipeline void @_ssdm_op_SpecPipeline, i32 1, i32 0, i32 0, i32 0, void @empty_1" [src/ecg_denoiser.cpp:281]   --->   Operation 20 'specpipeline' 'specpipeline_ln281' <Predicate = true> <Delay = 0.00>
ST_2 : Operation 21 [1/1] (0.00ns)   --->   "%specloopname_ln280 = specloopname void @_ssdm_op_SpecLoopName, void @empty_12" [src/ecg_denoiser.cpp:280]   --->   Operation 21 'specloopname' 'specloopname_ln280' <Predicate = true> <Delay = 0.00>
ST_2 : Operation 22 [1/2] (2.77ns)   --->   "%p_Val2_s = load i9 %buf41210_addr"   --->   Operation 22 'load' 'p_Val2_s' <Predicate = true> <Delay = 2.77> <CoreInst = "RAM">   --->   Core 82 'RAM' <Latency = 1> <II = 1> <Delay = 2.77> <Storage> <Opcode : 'load' 'store'> <Ports = 2> <Width = 32> <Depth = 360> <RAM>
ST_2 : Operation 23 [1/1] (0.00ns)   --->   "%write_ln258 = write void @_ssdm_op_Write.axis.volatile.i32P0A.i4P0A.i4P0A.i1P0A.i1P0A.i1P0A.i1P0A, i32 %out_stream_V_data_V, i4 %out_stream_V_keep_V, i4 %out_stream_V_strb_V, i1 %out_stream_V_user_V, i1 %out_stream_V_last_V, i1 %out_stream_V_id_V, i1 %out_stream_V_dest_V, i32 %p_Val2_s, i4 15, i4 15, i1 0, i1 %pkt_last_V, i1 0, i1 0"   --->   Operation 23 'write' 'write_ln258' <Predicate = true> <Delay = 0.00> <CoreInst = "axis">   --->   Core 115 'axis' <Latency = 0> <II = 1> <Delay = 1.00> <Adapter> <Opcode : >
ST_2 : Operation 24 [1/1] (0.00ns)   --->   "%br_ln280 = br void %for.inc100" [src/ecg_denoiser.cpp:280]   --->   Operation 24 'br' 'br_ln280' <Predicate = true> <Delay = 0.00>


============================================================
+ Verbose Summary: Binding
============================================================
STG Binding: 
---------------- STG Properties BEGIN ----------------
- Is combinational: 0
- Is one-state seq: 0
- Is datapath-only: 0
- Is pipelined: 0
- Is top level: 0
Port [ Return ] is wired: 1; IO mode=ap_ctrl_hs:ce=0
Port [ buf41210]:  wired=1; compound=1; hidden=0; nouse=0; global=0; static=0; extern=0; dir=0; type=1; pingpong=0; private_global=0; MemPort=[13]; IO mode=ap_memory:ce=0
Port [ out_stream_V_data_V]:  wired=1; compound=1; hidden=0; nouse=0; global=0; static=0; extern=0; dir=1; type=0; pingpong=0; private_global=0; IO mode=axis:ce=0
Port [ out_stream_V_keep_V]:  wired=1; compound=1; hidden=0; nouse=0; global=0; static=0; extern=0; dir=1; type=0; pingpong=0; private_global=0; IO mode=axis:ce=0
Port [ out_stream_V_strb_V]:  wired=1; compound=1; hidden=0; nouse=0; global=0; static=0; extern=0; dir=1; type=0; pingpong=0; private_global=0; IO mode=axis:ce=0
Port [ out_stream_V_user_V]:  wired=1; compound=1; hidden=0; nouse=0; global=0; static=0; extern=0; dir=1; type=0; pingpong=0; private_global=0; IO mode=axis:ce=0
Port [ out_stream_V_last_V]:  wired=1; compound=1; hidden=0; nouse=0; global=0; static=0; extern=0; dir=1; type=0; pingpong=0; private_global=0; IO mode=axis:ce=0
Port [ out_stream_V_id_V]:  wired=1; compound=1; hidden=0; nouse=0; global=0; static=0; extern=0; dir=1; type=0; pingpong=0; private_global=0; IO mode=axis:ce=0
Port [ out_stream_V_dest_V]:  wired=1; compound=1; hidden=0; nouse=0; global=0; static=0; extern=0; dir=1; type=0; pingpong=0; private_global=0; IO mode=axis:ce=0
---------------- STG Properties END ------------------

---------------- Datapath Model BEGIN ----------------

<LifeTime>
<method=bitvector/>
t                       (alloca             ) [ 010]
specaxissidechannel_ln0 (specaxissidechannel) [ 000]
specinterface_ln0       (specinterface      ) [ 000]
store_ln0               (store              ) [ 000]
br_ln0                  (br                 ) [ 000]
t_3                     (load               ) [ 000]
icmp_ln280              (icmp               ) [ 010]
empty                   (speclooptripcount  ) [ 000]
add_ln280               (add                ) [ 000]
br_ln280                (br                 ) [ 000]
zext_ln280              (zext               ) [ 000]
buf41210_addr           (getelementptr      ) [ 011]
pkt_last_V              (icmp               ) [ 011]
store_ln280             (store              ) [ 000]
specpipeline_ln281      (specpipeline       ) [ 000]
specloopname_ln280      (specloopname       ) [ 000]
p_Val2_s                (load               ) [ 000]
write_ln258             (write              ) [ 000]
br_ln280                (br                 ) [ 000]
ret_ln0                 (ret                ) [ 000]
</LifeTime>

<model>

<comp_list>
<comp id="0" class="1000" name="buf41210">
<pin_list>
<pin id="1" dir="1" index="0" bw="1" slack="0"/>
</pin_list>
<bind>
<StgValue><ssdm name="buf41210"/><MemPortTyVec>1 3 </MemPortTyVec>
</StgValue>
</bind>
</comp>

<comp id="2" class="1000" name="out_stream_V_data_V">
<pin_list>
<pin id="3" dir="1" index="0" bw="1" slack="0"/>
</pin_list>
<bind>
<StgValue><ssdm name="out_stream_V_data_V"/></StgValue>
</bind>
</comp>

<comp id="4" class="1000" name="out_stream_V_keep_V">
<pin_list>
<pin id="5" dir="1" index="0" bw="1" slack="0"/>
</pin_list>
<bind>
<StgValue><ssdm name="out_stream_V_keep_V"/></StgValue>
</bind>
</comp>

<comp id="6" class="1000" name="out_stream_V_strb_V">
<pin_list>
<pin id="7" dir="1" index="0" bw="1" slack="0"/>
</pin_list>
<bind>
<StgValue><ssdm name="out_stream_V_strb_V"/></StgValue>
</bind>
</comp>

<comp id="8" class="1000" name="out_stream_V_user_V">
<pin_list>
<pin id="9" dir="1" index="0" bw="1" slack="0"/>
</pin_list>
<bind>
<StgValue><ssdm name="out_stream_V_user_V"/></StgValue>
</bind>
</comp>

<comp id="10" class="1000" name="out_stream_V_last_V">
<pin_list>
<pin id="11" dir="1" index="0" bw="1" slack="0"/>
</pin_list>
<bind>
<StgValue><ssdm name="out_stream_V_last_V"/></StgValue>
</bind>
</comp>

<comp id="12" class="1000" name="out_stream_V_id_V">
<pin_list>
<pin id="13" dir="1" index="0" bw="1" slack="0"/>
</pin_list>
<bind>
<StgValue><ssdm name="out_stream_V_id_V"/></StgValue>
</bind>
</comp>

<comp id="14" class="1000" name="out_stream_V_dest_V">
<pin_list>
<pin id="15" dir="1" index="0" bw="1" slack="0"/>
</pin_list>
<bind>
<StgValue><ssdm name="out_stream_V_dest_V"/></StgValue>
</bind>
</comp>

<comp id="16" class="1001" name="const_16">
<pin_list>
<pin id="17" dir="1" index="0" bw="1" slack="0"/>
</pin_list>
<bind>
<StgValue><ssdm name=""/></StgValue>
</bind>
</comp>

<comp id="18" class="1001" name="const_18">
<pin_list>
<pin id="19" dir="1" index="0" bw="1" slack="2147483647"/>
</pin_list>
<bind>
<StgValue><ssdm name="_ssdm_op_SpecAXISSideChannel"/></StgValue>
</bind>
</comp>

<comp id="20" class="1001" name="const_20">
<pin_list>
<pin id="21" dir="1" index="0" bw="1" slack="2147483647"/>
</pin_list>
<bind>
<StgValue><ssdm name="empty_2"/></StgValue>
</bind>
</comp>

<comp id="22" class="1001" name="const_22">
<pin_list>
<pin id="23" dir="1" index="0" bw="1" slack="2147483647"/>
</pin_list>
<bind>
<StgValue><ssdm name="_ssdm_op_SpecInterface"/></StgValue>
</bind>
</comp>

<comp id="24" class="1001" name="const_24">
<pin_list>
<pin id="25" dir="1" index="0" bw="1" slack="2147483647"/>
</pin_list>
<bind>
<StgValue><ssdm name="empty"/></StgValue>
</bind>
</comp>

<comp id="26" class="1001" name="const_26">
<pin_list>
<pin id="27" dir="1" index="0" bw="1" slack="2147483647"/>
</pin_list>
<bind>
<StgValue><ssdm name=""/></StgValue>
</bind>
</comp>

<comp id="28" class="1001" name="const_28">
<pin_list>
<pin id="29" dir="1" index="0" bw="1" slack="2147483647"/>
</pin_list>
<bind>
<StgValue><ssdm name="empty_0"/></StgValue>
</bind>
</comp>

<comp id="30" class="1001" name="const_30">
<pin_list>
<pin id="31" dir="1" index="0" bw="1" slack="2147483647"/>
</pin_list>
<bind>
<StgValue><ssdm name="empty_1"/></StgValue>
</bind>
</comp>

<comp id="32" class="1001" name="const_32">
<pin_list>
<pin id="33" dir="1" index="0" bw="1" slack="2147483647"/>
</pin_list>
<bind>
<StgValue><ssdm name=""/></StgValue>
</bind>
</comp>

<comp id="34" class="1001" name="const_34">
<pin_list>
<pin id="35" dir="1" index="0" bw="1" slack="0"/>
</pin_list>
<bind>
<StgValue><ssdm name=""/></StgValue>
</bind>
</comp>

<comp id="36" class="1001" name="const_36">
<pin_list>
<pin id="37" dir="1" index="0" bw="1" slack="0"/>
</pin_list>
<bind>
<StgValue><ssdm name=""/></StgValue>
</bind>
</comp>

<comp id="38" class="1001" name="const_38">
<pin_list>
<pin id="39" dir="1" index="0" bw="1" slack="2147483647"/>
</pin_list>
<bind>
<StgValue><ssdm name="_ssdm_op_SpecLoopTripCount"/></StgValue>
</bind>
</comp>

<comp id="40" class="1001" name="const_40">
<pin_list>
<pin id="41" dir="1" index="0" bw="1" slack="2147483647"/>
</pin_list>
<bind>
<StgValue><ssdm name=""/></StgValue>
</bind>
</comp>

<comp id="42" class="1001" name="const_42">
<pin_list>
<pin id="43" dir="1" index="0" bw="1" slack="0"/>
</pin_list>
<bind>
<StgValue><ssdm name=""/></StgValue>
</bind>
</comp>

<comp id="44" class="1001" name="const_44">
<pin_list>
<pin id="45" dir="1" index="0" bw="1" slack="0"/>
</pin_list>
<bind>
<StgValue><ssdm name=""/></StgValue>
</bind>
</comp>

<comp id="46" class="1001" name="const_46">
<pin_list>
<pin id="47" dir="1" index="0" bw="1" slack="0"/>
</pin_list>
<bind>
<StgValue><ssdm name=""/></StgValue>
</bind>
</comp>

<comp id="48" class="1001" name="const_48">
<pin_list>
<pin id="49" dir="1" index="0" bw="1" slack="2147483647"/>
</pin_list>
<bind>
<StgValue><ssdm name="_ssdm_op_SpecPipeline"/></StgValue>
</bind>
</comp>

<comp id="50" class="1001" name="const_50">
<pin_list>
<pin id="51" dir="1" index="0" bw="1" slack="2147483647"/>
</pin_list>
<bind>
<StgValue><ssdm name="_ssdm_op_SpecLoopName"/></StgValue>
</bind>
</comp>

<comp id="52" class="1001" name="const_52">
<pin_list>
<pin id="53" dir="1" index="0" bw="1" slack="2147483647"/>
</pin_list>
<bind>
<StgValue><ssdm name="empty_12"/></StgValue>
</bind>
</comp>

<comp id="54" class="1001" name="const_54">
<pin_list>
<pin id="55" dir="1" index="0" bw="1" slack="0"/>
</pin_list>
<bind>
<StgValue><ssdm name="_ssdm_op_Write.axis.volatile.i32P0A.i4P0A.i4P0A.i1P0A.i1P0A.i1P0A.i1P0A"/></StgValue>
</bind>
</comp>

<comp id="56" class="1001" name="const_56">
<pin_list>
<pin id="57" dir="1" index="0" bw="1" slack="0"/>
</pin_list>
<bind>
<StgValue><ssdm name=""/></StgValue>
</bind>
</comp>

<comp id="58" class="1001" name="const_58">
<pin_list>
<pin id="59" dir="1" index="0" bw="1" slack="0"/>
</pin_list>
<bind>
<StgValue><ssdm name=""/></StgValue>
</bind>
</comp>

<comp id="60" class="1004" name="t_fu_60">
<pin_list>
<pin id="61" dir="0" index="0" bw="1" slack="0"/>
<pin id="62" dir="1" index="1" bw="9" slack="0"/>
</pin_list>
<bind>
<opcode="alloca(26) " fcode="alloca"/>
<opset="t/1 "/>
</bind>
</comp>

<comp id="64" class="1004" name="write_ln258_write_fu_64">
<pin_list>
<pin id="65" dir="0" index="0" bw="0" slack="0"/>
<pin id="66" dir="0" index="1" bw="32" slack="0"/>
<pin id="67" dir="0" index="2" bw="4" slack="0"/>
<pin id="68" dir="0" index="3" bw="4" slack="0"/>
<pin id="69" dir="0" index="4" bw="1" slack="0"/>
<pin id="70" dir="0" index="5" bw="1" slack="0"/>
<pin id="71" dir="0" index="6" bw="1" slack="0"/>
<pin id="72" dir="0" index="7" bw="1" slack="0"/>
<pin id="73" dir="0" index="8" bw="32" slack="0"/>
<pin id="74" dir="0" index="9" bw="1" slack="0"/>
<pin id="75" dir="0" index="10" bw="1" slack="0"/>
<pin id="76" dir="0" index="11" bw="1" slack="0"/>
<pin id="77" dir="0" index="12" bw="1" slack="1"/>
<pin id="78" dir="0" index="13" bw="1" slack="0"/>
<pin id="79" dir="0" index="14" bw="1" slack="0"/>
<pin id="80" dir="1" index="15" bw="0" slack="2147483647"/>
</pin_list>
<bind>
<opcode="write(1151) " fcode="write"/>
<opset="write_ln258/2 "/>
</bind>
</comp>

<comp id="94" class="1004" name="buf41210_addr_gep_fu_94">
<pin_list>
<pin id="95" dir="0" index="0" bw="32" slack="0"/>
<pin id="96" dir="0" index="1" bw="1" slack="0"/>
<pin id="97" dir="0" index="2" bw="9" slack="0"/>
<pin id="98" dir="1" index="3" bw="9" slack="0"/>
</pin_list>
<bind>
<opcode="getelementptr(29) " fcode="getelementptr"/>
<opset="buf41210_addr/1 "/>
</bind>
</comp>

<comp id="101" class="1004" name="grp_access_fu_101">
<pin_list>
<pin id="102" dir="0" index="0" bw="9" slack="0"/>
<pin id="103" dir="0" index="1" bw="32" slack="2147483647"/>
<pin id="104" dir="0" index="2" bw="0" slack="2147483647"/>
<pin id="105" dir="1" index="3" bw="32" slack="0"/>
</pin_list>
<bind>
<opcode="load(27) " fcode="load"/>
<opset="p_Val2_s/1 "/>
</bind>
</comp>

<comp id="108" class="1004" name="store_ln0_store_fu_108">
<pin_list>
<pin id="109" dir="0" index="0" bw="1" slack="0"/>
<pin id="110" dir="0" index="1" bw="9" slack="0"/>
<pin id="111" dir="1" index="2" bw="0" slack="2147483647"/>
</pin_list>
<bind>
<opcode="store(28) " fcode="store"/>
<opset="store_ln0/1 "/>
</bind>
</comp>

<comp id="113" class="1004" name="t_3_load_fu_113">
<pin_list>
<pin id="114" dir="0" index="0" bw="9" slack="0"/>
<pin id="115" dir="1" index="1" bw="9" slack="0"/>
</pin_list>
<bind>
<opcode="load(27) " fcode="load"/>
<opset="t_3/1 "/>
</bind>
</comp>

<comp id="116" class="1004" name="icmp_ln280_fu_116">
<pin_list>
<pin id="117" dir="0" index="0" bw="9" slack="0"/>
<pin id="118" dir="0" index="1" bw="9" slack="0"/>
<pin id="119" dir="1" index="2" bw="1" slack="2147483647"/>
</pin_list>
<bind>
<opcode="icmp(45) " fcode="icmp"/>
<opset="icmp_ln280/1 "/>
</bind>
</comp>

<comp id="122" class="1004" name="add_ln280_fu_122">
<pin_list>
<pin id="123" dir="0" index="0" bw="9" slack="0"/>
<pin id="124" dir="0" index="1" bw="1" slack="0"/>
<pin id="125" dir="1" index="2" bw="9" slack="0"/>
</pin_list>
<bind>
<opcode="add(8) " fcode="add"/>
<opset="add_ln280/1 "/>
</bind>
</comp>

<comp id="128" class="1004" name="zext_ln280_fu_128">
<pin_list>
<pin id="129" dir="0" index="0" bw="9" slack="0"/>
<pin id="130" dir="1" index="1" bw="64" slack="0"/>
</pin_list>
<bind>
<opcode="zext(34) " fcode="zext"/>
<opset="zext_ln280/1 "/>
</bind>
</comp>

<comp id="133" class="1004" name="pkt_last_V_fu_133">
<pin_list>
<pin id="134" dir="0" index="0" bw="9" slack="0"/>
<pin id="135" dir="0" index="1" bw="9" slack="0"/>
<pin id="136" dir="1" index="2" bw="1" slack="1"/>
</pin_list>
<bind>
<opcode="icmp(45) " fcode="icmp"/>
<opset="pkt_last_V/1 "/>
</bind>
</comp>

<comp id="139" class="1004" name="store_ln280_store_fu_139">
<pin_list>
<pin id="140" dir="0" index="0" bw="9" slack="0"/>
<pin id="141" dir="0" index="1" bw="9" slack="0"/>
<pin id="142" dir="1" index="2" bw="0" slack="2147483647"/>
</pin_list>
<bind>
<opcode="store(28) " fcode="store"/>
<opset="store_ln280/1 "/>
</bind>
</comp>

<comp id="144" class="1005" name="t_reg_144">
<pin_list>
<pin id="145" dir="0" index="0" bw="9" slack="0"/>
<pin id="146" dir="1" index="1" bw="9" slack="0"/>
</pin_list>
<bind>
<opset="t "/>
</bind>
</comp>

<comp id="154" class="1005" name="buf41210_addr_reg_154">
<pin_list>
<pin id="155" dir="0" index="0" bw="9" slack="1"/>
<pin id="156" dir="1" index="1" bw="9" slack="1"/>
</pin_list>
<bind>
<opset="buf41210_addr "/>
</bind>
</comp>

<comp id="159" class="1005" name="pkt_last_V_reg_159">
<pin_list>
<pin id="160" dir="0" index="0" bw="1" slack="1"/>
<pin id="161" dir="1" index="1" bw="1" slack="1"/>
</pin_list>
<bind>
<opset="pkt_last_V "/>
</bind>
</comp>

</comp_list>

<net_list>
<net id="63"><net_src comp="16" pin="0"/><net_sink comp="60" pin=0"/></net>

<net id="81"><net_src comp="54" pin="0"/><net_sink comp="64" pin=0"/></net>

<net id="82"><net_src comp="2" pin="0"/><net_sink comp="64" pin=1"/></net>

<net id="83"><net_src comp="4" pin="0"/><net_sink comp="64" pin=2"/></net>

<net id="84"><net_src comp="6" pin="0"/><net_sink comp="64" pin=3"/></net>

<net id="85"><net_src comp="8" pin="0"/><net_sink comp="64" pin=4"/></net>

<net id="86"><net_src comp="10" pin="0"/><net_sink comp="64" pin=5"/></net>

<net id="87"><net_src comp="12" pin="0"/><net_sink comp="64" pin=6"/></net>

<net id="88"><net_src comp="14" pin="0"/><net_sink comp="64" pin=7"/></net>

<net id="89"><net_src comp="56" pin="0"/><net_sink comp="64" pin=9"/></net>

<net id="90"><net_src comp="56" pin="0"/><net_sink comp="64" pin=10"/></net>

<net id="91"><net_src comp="58" pin="0"/><net_sink comp="64" pin=11"/></net>

<net id="92"><net_src comp="58" pin="0"/><net_sink comp="64" pin=13"/></net>

<net id="93"><net_src comp="58" pin="0"/><net_sink comp="64" pin=14"/></net>

<net id="99"><net_src comp="0" pin="0"/><net_sink comp="94" pin=0"/></net>

<net id="100"><net_src comp="44" pin="0"/><net_sink comp="94" pin=1"/></net>

<net id="106"><net_src comp="101" pin="3"/><net_sink comp="64" pin=8"/></net>

<net id="107"><net_src comp="94" pin="3"/><net_sink comp="101" pin=0"/></net>

<net id="112"><net_src comp="34" pin="0"/><net_sink comp="108" pin=0"/></net>

<net id="120"><net_src comp="113" pin="1"/><net_sink comp="116" pin=0"/></net>

<net id="121"><net_src comp="36" pin="0"/><net_sink comp="116" pin=1"/></net>

<net id="126"><net_src comp="113" pin="1"/><net_sink comp="122" pin=0"/></net>

<net id="127"><net_src comp="42" pin="0"/><net_sink comp="122" pin=1"/></net>

<net id="131"><net_src comp="113" pin="1"/><net_sink comp="128" pin=0"/></net>

<net id="132"><net_src comp="128" pin="1"/><net_sink comp="94" pin=2"/></net>

<net id="137"><net_src comp="113" pin="1"/><net_sink comp="133" pin=0"/></net>

<net id="138"><net_src comp="46" pin="0"/><net_sink comp="133" pin=1"/></net>

<net id="143"><net_src comp="122" pin="2"/><net_sink comp="139" pin=0"/></net>

<net id="147"><net_src comp="60" pin="1"/><net_sink comp="144" pin=0"/></net>

<net id="148"><net_src comp="144" pin="1"/><net_sink comp="108" pin=1"/></net>

<net id="149"><net_src comp="144" pin="1"/><net_sink comp="113" pin=0"/></net>

<net id="150"><net_src comp="144" pin="1"/><net_sink comp="139" pin=1"/></net>

<net id="157"><net_src comp="94" pin="3"/><net_sink comp="154" pin=0"/></net>

<net id="158"><net_src comp="154" pin="1"/><net_sink comp="101" pin=0"/></net>

<net id="162"><net_src comp="133" pin="2"/><net_sink comp="159" pin=0"/></net>

<net id="163"><net_src comp="159" pin="1"/><net_sink comp="64" pin=12"/></net>

</net_list>

</model> 
---------------- Datapath Model END ------------------

* FSMD analyzer results:
  - Output states:
	Port: out_stream_V_data_V | {2 }
	Port: out_stream_V_keep_V | {2 }
	Port: out_stream_V_strb_V | {2 }
	Port: out_stream_V_user_V | {2 }
	Port: out_stream_V_last_V | {2 }
	Port: out_stream_V_id_V | {2 }
	Port: out_stream_V_dest_V | {2 }
 - Input state : 
	Port: ecg_denoiser_Pipeline_WRITE_OUTPUT : buf41210 | {1 2 }
	Port: ecg_denoiser_Pipeline_WRITE_OUTPUT : out_stream_V_data_V | {}
	Port: ecg_denoiser_Pipeline_WRITE_OUTPUT : out_stream_V_keep_V | {}
	Port: ecg_denoiser_Pipeline_WRITE_OUTPUT : out_stream_V_strb_V | {}
	Port: ecg_denoiser_Pipeline_WRITE_OUTPUT : out_stream_V_user_V | {}
	Port: ecg_denoiser_Pipeline_WRITE_OUTPUT : out_stream_V_last_V | {}
	Port: ecg_denoiser_Pipeline_WRITE_OUTPUT : out_stream_V_id_V | {}
	Port: ecg_denoiser_Pipeline_WRITE_OUTPUT : out_stream_V_dest_V | {}
  - Chain level:
	State 1
		store_ln0 : 1
		t_3 : 1
		icmp_ln280 : 2
		add_ln280 : 2
		br_ln280 : 3
		zext_ln280 : 2
		buf41210_addr : 3
		p_Val2_s : 4
		pkt_last_V : 2
		store_ln280 : 3
	State 2
		write_ln258 : 1


============================================================
+ Verbose Summary: Datapath Resource usage 
============================================================

* Functional unit list:
|----------|-------------------------|---------|---------|
| Operation|     Functional Unit     |    FF   |   LUT   |
|----------|-------------------------|---------|---------|
|    add   |     add_ln280_fu_122    |    0    |    9    |
|----------|-------------------------|---------|---------|
|   icmp   |    icmp_ln280_fu_116    |    0    |    4    |
|          |    pkt_last_V_fu_133    |    0    |    4    |
|----------|-------------------------|---------|---------|
|   write  | write_ln258_write_fu_64 |    0    |    0    |
|----------|-------------------------|---------|---------|
|   zext   |    zext_ln280_fu_128    |    0    |    0    |
|----------|-------------------------|---------|---------|
|   Total  |                         |    0    |    17   |
|----------|-------------------------|---------|---------|

Memories:
N/A

* Register list:
+---------------------+--------+
|                     |   FF   |
+---------------------+--------+
|buf41210_addr_reg_154|    9   |
|  pkt_last_V_reg_159 |    1   |
|      t_reg_144      |    9   |
+---------------------+--------+
|        Total        |   19   |
+---------------------+--------+

* Multiplexer (MUX) list: 
|-------------------|------|------|------|--------||---------||---------|
|        Comp       |  Pin | Size |  BW  | S x BW ||  Delay  ||   LUT   |
|-------------------|------|------|------|--------||---------||---------|
| grp_access_fu_101 |  p0  |   2  |   9  |   18   ||    9    |
|-------------------|------|------|------|--------||---------||---------|
|       Total       |      |      |      |   18   ||  1.298  ||    9    |
|-------------------|------|------|------|--------||---------||---------|



* Summary:
+-----------+--------+--------+--------+
|           |  Delay |   FF   |   LUT  |
+-----------+--------+--------+--------+
|  Function |    -   |    0   |   17   |
|   Memory  |    -   |    -   |    -   |
|Multiplexer|    1   |    -   |    9   |
|  Register |    -   |   19   |    -   |
+-----------+--------+--------+--------+
|   Total   |    1   |   19   |   26   |
+-----------+--------+--------+--------+
