

================================================================
== Vitis HLS Report for 'ecg_denoiser_Pipeline_ZNORM_MEAN'
================================================================
* Date:           Sat Apr  4 09:58:33 2026

* Version:        2022.2 (Build 3670227 on Oct 13 2022)
* Project:        ecg_denoiser_ip
* Solution:       solution1 (Vivado IP Flow Target)
* Product family: zynq
* Target device:  xc7z030-sbg485-2


================================================================
== Performance Estimates
================================================================
+ Timing: 
    * Summary: 
    +--------+----------+----------+------------+
    |  Clock |  Target  | Estimated| Uncertainty|
    +--------+----------+----------+------------+
    |ap_clk  |  13.00 ns|  6.648 ns|     3.51 ns|
    +--------+----------+----------+------------+

+ Latency: 
    * Summary: 
    +---------+---------+----------+----------+-----+-----+---------+
    |  Latency (cycles) |  Latency (absolute) |  Interval | Pipeline|
    |   min   |   max   |    min   |    max   | min | max |   Type  |
    +---------+---------+----------+----------+-----+-----+---------+
    |      362|      362|  4.706 us|  4.706 us|  362|  362|       no|
    +---------+---------+----------+----------+-----+-----+---------+

    + Detail: 
        * Instance: 
        N/A

        * Loop: 
        +--------------+---------+---------+----------+-----------+-----------+------+----------+
        |              |  Latency (cycles) | Iteration|  Initiation Interval  | Trip |          |
        |   Loop Name  |   min   |   max   |  Latency |  achieved |   target  | Count| Pipelined|
        +--------------+---------+---------+----------+-----------+-----------+------+----------+
        |- ZNORM_MEAN  |      360|      360|         2|          1|          1|   360|       yes|
        +--------------+---------+---------+----------+-----------+-----------+------+----------+

============================================================
+ Verbose Summary: Synthesis Manager
============================================================
InlineROM: 1
ExposeGlobal: 0
============================================================
+ Verbose Summary: CDFG Model
============================================================
IsTopModel: 0
ResetActiveHigh: 1
IsCombinational: 0
IsDatapathOnly: 0
HasWiredReturn: 1
HasMFsm: 2
HasVarLatency: 1
IsPipeline: 0
IsRtlPipelined: 0
IsInstanceOverlapped: 0
IsDontTouch: 0
HasImplIP: 0
IsGatedGlobalClock: 0

+ Individual pipeline summary: 
  * Pipeline-0: initiation interval (II) = 1, depth = 2


============================================================
+ Verbose Summary: Schedule
============================================================
* Number of FSM states : 2
* Pipeline : 1
  Pipeline-0 : II = 1, D = 2, States = { 1 2 }
* Dataflow Pipeline: 0

* FSM state transitions: 
1 --> 2 
2 --> 

* FSM state operations: 

State 1 <SV = 0> <Delay = 2.92>
ST_1 : Operation 5 [1/1] (0.00ns)   --->   "%mean_acc_V = alloca i32 1"   --->   Operation 5 'alloca' 'mean_acc_V' <Predicate = true> <Delay = 0.00>
ST_1 : Operation 6 [1/1] (0.00ns)   --->   "%t_1 = alloca i32 1"   --->   Operation 6 'alloca' 't_1' <Predicate = true> <Delay = 0.00>
ST_1 : Operation 7 [1/1] (0.00ns)   --->   "%specmemcore_ln0 = specmemcore void @_ssdm_op_SpecMemCore, i32 %input_buf_V, i64 666, i64 19, i64 18446744073709551615"   --->   Operation 7 'specmemcore' 'specmemcore_ln0' <Predicate = true> <Delay = 0.00>
ST_1 : Operation 8 [1/1] (0.00ns)   --->   "%specmemcore_ln0 = specmemcore void @_ssdm_op_SpecMemCore, i32 %input_buf_V_1, i64 666, i64 19, i64 18446744073709551615"   --->   Operation 8 'specmemcore' 'specmemcore_ln0' <Predicate = true> <Delay = 0.00>
ST_1 : Operation 9 [1/1] (1.29ns)   --->   "%store_ln0 = store i9 0, i9 %t_1"   --->   Operation 9 'store' 'store_ln0' <Predicate = true> <Delay = 1.29>
ST_1 : Operation 10 [1/1] (1.29ns)   --->   "%store_ln0 = store i48 0, i48 %mean_acc_V"   --->   Operation 10 'store' 'store_ln0' <Predicate = true> <Delay = 1.29>
ST_1 : Operation 11 [1/1] (0.00ns)   --->   "%br_ln0 = br void %for.body27"   --->   Operation 11 'br' 'br_ln0' <Predicate = true> <Delay = 0.00>
ST_1 : Operation 12 [1/1] (0.00ns)   --->   "%t = load i9 %t_1"   --->   Operation 12 'load' 't' <Predicate = true> <Delay = 0.00>
ST_1 : Operation 13 [1/1] (1.62ns)   --->   "%icmp_ln252 = icmp_eq  i9 %t, i9 360" [src/ecg_denoiser.cpp:252]   --->   Operation 13 'icmp' 'icmp_ln252' <Predicate = true> <Delay = 1.62> <CoreInst = "Cmp">   --->   Core 9 'Cmp' <Latency = 0> <II = 1> <Delay = 1.62> <FuncUnit> <Opcode : 'icmp'> <InPorts = 2> <OutPorts = 1>
ST_1 : Operation 14 [1/1] (0.00ns)   --->   "%empty = speclooptripcount i32 @_ssdm_op_SpecLoopTripCount, i64 360, i64 360, i64 360"   --->   Operation 14 'speclooptripcount' 'empty' <Predicate = true> <Delay = 0.00>
ST_1 : Operation 15 [1/1] (1.36ns)   --->   "%add_ln252 = add i9 %t, i9 1" [src/ecg_denoiser.cpp:252]   --->   Operation 15 'add' 'add_ln252' <Predicate = true> <Delay = 1.36> <CoreInst = "Adder">   --->   Core 1 'Adder' <Latency = 0> <II = 1> <Delay = 1.36> <FuncUnit> <Opcode : 'add' 'sub'> <InPorts = 2> <OutPorts = 1>
ST_1 : Operation 16 [1/1] (0.00ns)   --->   "%br_ln252 = br i1 %icmp_ln252, void %for.body27.split, void %for.end34.exitStub" [src/ecg_denoiser.cpp:252]   --->   Operation 16 'br' 'br_ln252' <Predicate = true> <Delay = 0.00>
ST_1 : Operation 17 [1/1] (0.00ns)   --->   "%lshr_ln1 = partselect i8 @_ssdm_op_PartSelect.i8.i9.i32.i32, i9 %t, i32 1, i32 8"   --->   Operation 17 'partselect' 'lshr_ln1' <Predicate = (!icmp_ln252)> <Delay = 0.00>
ST_1 : Operation 18 [1/1] (0.00ns)   --->   "%zext_ln837 = zext i8 %lshr_ln1"   --->   Operation 18 'zext' 'zext_ln837' <Predicate = (!icmp_ln252)> <Delay = 0.00>
ST_1 : Operation 19 [1/1] (0.00ns)   --->   "%input_buf_V_addr = getelementptr i32 %input_buf_V, i64 0, i64 %zext_ln837"   --->   Operation 19 'getelementptr' 'input_buf_V_addr' <Predicate = (!icmp_ln252)> <Delay = 0.00>
ST_1 : Operation 20 [1/1] (0.00ns)   --->   "%input_buf_V_1_addr = getelementptr i32 %input_buf_V_1, i64 0, i64 %zext_ln837"   --->   Operation 20 'getelementptr' 'input_buf_V_1_addr' <Predicate = (!icmp_ln252)> <Delay = 0.00>
ST_1 : Operation 21 [1/1] (0.00ns)   --->   "%trunc_ln837 = trunc i9 %t"   --->   Operation 21 'trunc' 'trunc_ln837' <Predicate = (!icmp_ln252)> <Delay = 0.00>
ST_1 : Operation 22 [2/2] (1.75ns)   --->   "%input_buf_V_load = load i8 %input_buf_V_addr"   --->   Operation 22 'load' 'input_buf_V_load' <Predicate = (!icmp_ln252)> <Delay = 1.75> <CoreInst = "RAM_1P_LUTRAM">   --->   Core 87 'RAM_1P_LUTRAM' <Latency = 1> <II = 1> <Delay = 1.75> <Storage> <Opcode : 'load' 'store'> <Ports = 1> <Width = 32> <Depth = 180> <RAM>
ST_1 : Operation 23 [2/2] (1.75ns)   --->   "%input_buf_V_1_load = load i8 %input_buf_V_1_addr"   --->   Operation 23 'load' 'input_buf_V_1_load' <Predicate = (!icmp_ln252)> <Delay = 1.75> <CoreInst = "RAM_1P_LUTRAM">   --->   Core 87 'RAM_1P_LUTRAM' <Latency = 1> <II = 1> <Delay = 1.75> <Storage> <Opcode : 'load' 'store'> <Ports = 1> <Width = 32> <Depth = 180> <RAM>
ST_1 : Operation 24 [1/1] (1.29ns)   --->   "%store_ln252 = store i9 %add_ln252, i9 %t_1" [src/ecg_denoiser.cpp:252]   --->   Operation 24 'store' 'store_ln252' <Predicate = (!icmp_ln252)> <Delay = 1.29>
ST_1 : Operation 36 [1/1] (0.00ns)   --->   "%mean_acc_V_load_1 = load i48 %mean_acc_V"   --->   Operation 36 'load' 'mean_acc_V_load_1' <Predicate = (icmp_ln252)> <Delay = 0.00>
ST_1 : Operation 37 [1/1] (0.00ns)   --->   "%write_ln0 = write void @_ssdm_op_Write.ap_auto.i48P0A, i48 %mean_acc_V_out, i48 %mean_acc_V_load_1"   --->   Operation 37 'write' 'write_ln0' <Predicate = (icmp_ln252)> <Delay = 0.00>
ST_1 : Operation 38 [1/1] (0.00ns)   --->   "%ret_ln0 = ret"   --->   Operation 38 'ret' 'ret_ln0' <Predicate = (icmp_ln252)> <Delay = 0.00>

State 2 <SV = 1> <Delay = 6.64>
ST_2 : Operation 25 [1/1] (0.00ns)   --->   "%mean_acc_V_load = load i48 %mean_acc_V"   --->   Operation 25 'load' 'mean_acc_V_load' <Predicate = true> <Delay = 0.00>
ST_2 : Operation 26 [1/1] (0.00ns)   --->   "%specpipeline_ln253 = specpipeline void @_ssdm_op_SpecPipeline, i32 1, i32 0, i32 0, i32 0, void @empty_1" [src/ecg_denoiser.cpp:253]   --->   Operation 26 'specpipeline' 'specpipeline_ln253' <Predicate = true> <Delay = 0.00>
ST_2 : Operation 27 [1/1] (0.00ns)   --->   "%specloopname_ln250 = specloopname void @_ssdm_op_SpecLoopName, void @empty_3" [src/ecg_denoiser.cpp:250]   --->   Operation 27 'specloopname' 'specloopname_ln250' <Predicate = true> <Delay = 0.00>
ST_2 : Operation 28 [1/2] (1.75ns)   --->   "%input_buf_V_load = load i8 %input_buf_V_addr"   --->   Operation 28 'load' 'input_buf_V_load' <Predicate = true> <Delay = 1.75> <CoreInst = "RAM_1P_LUTRAM">   --->   Core 87 'RAM_1P_LUTRAM' <Latency = 1> <II = 1> <Delay = 1.75> <Storage> <Opcode : 'load' 'store'> <Ports = 1> <Width = 32> <Depth = 180> <RAM>
ST_2 : Operation 29 [1/2] (1.75ns)   --->   "%input_buf_V_1_load = load i8 %input_buf_V_1_addr"   --->   Operation 29 'load' 'input_buf_V_1_load' <Predicate = true> <Delay = 1.75> <CoreInst = "RAM_1P_LUTRAM">   --->   Core 87 'RAM_1P_LUTRAM' <Latency = 1> <II = 1> <Delay = 1.75> <Storage> <Opcode : 'load' 'store'> <Ports = 1> <Width = 32> <Depth = 180> <RAM>
ST_2 : Operation 30 [1/1] (1.29ns)   --->   "%tmp_1 = mux i32 @_ssdm_op_Mux.ap_auto.2i32.i1, i32 %input_buf_V_load, i32 %input_buf_V_1_load, i1 %trunc_ln837"   --->   Operation 30 'mux' 'tmp_1' <Predicate = true> <Delay = 1.29> <CoreInst = "Multiplexer">   --->   Core 76 'Multiplexer' <Latency = 0> <II = 1> <Delay = 1.29> <FuncUnit> <Opcode : 'mux'> <InPorts = 2> <OutPorts = 1>
ST_2 : Operation 31 [1/1] (0.00ns)   --->   "%shl_ln838_1 = bitconcatenate i40 @_ssdm_op_BitConcatenate.i40.i32.i8, i32 %tmp_1, i8 0"   --->   Operation 31 'bitconcatenate' 'shl_ln838_1' <Predicate = true> <Delay = 0.00>
ST_2 : Operation 32 [1/1] (0.00ns)   --->   "%sext_ln813 = sext i40 %shl_ln838_1"   --->   Operation 32 'sext' 'sext_ln813' <Predicate = true> <Delay = 0.00>
ST_2 : Operation 33 [1/1] (2.29ns)   --->   "%mean_acc_V_1 = add i48 %sext_ln813, i48 %mean_acc_V_load"   --->   Operation 33 'add' 'mean_acc_V_1' <Predicate = true> <Delay = 2.29> <CoreInst = "Adder">   --->   Core 1 'Adder' <Latency = 0> <II = 1> <Delay = 2.29> <FuncUnit> <Opcode : 'add' 'sub'> <InPorts = 2> <OutPorts = 1>
ST_2 : Operation 34 [1/1] (1.29ns)   --->   "%store_ln252 = store i48 %mean_acc_V_1, i48 %mean_acc_V" [src/ecg_denoiser.cpp:252]   --->   Operation 34 'store' 'store_ln252' <Predicate = true> <Delay = 1.29>
ST_2 : Operation 35 [1/1] (0.00ns)   --->   "%br_ln252 = br void %for.body27" [src/ecg_denoiser.cpp:252]   --->   Operation 35 'br' 'br_ln252' <Predicate = true> <Delay = 0.00>


============================================================
+ Verbose Summary: Binding
============================================================
STG Binding: 
---------------- STG Properties BEGIN ----------------
- Is combinational: 0
- Is one-state seq: 0
- Is datapath-only: 0
- Is pipelined: 0
- Is top level: 0
Port [ Return ] is wired: 1; IO mode=ap_ctrl_hs:ce=0
Port [ input_buf_V]:  wired=1; compound=1; hidden=0; nouse=0; global=0; static=0; extern=0; dir=0; type=1; pingpong=0; private_global=0; MemPort=[1]; IO mode=ap_memory:ce=0
Port [ input_buf_V_1]:  wired=1; compound=1; hidden=0; nouse=0; global=0; static=0; extern=0; dir=0; type=1; pingpong=0; private_global=0; MemPort=[1]; IO mode=ap_memory:ce=0
Port [ mean_acc_V_out]:  wired=1; compound=0; hidden=0; nouse=0; global=0; static=0; extern=0; dir=1; type=0; pingpong=0; private_global=0; IO mode=ap_vld:ce=0
---------------- STG Properties END ------------------

---------------- Datapath Model BEGIN ----------------

<LifeTime>
<method=bitvector/>
mean_acc_V         (alloca           ) [ 011]
t_1                (alloca           ) [ 010]
specmemcore_ln0    (specmemcore      ) [ 000]
specmemcore_ln0    (specmemcore      ) [ 000]
store_ln0          (store            ) [ 000]
store_ln0          (store            ) [ 000]
br_ln0             (br               ) [ 000]
t                  (load             ) [ 000]
icmp_ln252         (icmp             ) [ 010]
empty              (speclooptripcount) [ 000]
add_ln252          (add              ) [ 000]
br_ln252           (br               ) [ 000]
lshr_ln1           (partselect       ) [ 000]
zext_ln837         (zext             ) [ 000]
input_buf_V_addr   (getelementptr    ) [ 011]
input_buf_V_1_addr (getelementptr    ) [ 011]
trunc_ln837        (trunc            ) [ 011]
store_ln252        (store            ) [ 000]
mean_acc_V_load    (load             ) [ 000]
specpipeline_ln253 (specpipeline     ) [ 000]
specloopname_ln250 (specloopname     ) [ 000]
input_buf_V_load   (load             ) [ 000]
input_buf_V_1_load (load             ) [ 000]
tmp_1              (mux              ) [ 000]
shl_ln838_1        (bitconcatenate   ) [ 000]
sext_ln813         (sext             ) [ 000]
mean_acc_V_1       (add              ) [ 000]
store_ln252        (store            ) [ 000]
br_ln252           (br               ) [ 000]
mean_acc_V_load_1  (load             ) [ 000]
write_ln0          (write            ) [ 000]
ret_ln0            (ret              ) [ 000]
</LifeTime>

<model>

<comp_list>
<comp id="0" class="1000" name="input_buf_V">
<pin_list>
<pin id="1" dir="1" index="0" bw="1" slack="0"/>
</pin_list>
<bind>
<StgValue><ssdm name="input_buf_V"/><MemPortTyVec>1 </MemPortTyVec>
</StgValue>
</bind>
</comp>

<comp id="2" class="1000" name="input_buf_V_1">
<pin_list>
<pin id="3" dir="1" index="0" bw="1" slack="0"/>
</pin_list>
<bind>
<StgValue><ssdm name="input_buf_V_1"/><MemPortTyVec>1 </MemPortTyVec>
</StgValue>
</bind>
</comp>

<comp id="4" class="1000" name="mean_acc_V_out">
<pin_list>
<pin id="5" dir="1" index="0" bw="1" slack="0"/>
</pin_list>
<bind>
<StgValue><ssdm name="mean_acc_V_out"/></StgValue>
</bind>
</comp>

<comp id="6" class="1001" name="const_6">
<pin_list>
<pin id="7" dir="1" index="0" bw="1" slack="0"/>
</pin_list>
<bind>
<StgValue><ssdm name=""/></StgValue>
</bind>
</comp>

<comp id="8" class="1001" name="const_8">
<pin_list>
<pin id="9" dir="1" index="0" bw="1" slack="2147483647"/>
</pin_list>
<bind>
<StgValue><ssdm name="_ssdm_op_SpecMemCore"/></StgValue>
</bind>
</comp>

<comp id="10" class="1001" name="const_10">
<pin_list>
<pin id="11" dir="1" index="0" bw="1" slack="2147483647"/>
</pin_list>
<bind>
<StgValue><ssdm name=""/></StgValue>
</bind>
</comp>

<comp id="12" class="1001" name="const_12">
<pin_list>
<pin id="13" dir="1" index="0" bw="1" slack="2147483647"/>
</pin_list>
<bind>
<StgValue><ssdm name=""/></StgValue>
</bind>
</comp>

<comp id="14" class="1001" name="const_14">
<pin_list>
<pin id="15" dir="1" index="0" bw="1" slack="2147483647"/>
</pin_list>
<bind>
<StgValue><ssdm name=""/></StgValue>
</bind>
</comp>

<comp id="16" class="1001" name="const_16">
<pin_list>
<pin id="17" dir="1" index="0" bw="1" slack="0"/>
</pin_list>
<bind>
<StgValue><ssdm name=""/></StgValue>
</bind>
</comp>

<comp id="18" class="1001" name="const_18">
<pin_list>
<pin id="19" dir="1" index="0" bw="1" slack="0"/>
</pin_list>
<bind>
<StgValue><ssdm name=""/></StgValue>
</bind>
</comp>

<comp id="20" class="1001" name="const_20">
<pin_list>
<pin id="21" dir="1" index="0" bw="1" slack="0"/>
</pin_list>
<bind>
<StgValue><ssdm name=""/></StgValue>
</bind>
</comp>

<comp id="22" class="1001" name="const_22">
<pin_list>
<pin id="23" dir="1" index="0" bw="1" slack="2147483647"/>
</pin_list>
<bind>
<StgValue><ssdm name="_ssdm_op_SpecLoopTripCount"/></StgValue>
</bind>
</comp>

<comp id="24" class="1001" name="const_24">
<pin_list>
<pin id="25" dir="1" index="0" bw="1" slack="2147483647"/>
</pin_list>
<bind>
<StgValue><ssdm name=""/></StgValue>
</bind>
</comp>

<comp id="26" class="1001" name="const_26">
<pin_list>
<pin id="27" dir="1" index="0" bw="1" slack="0"/>
</pin_list>
<bind>
<StgValue><ssdm name=""/></StgValue>
</bind>
</comp>

<comp id="28" class="1001" name="const_28">
<pin_list>
<pin id="29" dir="1" index="0" bw="1" slack="0"/>
</pin_list>
<bind>
<StgValue><ssdm name="_ssdm_op_PartSelect.i8.i9.i32.i32"/></StgValue>
</bind>
</comp>

<comp id="30" class="1001" name="const_30">
<pin_list>
<pin id="31" dir="1" index="0" bw="1" slack="0"/>
</pin_list>
<bind>
<StgValue><ssdm name=""/></StgValue>
</bind>
</comp>

<comp id="32" class="1001" name="const_32">
<pin_list>
<pin id="33" dir="1" index="0" bw="1" slack="0"/>
</pin_list>
<bind>
<StgValue><ssdm name=""/></StgValue>
</bind>
</comp>

<comp id="34" class="1001" name="const_34">
<pin_list>
<pin id="35" dir="1" index="0" bw="1" slack="2147483647"/>
</pin_list>
<bind>
<StgValue><ssdm name="_ssdm_op_SpecPipeline"/></StgValue>
</bind>
</comp>

<comp id="36" class="1001" name="const_36">
<pin_list>
<pin id="37" dir="1" index="0" bw="1" slack="2147483647"/>
</pin_list>
<bind>
<StgValue><ssdm name=""/></StgValue>
</bind>
</comp>

<comp id="38" class="1001" name="const_38">
<pin_list>
<pin id="39" dir="1" index="0" bw="1" slack="2147483647"/>
</pin_list>
<bind>
<StgValue><ssdm name="empty_1"/></StgValue>
</bind>
</comp>

<comp id="40" class="1001" name="const_40">
<pin_list>
<pin id="41" dir="1" index="0" bw="1" slack="2147483647"/>
</pin_list>
<bind>
<StgValue><ssdm name="_ssdm_op_SpecLoopName"/></StgValue>
</bind>
</comp>

<comp id="42" class="1001" name="const_42">
<pin_list>
<pin id="43" dir="1" index="0" bw="1" slack="2147483647"/>
</pin_list>
<bind>
<StgValue><ssdm name="empty_3"/></StgValue>
</bind>
</comp>

<comp id="44" class="1001" name="const_44">
<pin_list>
<pin id="45" dir="1" index="0" bw="1" slack="0"/>
</pin_list>
<bind>
<StgValue><ssdm name="_ssdm_op_Mux.ap_auto.2i32.i1"/></StgValue>
</bind>
</comp>

<comp id="46" class="1001" name="const_46">
<pin_list>
<pin id="47" dir="1" index="0" bw="1" slack="0"/>
</pin_list>
<bind>
<StgValue><ssdm name="_ssdm_op_BitConcatenate.i40.i32.i8"/></StgValue>
</bind>
</comp>

<comp id="48" class="1001" name="const_48">
<pin_list>
<pin id="49" dir="1" index="0" bw="1" slack="0"/>
</pin_list>
<bind>
<StgValue><ssdm name=""/></StgValue>
</bind>
</comp>

<comp id="50" class="1001" name="const_50">
<pin_list>
<pin id="51" dir="1" index="0" bw="1" slack="0"/>
</pin_list>
<bind>
<StgValue><ssdm name="_ssdm_op_Write.ap_auto.i48P0A"/></StgValue>
</bind>
</comp>

<comp id="52" class="1004" name="mean_acc_V_fu_52">
<pin_list>
<pin id="53" dir="0" index="0" bw="1" slack="0"/>
<pin id="54" dir="1" index="1" bw="48" slack="0"/>
</pin_list>
<bind>
<opcode="alloca(26) " fcode="alloca"/>
<opset="mean_acc_V/1 "/>
</bind>
</comp>

<comp id="56" class="1004" name="t_1_fu_56">
<pin_list>
<pin id="57" dir="0" index="0" bw="1" slack="0"/>
<pin id="58" dir="1" index="1" bw="9" slack="0"/>
</pin_list>
<bind>
<opcode="alloca(26) " fcode="alloca"/>
<opset="t_1/1 "/>
</bind>
</comp>

<comp id="60" class="1004" name="write_ln0_write_fu_60">
<pin_list>
<pin id="61" dir="0" index="0" bw="0" slack="0"/>
<pin id="62" dir="0" index="1" bw="48" slack="0"/>
<pin id="63" dir="0" index="2" bw="48" slack="0"/>
<pin id="64" dir="1" index="3" bw="0" slack="2147483647"/>
</pin_list>
<bind>
<opcode="write(1151) " fcode="write"/>
<opset="write_ln0/1 "/>
</bind>
</comp>

<comp id="67" class="1004" name="input_buf_V_addr_gep_fu_67">
<pin_list>
<pin id="68" dir="0" index="0" bw="32" slack="0"/>
<pin id="69" dir="0" index="1" bw="1" slack="0"/>
<pin id="70" dir="0" index="2" bw="8" slack="0"/>
<pin id="71" dir="1" index="3" bw="8" slack="0"/>
</pin_list>
<bind>
<opcode="getelementptr(29) " fcode="getelementptr"/>
<opset="input_buf_V_addr/1 "/>
</bind>
</comp>

<comp id="74" class="1004" name="input_buf_V_1_addr_gep_fu_74">
<pin_list>
<pin id="75" dir="0" index="0" bw="32" slack="0"/>
<pin id="76" dir="0" index="1" bw="1" slack="0"/>
<pin id="77" dir="0" index="2" bw="8" slack="0"/>
<pin id="78" dir="1" index="3" bw="8" slack="0"/>
</pin_list>
<bind>
<opcode="getelementptr(29) " fcode="getelementptr"/>
<opset="input_buf_V_1_addr/1 "/>
</bind>
</comp>

<comp id="81" class="1004" name="grp_access_fu_81">
<pin_list>
<pin id="82" dir="0" index="0" bw="8" slack="0"/>
<pin id="83" dir="0" index="1" bw="32" slack="2147483647"/>
<pin id="84" dir="0" index="2" bw="0" slack="2147483647"/>
<pin id="85" dir="1" index="3" bw="32" slack="0"/>
</pin_list>
<bind>
<opcode="load(27) " fcode="load"/>
<opset="input_buf_V_load/1 "/>
</bind>
</comp>

<comp id="87" class="1004" name="grp_access_fu_87">
<pin_list>
<pin id="88" dir="0" index="0" bw="8" slack="0"/>
<pin id="89" dir="0" index="1" bw="32" slack="2147483647"/>
<pin id="90" dir="0" index="2" bw="0" slack="2147483647"/>
<pin id="91" dir="1" index="3" bw="32" slack="0"/>
</pin_list>
<bind>
<opcode="load(27) " fcode="load"/>
<opset="input_buf_V_1_load/1 "/>
</bind>
</comp>

<comp id="93" class="1004" name="store_ln0_store_fu_93">
<pin_list>
<pin id="94" dir="0" index="0" bw="1" slack="0"/>
<pin id="95" dir="0" index="1" bw="9" slack="0"/>
<pin id="96" dir="1" index="2" bw="0" slack="2147483647"/>
</pin_list>
<bind>
<opcode="store(28) " fcode="store"/>
<opset="store_ln0/1 "/>
</bind>
</comp>

<comp id="98" class="1004" name="store_ln0_store_fu_98">
<pin_list>
<pin id="99" dir="0" index="0" bw="1" slack="0"/>
<pin id="100" dir="0" index="1" bw="48" slack="0"/>
<pin id="101" dir="1" index="2" bw="0" slack="2147483647"/>
</pin_list>
<bind>
<opcode="store(28) " fcode="store"/>
<opset="store_ln0/1 "/>
</bind>
</comp>

<comp id="103" class="1004" name="t_load_fu_103">
<pin_list>
<pin id="104" dir="0" index="0" bw="9" slack="0"/>
<pin id="105" dir="1" index="1" bw="9" slack="0"/>
</pin_list>
<bind>
<opcode="load(27) " fcode="load"/>
<opset="t/1 "/>
</bind>
</comp>

<comp id="106" class="1004" name="icmp_ln252_fu_106">
<pin_list>
<pin id="107" dir="0" index="0" bw="9" slack="0"/>
<pin id="108" dir="0" index="1" bw="9" slack="0"/>
<pin id="109" dir="1" index="2" bw="1" slack="2147483647"/>
</pin_list>
<bind>
<opcode="icmp(45) " fcode="icmp"/>
<opset="icmp_ln252/1 "/>
</bind>
</comp>

<comp id="112" class="1004" name="add_ln252_fu_112">
<pin_list>
<pin id="113" dir="0" index="0" bw="9" slack="0"/>
<pin id="114" dir="0" index="1" bw="1" slack="0"/>
<pin id="115" dir="1" index="2" bw="9" slack="0"/>
</pin_list>
<bind>
<opcode="add(8) " fcode="add"/>
<opset="add_ln252/1 "/>
</bind>
</comp>

<comp id="118" class="1004" name="lshr_ln1_fu_118">
<pin_list>
<pin id="119" dir="0" index="0" bw="8" slack="0"/>
<pin id="120" dir="0" index="1" bw="9" slack="0"/>
<pin id="121" dir="0" index="2" bw="1" slack="0"/>
<pin id="122" dir="0" index="3" bw="5" slack="0"/>
<pin id="123" dir="1" index="4" bw="8" slack="0"/>
</pin_list>
<bind>
<opcode="partselect(1002) " fcode="partselect"/>
<opset="lshr_ln1/1 "/>
</bind>
</comp>

<comp id="128" class="1004" name="zext_ln837_fu_128">
<pin_list>
<pin id="129" dir="0" index="0" bw="8" slack="0"/>
<pin id="130" dir="1" index="1" bw="64" slack="0"/>
</pin_list>
<bind>
<opcode="zext(34) " fcode="zext"/>
<opset="zext_ln837/1 "/>
</bind>
</comp>

<comp id="134" class="1004" name="trunc_ln837_fu_134">
<pin_list>
<pin id="135" dir="0" index="0" bw="9" slack="0"/>
<pin id="136" dir="1" index="1" bw="1" slack="1"/>
</pin_list>
<bind>
<opcode="trunc(33) " fcode="trunc"/>
<opset="trunc_ln837/1 "/>
</bind>
</comp>

<comp id="138" class="1004" name="store_ln252_store_fu_138">
<pin_list>
<pin id="139" dir="0" index="0" bw="9" slack="0"/>
<pin id="140" dir="0" index="1" bw="9" slack="0"/>
<pin id="141" dir="1" index="2" bw="0" slack="2147483647"/>
</pin_list>
<bind>
<opcode="store(28) " fcode="store"/>
<opset="store_ln252/1 "/>
</bind>
</comp>

<comp id="143" class="1004" name="mean_acc_V_load_load_fu_143">
<pin_list>
<pin id="144" dir="0" index="0" bw="48" slack="1"/>
<pin id="145" dir="1" index="1" bw="48" slack="0"/>
</pin_list>
<bind>
<opcode="load(27) " fcode="load"/>
<opset="mean_acc_V_load/2 "/>
</bind>
</comp>

<comp id="146" class="1004" name="tmp_1_fu_146">
<pin_list>
<pin id="147" dir="0" index="0" bw="32" slack="0"/>
<pin id="148" dir="0" index="1" bw="32" slack="0"/>
<pin id="149" dir="0" index="2" bw="32" slack="0"/>
<pin id="150" dir="0" index="3" bw="1" slack="1"/>
<pin id="151" dir="1" index="4" bw="32" slack="0"/>
</pin_list>
<bind>
<opcode="mux(1196) " fcode="mux"/>
<opset="tmp_1/2 "/>
</bind>
</comp>

<comp id="155" class="1004" name="shl_ln838_1_fu_155">
<pin_list>
<pin id="156" dir="0" index="0" bw="40" slack="0"/>
<pin id="157" dir="0" index="1" bw="32" slack="0"/>
<pin id="158" dir="0" index="2" bw="1" slack="0"/>
<pin id="159" dir="1" index="3" bw="40" slack="0"/>
</pin_list>
<bind>
<opcode="bitconcatenate(1004) " fcode="bitconcatenate"/>
<opset="shl_ln838_1/2 "/>
</bind>
</comp>

<comp id="163" class="1004" name="sext_ln813_fu_163">
<pin_list>
<pin id="164" dir="0" index="0" bw="40" slack="0"/>
<pin id="165" dir="1" index="1" bw="48" slack="0"/>
</pin_list>
<bind>
<opcode="sext(35) " fcode="sext"/>
<opset="sext_ln813/2 "/>
</bind>
</comp>

<comp id="167" class="1004" name="mean_acc_V_1_fu_167">
<pin_list>
<pin id="168" dir="0" index="0" bw="40" slack="0"/>
<pin id="169" dir="0" index="1" bw="48" slack="0"/>
<pin id="170" dir="1" index="2" bw="48" slack="0"/>
</pin_list>
<bind>
<opcode="add(8) " fcode="add"/>
<opset="mean_acc_V_1/2 "/>
</bind>
</comp>

<comp id="173" class="1004" name="store_ln252_store_fu_173">
<pin_list>
<pin id="174" dir="0" index="0" bw="48" slack="0"/>
<pin id="175" dir="0" index="1" bw="48" slack="1"/>
<pin id="176" dir="1" index="2" bw="0" slack="2147483647"/>
</pin_list>
<bind>
<opcode="store(28) " fcode="store"/>
<opset="store_ln252/2 "/>
</bind>
</comp>

<comp id="178" class="1004" name="mean_acc_V_load_1_load_fu_178">
<pin_list>
<pin id="179" dir="0" index="0" bw="48" slack="0"/>
<pin id="180" dir="1" index="1" bw="48" slack="0"/>
</pin_list>
<bind>
<opcode="load(27) " fcode="load"/>
<opset="mean_acc_V_load_1/1 "/>
</bind>
</comp>

<comp id="182" class="1005" name="mean_acc_V_reg_182">
<pin_list>
<pin id="183" dir="0" index="0" bw="48" slack="0"/>
<pin id="184" dir="1" index="1" bw="48" slack="0"/>
</pin_list>
<bind>
<opset="mean_acc_V "/>
</bind>
</comp>

<comp id="190" class="1005" name="t_1_reg_190">
<pin_list>
<pin id="191" dir="0" index="0" bw="9" slack="0"/>
<pin id="192" dir="1" index="1" bw="9" slack="0"/>
</pin_list>
<bind>
<opset="t_1 "/>
</bind>
</comp>

<comp id="200" class="1005" name="input_buf_V_addr_reg_200">
<pin_list>
<pin id="201" dir="0" index="0" bw="8" slack="1"/>
<pin id="202" dir="1" index="1" bw="8" slack="1"/>
</pin_list>
<bind>
<opset="input_buf_V_addr "/>
</bind>
</comp>

<comp id="205" class="1005" name="input_buf_V_1_addr_reg_205">
<pin_list>
<pin id="206" dir="0" index="0" bw="8" slack="1"/>
<pin id="207" dir="1" index="1" bw="8" slack="1"/>
</pin_list>
<bind>
<opset="input_buf_V_1_addr "/>
</bind>
</comp>

<comp id="210" class="1005" name="trunc_ln837_reg_210">
<pin_list>
<pin id="211" dir="0" index="0" bw="1" slack="1"/>
<pin id="212" dir="1" index="1" bw="1" slack="1"/>
</pin_list>
<bind>
<opset="trunc_ln837 "/>
</bind>
</comp>

</comp_list>

<net_list>
<net id="55"><net_src comp="6" pin="0"/><net_sink comp="52" pin=0"/></net>

<net id="59"><net_src comp="6" pin="0"/><net_sink comp="56" pin=0"/></net>

<net id="65"><net_src comp="50" pin="0"/><net_sink comp="60" pin=0"/></net>

<net id="66"><net_src comp="4" pin="0"/><net_sink comp="60" pin=1"/></net>

<net id="72"><net_src comp="0" pin="0"/><net_sink comp="67" pin=0"/></net>

<net id="73"><net_src comp="32" pin="0"/><net_sink comp="67" pin=1"/></net>

<net id="79"><net_src comp="2" pin="0"/><net_sink comp="74" pin=0"/></net>

<net id="80"><net_src comp="32" pin="0"/><net_sink comp="74" pin=1"/></net>

<net id="86"><net_src comp="67" pin="3"/><net_sink comp="81" pin=0"/></net>

<net id="92"><net_src comp="74" pin="3"/><net_sink comp="87" pin=0"/></net>

<net id="97"><net_src comp="16" pin="0"/><net_sink comp="93" pin=0"/></net>

<net id="102"><net_src comp="18" pin="0"/><net_sink comp="98" pin=0"/></net>

<net id="110"><net_src comp="103" pin="1"/><net_sink comp="106" pin=0"/></net>

<net id="111"><net_src comp="20" pin="0"/><net_sink comp="106" pin=1"/></net>

<net id="116"><net_src comp="103" pin="1"/><net_sink comp="112" pin=0"/></net>

<net id="117"><net_src comp="26" pin="0"/><net_sink comp="112" pin=1"/></net>

<net id="124"><net_src comp="28" pin="0"/><net_sink comp="118" pin=0"/></net>

<net id="125"><net_src comp="103" pin="1"/><net_sink comp="118" pin=1"/></net>

<net id="126"><net_src comp="6" pin="0"/><net_sink comp="118" pin=2"/></net>

<net id="127"><net_src comp="30" pin="0"/><net_sink comp="118" pin=3"/></net>

<net id="131"><net_src comp="118" pin="4"/><net_sink comp="128" pin=0"/></net>

<net id="132"><net_src comp="128" pin="1"/><net_sink comp="67" pin=2"/></net>

<net id="133"><net_src comp="128" pin="1"/><net_sink comp="74" pin=2"/></net>

<net id="137"><net_src comp="103" pin="1"/><net_sink comp="134" pin=0"/></net>

<net id="142"><net_src comp="112" pin="2"/><net_sink comp="138" pin=0"/></net>

<net id="152"><net_src comp="44" pin="0"/><net_sink comp="146" pin=0"/></net>

<net id="153"><net_src comp="81" pin="3"/><net_sink comp="146" pin=1"/></net>

<net id="154"><net_src comp="87" pin="3"/><net_sink comp="146" pin=2"/></net>

<net id="160"><net_src comp="46" pin="0"/><net_sink comp="155" pin=0"/></net>

<net id="161"><net_src comp="146" pin="4"/><net_sink comp="155" pin=1"/></net>

<net id="162"><net_src comp="48" pin="0"/><net_sink comp="155" pin=2"/></net>

<net id="166"><net_src comp="155" pin="3"/><net_sink comp="163" pin=0"/></net>

<net id="171"><net_src comp="163" pin="1"/><net_sink comp="167" pin=0"/></net>

<net id="172"><net_src comp="143" pin="1"/><net_sink comp="167" pin=1"/></net>

<net id="177"><net_src comp="167" pin="2"/><net_sink comp="173" pin=0"/></net>

<net id="181"><net_src comp="178" pin="1"/><net_sink comp="60" pin=2"/></net>

<net id="185"><net_src comp="52" pin="1"/><net_sink comp="182" pin=0"/></net>

<net id="186"><net_src comp="182" pin="1"/><net_sink comp="98" pin=1"/></net>

<net id="187"><net_src comp="182" pin="1"/><net_sink comp="143" pin=0"/></net>

<net id="188"><net_src comp="182" pin="1"/><net_sink comp="173" pin=1"/></net>

<net id="189"><net_src comp="182" pin="1"/><net_sink comp="178" pin=0"/></net>

<net id="193"><net_src comp="56" pin="1"/><net_sink comp="190" pin=0"/></net>

<net id="194"><net_src comp="190" pin="1"/><net_sink comp="93" pin=1"/></net>

<net id="195"><net_src comp="190" pin="1"/><net_sink comp="103" pin=0"/></net>

<net id="196"><net_src comp="190" pin="1"/><net_sink comp="138" pin=1"/></net>

<net id="203"><net_src comp="67" pin="3"/><net_sink comp="200" pin=0"/></net>

<net id="204"><net_src comp="200" pin="1"/><net_sink comp="81" pin=0"/></net>

<net id="208"><net_src comp="74" pin="3"/><net_sink comp="205" pin=0"/></net>

<net id="209"><net_src comp="205" pin="1"/><net_sink comp="87" pin=0"/></net>

<net id="213"><net_src comp="134" pin="1"/><net_sink comp="210" pin=0"/></net>

<net id="214"><net_src comp="210" pin="1"/><net_sink comp="146" pin=3"/></net>

</net_list>

</model> 
---------------- Datapath Model END ------------------

* FSMD analyzer results:
  - Output states:
	Port: mean_acc_V_out | {1 }
 - Input state : 
	Port: ecg_denoiser_Pipeline_ZNORM_MEAN : input_buf_V | {1 2 }
	Port: ecg_denoiser_Pipeline_ZNORM_MEAN : input_buf_V_1 | {1 2 }
  - Chain level:
	State 1
		store_ln0 : 1
		store_ln0 : 1
		t : 1
		icmp_ln252 : 2
		add_ln252 : 2
		br_ln252 : 3
		lshr_ln1 : 2
		zext_ln837 : 3
		input_buf_V_addr : 4
		input_buf_V_1_addr : 4
		trunc_ln837 : 2
		input_buf_V_load : 5
		input_buf_V_1_load : 5
		store_ln252 : 3
		mean_acc_V_load_1 : 1
		write_ln0 : 2
	State 2
		tmp_1 : 1
		shl_ln838_1 : 2
		sext_ln813 : 3
		mean_acc_V_1 : 4
		store_ln252 : 5


============================================================
+ Verbose Summary: Datapath Resource usage 
============================================================

* Functional unit list:
|----------|-----------------------|---------|---------|
| Operation|    Functional Unit    |    FF   |   LUT   |
|----------|-----------------------|---------|---------|
|    add   |    add_ln252_fu_112   |    0    |    9    |
|          |  mean_acc_V_1_fu_167  |    0    |    48   |
|----------|-----------------------|---------|---------|
|    mux   |      tmp_1_fu_146     |    0    |    9    |
|----------|-----------------------|---------|---------|
|   icmp   |   icmp_ln252_fu_106   |    0    |    4    |
|----------|-----------------------|---------|---------|
|   write  | write_ln0_write_fu_60 |    0    |    0    |
|----------|-----------------------|---------|---------|
|partselect|    lshr_ln1_fu_118    |    0    |    0    |
|----------|-----------------------|---------|---------|
|   zext   |   zext_ln837_fu_128   |    0    |    0    |
|----------|-----------------------|---------|---------|
|   trunc  |   trunc_ln837_fu_134  |    0    |    0    |
|----------|-----------------------|---------|---------|
|bitconcatenate|   shl_ln838_1_fu_155  |    0    |    0    |
|----------|-----------------------|---------|---------|
|   sext   |   sext_ln813_fu_163   |    0    |    0    |
|----------|-----------------------|---------|---------|
|   Total  |                       |    0    |    70   |
|----------|-----------------------|---------|---------|

Memories:
N/A

* Register list:
+--------------------------+--------+
|                          |   FF   |
+--------------------------+--------+
|input_buf_V_1_addr_reg_205|    8   |
| input_buf_V_addr_reg_200 |    8   |
|    mean_acc_V_reg_182    |   48   |
|        t_1_reg_190       |    9   |
|    trunc_ln837_reg_210   |    1   |
+--------------------------+--------+
|           Total          |   74   |
+--------------------------+--------+

* Multiplexer (MUX) list: 
|------------------|------|------|------|--------||---------||---------|
|       Comp       |  Pin | Size |  BW  | S x BW ||  Delay  ||   LUT   |
|------------------|------|------|------|--------||---------||---------|
| grp_access_fu_81 |  p0  |   2  |   8  |   16   ||    9    |
| grp_access_fu_87 |  p0  |   2  |   8  |   16   ||    9    |
|------------------|------|------|------|--------||---------||---------|
|       Total      |      |      |      |   32   ||  2.596  ||    18   |
|------------------|------|------|------|--------||---------||---------|



* Summary:
+-----------+--------+--------+--------+
|           |  Delay |   FF   |   LUT  |
+-----------+--------+--------+--------+
|  Function |    -   |    0   |   70   |
|   Memory  |    -   |    -   |    -   |
|Multiplexer|    2   |    -   |   18   |
|  Register |    -   |   74   |    -   |
+-----------+--------+--------+--------+
|   Total   |    2   |   74   |   88   |
+-----------+--------+--------+--------+
