

================================================================
== Vitis HLS Report for 'ecg_denoiser_Pipeline_WRITE_OUTPUT'
================================================================
* Date:           Sat Apr  4 09:58:50 2026

* Version:        2022.2 (Build 3670227 on Oct 13 2022)
* Project:        ecg_denoiser_ip
* Solution:       solution1 (Vivado IP Flow Target)
* Product family: zynq
* Target device:  xc7z030-sbg485-2


================================================================
== Performance Estimates
================================================================
+ Timing: 
    * Summary: 
    +--------+----------+----------+------------+
    |  Clock |  Target  | Estimated| Uncertainty|
    +--------+----------+----------+------------+
    |ap_clk  |  13.00 ns|  2.926 ns|     3.51 ns|
    +--------+----------+----------+------------+

+ Latency: 
    * Summary: 
    +---------+---------+----------+----------+-----+-----+---------+
    |  Latency (cycles) |  Latency (absolute) |  Interval | Pipeline|
    |   min   |   max   |    min   |    max   | min | max |   Type  |
    +---------+---------+----------+----------+-----+-----+---------+
    |      362|      362|  4.706 us|  4.706 us|  362|  362|       no|
    +---------+---------+----------+----------+-----+-----+---------+

    + Detail: 
        * Instance: 
        N/A

        * Loop: 
        +----------------+---------+---------+----------+-----------+-----------+------+----------+
        |                |  Latency (cycles) | Iteration|  Initiation Interval  | Trip |          |
        |    Loop Name   |   min   |   max   |  Latency |  achieved |   target  | Count| Pipelined|
        +----------------+---------+---------+----------+-----------+-----------+------+----------+
        |- WRITE_OUTPUT  |      360|      360|         2|          1|          1|   360|       yes|
        +----------------+---------+---------+----------+-----------+-----------+------+----------+

============================================================
+ Verbose Summary: Synthesis Manager
============================================================
InlineROM: 1
ExposeGlobal: 0
============================================================
+ Verbose Summary: CDFG Model
============================================================
IsTopModel: 0
ResetActiveHigh: 1
IsCombinational: 0
IsDatapathOnly: 0
HasWiredReturn: 1
HasMFsm: 2
HasVarLatency: 1
IsPipeline: 0
IsRtlPipelined: 0
IsInstanceOverlapped: 0
IsDontTouch: 0
HasImplIP: 0
IsGatedGlobalClock: 0

+ Individual pipeline summary: 
  * Pipeline-0: initiation interval (II) = 1, depth = 2


============================================================
+ Verbose Summary: Schedule
============================================================
* Number of FSM states : 2
* Pipeline : 1
  Pipeline-0 : II = 1, D = 2, States = { 1 2 }
* Dataflow Pipeline: 0

* FSM state transitions: 
1 --> 2 
2 --> 

* FSM state operations: 

State 1 <SV = 0> <Delay = 2.92>
ST_1 : Operation 5 [1/1] (0.00ns)   --->   "%t = alloca i32 1"   --->   Operation 5 'alloca' 't' <Predicate = true> <Delay = 0.00>
ST_1 : Operation 6 [1/1] (0.00ns)   --->   "%specaxissidechannel_ln0 = specaxissidechannel void @_ssdm_op_SpecAXISSideChannel, i32 %out_stream_V_data_V, i4 %out_stream_V_keep_V, i4 %out_stream_V_strb_V, i1 %out_stream_V_user_V, i1 %out_stream_V_last_V, i1 %out_stream_V_id_V, i1 %out_stream_V_dest_V, void @empty_2"   --->   Operation 6 'specaxissidechannel' 'specaxissidechannel_ln0' <Predicate = true> <Delay = 0.00>
ST_1 : Operation 7 [1/1] (0.00ns)   --->   "%specinterface_ln0 = specinterface void @_ssdm_op_SpecInterface, i1 %out_stream_V_dest_V, i1 %out_stream_V_id_V, i1 %out_stream_V_last_V, i1 %out_stream_V_user_V, i4 %out_stream_V_strb_V, i4 %out_stream_V_keep_V, i32 %out_stream_V_data_V, void @empty, i32 0, i32 0, void @empty_0, i32 0, i32 0, void @empty_1, void @empty_1, void @empty_1, i32 0, i32 0, i32 0, i32 0, void @empty_1, void @empty_1, i32 4294967295, i32 0"   --->   Operation 7 'specinterface' 'specinterface_ln0' <Predicate = true> <Delay = 0.00>
ST_1 : Operation 8 [1/1] (1.29ns)   --->   "%store_ln0 = store i9 0, i9 %t"   --->   Operation 8 'store' 'store_ln0' <Predicate = true> <Delay = 1.29>
ST_1 : Operation 9 [1/1] (0.00ns)   --->   "%br_ln0 = br void %for.inc100"   --->   Operation 9 'br' 'br_ln0' <Predicate = true> <Delay = 0.00>
ST_1 : Operation 10 [1/1] (0.00ns)   --->   "%t_3 = load i9 %t" [src/ecg_denoiser.cpp:280]   --->   Operation 10 'load' 't_3' <Predicate = true> <Delay = 0.00>
ST_1 : Operation 11 [1/1] (1.62ns)   --->   "%icmp_ln280 = icmp_eq  i9 %t_3, i9 360" [src/ecg_denoiser.cpp:280]   --->   Operation 11 'icmp' 'icmp_ln280' <Predicate = true> <Delay = 1.62> <CoreInst = "Cmp">   --->   Core 9 'Cmp' <Latency = 0> <II = 1> <Delay = 1.62> <FuncUnit> <Opcode : 'icmp'> <InPorts = 2> <OutPorts = 1>
ST_1 : Operation 12 [1/1] (0.00ns)   --->   "%empty = speclooptripcount i32 @_ssdm_op_SpecLoopTripCount, i64 360, i64 360, i64 360"   --->   Operation 12 'speclooptripcount' 'empty' <Predicate = true> <Delay = 0.00>
ST_1 : Operation 13 [1/1] (1.36ns)   --->   "%add_ln280 = add i9 %t_3, i9 1" [src/ecg_denoiser.cpp:280]   --->   Operation 13 'add' 'add_ln280' <Predicate = true> <Delay = 1.36> <CoreInst = "Adder">   --->   Core 1 'Adder' <Latency = 0> <II = 1> <Delay = 1.36> <FuncUnit> <Opcode : 'add' 'sub'> <InPorts = 2> <OutPorts = 1>
ST_1 : Operation 14 [1/1] (0.00ns)   --->   "%br_ln280 = br i1 %icmp_ln280, void %for.inc100.split, void %for.end102.exitStub" [src/ecg_denoiser.cpp:280]   --->   Operation 14 'br' 'br_ln280' <Predicate = true> <Delay = 0.00>
ST_1 : Operation 15 [1/1] (0.00ns)   --->   "%zext_ln280 = zext i9 %t_3" [src/ecg_denoiser.cpp:280]   --->   Operation 15 'zext' 'zext_ln280' <Predicate = (!icmp_ln280)> <Delay = 0.00>
ST_1 : Operation 16 [1/1] (0.00ns)   --->   "%buf41210_addr = getelementptr i32 %buf41210, i64 0, i64 %zext_ln280" [src/ecg_denoiser.cpp:284]   --->   Operation 16 'getelementptr' 'buf41210_addr' <Predicate = (!icmp_ln280)> <Delay = 0.00>
ST_1 : Operation 17 [2/2] (2.77ns)   --->   "%p_Val2_s = load i9 %buf41210_addr"   --->   Operation 17 'load' 'p_Val2_s' <Predicate = (!icmp_ln280)> <Delay = 2.77> <CoreInst = "RAM">   --->   Core 82 'RAM' <Latency = 1> <II = 1> <Delay = 2.77> <Storage> <Opcode : 'load' 'store'> <Ports = 2> <Width = 32> <Depth = 360> <RAM>
ST_1 : Operation 18 [1/1] (1.62ns)   --->   "%pkt_last_V = icmp_eq  i9 %t_3, i9 359" [src/ecg_denoiser.cpp:291]   --->   Operation 18 'icmp' 'pkt_last_V' <Predicate = (!icmp_ln280)> <Delay = 1.62> <CoreInst = "Cmp">   --->   Core 9 'Cmp' <Latency = 0> <II = 1> <Delay = 1.62> <FuncUnit> <Opcode : 'icmp'> <InPorts = 2> <OutPorts = 1>
ST_1 : Operation 19 [1/1] (1.29ns)   --->   "%store_ln280 = store i9 %add_ln280, i9 %t" [src/ecg_denoiser.cpp:280]   --->   Operation 19 'store' 'store_ln280' <Predicate = (!icmp_ln280)> <Delay = 1.29>
ST_1 : Operation 25 [1/1] (0.00ns)   --->   "%ret_ln0 = ret"   --->   Operation 25 'ret' 'ret_ln0' <Predicate = (icmp_ln280)> <Delay = 0.00>

State 2 <SV = 1> <Delay = 2.77>
ST_2 : Operation 20 [1/1] (0.00ns)   --->   "%specpipeline_ln281 = specpipeline void @_ssdm_op_SpecPipeline, i32 1, i32 0, i32 0, i32 0, void @empty_1" [src/ecg_denoiser.cpp:281]   --->   Operation 20 'specpipeline' 'specpipeline_ln281' <Predicate = true> <Delay = 0.00>
ST_2 : Operation 21 [1/1] (0.00ns)   --->   "%specloopname_ln280 = specloopname void @_ssdm_op_SpecLoopName, void @empty_12" [src/ecg_denoiser.cpp:280]   --->   Operation 21 'specloopname' 'specloopname_ln280' <Predicate = true> <Delay = 0.00>
ST_2 : Operation 22 [1/2] (2.77ns)   --->   "%p_Val2_s = load i9 %buf41210_addr"   --->   Operation 22 'load' 'p_Val2_s' <Predicate = true> <Delay = 2.77> <CoreInst = "RAM">   --->   Core 82 'RAM' <Latency = 1> <II = 1> <Delay = 2.77> <Storage> <Opcode : 'load' 'store'> <Ports = 2> <Width = 32> <Depth = 360> <RAM>
ST_2 : Operation 23 [1/1] (0.00ns)   --->   "%write_ln258 = write void @_ssdm_op_Write.axis.volatile.i32P0A.i4P0A.i4P0A.i1P0A.i1P0A.i1P0A.i1P0A, i32 %out_stream_V_data_V, i4 %out_stream_V_keep_V, i4 %out_stream_V_strb_V, i1 %out_stream_V_user_V, i1 %out_stream_V_last_V, i1 %out_stream_V_id_V, i1 %out_stream_V_dest_V, i32 %p_Val2_s, i4 15, i4 15, i1 0, i1 %pkt_last_V, i1 0, i1 0"   --->   Operation 23 'write' 'write_ln258' <Predicate = true> <Delay = 0.00> <CoreInst = "axis">   --->   Core 115 'axis' <Latency = 0> <II = 1> <Delay = 1.00> <Adapter> <Opcode : >
ST_2 : Operation 24 [1/1] (0.00ns)   --->   "%br_ln280 = br void %for.inc100" [src/ecg_denoiser.cpp:280]   --->   Operation 24 'br' 'br_ln280' <Predicate = true> <Delay = 0.00>


============================================================
+ Verbose Summary: Timing violations
============================================================
Target clock period: 13ns, clock uncertainty: 3.51ns.

 <State 1>: 2.93ns
The critical path consists of the following:
	'alloca' operation ('t') [9]  (0 ns)
	'load' operation ('t', src/ecg_denoiser.cpp:280) on local variable 't' [15]  (0 ns)
	'getelementptr' operation ('buf41210_addr', src/ecg_denoiser.cpp:284) [24]  (0 ns)
	'load' operation ('__Val2__') on array 'buf41210' [25]  (2.77 ns)
	blocking operation 0.155 ns on control path)

 <State 2>: 2.77ns
The critical path consists of the following:
	'load' operation ('__Val2__') on array 'buf41210' [25]  (2.77 ns)


============================================================
+ Verbose Summary: Binding
============================================================
N/A
* FSMD analyzer results:
  - Output states:
 - Input state : 
  - Chain level:
	State 1
	State 2


============================================================
+ Verbose Summary: Datapath Resource usage 
============================================================
N/A
