

================================================================
== Vitis HLS Report for 'ecg_denoiser_Pipeline_READ_INPUT'
================================================================
* Date:           Sat Apr  4 09:58:33 2026

* Version:        2022.2 (Build 3670227 on Oct 13 2022)
* Project:        ecg_denoiser_ip
* Solution:       solution1 (Vivado IP Flow Target)
* Product family: zynq
* Target device:  xc7z030-sbg485-2


================================================================
== Performance Estimates
================================================================
+ Timing: 
    * Summary: 
    +--------+----------+----------+------------+
    |  Clock |  Target  | Estimated| Uncertainty|
    +--------+----------+----------+------------+
    |ap_clk  |  13.00 ns|  3.383 ns|     3.51 ns|
    +--------+----------+----------+------------+

+ Latency: 
    * Summary: 
    +---------+---------+----------+----------+-----+-----+---------+
    |  Latency (cycles) |  Latency (absolute) |  Interval | Pipeline|
    |   min   |   max   |    min   |    max   | min | max |   Type  |
    +---------+---------+----------+----------+-----+-----+---------+
    |      362|      362|  4.706 us|  4.706 us|  362|  362|       no|
    +---------+---------+----------+----------+-----+-----+---------+

    + Detail: 
        * Instance: 
        N/A

        * Loop: 
        +--------------+---------+---------+----------+-----------+-----------+------+----------+
        |              |  Latency (cycles) | Iteration|  Initiation Interval  | Trip |          |
        |   Loop Name  |   min   |   max   |  Latency |  achieved |   target  | Count| Pipelined|
        +--------------+---------+---------+----------+-----------+-----------+------+----------+
        |- READ_INPUT  |      360|      360|         1|          1|          1|   360|       yes|
        +--------------+---------+---------+----------+-----------+-----------+------+----------+

============================================================
+ Verbose Summary: Synthesis Manager
============================================================
InlineROM: 1
ExposeGlobal: 0
============================================================
+ Verbose Summary: CDFG Model
============================================================
IsTopModel: 0
ResetActiveHigh: 1
IsCombinational: 0
IsDatapathOnly: 0
HasWiredReturn: 1
HasMFsm: 2
HasVarLatency: 1
IsPipeline: 0
IsRtlPipelined: 0
IsInstanceOverlapped: 0
IsDontTouch: 0
HasImplIP: 0
IsGatedGlobalClock: 0

+ Individual pipeline summary: 
  * Pipeline-0: initiation interval (II) = 1, depth = 1


============================================================
+ Verbose Summary: Schedule
============================================================
* Number of FSM states : 1
* Pipeline : 1
  Pipeline-0 : II = 1, D = 1, States = { 1 }
* Dataflow Pipeline: 0

* FSM state transitions: 
1 --> 

* FSM state operations: 

State 1 <SV = 0> <Delay = 3.38>
ST_1 : Operation 4 [1/1] (0.00ns)   --->   "%t = alloca i32 1"   --->   Operation 4 'alloca' 't' <Predicate = true> <Delay = 0.00>
ST_1 : Operation 5 [1/1] (0.00ns)   --->   "%specaxissidechannel_ln0 = specaxissidechannel void @_ssdm_op_SpecAXISSideChannel, i32 %in_stream_V_data_V, i4 %in_stream_V_keep_V, i4 %in_stream_V_strb_V, i1 %in_stream_V_user_V, i1 %in_stream_V_last_V, i1 %in_stream_V_id_V, i1 %in_stream_V_dest_V, void @empty_5"   --->   Operation 5 'specaxissidechannel' 'specaxissidechannel_ln0' <Predicate = true> <Delay = 0.00>
ST_1 : Operation 6 [1/1] (0.00ns)   --->   "%specmemcore_ln0 = specmemcore void @_ssdm_op_SpecMemCore, i32 %input_buf_V, i64 666, i64 19, i64 18446744073709551615"   --->   Operation 6 'specmemcore' 'specmemcore_ln0' <Predicate = true> <Delay = 0.00>
ST_1 : Operation 7 [1/1] (0.00ns)   --->   "%specmemcore_ln0 = specmemcore void @_ssdm_op_SpecMemCore, i32 %input_buf_V_1, i64 666, i64 19, i64 18446744073709551615"   --->   Operation 7 'specmemcore' 'specmemcore_ln0' <Predicate = true> <Delay = 0.00>
ST_1 : Operation 8 [1/1] (0.00ns)   --->   "%specinterface_ln0 = specinterface void @_ssdm_op_SpecInterface, i1 %in_stream_V_dest_V, i1 %in_stream_V_id_V, i1 %in_stream_V_last_V, i1 %in_stream_V_user_V, i4 %in_stream_V_strb_V, i4 %in_stream_V_keep_V, i32 %in_stream_V_data_V, void @empty, i32 0, i32 0, void @empty_0, i32 0, i32 0, void @empty_1, void @empty_1, void @empty_1, i32 0, i32 0, i32 0, i32 0, void @empty_1, void @empty_1, i32 4294967295, i32 0"   --->   Operation 8 'specinterface' 'specinterface_ln0' <Predicate = true> <Delay = 0.00>
ST_1 : Operation 9 [1/1] (1.29ns)   --->   "%store_ln0 = store i9 0, i9 %t"   --->   Operation 9 'store' 'store_ln0' <Predicate = true> <Delay = 1.29>
ST_1 : Operation 10 [1/1] (0.00ns)   --->   "%br_ln0 = br void %for.inc"   --->   Operation 10 'br' 'br_ln0' <Predicate = true> <Delay = 0.00>
ST_1 : Operation 11 [1/1] (0.00ns)   --->   "%t_4 = load i9 %t"   --->   Operation 11 'load' 't_4' <Predicate = true> <Delay = 0.00>
ST_1 : Operation 12 [1/1] (1.62ns)   --->   "%icmp_ln243 = icmp_eq  i9 %t_4, i9 360" [src/ecg_denoiser.cpp:243]   --->   Operation 12 'icmp' 'icmp_ln243' <Predicate = true> <Delay = 1.62> <CoreInst = "Cmp">   --->   Core 9 'Cmp' <Latency = 0> <II = 1> <Delay = 1.62> <FuncUnit> <Opcode : 'icmp'> <InPorts = 2> <OutPorts = 1>
ST_1 : Operation 13 [1/1] (0.00ns)   --->   "%empty = speclooptripcount i32 @_ssdm_op_SpecLoopTripCount, i64 360, i64 360, i64 360"   --->   Operation 13 'speclooptripcount' 'empty' <Predicate = true> <Delay = 0.00>
ST_1 : Operation 14 [1/1] (1.36ns)   --->   "%add_ln243 = add i9 %t_4, i9 1" [src/ecg_denoiser.cpp:243]   --->   Operation 14 'add' 'add_ln243' <Predicate = true> <Delay = 1.36> <CoreInst = "Adder">   --->   Core 1 'Adder' <Latency = 0> <II = 1> <Delay = 1.36> <FuncUnit> <Opcode : 'add' 'sub'> <InPorts = 2> <OutPorts = 1>
ST_1 : Operation 15 [1/1] (0.00ns)   --->   "%br_ln243 = br i1 %icmp_ln243, void %for.inc.split, void %for.body27.preheader.exitStub" [src/ecg_denoiser.cpp:243]   --->   Operation 15 'br' 'br_ln243' <Predicate = true> <Delay = 0.00>
ST_1 : Operation 16 [1/1] (0.00ns)   --->   "%specpipeline_ln244 = specpipeline void @_ssdm_op_SpecPipeline, i32 1, i32 0, i32 0, i32 0, void @empty_1" [src/ecg_denoiser.cpp:244]   --->   Operation 16 'specpipeline' 'specpipeline_ln244' <Predicate = (!icmp_ln243)> <Delay = 0.00>
ST_1 : Operation 17 [1/1] (0.00ns)   --->   "%specloopname_ln245 = specloopname void @_ssdm_op_SpecLoopName, void @empty_19" [src/ecg_denoiser.cpp:245]   --->   Operation 17 'specloopname' 'specloopname_ln245' <Predicate = (!icmp_ln243)> <Delay = 0.00>
ST_1 : Operation 18 [1/1] (0.00ns)   --->   "%empty_50 = read i44 @_ssdm_op_Read.axis.volatile.i32P0A.i4P0A.i4P0A.i1P0A.i1P0A.i1P0A.i1P0A, i32 %in_stream_V_data_V, i4 %in_stream_V_keep_V, i4 %in_stream_V_strb_V, i1 %in_stream_V_user_V, i1 %in_stream_V_last_V, i1 %in_stream_V_id_V, i1 %in_stream_V_dest_V"   --->   Operation 18 'read' 'empty_50' <Predicate = (!icmp_ln243)> <Delay = 0.00> <CoreInst = "axis">   --->   Core 115 'axis' <Latency = 0> <II = 1> <Delay = 1.00> <Adapter> <Opcode : >
ST_1 : Operation 19 [1/1] (0.00ns)   --->   "%tmp_data_V = extractvalue i44 %empty_50"   --->   Operation 19 'extractvalue' 'tmp_data_V' <Predicate = (!icmp_ln243)> <Delay = 0.00>
ST_1 : Operation 20 [1/1] (0.00ns)   --->   "%lshr_ln = partselect i8 @_ssdm_op_PartSelect.i8.i9.i32.i32, i9 %t_4, i32 1, i32 8"   --->   Operation 20 'partselect' 'lshr_ln' <Predicate = (!icmp_ln243)> <Delay = 0.00>
ST_1 : Operation 21 [1/1] (0.00ns)   --->   "%zext_ln294 = zext i8 %lshr_ln"   --->   Operation 21 'zext' 'zext_ln294' <Predicate = (!icmp_ln243)> <Delay = 0.00>
ST_1 : Operation 22 [1/1] (0.00ns)   --->   "%input_buf_V_addr = getelementptr i32 %input_buf_V, i64 0, i64 %zext_ln294"   --->   Operation 22 'getelementptr' 'input_buf_V_addr' <Predicate = (!icmp_ln243)> <Delay = 0.00>
ST_1 : Operation 23 [1/1] (0.00ns)   --->   "%input_buf_V_1_addr = getelementptr i32 %input_buf_V_1, i64 0, i64 %zext_ln294"   --->   Operation 23 'getelementptr' 'input_buf_V_1_addr' <Predicate = (!icmp_ln243)> <Delay = 0.00>
ST_1 : Operation 24 [1/1] (0.00ns)   --->   "%trunc_ln294 = trunc i9 %t_4"   --->   Operation 24 'trunc' 'trunc_ln294' <Predicate = (!icmp_ln243)> <Delay = 0.00>
ST_1 : Operation 25 [1/1] (0.00ns)   --->   "%br_ln294 = br i1 %trunc_ln294, void %V43.i.i709.case.0, void %V43.i.i709.case.1"   --->   Operation 25 'br' 'br_ln294' <Predicate = (!icmp_ln243)> <Delay = 0.00>
ST_1 : Operation 26 [1/1] (1.75ns)   --->   "%store_ln294 = store i32 %tmp_data_V, i8 %input_buf_V_addr"   --->   Operation 26 'store' 'store_ln294' <Predicate = (!icmp_ln243 & !trunc_ln294)> <Delay = 1.75> <CoreInst = "RAM_1P_LUTRAM">   --->   Core 87 'RAM_1P_LUTRAM' <Latency = 1> <II = 1> <Delay = 1.75> <Storage> <Opcode : 'load' 'store'> <Ports = 1> <Width = 32> <Depth = 180> <RAM>
ST_1 : Operation 27 [1/1] (0.00ns)   --->   "%br_ln294 = br void %V43.i.i709.exit"   --->   Operation 27 'br' 'br_ln294' <Predicate = (!icmp_ln243 & !trunc_ln294)> <Delay = 0.00>
ST_1 : Operation 28 [1/1] (1.75ns)   --->   "%store_ln294 = store i32 %tmp_data_V, i8 %input_buf_V_1_addr"   --->   Operation 28 'store' 'store_ln294' <Predicate = (!icmp_ln243 & trunc_ln294)> <Delay = 1.75> <CoreInst = "RAM_1P_LUTRAM">   --->   Core 87 'RAM_1P_LUTRAM' <Latency = 1> <II = 1> <Delay = 1.75> <Storage> <Opcode : 'load' 'store'> <Ports = 1> <Width = 32> <Depth = 180> <RAM>
ST_1 : Operation 29 [1/1] (0.00ns)   --->   "%br_ln294 = br void %V43.i.i709.exit"   --->   Operation 29 'br' 'br_ln294' <Predicate = (!icmp_ln243 & trunc_ln294)> <Delay = 0.00>
ST_1 : Operation 30 [1/1] (1.29ns)   --->   "%store_ln243 = store i9 %add_ln243, i9 %t" [src/ecg_denoiser.cpp:243]   --->   Operation 30 'store' 'store_ln243' <Predicate = (!icmp_ln243)> <Delay = 1.29>
ST_1 : Operation 31 [1/1] (0.00ns)   --->   "%br_ln243 = br void %for.inc" [src/ecg_denoiser.cpp:243]   --->   Operation 31 'br' 'br_ln243' <Predicate = (!icmp_ln243)> <Delay = 0.00>
ST_1 : Operation 32 [1/1] (0.00ns)   --->   "%ret_ln0 = ret"   --->   Operation 32 'ret' 'ret_ln0' <Predicate = (icmp_ln243)> <Delay = 0.00>


============================================================
+ Verbose Summary: Timing violations
============================================================
Target clock period: 13ns, clock uncertainty: 3.51ns.

 <State 1>: 3.38ns
The critical path consists of the following:
	'alloca' operation ('t') [10]  (0 ns)
	'load' operation ('t') on local variable 't' [18]  (0 ns)
	'add' operation ('add_ln243', src/ecg_denoiser.cpp:243) [21]  (1.36 ns)
	'store' operation ('store_ln243', src/ecg_denoiser.cpp:243) of variable 'add_ln243', src/ecg_denoiser.cpp:243 on local variable 't' [41]  (1.3 ns)
	blocking operation 0.724 ns on control path)


============================================================
+ Verbose Summary: Binding
============================================================
N/A
* FSMD analyzer results:
  - Output states:
 - Input state : 
  - Chain level:
	State 1


============================================================
+ Verbose Summary: Datapath Resource usage 
============================================================
N/A
