

================================================================
== Vitis HLS Report for 'ecg_denoiser_Pipeline_READ_INPUT'
================================================================
* Date:           Sat Apr  4 09:58:53 2026

* Version:        2022.2 (Build 3670227 on Oct 13 2022)
* Project:        ecg_denoiser_ip
* Solution:       solution1 (Vivado IP Flow Target)
* Product family: zynq
* Target device:  xc7z030-sbg485-2


================================================================
== Performance Estimates
================================================================
+ Timing: 
    * Summary: 
    +--------+----------+----------+------------+
    |  Clock |  Target  | Estimated| Uncertainty|
    +--------+----------+----------+------------+
    |ap_clk  |  13.00 ns|  3.383 ns|     3.51 ns|
    +--------+----------+----------+------------+

+ Latency: 
    * Summary: 
    +---------+---------+----------+----------+-----+-----+---------+
    |  Latency (cycles) |  Latency (absolute) |  Interval | Pipeline|
    |   min   |   max   |    min   |    max   | min | max |   Type  |
    +---------+---------+----------+----------+-----+-----+---------+
    |      362|      362|  4.706 us|  4.706 us|  362|  362|       no|
    +---------+---------+----------+----------+-----+-----+---------+

    + Detail: 
        * Instance: 
        N/A

        * Loop: 
        +--------------+---------+---------+----------+-----------+-----------+------+----------+
        |              |  Latency (cycles) | Iteration|  Initiation Interval  | Trip |          |
        |   Loop Name  |   min   |   max   |  Latency |  achieved |   target  | Count| Pipelined|
        +--------------+---------+---------+----------+-----------+-----------+------+----------+
        |- READ_INPUT  |      360|      360|         1|          1|          1|   360|       yes|
        +--------------+---------+---------+----------+-----------+-----------+------+----------+



================================================================
== Utilization Estimates
================================================================
* Summary: 
+-----------------+---------+-----+--------+-------+-----+
|       Name      | BRAM_18K| DSP |   FF   |  LUT  | URAM|
+-----------------+---------+-----+--------+-------+-----+
|DSP              |        -|    -|       -|      -|    -|
|Expression       |        -|    -|       0|     15|    -|
|FIFO             |        -|    -|       -|      -|    -|
|Instance         |        -|    -|       -|      -|    -|
|Memory           |        -|    -|       -|      -|    -|
|Multiplexer      |        -|    -|       -|     36|    -|
|Register         |        -|    -|      11|      -|    -|
+-----------------+---------+-----+--------+-------+-----+
|Total            |        0|    0|      11|     51|    0|
+-----------------+---------+-----+--------+-------+-----+
|Available        |      530|  400|  157200|  78600|    0|
+-----------------+---------+-----+--------+-------+-----+
|Utilization (%)  |        0|    0|      ~0|     ~0|    0|
+-----------------+---------+-----+--------+-------+-----+

+ Detail: 
    * Instance: 
    N/A

    * DSP: 
    N/A

    * Memory: 
    N/A

    * FIFO: 
    N/A

    * Expression: 
    +----------------------------------+----------+----+---+----+------------+------------+
    |           Variable Name          | Operation| DSP| FF| LUT| Bitwidth P0| Bitwidth P1|
    +----------------------------------+----------+----+---+----+------------+------------+
    |add_ln243_fu_130_p2               |         +|   0|  0|   9|           9|           1|
    |ap_condition_139                  |       and|   0|  0|   1|           1|           1|
    |icmp_ln243_fu_124_p2              |      icmp|   0|  0|   4|           9|           9|
    |ap_block_state1_pp0_stage0_iter0  |        or|   0|  0|   1|           1|           1|
    +----------------------------------+----------+----+---+----+------------+------------+
    |Total                             |          |   0|  0|  15|          20|          12|
    +----------------------------------+----------+----+---+----+------------+------------+

    * Multiplexer: 
    +-----------------------+----+-----------+-----+-----------+
    |          Name         | LUT| Input Size| Bits| Total Bits|
    +-----------------------+----+-----------+-----+-----------+
    |ap_done_int            |   9|          2|    1|          2|
    |ap_sig_allocacmp_t_4   |   9|          2|    9|         18|
    |in_stream_TDATA_blk_n  |   9|          2|    1|          2|
    |t_fu_68                |   9|          2|    9|         18|
    +-----------------------+----+-----------+-----+-----------+
    |Total                  |  36|          8|   20|         40|
    +-----------------------+----+-----------+-----+-----------+

    * Register: 
    +-------------+---+----+-----+-----------+
    |     Name    | FF| LUT| Bits| Const Bits|
    +-------------+---+----+-----+-----------+
    |ap_CS_fsm    |  1|   0|    1|          0|
    |ap_done_reg  |  1|   0|    1|          0|
    |t_fu_68      |  9|   0|    9|          0|
    +-------------+---+----+-----+-----------+
    |Total        | 11|   0|   11|          0|
    +-------------+---+----+-----+-----------+



================================================================
== Interface
================================================================
* Summary: 
+------------------------+-----+-----+------------+----------------------------------+--------------+
|        RTL Ports       | Dir | Bits|  Protocol  |           Source Object          |    C Type    |
+------------------------+-----+-----+------------+----------------------------------+--------------+
|ap_clk                  |   in|    1|  ap_ctrl_hs|  ecg_denoiser_Pipeline_READ_INPUT|  return value|
|ap_rst                  |   in|    1|  ap_ctrl_hs|  ecg_denoiser_Pipeline_READ_INPUT|  return value|
|ap_start                |   in|    1|  ap_ctrl_hs|  ecg_denoiser_Pipeline_READ_INPUT|  return value|
|ap_done                 |  out|    1|  ap_ctrl_hs|  ecg_denoiser_Pipeline_READ_INPUT|  return value|
|ap_idle                 |  out|    1|  ap_ctrl_hs|  ecg_denoiser_Pipeline_READ_INPUT|  return value|
|ap_ready                |  out|    1|  ap_ctrl_hs|  ecg_denoiser_Pipeline_READ_INPUT|  return value|
|in_stream_TVALID        |   in|    1|        axis|                in_stream_V_data_V|       pointer|
|in_stream_TDATA         |   in|   32|        axis|                in_stream_V_data_V|       pointer|
|input_buf_V_1_address0  |  out|    8|   ap_memory|                     input_buf_V_1|         array|
|input_buf_V_1_ce0       |  out|    1|   ap_memory|                     input_buf_V_1|         array|
|input_buf_V_1_we0       |  out|    1|   ap_memory|                     input_buf_V_1|         array|
|input_buf_V_1_d0        |  out|   32|   ap_memory|                     input_buf_V_1|         array|
|input_buf_V_address0    |  out|    8|   ap_memory|                       input_buf_V|         array|
|input_buf_V_ce0         |  out|    1|   ap_memory|                       input_buf_V|         array|
|input_buf_V_we0         |  out|    1|   ap_memory|                       input_buf_V|         array|
|input_buf_V_d0          |  out|   32|   ap_memory|                       input_buf_V|         array|
|in_stream_TREADY        |  out|    1|        axis|                in_stream_V_dest_V|       pointer|
|in_stream_TDEST         |   in|    1|        axis|                in_stream_V_dest_V|       pointer|
|in_stream_TKEEP         |   in|    4|        axis|                in_stream_V_keep_V|       pointer|
|in_stream_TSTRB         |   in|    4|        axis|                in_stream_V_strb_V|       pointer|
|in_stream_TUSER         |   in|    1|        axis|                in_stream_V_user_V|       pointer|
|in_stream_TLAST         |   in|    1|        axis|                in_stream_V_last_V|       pointer|
|in_stream_TID           |   in|    1|        axis|                  in_stream_V_id_V|       pointer|
+------------------------+-----+-----+------------+----------------------------------+--------------+

============================================================
+ Verbose Summary: Synthesis Manager
============================================================
InlineROM: 1
ExposeGlobal: 0
============================================================
+ Verbose Summary: CDFG Model
============================================================
IsTopModel: 0
ResetActiveHigh: 1
IsCombinational: 2
IsDatapathOnly: 2
HasWiredReturn: 1
HasMFsm: 2
HasVarLatency: 1
IsPipeline: 0
IsRtlPipelined: 0
IsInstanceOverlapped: 0
IsDontTouch: 0
HasImplIP: 0
IsGatedGlobalClock: 0

+ Individual pipeline summary: 
  * Pipeline-0: initiation interval (II) = 1, depth = 1


============================================================
+ Verbose Summary: Schedule
============================================================
* Number of FSM states : 1
* Pipeline : 1
  Pipeline-0 : II = 1, D = 1, States = { 1 }
* Dataflow Pipeline: 0

* FSM state transitions: 
1 --> 

* FSM state operations: 

State 1 <SV = 0> <Delay = 3.38>
ST_1 : Operation 4 [1/1] (0.00ns)   --->   "%t = alloca i32 1"   --->   Operation 4 'alloca' 't' <Predicate = true> <Delay = 0.00>
ST_1 : Operation 5 [1/1] (0.00ns)   --->   "%specaxissidechannel_ln0 = specaxissidechannel void @_ssdm_op_SpecAXISSideChannel, i32 %in_stream_V_data_V, i4 %in_stream_V_keep_V, i4 %in_stream_V_strb_V, i1 %in_stream_V_user_V, i1 %in_stream_V_last_V, i1 %in_stream_V_id_V, i1 %in_stream_V_dest_V, void @empty_5"   --->   Operation 5 'specaxissidechannel' 'specaxissidechannel_ln0' <Predicate = true> <Delay = 0.00>
ST_1 : Operation 6 [1/1] (0.00ns)   --->   "%specmemcore_ln0 = specmemcore void @_ssdm_op_SpecMemCore, i32 %input_buf_V, i64 666, i64 19, i64 18446744073709551615"   --->   Operation 6 'specmemcore' 'specmemcore_ln0' <Predicate = true> <Delay = 0.00>
ST_1 : Operation 7 [1/1] (0.00ns)   --->   "%specmemcore_ln0 = specmemcore void @_ssdm_op_SpecMemCore, i32 %input_buf_V_1, i64 666, i64 19, i64 18446744073709551615"   --->   Operation 7 'specmemcore' 'specmemcore_ln0' <Predicate = true> <Delay = 0.00>
ST_1 : Operation 8 [1/1] (0.00ns)   --->   "%specinterface_ln0 = specinterface void @_ssdm_op_SpecInterface, i1 %in_stream_V_dest_V, i1 %in_stream_V_id_V, i1 %in_stream_V_last_V, i1 %in_stream_V_user_V, i4 %in_stream_V_strb_V, i4 %in_stream_V_keep_V, i32 %in_stream_V_data_V, void @empty, i32 0, i32 0, void @empty_0, i32 0, i32 0, void @empty_1, void @empty_1, void @empty_1, i32 0, i32 0, i32 0, i32 0, void @empty_1, void @empty_1, i32 4294967295, i32 0"   --->   Operation 8 'specinterface' 'specinterface_ln0' <Predicate = true> <Delay = 0.00>
ST_1 : Operation 9 [1/1] (1.29ns)   --->   "%store_ln0 = store i9 0, i9 %t"   --->   Operation 9 'store' 'store_ln0' <Predicate = true> <Delay = 1.29>
ST_1 : Operation 10 [1/1] (0.00ns)   --->   "%br_ln0 = br void %for.inc"   --->   Operation 10 'br' 'br_ln0' <Predicate = true> <Delay = 0.00>
ST_1 : Operation 11 [1/1] (0.00ns)   --->   "%t_4 = load i9 %t"   --->   Operation 11 'load' 't_4' <Predicate = true> <Delay = 0.00>
ST_1 : Operation 12 [1/1] (1.62ns)   --->   "%icmp_ln243 = icmp_eq  i9 %t_4, i9 360" [src/ecg_denoiser.cpp:243]   --->   Operation 12 'icmp' 'icmp_ln243' <Predicate = true> <Delay = 1.62> <CoreInst = "Cmp">   --->   Core 9 'Cmp' <Latency = 0> <II = 1> <Delay = 1.62> <FuncUnit> <Opcode : 'icmp'> <InPorts = 2> <OutPorts = 1>
ST_1 : Operation 13 [1/1] (0.00ns)   --->   "%empty = speclooptripcount i32 @_ssdm_op_SpecLoopTripCount, i64 360, i64 360, i64 360"   --->   Operation 13 'speclooptripcount' 'empty' <Predicate = true> <Delay = 0.00>
ST_1 : Operation 14 [1/1] (1.36ns)   --->   "%add_ln243 = add i9 %t_4, i9 1" [src/ecg_denoiser.cpp:243]   --->   Operation 14 'add' 'add_ln243' <Predicate = true> <Delay = 1.36> <CoreInst = "Adder">   --->   Core 1 'Adder' <Latency = 0> <II = 1> <Delay = 1.36> <FuncUnit> <Opcode : 'add' 'sub'> <InPorts = 2> <OutPorts = 1>
ST_1 : Operation 15 [1/1] (0.00ns)   --->   "%br_ln243 = br i1 %icmp_ln243, void %for.inc.split, void %for.body27.preheader.exitStub" [src/ecg_denoiser.cpp:243]   --->   Operation 15 'br' 'br_ln243' <Predicate = true> <Delay = 0.00>
ST_1 : Operation 16 [1/1] (0.00ns)   --->   "%specpipeline_ln244 = specpipeline void @_ssdm_op_SpecPipeline, i32 1, i32 0, i32 0, i32 0, void @empty_1" [src/ecg_denoiser.cpp:244]   --->   Operation 16 'specpipeline' 'specpipeline_ln244' <Predicate = (!icmp_ln243)> <Delay = 0.00>
ST_1 : Operation 17 [1/1] (0.00ns)   --->   "%specloopname_ln245 = specloopname void @_ssdm_op_SpecLoopName, void @empty_19" [src/ecg_denoiser.cpp:245]   --->   Operation 17 'specloopname' 'specloopname_ln245' <Predicate = (!icmp_ln243)> <Delay = 0.00>
ST_1 : Operation 18 [1/1] (0.00ns)   --->   "%empty_50 = read i44 @_ssdm_op_Read.axis.volatile.i32P0A.i4P0A.i4P0A.i1P0A.i1P0A.i1P0A.i1P0A, i32 %in_stream_V_data_V, i4 %in_stream_V_keep_V, i4 %in_stream_V_strb_V, i1 %in_stream_V_user_V, i1 %in_stream_V_last_V, i1 %in_stream_V_id_V, i1 %in_stream_V_dest_V"   --->   Operation 18 'read' 'empty_50' <Predicate = (!icmp_ln243)> <Delay = 0.00> <CoreInst = "axis">   --->   Core 115 'axis' <Latency = 0> <II = 1> <Delay = 1.00> <Adapter> <Opcode : >
ST_1 : Operation 19 [1/1] (0.00ns)   --->   "%tmp_data_V = extractvalue i44 %empty_50"   --->   Operation 19 'extractvalue' 'tmp_data_V' <Predicate = (!icmp_ln243)> <Delay = 0.00>
ST_1 : Operation 20 [1/1] (0.00ns)   --->   "%lshr_ln = partselect i8 @_ssdm_op_PartSelect.i8.i9.i32.i32, i9 %t_4, i32 1, i32 8"   --->   Operation 20 'partselect' 'lshr_ln' <Predicate = (!icmp_ln243)> <Delay = 0.00>
ST_1 : Operation 21 [1/1] (0.00ns)   --->   "%zext_ln294 = zext i8 %lshr_ln"   --->   Operation 21 'zext' 'zext_ln294' <Predicate = (!icmp_ln243)> <Delay = 0.00>
ST_1 : Operation 22 [1/1] (0.00ns)   --->   "%input_buf_V_addr = getelementptr i32 %input_buf_V, i64 0, i64 %zext_ln294"   --->   Operation 22 'getelementptr' 'input_buf_V_addr' <Predicate = (!icmp_ln243)> <Delay = 0.00>
ST_1 : Operation 23 [1/1] (0.00ns)   --->   "%input_buf_V_1_addr = getelementptr i32 %input_buf_V_1, i64 0, i64 %zext_ln294"   --->   Operation 23 'getelementptr' 'input_buf_V_1_addr' <Predicate = (!icmp_ln243)> <Delay = 0.00>
ST_1 : Operation 24 [1/1] (0.00ns)   --->   "%trunc_ln294 = trunc i9 %t_4"   --->   Operation 24 'trunc' 'trunc_ln294' <Predicate = (!icmp_ln243)> <Delay = 0.00>
ST_1 : Operation 25 [1/1] (0.00ns)   --->   "%br_ln294 = br i1 %trunc_ln294, void %V43.i.i709.case.0, void %V43.i.i709.case.1"   --->   Operation 25 'br' 'br_ln294' <Predicate = (!icmp_ln243)> <Delay = 0.00>
ST_1 : Operation 26 [1/1] (1.75ns)   --->   "%store_ln294 = store i32 %tmp_data_V, i8 %input_buf_V_addr"   --->   Operation 26 'store' 'store_ln294' <Predicate = (!icmp_ln243 & !trunc_ln294)> <Delay = 1.75> <CoreInst = "RAM_1P_LUTRAM">   --->   Core 87 'RAM_1P_LUTRAM' <Latency = 1> <II = 1> <Delay = 1.75> <Storage> <Opcode : 'load' 'store'> <Ports = 1> <Width = 32> <Depth = 180> <RAM>
ST_1 : Operation 27 [1/1] (0.00ns)   --->   "%br_ln294 = br void %V43.i.i709.exit"   --->   Operation 27 'br' 'br_ln294' <Predicate = (!icmp_ln243 & !trunc_ln294)> <Delay = 0.00>
ST_1 : Operation 28 [1/1] (1.75ns)   --->   "%store_ln294 = store i32 %tmp_data_V, i8 %input_buf_V_1_addr"   --->   Operation 28 'store' 'store_ln294' <Predicate = (!icmp_ln243 & trunc_ln294)> <Delay = 1.75> <CoreInst = "RAM_1P_LUTRAM">   --->   Core 87 'RAM_1P_LUTRAM' <Latency = 1> <II = 1> <Delay = 1.75> <Storage> <Opcode : 'load' 'store'> <Ports = 1> <Width = 32> <Depth = 180> <RAM>
ST_1 : Operation 29 [1/1] (0.00ns)   --->   "%br_ln294 = br void %V43.i.i709.exit"   --->   Operation 29 'br' 'br_ln294' <Predicate = (!icmp_ln243 & trunc_ln294)> <Delay = 0.00>
ST_1 : Operation 30 [1/1] (1.29ns)   --->   "%store_ln243 = store i9 %add_ln243, i9 %t" [src/ecg_denoiser.cpp:243]   --->   Operation 30 'store' 'store_ln243' <Predicate = (!icmp_ln243)> <Delay = 1.29>
ST_1 : Operation 31 [1/1] (0.00ns)   --->   "%br_ln243 = br void %for.inc" [src/ecg_denoiser.cpp:243]   --->   Operation 31 'br' 'br_ln243' <Predicate = (!icmp_ln243)> <Delay = 0.00>
ST_1 : Operation 32 [1/1] (0.00ns)   --->   "%ret_ln0 = ret"   --->   Operation 32 'ret' 'ret_ln0' <Predicate = (icmp_ln243)> <Delay = 0.00>


============================================================
+ Verbose Summary: Binding
============================================================
STG Binding: 
---------------- STG Properties BEGIN ----------------
- Is combinational: 0
- Is one-state seq: 0
- Is datapath-only: 0
- Is pipelined: 0
- Is top level: 0
Port [ Return ] is wired: 1; IO mode=ap_ctrl_hs:ce=0
Port [ input_buf_V_1]:  wired=1; compound=1; hidden=0; nouse=0; global=0; static=0; extern=0; dir=1; type=1; pingpong=0; private_global=0; MemPort=[0]; IO mode=ap_memory:ce=0
Port [ input_buf_V]:  wired=1; compound=1; hidden=0; nouse=0; global=0; static=0; extern=0; dir=1; type=1; pingpong=0; private_global=0; MemPort=[0]; IO mode=ap_memory:ce=0
Port [ in_stream_V_data_V]:  wired=1; compound=1; hidden=0; nouse=0; global=0; static=0; extern=0; dir=0; type=0; pingpong=0; private_global=0; IO mode=axis:ce=0
Port [ in_stream_V_keep_V]:  wired=1; compound=1; hidden=0; nouse=0; global=0; static=0; extern=0; dir=0; type=0; pingpong=0; private_global=0; IO mode=axis:ce=0
Port [ in_stream_V_strb_V]:  wired=1; compound=1; hidden=0; nouse=0; global=0; static=0; extern=0; dir=0; type=0; pingpong=0; private_global=0; IO mode=axis:ce=0
Port [ in_stream_V_user_V]:  wired=1; compound=1; hidden=0; nouse=0; global=0; static=0; extern=0; dir=0; type=0; pingpong=0; private_global=0; IO mode=axis:ce=0
Port [ in_stream_V_last_V]:  wired=1; compound=1; hidden=0; nouse=0; global=0; static=0; extern=0; dir=0; type=0; pingpong=0; private_global=0; IO mode=axis:ce=0
Port [ in_stream_V_id_V]:  wired=1; compound=1; hidden=0; nouse=0; global=0; static=0; extern=0; dir=0; type=0; pingpong=0; private_global=0; IO mode=axis:ce=0
Port [ in_stream_V_dest_V]:  wired=1; compound=1; hidden=0; nouse=0; global=0; static=0; extern=0; dir=0; type=0; pingpong=0; private_global=0; IO mode=axis:ce=0
---------------- STG Properties END ------------------

---------------- Datapath Model BEGIN ----------------

<LifeTime>
<method=bitvector/>
t                       (alloca             ) [ 01]
specaxissidechannel_ln0 (specaxissidechannel) [ 00]
specmemcore_ln0         (specmemcore        ) [ 00]
specmemcore_ln0         (specmemcore        ) [ 00]
specinterface_ln0       (specinterface      ) [ 00]
store_ln0               (store              ) [ 00]
br_ln0                  (br                 ) [ 00]
t_4                     (load               ) [ 00]
icmp_ln243              (icmp               ) [ 01]
empty                   (speclooptripcount  ) [ 00]
add_ln243               (add                ) [ 00]
br_ln243                (br                 ) [ 00]
specpipeline_ln244      (specpipeline       ) [ 00]
specloopname_ln245      (specloopname       ) [ 00]
empty_50                (read               ) [ 00]
tmp_data_V              (extractvalue       ) [ 00]
lshr_ln                 (partselect         ) [ 00]
zext_ln294              (zext               ) [ 00]
input_buf_V_addr        (getelementptr      ) [ 00]
input_buf_V_1_addr      (getelementptr      ) [ 00]
trunc_ln294             (trunc              ) [ 01]
br_ln294                (br                 ) [ 00]
store_ln294             (store              ) [ 00]
br_ln294                (br                 ) [ 00]
store_ln294             (store              ) [ 00]
br_ln294                (br                 ) [ 00]
store_ln243             (store              ) [ 00]
br_ln243                (br                 ) [ 00]
ret_ln0                 (ret                ) [ 00]
</LifeTime>

<model>

<comp_list>
<comp id="0" class="1000" name="input_buf_V_1">
<pin_list>
<pin id="1" dir="1" index="0" bw="1" slack="0"/>
</pin_list>
<bind>
<StgValue><ssdm name="input_buf_V_1"/><MemPortTyVec>0 </MemPortTyVec>
</StgValue>
</bind>
</comp>

<comp id="2" class="1000" name="input_buf_V">
<pin_list>
<pin id="3" dir="1" index="0" bw="1" slack="0"/>
</pin_list>
<bind>
<StgValue><ssdm name="input_buf_V"/><MemPortTyVec>0 </MemPortTyVec>
</StgValue>
</bind>
</comp>

<comp id="4" class="1000" name="in_stream_V_data_V">
<pin_list>
<pin id="5" dir="1" index="0" bw="1" slack="0"/>
</pin_list>
<bind>
<StgValue><ssdm name="in_stream_V_data_V"/></StgValue>
</bind>
</comp>

<comp id="6" class="1000" name="in_stream_V_keep_V">
<pin_list>
<pin id="7" dir="1" index="0" bw="1" slack="0"/>
</pin_list>
<bind>
<StgValue><ssdm name="in_stream_V_keep_V"/></StgValue>
</bind>
</comp>

<comp id="8" class="1000" name="in_stream_V_strb_V">
<pin_list>
<pin id="9" dir="1" index="0" bw="1" slack="0"/>
</pin_list>
<bind>
<StgValue><ssdm name="in_stream_V_strb_V"/></StgValue>
</bind>
</comp>

<comp id="10" class="1000" name="in_stream_V_user_V">
<pin_list>
<pin id="11" dir="1" index="0" bw="1" slack="0"/>
</pin_list>
<bind>
<StgValue><ssdm name="in_stream_V_user_V"/></StgValue>
</bind>
</comp>

<comp id="12" class="1000" name="in_stream_V_last_V">
<pin_list>
<pin id="13" dir="1" index="0" bw="1" slack="0"/>
</pin_list>
<bind>
<StgValue><ssdm name="in_stream_V_last_V"/></StgValue>
</bind>
</comp>

<comp id="14" class="1000" name="in_stream_V_id_V">
<pin_list>
<pin id="15" dir="1" index="0" bw="1" slack="0"/>
</pin_list>
<bind>
<StgValue><ssdm name="in_stream_V_id_V"/></StgValue>
</bind>
</comp>

<comp id="16" class="1000" name="in_stream_V_dest_V">
<pin_list>
<pin id="17" dir="1" index="0" bw="1" slack="0"/>
</pin_list>
<bind>
<StgValue><ssdm name="in_stream_V_dest_V"/></StgValue>
</bind>
</comp>

<comp id="18" class="1001" name="const_18">
<pin_list>
<pin id="19" dir="1" index="0" bw="1" slack="0"/>
</pin_list>
<bind>
<StgValue><ssdm name=""/></StgValue>
</bind>
</comp>

<comp id="20" class="1001" name="const_20">
<pin_list>
<pin id="21" dir="1" index="0" bw="1" slack="2147483647"/>
</pin_list>
<bind>
<StgValue><ssdm name="_ssdm_op_SpecAXISSideChannel"/></StgValue>
</bind>
</comp>

<comp id="22" class="1001" name="const_22">
<pin_list>
<pin id="23" dir="1" index="0" bw="1" slack="2147483647"/>
</pin_list>
<bind>
<StgValue><ssdm name="empty_5"/></StgValue>
</bind>
</comp>

<comp id="24" class="1001" name="const_24">
<pin_list>
<pin id="25" dir="1" index="0" bw="1" slack="2147483647"/>
</pin_list>
<bind>
<StgValue><ssdm name="_ssdm_op_SpecMemCore"/></StgValue>
</bind>
</comp>

<comp id="26" class="1001" name="const_26">
<pin_list>
<pin id="27" dir="1" index="0" bw="1" slack="2147483647"/>
</pin_list>
<bind>
<StgValue><ssdm name=""/></StgValue>
</bind>
</comp>

<comp id="28" class="1001" name="const_28">
<pin_list>
<pin id="29" dir="1" index="0" bw="1" slack="2147483647"/>
</pin_list>
<bind>
<StgValue><ssdm name=""/></StgValue>
</bind>
</comp>

<comp id="30" class="1001" name="const_30">
<pin_list>
<pin id="31" dir="1" index="0" bw="1" slack="2147483647"/>
</pin_list>
<bind>
<StgValue><ssdm name=""/></StgValue>
</bind>
</comp>

<comp id="32" class="1001" name="const_32">
<pin_list>
<pin id="33" dir="1" index="0" bw="1" slack="2147483647"/>
</pin_list>
<bind>
<StgValue><ssdm name="_ssdm_op_SpecInterface"/></StgValue>
</bind>
</comp>

<comp id="34" class="1001" name="const_34">
<pin_list>
<pin id="35" dir="1" index="0" bw="1" slack="2147483647"/>
</pin_list>
<bind>
<StgValue><ssdm name="empty"/></StgValue>
</bind>
</comp>

<comp id="36" class="1001" name="const_36">
<pin_list>
<pin id="37" dir="1" index="0" bw="1" slack="2147483647"/>
</pin_list>
<bind>
<StgValue><ssdm name=""/></StgValue>
</bind>
</comp>

<comp id="38" class="1001" name="const_38">
<pin_list>
<pin id="39" dir="1" index="0" bw="1" slack="2147483647"/>
</pin_list>
<bind>
<StgValue><ssdm name="empty_0"/></StgValue>
</bind>
</comp>

<comp id="40" class="1001" name="const_40">
<pin_list>
<pin id="41" dir="1" index="0" bw="1" slack="2147483647"/>
</pin_list>
<bind>
<StgValue><ssdm name="empty_1"/></StgValue>
</bind>
</comp>

<comp id="42" class="1001" name="const_42">
<pin_list>
<pin id="43" dir="1" index="0" bw="1" slack="2147483647"/>
</pin_list>
<bind>
<StgValue><ssdm name=""/></StgValue>
</bind>
</comp>

<comp id="44" class="1001" name="const_44">
<pin_list>
<pin id="45" dir="1" index="0" bw="1" slack="0"/>
</pin_list>
<bind>
<StgValue><ssdm name=""/></StgValue>
</bind>
</comp>

<comp id="46" class="1001" name="const_46">
<pin_list>
<pin id="47" dir="1" index="0" bw="1" slack="0"/>
</pin_list>
<bind>
<StgValue><ssdm name=""/></StgValue>
</bind>
</comp>

<comp id="48" class="1001" name="const_48">
<pin_list>
<pin id="49" dir="1" index="0" bw="1" slack="2147483647"/>
</pin_list>
<bind>
<StgValue><ssdm name="_ssdm_op_SpecLoopTripCount"/></StgValue>
</bind>
</comp>

<comp id="50" class="1001" name="const_50">
<pin_list>
<pin id="51" dir="1" index="0" bw="1" slack="2147483647"/>
</pin_list>
<bind>
<StgValue><ssdm name=""/></StgValue>
</bind>
</comp>

<comp id="52" class="1001" name="const_52">
<pin_list>
<pin id="53" dir="1" index="0" bw="1" slack="0"/>
</pin_list>
<bind>
<StgValue><ssdm name=""/></StgValue>
</bind>
</comp>

<comp id="54" class="1001" name="const_54">
<pin_list>
<pin id="55" dir="1" index="0" bw="1" slack="2147483647"/>
</pin_list>
<bind>
<StgValue><ssdm name="_ssdm_op_SpecPipeline"/></StgValue>
</bind>
</comp>

<comp id="56" class="1001" name="const_56">
<pin_list>
<pin id="57" dir="1" index="0" bw="1" slack="2147483647"/>
</pin_list>
<bind>
<StgValue><ssdm name="_ssdm_op_SpecLoopName"/></StgValue>
</bind>
</comp>

<comp id="58" class="1001" name="const_58">
<pin_list>
<pin id="59" dir="1" index="0" bw="1" slack="2147483647"/>
</pin_list>
<bind>
<StgValue><ssdm name="empty_19"/></StgValue>
</bind>
</comp>

<comp id="60" class="1001" name="const_60">
<pin_list>
<pin id="61" dir="1" index="0" bw="1" slack="0"/>
</pin_list>
<bind>
<StgValue><ssdm name="_ssdm_op_Read.axis.volatile.i32P0A.i4P0A.i4P0A.i1P0A.i1P0A.i1P0A.i1P0A"/></StgValue>
</bind>
</comp>

<comp id="62" class="1001" name="const_62">
<pin_list>
<pin id="63" dir="1" index="0" bw="1" slack="0"/>
</pin_list>
<bind>
<StgValue><ssdm name="_ssdm_op_PartSelect.i8.i9.i32.i32"/></StgValue>
</bind>
</comp>

<comp id="64" class="1001" name="const_64">
<pin_list>
<pin id="65" dir="1" index="0" bw="1" slack="0"/>
</pin_list>
<bind>
<StgValue><ssdm name=""/></StgValue>
</bind>
</comp>

<comp id="66" class="1001" name="const_66">
<pin_list>
<pin id="67" dir="1" index="0" bw="1" slack="0"/>
</pin_list>
<bind>
<StgValue><ssdm name=""/></StgValue>
</bind>
</comp>

<comp id="68" class="1004" name="t_fu_68">
<pin_list>
<pin id="69" dir="0" index="0" bw="1" slack="0"/>
<pin id="70" dir="1" index="1" bw="9" slack="0"/>
</pin_list>
<bind>
<opcode="alloca(26) " fcode="alloca"/>
<opset="t/1 "/>
</bind>
</comp>

<comp id="72" class="1004" name="empty_50_read_fu_72">
<pin_list>
<pin id="73" dir="0" index="0" bw="44" slack="0"/>
<pin id="74" dir="0" index="1" bw="32" slack="0"/>
<pin id="75" dir="0" index="2" bw="4" slack="0"/>
<pin id="76" dir="0" index="3" bw="4" slack="0"/>
<pin id="77" dir="0" index="4" bw="1" slack="0"/>
<pin id="78" dir="0" index="5" bw="1" slack="0"/>
<pin id="79" dir="0" index="6" bw="1" slack="0"/>
<pin id="80" dir="0" index="7" bw="1" slack="0"/>
<pin id="81" dir="1" index="8" bw="44" slack="0"/>
</pin_list>
<bind>
<opcode="read(1150) " fcode="read"/>
<opset="empty_50/1 "/>
</bind>
</comp>

<comp id="90" class="1004" name="input_buf_V_addr_gep_fu_90">
<pin_list>
<pin id="91" dir="0" index="0" bw="32" slack="0"/>
<pin id="92" dir="0" index="1" bw="1" slack="0"/>
<pin id="93" dir="0" index="2" bw="8" slack="0"/>
<pin id="94" dir="1" index="3" bw="8" slack="0"/>
</pin_list>
<bind>
<opcode="getelementptr(29) " fcode="getelementptr"/>
<opset="input_buf_V_addr/1 "/>
</bind>
</comp>

<comp id="97" class="1004" name="input_buf_V_1_addr_gep_fu_97">
<pin_list>
<pin id="98" dir="0" index="0" bw="32" slack="0"/>
<pin id="99" dir="0" index="1" bw="1" slack="0"/>
<pin id="100" dir="0" index="2" bw="8" slack="0"/>
<pin id="101" dir="1" index="3" bw="8" slack="0"/>
</pin_list>
<bind>
<opcode="getelementptr(29) " fcode="getelementptr"/>
<opset="input_buf_V_1_addr/1 "/>
</bind>
</comp>

<comp id="104" class="1004" name="store_ln294_access_fu_104">
<pin_list>
<pin id="105" dir="0" index="0" bw="8" slack="0"/>
<pin id="106" dir="0" index="1" bw="32" slack="0"/>
<pin id="107" dir="0" index="2" bw="0" slack="2147483647"/>
<pin id="108" dir="1" index="3" bw="32" slack="2147483647"/>
</pin_list>
<bind>
<opcode="store(28) " fcode="store"/>
<opset="store_ln294/1 "/>
</bind>
</comp>

<comp id="110" class="1004" name="store_ln294_access_fu_110">
<pin_list>
<pin id="111" dir="0" index="0" bw="8" slack="0"/>
<pin id="112" dir="0" index="1" bw="32" slack="0"/>
<pin id="113" dir="0" index="2" bw="0" slack="2147483647"/>
<pin id="114" dir="1" index="3" bw="32" slack="2147483647"/>
</pin_list>
<bind>
<opcode="store(28) " fcode="store"/>
<opset="store_ln294/1 "/>
</bind>
</comp>

<comp id="116" class="1004" name="store_ln0_store_fu_116">
<pin_list>
<pin id="117" dir="0" index="0" bw="1" slack="0"/>
<pin id="118" dir="0" index="1" bw="9" slack="0"/>
<pin id="119" dir="1" index="2" bw="0" slack="2147483647"/>
</pin_list>
<bind>
<opcode="store(28) " fcode="store"/>
<opset="store_ln0/1 "/>
</bind>
</comp>

<comp id="121" class="1004" name="t_4_load_fu_121">
<pin_list>
<pin id="122" dir="0" index="0" bw="9" slack="0"/>
<pin id="123" dir="1" index="1" bw="9" slack="0"/>
</pin_list>
<bind>
<opcode="load(27) " fcode="load"/>
<opset="t_4/1 "/>
</bind>
</comp>

<comp id="124" class="1004" name="icmp_ln243_fu_124">
<pin_list>
<pin id="125" dir="0" index="0" bw="9" slack="0"/>
<pin id="126" dir="0" index="1" bw="9" slack="0"/>
<pin id="127" dir="1" index="2" bw="1" slack="2147483647"/>
</pin_list>
<bind>
<opcode="icmp(45) " fcode="icmp"/>
<opset="icmp_ln243/1 "/>
</bind>
</comp>

<comp id="130" class="1004" name="add_ln243_fu_130">
<pin_list>
<pin id="131" dir="0" index="0" bw="9" slack="0"/>
<pin id="132" dir="0" index="1" bw="1" slack="0"/>
<pin id="133" dir="1" index="2" bw="9" slack="0"/>
</pin_list>
<bind>
<opcode="add(8) " fcode="add"/>
<opset="add_ln243/1 "/>
</bind>
</comp>

<comp id="136" class="1004" name="tmp_data_V_fu_136">
<pin_list>
<pin id="137" dir="0" index="0" bw="44" slack="0"/>
<pin id="138" dir="1" index="1" bw="32" slack="0"/>
</pin_list>
<bind>
<opcode="extractvalue(56) " fcode="extractvalue"/>
<opset="tmp_data_V/1 "/>
</bind>
</comp>

<comp id="142" class="1004" name="lshr_ln_fu_142">
<pin_list>
<pin id="143" dir="0" index="0" bw="8" slack="0"/>
<pin id="144" dir="0" index="1" bw="9" slack="0"/>
<pin id="145" dir="0" index="2" bw="1" slack="0"/>
<pin id="146" dir="0" index="3" bw="5" slack="0"/>
<pin id="147" dir="1" index="4" bw="8" slack="0"/>
</pin_list>
<bind>
<opcode="partselect(1002) " fcode="partselect"/>
<opset="lshr_ln/1 "/>
</bind>
</comp>

<comp id="152" class="1004" name="zext_ln294_fu_152">
<pin_list>
<pin id="153" dir="0" index="0" bw="8" slack="0"/>
<pin id="154" dir="1" index="1" bw="64" slack="0"/>
</pin_list>
<bind>
<opcode="zext(34) " fcode="zext"/>
<opset="zext_ln294/1 "/>
</bind>
</comp>

<comp id="158" class="1004" name="trunc_ln294_fu_158">
<pin_list>
<pin id="159" dir="0" index="0" bw="9" slack="0"/>
<pin id="160" dir="1" index="1" bw="1" slack="2147483647"/>
</pin_list>
<bind>
<opcode="trunc(33) " fcode="trunc"/>
<opset="trunc_ln294/1 "/>
</bind>
</comp>

<comp id="162" class="1004" name="store_ln243_store_fu_162">
<pin_list>
<pin id="163" dir="0" index="0" bw="9" slack="0"/>
<pin id="164" dir="0" index="1" bw="9" slack="0"/>
<pin id="165" dir="1" index="2" bw="0" slack="2147483647"/>
</pin_list>
<bind>
<opcode="store(28) " fcode="store"/>
<opset="store_ln243/1 "/>
</bind>
</comp>

<comp id="167" class="1005" name="t_reg_167">
<pin_list>
<pin id="168" dir="0" index="0" bw="9" slack="0"/>
<pin id="169" dir="1" index="1" bw="9" slack="0"/>
</pin_list>
<bind>
<opset="t "/>
</bind>
</comp>

</comp_list>

<net_list>
<net id="71"><net_src comp="18" pin="0"/><net_sink comp="68" pin=0"/></net>

<net id="82"><net_src comp="60" pin="0"/><net_sink comp="72" pin=0"/></net>

<net id="83"><net_src comp="4" pin="0"/><net_sink comp="72" pin=1"/></net>

<net id="84"><net_src comp="6" pin="0"/><net_sink comp="72" pin=2"/></net>

<net id="85"><net_src comp="8" pin="0"/><net_sink comp="72" pin=3"/></net>

<net id="86"><net_src comp="10" pin="0"/><net_sink comp="72" pin=4"/></net>

<net id="87"><net_src comp="12" pin="0"/><net_sink comp="72" pin=5"/></net>

<net id="88"><net_src comp="14" pin="0"/><net_sink comp="72" pin=6"/></net>

<net id="89"><net_src comp="16" pin="0"/><net_sink comp="72" pin=7"/></net>

<net id="95"><net_src comp="2" pin="0"/><net_sink comp="90" pin=0"/></net>

<net id="96"><net_src comp="66" pin="0"/><net_sink comp="90" pin=1"/></net>

<net id="102"><net_src comp="0" pin="0"/><net_sink comp="97" pin=0"/></net>

<net id="103"><net_src comp="66" pin="0"/><net_sink comp="97" pin=1"/></net>

<net id="109"><net_src comp="90" pin="3"/><net_sink comp="104" pin=0"/></net>

<net id="115"><net_src comp="97" pin="3"/><net_sink comp="110" pin=0"/></net>

<net id="120"><net_src comp="44" pin="0"/><net_sink comp="116" pin=0"/></net>

<net id="128"><net_src comp="121" pin="1"/><net_sink comp="124" pin=0"/></net>

<net id="129"><net_src comp="46" pin="0"/><net_sink comp="124" pin=1"/></net>

<net id="134"><net_src comp="121" pin="1"/><net_sink comp="130" pin=0"/></net>

<net id="135"><net_src comp="52" pin="0"/><net_sink comp="130" pin=1"/></net>

<net id="139"><net_src comp="72" pin="8"/><net_sink comp="136" pin=0"/></net>

<net id="140"><net_src comp="136" pin="1"/><net_sink comp="104" pin=1"/></net>

<net id="141"><net_src comp="136" pin="1"/><net_sink comp="110" pin=1"/></net>

<net id="148"><net_src comp="62" pin="0"/><net_sink comp="142" pin=0"/></net>

<net id="149"><net_src comp="121" pin="1"/><net_sink comp="142" pin=1"/></net>

<net id="150"><net_src comp="18" pin="0"/><net_sink comp="142" pin=2"/></net>

<net id="151"><net_src comp="64" pin="0"/><net_sink comp="142" pin=3"/></net>

<net id="155"><net_src comp="142" pin="4"/><net_sink comp="152" pin=0"/></net>

<net id="156"><net_src comp="152" pin="1"/><net_sink comp="90" pin=2"/></net>

<net id="157"><net_src comp="152" pin="1"/><net_sink comp="97" pin=2"/></net>

<net id="161"><net_src comp="121" pin="1"/><net_sink comp="158" pin=0"/></net>

<net id="166"><net_src comp="130" pin="2"/><net_sink comp="162" pin=0"/></net>

<net id="170"><net_src comp="68" pin="1"/><net_sink comp="167" pin=0"/></net>

<net id="171"><net_src comp="167" pin="1"/><net_sink comp="116" pin=1"/></net>

<net id="172"><net_src comp="167" pin="1"/><net_sink comp="121" pin=0"/></net>

<net id="173"><net_src comp="167" pin="1"/><net_sink comp="162" pin=1"/></net>

</net_list>

</model> 
---------------- Datapath Model END ------------------

* FSMD analyzer results:
  - Output states:
	Port: input_buf_V_1 | {1 }
	Port: input_buf_V | {1 }
	Port: in_stream_V_data_V | {}
	Port: in_stream_V_keep_V | {}
	Port: in_stream_V_strb_V | {}
	Port: in_stream_V_user_V | {}
	Port: in_stream_V_last_V | {}
	Port: in_stream_V_id_V | {}
	Port: in_stream_V_dest_V | {}
 - Input state : 
	Port: ecg_denoiser_Pipeline_READ_INPUT : in_stream_V_data_V | {1 }
	Port: ecg_denoiser_Pipeline_READ_INPUT : in_stream_V_keep_V | {1 }
	Port: ecg_denoiser_Pipeline_READ_INPUT : in_stream_V_strb_V | {1 }
	Port: ecg_denoiser_Pipeline_READ_INPUT : in_stream_V_user_V | {1 }
	Port: ecg_denoiser_Pipeline_READ_INPUT : in_stream_V_last_V | {1 }
	Port: ecg_denoiser_Pipeline_READ_INPUT : in_stream_V_id_V | {1 }
	Port: ecg_denoiser_Pipeline_READ_INPUT : in_stream_V_dest_V | {1 }
  - Chain level:
	State 1
		store_ln0 : 1
		t_4 : 1
		icmp_ln243 : 2
		add_ln243 : 2
		br_ln243 : 3
		lshr_ln : 2
		zext_ln294 : 3
		input_buf_V_addr : 4
		input_buf_V_1_addr : 4
		trunc_ln294 : 2
		br_ln294 : 3
		store_ln294 : 5
		store_ln294 : 5
		store_ln243 : 3


============================================================
+ Verbose Summary: Datapath Resource usage 
============================================================

* Functional unit list:
|----------|---------------------|---------|---------|
| Operation|   Functional Unit   |    FF   |   LUT   |
|----------|---------------------|---------|---------|
|    add   |   add_ln243_fu_130  |    0    |    9    |
|----------|---------------------|---------|---------|
|   icmp   |  icmp_ln243_fu_124  |    0    |    4    |
|----------|---------------------|---------|---------|
|   read   | empty_50_read_fu_72 |    0    |    0    |
|----------|---------------------|---------|---------|
|extractvalue|  tmp_data_V_fu_136  |    0    |    0    |
|----------|---------------------|---------|---------|
|partselect|    lshr_ln_fu_142   |    0    |    0    |
|----------|---------------------|---------|---------|
|   zext   |  zext_ln294_fu_152  |    0    |    0    |
|----------|---------------------|---------|---------|
|   trunc  |  trunc_ln294_fu_158 |    0    |    0    |
|----------|---------------------|---------|---------|
|   Total  |                     |    0    |    13   |
|----------|---------------------|---------|---------|

Memories:
N/A

* Register list:
+---------+--------+
|         |   FF   |
+---------+--------+
|t_reg_167|    9   |
+---------+--------+
|  Total  |    9   |
+---------+--------+

* Multiplexer (MUX) list: 
|--------|------|------|------|--------|
|  Comp  |  Pin | Size |  BW  | S x BW |
|--------|------|------|------|--------|
|  Total |      |      |      |    0   |
|--------|------|------|------|--------|



* Summary:
+-----------+--------+--------+
|           |   FF   |   LUT  |
+-----------+--------+--------+
|  Function |    0   |   13   |
|   Memory  |    -   |    -   |
|Multiplexer|    -   |    -   |
|  Register |    9   |    -   |
+-----------+--------+--------+
|   Total   |    9   |   13   |
+-----------+--------+--------+
