

================================================================
== Vitis HLS Report for 'ecg_denoiser'
================================================================
* Date:           Sat Apr  4 09:58:51 2026

* Version:        2022.2 (Build 3670227 on Oct 13 2022)
* Project:        ecg_denoiser_ip
* Solution:       solution1 (Vivado IP Flow Target)
* Product family: zynq
* Target device:  xc7z030-sbg485-2


================================================================
== Performance Estimates
================================================================
+ Timing: 
    * Summary: 
    +--------+----------+----------+------------+
    |  Clock |  Target  | Estimated| Uncertainty|
    +--------+----------+----------+------------+
    |ap_clk  |  13.00 ns|  9.154 ns|     3.51 ns|
    +--------+----------+----------+------------+

+ Latency: 
    * Summary: 
    +----------+----------+-----------+-----------+----------+----------+---------+
    |   Latency (cycles)  |   Latency (absolute)  |       Interval      | Pipeline|
    |    min   |    max   |    min    |    max    |    min   |    max   |   Type  |
    +----------+----------+-----------+-----------+----------+----------+---------+
    |  19755865|  19755865|  0.257 sec|  0.257 sec|  19755866|  19755866|       no|
    +----------+----------+-----------+-----------+----------+----------+---------+

    + Detail: 
        * Instance: 
        N/A

        * Loop: 
        N/A

============================================================
+ Verbose Summary: Synthesis Manager
============================================================
InlineROM: 1
ExposeGlobal: 0
============================================================
+ Verbose Summary: CDFG Model
============================================================
IsTopModel: 1
ResetActiveHigh: 1
IsCombinational: 0
IsDatapathOnly: 0
HasWiredReturn: 1
HasMFsm: 0
HasVarLatency: 1
IsPipeline: 0
IsRtlPipelined: 0
IsInstanceOverlapped: 0
IsDontTouch: 0
HasImplIP: 0
IsGatedGlobalClock: 0


============================================================
+ Verbose Summary: Schedule
============================================================
* Number of FSM states : 69
* Pipeline : 0
* Dataflow Pipeline: 0

* FSM state transitions: 
1 --> 2 
2 --> 3 
3 --> 4 
4 --> 5 
5 --> 6 
6 --> 7 
7 --> 8 
8 --> 9 
9 --> 10 
10 --> 11 
11 --> 12 
12 --> 13 
13 --> 14 
14 --> 15 
15 --> 16 
16 --> 17 
17 --> 18 
18 --> 19 
19 --> 20 
20 --> 21 
21 --> 22 
22 --> 23 
23 --> 24 
24 --> 25 
25 --> 26 
26 --> 27 
27 --> 28 
28 --> 29 
29 --> 30 
30 --> 31 
31 --> 32 
32 --> 33 
33 --> 34 
34 --> 35 
35 --> 36 
36 --> 37 
37 --> 38 
38 --> 39 
39 --> 40 
40 --> 41 
41 --> 42 
42 --> 43 
43 --> 44 
44 --> 45 
45 --> 46 
46 --> 47 
47 --> 48 
48 --> 49 
49 --> 50 
50 --> 51 
51 --> 52 
52 --> 53 
53 --> 54 
54 --> 55 
55 --> 56 
56 --> 57 
57 --> 58 
58 --> 59 
59 --> 60 
60 --> 61 
61 --> 62 
62 --> 63 
63 --> 64 
64 --> 65 
65 --> 66 
66 --> 67 
67 --> 68 
68 --> 69 
69 --> 

* FSM state operations: 

State 1 <SV = 0> <Delay = 0.00>
ST_1 : Operation 70 [1/1] (0.00ns)   --->   "%var_acc_V_2_loc = alloca i64 1"   --->   Operation 70 'alloca' 'var_acc_V_2_loc' <Predicate = true> <Delay = 0.00>
ST_1 : Operation 71 [1/1] (0.00ns)   --->   "%mean_acc_V_loc = alloca i64 1"   --->   Operation 71 'alloca' 'mean_acc_V_loc' <Predicate = true> <Delay = 0.00>
ST_1 : Operation 72 [1/1] (0.00ns)   --->   "%input_buf_V = alloca i64 1" [src/ecg_denoiser.cpp:232]   --->   Operation 72 'alloca' 'input_buf_V' <Predicate = true> <Delay = 0.00> <CoreInst = "RAM_1P_LUTRAM">   --->   Core 87 'RAM_1P_LUTRAM' <Latency = 1> <II = 1> <Delay = 1.75> <Storage> <Opcode : 'load' 'store'> <Ports = 1> <Width = 32> <Depth = 180> <RAM>
ST_1 : Operation 73 [1/1] (0.00ns)   --->   "%input_buf_V_1 = alloca i64 1" [src/ecg_denoiser.cpp:232]   --->   Operation 73 'alloca' 'input_buf_V_1' <Predicate = true> <Delay = 0.00> <CoreInst = "RAM_1P_LUTRAM">   --->   Core 87 'RAM_1P_LUTRAM' <Latency = 1> <II = 1> <Delay = 1.75> <Storage> <Opcode : 'load' 'store'> <Ports = 1> <Width = 32> <Depth = 180> <RAM>
ST_1 : Operation 74 [1/1] (0.00ns)   --->   "%norm_buf_V = alloca i64 1" [src/ecg_denoiser.cpp:233]   --->   Operation 74 'alloca' 'norm_buf_V' <Predicate = true> <Delay = 0.00> <CoreInst = "RAM_1P_LUTRAM">   --->   Core 87 'RAM_1P_LUTRAM' <Latency = 1> <II = 1> <Delay = 1.75> <Storage> <Opcode : 'load' 'store'> <Ports = 1> <Width = 32> <Depth = 180> <RAM>
ST_1 : Operation 75 [1/1] (0.00ns)   --->   "%norm_buf_V_1 = alloca i64 1" [src/ecg_denoiser.cpp:233]   --->   Operation 75 'alloca' 'norm_buf_V_1' <Predicate = true> <Delay = 0.00> <CoreInst = "RAM_1P_LUTRAM">   --->   Core 87 'RAM_1P_LUTRAM' <Latency = 1> <II = 1> <Delay = 1.75> <Storage> <Opcode : 'load' 'store'> <Ports = 1> <Width = 32> <Depth = 180> <RAM>
ST_1 : Operation 76 [1/1] (0.00ns)   --->   "%buf41210 = alloca i64 1"   --->   Operation 76 'alloca' 'buf41210' <Predicate = true> <Delay = 0.00>
ST_1 : Operation 77 [1/1] (0.00ns)   --->   "%empty = wait i32 @_ssdm_op_Wait"   --->   Operation 77 'wait' 'empty' <Predicate = true> <Delay = 0.00>

State 2 <SV = 1> <Delay = 1.75>
ST_2 : Operation 78 [2/2] (1.75ns)   --->   "%call_ln0 = call void @ecg_denoiser_Pipeline_READ_INPUT, i32 %input_buf_V_1, i32 %input_buf_V, i32 %in_stream_V_data_V, i4 %in_stream_V_keep_V, i4 %in_stream_V_strb_V, i1 %in_stream_V_user_V, i1 %in_stream_V_last_V, i1 %in_stream_V_id_V, i1 %in_stream_V_dest_V"   --->   Operation 78 'call' 'call_ln0' <Predicate = true> <Delay = 1.75> <CoreType = "Generic">   --->   Core 0 '' <Latency = 0> <II = 1> <Delay = 1.00> <Generic> <Opcode : >

State 3 <SV = 2> <Delay = 0.00>
ST_3 : Operation 79 [1/2] (0.00ns)   --->   "%call_ln0 = call void @ecg_denoiser_Pipeline_READ_INPUT, i32 %input_buf_V_1, i32 %input_buf_V, i32 %in_stream_V_data_V, i4 %in_stream_V_keep_V, i4 %in_stream_V_strb_V, i1 %in_stream_V_user_V, i1 %in_stream_V_last_V, i1 %in_stream_V_id_V, i1 %in_stream_V_dest_V"   --->   Operation 79 'call' 'call_ln0' <Predicate = true> <Delay = 0.00> <CoreType = "Generic">   --->   Core 0 '' <Latency = 0> <II = 1> <Delay = 1.00> <Generic> <Opcode : >

State 4 <SV = 3> <Delay = 0.00>
ST_4 : Operation 80 [1/1] (0.00ns)   --->   "%empty_51 = wait i32 @_ssdm_op_Wait"   --->   Operation 80 'wait' 'empty_51' <Predicate = true> <Delay = 0.00>
ST_4 : Operation 81 [2/2] (0.00ns)   --->   "%call_ln0 = call void @ecg_denoiser_Pipeline_ZNORM_MEAN, i32 %input_buf_V, i32 %input_buf_V_1, i48 %mean_acc_V_loc"   --->   Operation 81 'call' 'call_ln0' <Predicate = true> <Delay = 0.00> <CoreType = "Generic">   --->   Core 0 '' <Latency = 0> <II = 1> <Delay = 1.00> <Generic> <Opcode : >

State 5 <SV = 4> <Delay = 2.92>
ST_5 : Operation 82 [1/2] (2.92ns)   --->   "%call_ln0 = call void @ecg_denoiser_Pipeline_ZNORM_MEAN, i32 %input_buf_V, i32 %input_buf_V_1, i48 %mean_acc_V_loc"   --->   Operation 82 'call' 'call_ln0' <Predicate = true> <Delay = 2.92> <CoreType = "Generic">   --->   Core 0 '' <Latency = 0> <II = 1> <Delay = 1.00> <Generic> <Opcode : >

State 6 <SV = 5> <Delay = 8.62>
ST_6 : Operation 83 [1/1] (0.00ns)   --->   "%mean_acc_V_loc_load = load i48 %mean_acc_V_loc"   --->   Operation 83 'load' 'mean_acc_V_loc_load' <Predicate = true> <Delay = 0.00>
ST_6 : Operation 84 [1/1] (0.00ns)   --->   "%sext_ln1270 = sext i48 %mean_acc_V_loc_load"   --->   Operation 84 'sext' 'sext_ln1270' <Predicate = true> <Delay = 0.00>
ST_6 : Operation 85 [1/1] (8.62ns)   --->   "%r_V = mul i56 %sext_ln1270, i56 182"   --->   Operation 85 'mul' 'r_V' <Predicate = true> <Delay = 8.62> <CoreInst = "Multiplier">   --->   Core 3 'Multiplier' <Latency = 0> <II = 1> <Delay = 8.62> <FuncUnit> <Opcode : 'mul'> <InPorts = 2> <OutPorts = 1>
ST_6 : Operation 86 [1/1] (0.00ns)   --->   "%mean_fx_V = partselect i32 @_ssdm_op_PartSelect.i32.i56.i32.i32, i56 %r_V, i32 24, i32 55"   --->   Operation 86 'partselect' 'mean_fx_V' <Predicate = true> <Delay = 0.00>
ST_6 : Operation 87 [2/2] (0.00ns)   --->   "%call_ln818 = call void @ecg_denoiser_Pipeline_ZNORM_VAR, i32 %input_buf_V, i32 %input_buf_V_1, i32 %mean_fx_V, i48 %var_acc_V_2_loc"   --->   Operation 87 'call' 'call_ln818' <Predicate = true> <Delay = 0.00> <CoreType = "Generic">   --->   Core 0 '' <Latency = 0> <II = 1> <Delay = 1.00> <Generic> <Opcode : >

State 7 <SV = 6> <Delay = 0.00>
ST_7 : Operation 88 [1/2] (0.00ns)   --->   "%call_ln818 = call void @ecg_denoiser_Pipeline_ZNORM_VAR, i32 %input_buf_V, i32 %input_buf_V_1, i32 %mean_fx_V, i48 %var_acc_V_2_loc"   --->   Operation 88 'call' 'call_ln818' <Predicate = true> <Delay = 0.00> <CoreType = "Generic">   --->   Core 0 '' <Latency = 0> <II = 1> <Delay = 1.00> <Generic> <Opcode : >

State 8 <SV = 7> <Delay = 8.62>
ST_8 : Operation 89 [1/1] (0.00ns)   --->   "%var_acc_V_2_loc_load = load i48 %var_acc_V_2_loc"   --->   Operation 89 'load' 'var_acc_V_2_loc_load' <Predicate = true> <Delay = 0.00>
ST_8 : Operation 90 [1/1] (0.00ns)   --->   "%sext_ln1270_1 = sext i48 %var_acc_V_2_loc_load"   --->   Operation 90 'sext' 'sext_ln1270_1' <Predicate = true> <Delay = 0.00>
ST_8 : Operation 91 [1/1] (8.62ns)   --->   "%r_V_3 = mul i56 %sext_ln1270_1, i56 182"   --->   Operation 91 'mul' 'r_V_3' <Predicate = true> <Delay = 8.62> <CoreInst = "Multiplier">   --->   Core 3 'Multiplier' <Latency = 0> <II = 1> <Delay = 8.62> <FuncUnit> <Opcode : 'mul'> <InPorts = 2> <OutPorts = 1>
ST_8 : Operation 92 [1/1] (0.00ns)   --->   "%var_fx = partselect i32 @_ssdm_op_PartSelect.i32.i56.i32.i32, i56 %r_V_3, i32 24, i32 55"   --->   Operation 92 'partselect' 'var_fx' <Predicate = true> <Delay = 0.00>
ST_8 : Operation 93 [1/1] (0.00ns)   --->   "%p_Result_6 = bitselect i1 @_ssdm_op_BitSelect.i1.i56.i32, i56 %r_V_3, i32 55"   --->   Operation 93 'bitselect' 'p_Result_6' <Predicate = true> <Delay = 0.00>

State 9 <SV = 8> <Delay = 9.15>
ST_9 : Operation 94 [1/1] (1.96ns)   --->   "%icmp_ln1090 = icmp_eq  i32 %var_fx, i32 0"   --->   Operation 94 'icmp' 'icmp_ln1090' <Predicate = true> <Delay = 1.96> <CoreInst = "Cmp">   --->   Core 9 'Cmp' <Latency = 0> <II = 1> <Delay = 1.96> <FuncUnit> <Opcode : 'icmp'> <InPorts = 2> <OutPorts = 1>
ST_9 : Operation 95 [1/1] (1.89ns)   --->   "%tmp_V = sub i32 0, i32 %var_fx"   --->   Operation 95 'sub' 'tmp_V' <Predicate = (p_Result_6)> <Delay = 1.89> <CoreInst = "Adder">   --->   Core 1 'Adder' <Latency = 0> <II = 1> <Delay = 1.89> <FuncUnit> <Opcode : 'add' 'sub'> <InPorts = 2> <OutPorts = 1>
ST_9 : Operation 96 [1/1] (0.70ns)   --->   "%tmp_V_2 = select i1 %p_Result_6, i32 %tmp_V, i32 %var_fx"   --->   Operation 96 'select' 'tmp_V_2' <Predicate = true> <Delay = 0.70> <CoreInst = "Sel">   --->   Core 73 'Sel' <Latency = 0> <II = 1> <Delay = 0.70> <FuncUnit> <Opcode : 'select'> <InPorts = 3> <OutPorts = 1>
ST_9 : Operation 97 [1/1] (0.00ns)   --->   "%p_Result_7 = partselect i32 @llvm.part.select.i32, i32 %tmp_V_2, i32 31, i32 0"   --->   Operation 97 'partselect' 'p_Result_7' <Predicate = true> <Delay = 0.00>
ST_9 : Operation 98 [1/1] (0.00ns)   --->   "%l = cttz i32 @llvm.cttz.i32, i32 %p_Result_7, i1 1"   --->   Operation 98 'cttz' 'l' <Predicate = true> <Delay = 0.00>
ST_9 : Operation 99 [1/1] (1.89ns)   --->   "%sub_ln1099 = sub i32 32, i32 %l"   --->   Operation 99 'sub' 'sub_ln1099' <Predicate = true> <Delay = 1.89> <CoreInst = "Adder">   --->   Core 1 'Adder' <Latency = 0> <II = 1> <Delay = 1.89> <FuncUnit> <Opcode : 'add' 'sub'> <InPorts = 2> <OutPorts = 1>
ST_9 : Operation 100 [1/1] (1.89ns)   --->   "%lsb_index = add i32 %sub_ln1099, i32 4294967272"   --->   Operation 100 'add' 'lsb_index' <Predicate = true> <Delay = 1.89> <CoreInst = "Adder">   --->   Core 1 'Adder' <Latency = 0> <II = 1> <Delay = 1.89> <FuncUnit> <Opcode : 'add' 'sub'> <InPorts = 2> <OutPorts = 1>
ST_9 : Operation 101 [1/1] (0.00ns)   --->   "%tmp = partselect i31 @_ssdm_op_PartSelect.i31.i32.i32.i32, i32 %lsb_index, i32 1, i32 31"   --->   Operation 101 'partselect' 'tmp' <Predicate = true> <Delay = 0.00>
ST_9 : Operation 102 [1/1] (1.96ns)   --->   "%icmp_ln1101 = icmp_sgt  i31 %tmp, i31 0"   --->   Operation 102 'icmp' 'icmp_ln1101' <Predicate = true> <Delay = 1.96> <CoreInst = "Cmp">   --->   Core 9 'Cmp' <Latency = 0> <II = 1> <Delay = 1.96> <FuncUnit> <Opcode : 'icmp'> <InPorts = 2> <OutPorts = 1>
ST_9 : Operation 103 [1/1] (0.00ns)   --->   "%trunc_ln1102 = trunc i32 %sub_ln1099"   --->   Operation 103 'trunc' 'trunc_ln1102' <Predicate = true> <Delay = 0.00>
ST_9 : Operation 104 [1/1] (1.02ns)   --->   "%sub_ln1102 = sub i5 25, i5 %trunc_ln1102"   --->   Operation 104 'sub' 'sub_ln1102' <Predicate = true> <Delay = 1.02> <CoreInst = "Adder">   --->   Core 1 'Adder' <Latency = 0> <II = 1> <Delay = 1.02> <FuncUnit> <Opcode : 'add' 'sub'> <InPorts = 2> <OutPorts = 1>
ST_9 : Operation 105 [1/1] (0.00ns) (grouped into LUT with out node icmp_ln1102)   --->   "%zext_ln1102 = zext i5 %sub_ln1102"   --->   Operation 105 'zext' 'zext_ln1102' <Predicate = true> <Delay = 0.00>
ST_9 : Operation 106 [1/1] (0.00ns) (grouped into LUT with out node icmp_ln1102)   --->   "%lshr_ln1102 = lshr i32 4294967295, i32 %zext_ln1102"   --->   Operation 106 'lshr' 'lshr_ln1102' <Predicate = true> <Delay = 0.00> <CoreInst = "Shifter">   --->   Core 75 'Shifter' <Latency = 0> <II = 1> <Delay = 2.18> <FuncUnit> <Opcode : 'shl' 'lshr' 'ashr'> <InPorts = 2> <OutPorts = 1>
ST_9 : Operation 107 [1/1] (0.00ns) (grouped into LUT with out node icmp_ln1102)   --->   "%p_Result_s = and i32 %tmp_V_2, i32 %lshr_ln1102"   --->   Operation 107 'and' 'p_Result_s' <Predicate = true> <Delay = 0.00> <CoreInst = "LogicGate">   --->   Core 74 'LogicGate' <Latency = 0> <II = 1> <Delay = 0.80> <FuncUnit> <Opcode : 'and' 'or' 'xor'> <InPorts = 2> <OutPorts = 1>
ST_9 : Operation 108 [1/1] (2.18ns) (out node of the LUT)   --->   "%icmp_ln1102 = icmp_ne  i32 %p_Result_s, i32 0"   --->   Operation 108 'icmp' 'icmp_ln1102' <Predicate = true> <Delay = 2.18> <CoreInst = "Cmp">   --->   Core 9 'Cmp' <Latency = 0> <II = 1> <Delay = 1.96> <FuncUnit> <Opcode : 'icmp'> <InPorts = 2> <OutPorts = 1>
ST_9 : Operation 109 [1/1] (0.00ns) (grouped into LUT with out node or_ln)   --->   "%a = and i1 %icmp_ln1101, i1 %icmp_ln1102"   --->   Operation 109 'and' 'a' <Predicate = true> <Delay = 0.00> <CoreInst = "LogicGate">   --->   Core 74 'LogicGate' <Latency = 0> <II = 1> <Delay = 0.80> <FuncUnit> <Opcode : 'and' 'or' 'xor'> <InPorts = 2> <OutPorts = 1>
ST_9 : Operation 110 [1/1] (0.00ns) (grouped into LUT with out node or_ln)   --->   "%tmp_1 = bitselect i1 @_ssdm_op_BitSelect.i1.i32.i32, i32 %lsb_index, i32 31"   --->   Operation 110 'bitselect' 'tmp_1' <Predicate = true> <Delay = 0.00>
ST_9 : Operation 111 [1/1] (0.00ns) (grouped into LUT with out node or_ln)   --->   "%xor_ln1104 = xor i1 %tmp_1, i1 1"   --->   Operation 111 'xor' 'xor_ln1104' <Predicate = true> <Delay = 0.00> <CoreInst = "LogicGate">   --->   Core 74 'LogicGate' <Latency = 0> <II = 1> <Delay = 0.80> <FuncUnit> <Opcode : 'and' 'or' 'xor'> <InPorts = 2> <OutPorts = 1>
ST_9 : Operation 112 [1/1] (0.00ns) (grouped into LUT with out node or_ln)   --->   "%p_Result_1 = bitselect i1 @_ssdm_op_BitSelect.i1.i32.i32, i32 %tmp_V_2, i32 %lsb_index"   --->   Operation 112 'bitselect' 'p_Result_1' <Predicate = true> <Delay = 0.00>
ST_9 : Operation 113 [1/1] (0.00ns) (grouped into LUT with out node or_ln)   --->   "%and_ln1104 = and i1 %p_Result_1, i1 %xor_ln1104"   --->   Operation 113 'and' 'and_ln1104' <Predicate = true> <Delay = 0.00> <CoreInst = "LogicGate">   --->   Core 74 'LogicGate' <Latency = 0> <II = 1> <Delay = 0.80> <FuncUnit> <Opcode : 'and' 'or' 'xor'> <InPorts = 2> <OutPorts = 1>
ST_9 : Operation 114 [1/1] (0.00ns) (grouped into LUT with out node or_ln)   --->   "%or_ln1104 = or i1 %and_ln1104, i1 %a"   --->   Operation 114 'or' 'or_ln1104' <Predicate = true> <Delay = 0.00> <CoreInst = "LogicGate">   --->   Core 74 'LogicGate' <Latency = 0> <II = 1> <Delay = 0.80> <FuncUnit> <Opcode : 'and' 'or' 'xor'> <InPorts = 2> <OutPorts = 1>
ST_9 : Operation 115 [1/1] (0.80ns) (out node of the LUT)   --->   "%or_ln = bitconcatenate i2 @_ssdm_op_BitConcatenate.i2.i1.i1, i1 0, i1 %or_ln1104"   --->   Operation 115 'bitconcatenate' 'or_ln' <Predicate = true> <Delay = 0.80>
ST_9 : Operation 116 [1/1] (1.96ns)   --->   "%icmp_ln1113 = icmp_sgt  i32 %lsb_index, i32 0"   --->   Operation 116 'icmp' 'icmp_ln1113' <Predicate = true> <Delay = 1.96> <CoreInst = "Cmp">   --->   Core 9 'Cmp' <Latency = 0> <II = 1> <Delay = 1.96> <FuncUnit> <Opcode : 'icmp'> <InPorts = 2> <OutPorts = 1>
ST_9 : Operation 117 [1/1] (0.00ns)   --->   "%trunc_ln1098 = trunc i32 %l"   --->   Operation 117 'trunc' 'trunc_ln1098' <Predicate = true> <Delay = 0.00>

State 10 <SV = 9> <Delay = 8.95>
ST_10 : Operation 118 [1/1] (0.00ns)   --->   "%zext_ln1112 = zext i32 %tmp_V_2"   --->   Operation 118 'zext' 'zext_ln1112' <Predicate = (!icmp_ln1090)> <Delay = 0.00>
ST_10 : Operation 119 [1/1] (1.89ns)   --->   "%add_ln1113 = add i32 %sub_ln1099, i32 4294967271"   --->   Operation 119 'add' 'add_ln1113' <Predicate = (icmp_ln1113 & !icmp_ln1090)> <Delay = 1.89> <CoreInst = "Adder">   --->   Core 1 'Adder' <Latency = 0> <II = 1> <Delay = 1.89> <FuncUnit> <Opcode : 'add' 'sub'> <InPorts = 2> <OutPorts = 1>
ST_10 : Operation 120 [1/1] (0.00ns) (grouped into LUT with out node m_3)   --->   "%zext_ln1113 = zext i32 %add_ln1113"   --->   Operation 120 'zext' 'zext_ln1113' <Predicate = (icmp_ln1113 & !icmp_ln1090)> <Delay = 0.00>
ST_10 : Operation 121 [1/1] (0.00ns) (grouped into LUT with out node m_3)   --->   "%lshr_ln1113 = lshr i64 %zext_ln1112, i64 %zext_ln1113"   --->   Operation 121 'lshr' 'lshr_ln1113' <Predicate = (icmp_ln1113 & !icmp_ln1090)> <Delay = 0.00> <CoreInst = "Shifter">   --->   Core 75 'Shifter' <Latency = 0> <II = 1> <Delay = 2.93> <FuncUnit> <Opcode : 'shl' 'lshr' 'ashr'> <InPorts = 2> <OutPorts = 1>
ST_10 : Operation 122 [1/1] (1.89ns)   --->   "%sub_ln1114 = sub i32 25, i32 %sub_ln1099"   --->   Operation 122 'sub' 'sub_ln1114' <Predicate = (!icmp_ln1113 & !icmp_ln1090)> <Delay = 1.89> <CoreInst = "Adder">   --->   Core 1 'Adder' <Latency = 0> <II = 1> <Delay = 1.89> <FuncUnit> <Opcode : 'add' 'sub'> <InPorts = 2> <OutPorts = 1>
ST_10 : Operation 123 [1/1] (0.00ns) (grouped into LUT with out node m_3)   --->   "%zext_ln1114 = zext i32 %sub_ln1114"   --->   Operation 123 'zext' 'zext_ln1114' <Predicate = (!icmp_ln1113 & !icmp_ln1090)> <Delay = 0.00>
ST_10 : Operation 124 [1/1] (0.00ns) (grouped into LUT with out node m_3)   --->   "%shl_ln1114 = shl i64 %zext_ln1112, i64 %zext_ln1114"   --->   Operation 124 'shl' 'shl_ln1114' <Predicate = (!icmp_ln1113 & !icmp_ln1090)> <Delay = 0.00> <CoreInst = "Shifter">   --->   Core 75 'Shifter' <Latency = 0> <II = 1> <Delay = 2.93> <FuncUnit> <Opcode : 'shl' 'lshr' 'ashr'> <InPorts = 2> <OutPorts = 1>
ST_10 : Operation 125 [1/1] (0.00ns) (grouped into LUT with out node m_3)   --->   "%m_2 = select i1 %icmp_ln1113, i64 %lshr_ln1113, i64 %shl_ln1114"   --->   Operation 125 'select' 'm_2' <Predicate = (!icmp_ln1090)> <Delay = 0.00> <CoreInst = "Sel">   --->   Core 73 'Sel' <Latency = 0> <II = 1> <Delay = 1.17> <FuncUnit> <Opcode : 'select'> <InPorts = 3> <OutPorts = 1>
ST_10 : Operation 126 [1/1] (0.00ns) (grouped into LUT with out node m_3)   --->   "%zext_ln1116 = zext i2 %or_ln"   --->   Operation 126 'zext' 'zext_ln1116' <Predicate = (!icmp_ln1090)> <Delay = 0.00>
ST_10 : Operation 127 [1/1] (2.93ns) (out node of the LUT)   --->   "%m_3 = add i64 %m_2, i64 %zext_ln1116"   --->   Operation 127 'add' 'm_3' <Predicate = (!icmp_ln1090)> <Delay = 2.93> <CoreInst = "Adder">   --->   Core 1 'Adder' <Latency = 0> <II = 1> <Delay = 2.69> <FuncUnit> <Opcode : 'add' 'sub'> <InPorts = 2> <OutPorts = 1>
ST_10 : Operation 128 [1/1] (0.00ns)   --->   "%m_4 = partselect i63 @_ssdm_op_PartSelect.i63.i64.i32.i32, i64 %m_3, i32 1, i32 63"   --->   Operation 128 'partselect' 'm_4' <Predicate = (!icmp_ln1090)> <Delay = 0.00>
ST_10 : Operation 129 [1/1] (0.00ns)   --->   "%zext_ln1117 = zext i63 %m_4"   --->   Operation 129 'zext' 'zext_ln1117' <Predicate = (!icmp_ln1090)> <Delay = 0.00>
ST_10 : Operation 130 [1/1] (0.00ns)   --->   "%p_Result_2 = bitselect i1 @_ssdm_op_BitSelect.i1.i64.i32, i64 %m_3, i32 25"   --->   Operation 130 'bitselect' 'p_Result_2' <Predicate = (!icmp_ln1090)> <Delay = 0.00>
ST_10 : Operation 131 [1/1] (0.44ns)   --->   "%select_ln1098 = select i1 %p_Result_2, i8 127, i8 126"   --->   Operation 131 'select' 'select_ln1098' <Predicate = (!icmp_ln1090)> <Delay = 0.44> <CoreInst = "Sel">   --->   Core 73 'Sel' <Latency = 0> <II = 1> <Delay = 0.44> <FuncUnit> <Opcode : 'select'> <InPorts = 3> <OutPorts = 1>
ST_10 : Operation 132 [1/1] (0.00ns) (grouped into TernaryAdder)   --->   "%sub_ln1119 = sub i8 16, i8 %trunc_ln1098"   --->   Operation 132 'sub' 'sub_ln1119' <Predicate = (!icmp_ln1090)> <Delay = 0.00> <CoreInst = "TAddSub">   --->   Core 10 'TAddSub' <Latency = 0> <II = 1> <Delay = 1.48> <IPBlock> <Opcode : 'add' 'sub'> <InPorts = 3> <OutPorts = 1> <Sync> <CReg>
ST_10 : Operation 133 [1/1] (2.96ns) (root node of TernaryAdder)   --->   "%add_ln1124 = add i8 %sub_ln1119, i8 %select_ln1098"   --->   Operation 133 'add' 'add_ln1124' <Predicate = (!icmp_ln1090)> <Delay = 2.96> <CoreInst = "TAddSub">   --->   Core 10 'TAddSub' <Latency = 0> <II = 1> <Delay = 1.48> <IPBlock> <Opcode : 'add' 'sub'> <InPorts = 3> <OutPorts = 1> <Sync> <CReg>
ST_10 : Operation 134 [1/1] (0.00ns)   --->   "%tmp_5 = bitconcatenate i9 @_ssdm_op_BitConcatenate.i9.i1.i8, i1 %p_Result_6, i8 %add_ln1124"   --->   Operation 134 'bitconcatenate' 'tmp_5' <Predicate = (!icmp_ln1090)> <Delay = 0.00>
ST_10 : Operation 135 [1/1] (0.00ns)   --->   "%p_Result_8 = partset i64 @_ssdm_op_PartSet.i64.i64.i9.i32.i32, i64 %zext_ln1117, i9 %tmp_5, i32 23, i32 31"   --->   Operation 135 'partset' 'p_Result_8' <Predicate = (!icmp_ln1090)> <Delay = 0.00>
ST_10 : Operation 136 [1/1] (0.00ns)   --->   "%LD = trunc i64 %p_Result_8"   --->   Operation 136 'trunc' 'LD' <Predicate = (!icmp_ln1090)> <Delay = 0.00>
ST_10 : Operation 137 [1/1] (0.00ns)   --->   "%bitcast_ln766 = bitcast i32 %LD"   --->   Operation 137 'bitcast' 'bitcast_ln766' <Predicate = (!icmp_ln1090)> <Delay = 0.00>
ST_10 : Operation 138 [1/1] (0.70ns)   --->   "%var_fx_f = select i1 %icmp_ln1090, i32 0, i32 %bitcast_ln766"   --->   Operation 138 'select' 'var_fx_f' <Predicate = true> <Delay = 0.70> <CoreInst = "Sel">   --->   Core 73 'Sel' <Latency = 0> <II = 1> <Delay = 0.70> <FuncUnit> <Opcode : 'select'> <InPorts = 3> <OutPorts = 1>

State 11 <SV = 10> <Delay = 4.19>
ST_11 : Operation 139 [2/2] (4.19ns)   --->   "%tmp_6 = fcmp_ogt  i32 %var_fx_f, i32 0" [src/ecg_denoiser.cpp:267]   --->   Operation 139 'fcmp' 'tmp_6' <Predicate = true> <Delay = 4.19> <CoreInst = "FCompare">   --->   Core 19 'FCompare' <Latency = 1> <II = 1> <Delay = 4.19> <FuncUnit> <Opcode : 'fcmp'> <InPorts = 2> <OutPorts = 1>

State 12 <SV = 11> <Delay = 4.99>
ST_12 : Operation 140 [1/1] (0.00ns)   --->   "%bitcast_ln267 = bitcast i32 %var_fx_f" [src/ecg_denoiser.cpp:267]   --->   Operation 140 'bitcast' 'bitcast_ln267' <Predicate = true> <Delay = 0.00>
ST_12 : Operation 141 [1/1] (0.00ns)   --->   "%tmp_4 = partselect i8 @_ssdm_op_PartSelect.i8.i32.i32.i32, i32 %bitcast_ln267, i32 23, i32 30" [src/ecg_denoiser.cpp:267]   --->   Operation 141 'partselect' 'tmp_4' <Predicate = true> <Delay = 0.00>
ST_12 : Operation 142 [1/1] (0.00ns)   --->   "%trunc_ln267 = trunc i32 %bitcast_ln267" [src/ecg_denoiser.cpp:267]   --->   Operation 142 'trunc' 'trunc_ln267' <Predicate = true> <Delay = 0.00>
ST_12 : Operation 143 [1/1] (1.31ns)   --->   "%icmp_ln267 = icmp_ne  i8 %tmp_4, i8 255" [src/ecg_denoiser.cpp:267]   --->   Operation 143 'icmp' 'icmp_ln267' <Predicate = true> <Delay = 1.31> <CoreInst = "Cmp">   --->   Core 9 'Cmp' <Latency = 0> <II = 1> <Delay = 1.31> <FuncUnit> <Opcode : 'icmp'> <InPorts = 2> <OutPorts = 1>
ST_12 : Operation 144 [1/1] (2.02ns)   --->   "%icmp_ln267_1 = icmp_eq  i23 %trunc_ln267, i23 0" [src/ecg_denoiser.cpp:267]   --->   Operation 144 'icmp' 'icmp_ln267_1' <Predicate = true> <Delay = 2.02> <CoreInst = "Cmp">   --->   Core 9 'Cmp' <Latency = 0> <II = 1> <Delay = 2.02> <FuncUnit> <Opcode : 'icmp'> <InPorts = 2> <OutPorts = 1>
ST_12 : Operation 145 [1/1] (0.00ns) (grouped into LUT with out node var_safe)   --->   "%or_ln267 = or i1 %icmp_ln267_1, i1 %icmp_ln267" [src/ecg_denoiser.cpp:267]   --->   Operation 145 'or' 'or_ln267' <Predicate = true> <Delay = 0.00> <CoreInst = "LogicGate">   --->   Core 74 'LogicGate' <Latency = 0> <II = 1> <Delay = 0.80> <FuncUnit> <Opcode : 'and' 'or' 'xor'> <InPorts = 2> <OutPorts = 1>
ST_12 : Operation 146 [1/2] (4.19ns)   --->   "%tmp_6 = fcmp_ogt  i32 %var_fx_f, i32 0" [src/ecg_denoiser.cpp:267]   --->   Operation 146 'fcmp' 'tmp_6' <Predicate = true> <Delay = 4.19> <CoreInst = "FCompare">   --->   Core 19 'FCompare' <Latency = 1> <II = 1> <Delay = 4.19> <FuncUnit> <Opcode : 'fcmp'> <InPorts = 2> <OutPorts = 1>
ST_12 : Operation 147 [1/1] (0.00ns) (grouped into LUT with out node var_safe)   --->   "%and_ln267 = and i1 %or_ln267, i1 %tmp_6" [src/ecg_denoiser.cpp:267]   --->   Operation 147 'and' 'and_ln267' <Predicate = true> <Delay = 0.00> <CoreInst = "LogicGate">   --->   Core 74 'LogicGate' <Latency = 0> <II = 1> <Delay = 0.80> <FuncUnit> <Opcode : 'and' 'or' 'xor'> <InPorts = 2> <OutPorts = 1>
ST_12 : Operation 148 [1/1] (0.80ns) (out node of the LUT)   --->   "%var_safe = select i1 %and_ln267, i32 %var_fx_f, i32 1e-08" [src/ecg_denoiser.cpp:267]   --->   Operation 148 'select' 'var_safe' <Predicate = true> <Delay = 0.80> <CoreInst = "Sel">   --->   Core 73 'Sel' <Latency = 0> <II = 1> <Delay = 0.70> <FuncUnit> <Opcode : 'select'> <InPorts = 3> <OutPorts = 1>

State 13 <SV = 12> <Delay = 8.68>
ST_13 : Operation 149 [10/10] (8.68ns)   --->   "%d_assign = fsqrt i32 @llvm.sqrt.f32, i32 %var_safe" [C:\scratch\2022.2\hls_product\608\2022.2\src\shared\hls\clib\hlsmath\src\c++\sqrtfloat.cpp:8]   --->   Operation 149 'fsqrt' 'd_assign' <Predicate = true> <Delay = 8.68> <CoreInst = "FSqrt">   --->   Core 35 'FSqrt' <Latency = 9> <II = 1> <Delay = 8.68> <FuncUnit> <Opcode : 'fsqrt'> <InPorts = 1> <OutPorts = 1>

State 14 <SV = 13> <Delay = 8.68>
ST_14 : Operation 150 [9/10] (8.68ns)   --->   "%d_assign = fsqrt i32 @llvm.sqrt.f32, i32 %var_safe" [C:\scratch\2022.2\hls_product\608\2022.2\src\shared\hls\clib\hlsmath\src\c++\sqrtfloat.cpp:8]   --->   Operation 150 'fsqrt' 'd_assign' <Predicate = true> <Delay = 8.68> <CoreInst = "FSqrt">   --->   Core 35 'FSqrt' <Latency = 9> <II = 1> <Delay = 8.68> <FuncUnit> <Opcode : 'fsqrt'> <InPorts = 1> <OutPorts = 1>

State 15 <SV = 14> <Delay = 8.68>
ST_15 : Operation 151 [8/10] (8.68ns)   --->   "%d_assign = fsqrt i32 @llvm.sqrt.f32, i32 %var_safe" [C:\scratch\2022.2\hls_product\608\2022.2\src\shared\hls\clib\hlsmath\src\c++\sqrtfloat.cpp:8]   --->   Operation 151 'fsqrt' 'd_assign' <Predicate = true> <Delay = 8.68> <CoreInst = "FSqrt">   --->   Core 35 'FSqrt' <Latency = 9> <II = 1> <Delay = 8.68> <FuncUnit> <Opcode : 'fsqrt'> <InPorts = 1> <OutPorts = 1>

State 16 <SV = 15> <Delay = 8.68>
ST_16 : Operation 152 [7/10] (8.68ns)   --->   "%d_assign = fsqrt i32 @llvm.sqrt.f32, i32 %var_safe" [C:\scratch\2022.2\hls_product\608\2022.2\src\shared\hls\clib\hlsmath\src\c++\sqrtfloat.cpp:8]   --->   Operation 152 'fsqrt' 'd_assign' <Predicate = true> <Delay = 8.68> <CoreInst = "FSqrt">   --->   Core 35 'FSqrt' <Latency = 9> <II = 1> <Delay = 8.68> <FuncUnit> <Opcode : 'fsqrt'> <InPorts = 1> <OutPorts = 1>

State 17 <SV = 16> <Delay = 8.68>
ST_17 : Operation 153 [6/10] (8.68ns)   --->   "%d_assign = fsqrt i32 @llvm.sqrt.f32, i32 %var_safe" [C:\scratch\2022.2\hls_product\608\2022.2\src\shared\hls\clib\hlsmath\src\c++\sqrtfloat.cpp:8]   --->   Operation 153 'fsqrt' 'd_assign' <Predicate = true> <Delay = 8.68> <CoreInst = "FSqrt">   --->   Core 35 'FSqrt' <Latency = 9> <II = 1> <Delay = 8.68> <FuncUnit> <Opcode : 'fsqrt'> <InPorts = 1> <OutPorts = 1>

State 18 <SV = 17> <Delay = 8.68>
ST_18 : Operation 154 [5/10] (8.68ns)   --->   "%d_assign = fsqrt i32 @llvm.sqrt.f32, i32 %var_safe" [C:\scratch\2022.2\hls_product\608\2022.2\src\shared\hls\clib\hlsmath\src\c++\sqrtfloat.cpp:8]   --->   Operation 154 'fsqrt' 'd_assign' <Predicate = true> <Delay = 8.68> <CoreInst = "FSqrt">   --->   Core 35 'FSqrt' <Latency = 9> <II = 1> <Delay = 8.68> <FuncUnit> <Opcode : 'fsqrt'> <InPorts = 1> <OutPorts = 1>

State 19 <SV = 18> <Delay = 8.68>
ST_19 : Operation 155 [4/10] (8.68ns)   --->   "%d_assign = fsqrt i32 @llvm.sqrt.f32, i32 %var_safe" [C:\scratch\2022.2\hls_product\608\2022.2\src\shared\hls\clib\hlsmath\src\c++\sqrtfloat.cpp:8]   --->   Operation 155 'fsqrt' 'd_assign' <Predicate = true> <Delay = 8.68> <CoreInst = "FSqrt">   --->   Core 35 'FSqrt' <Latency = 9> <II = 1> <Delay = 8.68> <FuncUnit> <Opcode : 'fsqrt'> <InPorts = 1> <OutPorts = 1>

State 20 <SV = 19> <Delay = 8.68>
ST_20 : Operation 156 [3/10] (8.68ns)   --->   "%d_assign = fsqrt i32 @llvm.sqrt.f32, i32 %var_safe" [C:\scratch\2022.2\hls_product\608\2022.2\src\shared\hls\clib\hlsmath\src\c++\sqrtfloat.cpp:8]   --->   Operation 156 'fsqrt' 'd_assign' <Predicate = true> <Delay = 8.68> <CoreInst = "FSqrt">   --->   Core 35 'FSqrt' <Latency = 9> <II = 1> <Delay = 8.68> <FuncUnit> <Opcode : 'fsqrt'> <InPorts = 1> <OutPorts = 1>

State 21 <SV = 20> <Delay = 8.68>
ST_21 : Operation 157 [2/10] (8.68ns)   --->   "%d_assign = fsqrt i32 @llvm.sqrt.f32, i32 %var_safe" [C:\scratch\2022.2\hls_product\608\2022.2\src\shared\hls\clib\hlsmath\src\c++\sqrtfloat.cpp:8]   --->   Operation 157 'fsqrt' 'd_assign' <Predicate = true> <Delay = 8.68> <CoreInst = "FSqrt">   --->   Core 35 'FSqrt' <Latency = 9> <II = 1> <Delay = 8.68> <FuncUnit> <Opcode : 'fsqrt'> <InPorts = 1> <OutPorts = 1>

State 22 <SV = 21> <Delay = 8.68>
ST_22 : Operation 158 [1/10] (8.68ns)   --->   "%d_assign = fsqrt i32 @llvm.sqrt.f32, i32 %var_safe" [C:\scratch\2022.2\hls_product\608\2022.2\src\shared\hls\clib\hlsmath\src\c++\sqrtfloat.cpp:8]   --->   Operation 158 'fsqrt' 'd_assign' <Predicate = true> <Delay = 8.68> <CoreInst = "FSqrt">   --->   Core 35 'FSqrt' <Latency = 9> <II = 1> <Delay = 8.68> <FuncUnit> <Opcode : 'fsqrt'> <InPorts = 1> <OutPorts = 1>

State 23 <SV = 22> <Delay = 3.15>
ST_23 : Operation 159 [2/2] (3.15ns)   --->   "%d = fpext i32 %d_assign"   --->   Operation 159 'fpext' 'd' <Predicate = true> <Delay = 3.15> <CoreInst = "Float2Double">   --->   Core 64 'Float2Double' <Latency = 1> <II = 1> <Delay = 3.15> <FuncUnit> <Opcode : 'fpext'> <InPorts = 1> <OutPorts = 1>

State 24 <SV = 23> <Delay = 8.17>
ST_24 : Operation 160 [1/2] (3.15ns)   --->   "%d = fpext i32 %d_assign"   --->   Operation 160 'fpext' 'd' <Predicate = true> <Delay = 3.15> <CoreInst = "Float2Double">   --->   Core 64 'Float2Double' <Latency = 1> <II = 1> <Delay = 3.15> <FuncUnit> <Opcode : 'fpext'> <InPorts = 1> <OutPorts = 1>
ST_24 : Operation 161 [1/1] (0.00ns)   --->   "%ireg = bitcast i64 %d"   --->   Operation 161 'bitcast' 'ireg' <Predicate = true> <Delay = 0.00>
ST_24 : Operation 162 [1/1] (0.00ns)   --->   "%trunc_ln544 = trunc i64 %ireg"   --->   Operation 162 'trunc' 'trunc_ln544' <Predicate = true> <Delay = 0.00>
ST_24 : Operation 163 [1/1] (0.00ns)   --->   "%p_Result_9 = bitselect i1 @_ssdm_op_BitSelect.i1.i64.i32, i64 %ireg, i32 63"   --->   Operation 163 'bitselect' 'p_Result_9' <Predicate = true> <Delay = 0.00>
ST_24 : Operation 164 [1/1] (0.00ns)   --->   "%exp_tmp = partselect i11 @_ssdm_op_PartSelect.i11.i64.i32.i32, i64 %ireg, i32 52, i32 62"   --->   Operation 164 'partselect' 'exp_tmp' <Predicate = true> <Delay = 0.00>
ST_24 : Operation 165 [1/1] (0.00ns)   --->   "%zext_ln455 = zext i11 %exp_tmp"   --->   Operation 165 'zext' 'zext_ln455' <Predicate = true> <Delay = 0.00>
ST_24 : Operation 166 [1/1] (0.00ns)   --->   "%trunc_ln554 = trunc i64 %ireg"   --->   Operation 166 'trunc' 'trunc_ln554' <Predicate = true> <Delay = 0.00>
ST_24 : Operation 167 [1/1] (0.00ns)   --->   "%p_Result_10 = bitconcatenate i53 @_ssdm_op_BitConcatenate.i53.i1.i52, i1 1, i52 %trunc_ln554"   --->   Operation 167 'bitconcatenate' 'p_Result_10' <Predicate = true> <Delay = 0.00>
ST_24 : Operation 168 [1/1] (0.00ns)   --->   "%zext_ln558 = zext i53 %p_Result_10"   --->   Operation 168 'zext' 'zext_ln558' <Predicate = true> <Delay = 0.00>
ST_24 : Operation 169 [1/1] (2.41ns)   --->   "%man_V_1 = sub i54 0, i54 %zext_ln558"   --->   Operation 169 'sub' 'man_V_1' <Predicate = true> <Delay = 2.41> <CoreInst = "Adder">   --->   Core 1 'Adder' <Latency = 0> <II = 1> <Delay = 2.41> <FuncUnit> <Opcode : 'add' 'sub'> <InPorts = 2> <OutPorts = 1>
ST_24 : Operation 170 [1/1] (0.86ns)   --->   "%man_V_2 = select i1 %p_Result_9, i54 %man_V_1, i54 %zext_ln558"   --->   Operation 170 'select' 'man_V_2' <Predicate = true> <Delay = 0.86> <CoreInst = "Sel">   --->   Core 73 'Sel' <Latency = 0> <II = 1> <Delay = 0.86> <FuncUnit> <Opcode : 'select'> <InPorts = 3> <OutPorts = 1>
ST_24 : Operation 171 [1/1] (2.26ns)   --->   "%icmp_ln560 = icmp_eq  i63 %trunc_ln544, i63 0"   --->   Operation 171 'icmp' 'icmp_ln560' <Predicate = true> <Delay = 2.26> <CoreInst = "Cmp">   --->   Core 9 'Cmp' <Latency = 0> <II = 1> <Delay = 2.26> <FuncUnit> <Opcode : 'icmp'> <InPorts = 2> <OutPorts = 1>
ST_24 : Operation 172 [1/1] (1.54ns)   --->   "%F2 = sub i12 1075, i12 %zext_ln455"   --->   Operation 172 'sub' 'F2' <Predicate = true> <Delay = 1.54> <CoreInst = "Adder">   --->   Core 1 'Adder' <Latency = 0> <II = 1> <Delay = 1.54> <FuncUnit> <Opcode : 'add' 'sub'> <InPorts = 2> <OutPorts = 1>
ST_24 : Operation 173 [1/1] (1.82ns)   --->   "%icmp_ln570 = icmp_sgt  i12 %F2, i12 16"   --->   Operation 173 'icmp' 'icmp_ln570' <Predicate = true> <Delay = 1.82> <CoreInst = "Cmp">   --->   Core 9 'Cmp' <Latency = 0> <II = 1> <Delay = 1.82> <FuncUnit> <Opcode : 'icmp'> <InPorts = 2> <OutPorts = 1>
ST_24 : Operation 174 [1/1] (1.54ns)   --->   "%add_ln570 = add i12 %F2, i12 4080"   --->   Operation 174 'add' 'add_ln570' <Predicate = true> <Delay = 1.54> <CoreInst = "Adder">   --->   Core 1 'Adder' <Latency = 0> <II = 1> <Delay = 1.54> <FuncUnit> <Opcode : 'add' 'sub'> <InPorts = 2> <OutPorts = 1>
ST_24 : Operation 175 [1/1] (1.54ns)   --->   "%sub_ln570 = sub i12 16, i12 %F2"   --->   Operation 175 'sub' 'sub_ln570' <Predicate = true> <Delay = 1.54> <CoreInst = "Adder">   --->   Core 1 'Adder' <Latency = 0> <II = 1> <Delay = 1.54> <FuncUnit> <Opcode : 'add' 'sub'> <InPorts = 2> <OutPorts = 1>
ST_24 : Operation 176 [1/1] (0.59ns)   --->   "%sh_amt = select i1 %icmp_ln570, i12 %add_ln570, i12 %sub_ln570"   --->   Operation 176 'select' 'sh_amt' <Predicate = true> <Delay = 0.59> <CoreInst = "Sel">   --->   Core 73 'Sel' <Latency = 0> <II = 1> <Delay = 0.59> <FuncUnit> <Opcode : 'select'> <InPorts = 3> <OutPorts = 1>
ST_24 : Operation 177 [1/1] (1.82ns)   --->   "%icmp_ln571 = icmp_eq  i12 %F2, i12 16"   --->   Operation 177 'icmp' 'icmp_ln571' <Predicate = true> <Delay = 1.82> <CoreInst = "Cmp">   --->   Core 9 'Cmp' <Latency = 0> <II = 1> <Delay = 1.82> <FuncUnit> <Opcode : 'icmp'> <InPorts = 2> <OutPorts = 1>
ST_24 : Operation 178 [1/1] (0.00ns)   --->   "%trunc_ln572 = trunc i54 %man_V_2"   --->   Operation 178 'trunc' 'trunc_ln572' <Predicate = true> <Delay = 0.00>
ST_24 : Operation 179 [1/1] (0.00ns)   --->   "%tmp_8 = partselect i7 @_ssdm_op_PartSelect.i7.i12.i32.i32, i12 %sh_amt, i32 5, i32 11"   --->   Operation 179 'partselect' 'tmp_8' <Predicate = true> <Delay = 0.00>
ST_24 : Operation 180 [1/1] (1.06ns)   --->   "%icmp_ln592 = icmp_eq  i7 %tmp_8, i7 0"   --->   Operation 180 'icmp' 'icmp_ln592' <Predicate = true> <Delay = 1.06> <CoreInst = "Cmp">   --->   Core 9 'Cmp' <Latency = 0> <II = 1> <Delay = 1.06> <FuncUnit> <Opcode : 'icmp'> <InPorts = 2> <OutPorts = 1>

State 25 <SV = 24> <Delay = 7.20>
ST_25 : Operation 181 [1/1] (0.00ns)   --->   "%sext_ln570 = sext i12 %sh_amt"   --->   Operation 181 'sext' 'sext_ln570' <Predicate = (!icmp_ln560)> <Delay = 0.00>
ST_25 : Operation 182 [1/1] (1.82ns)   --->   "%icmp_ln574 = icmp_ult  i12 %sh_amt, i12 54"   --->   Operation 182 'icmp' 'icmp_ln574' <Predicate = (!icmp_ln560)> <Delay = 1.82> <CoreInst = "Cmp">   --->   Core 9 'Cmp' <Latency = 0> <II = 1> <Delay = 1.82> <FuncUnit> <Opcode : 'icmp'> <InPorts = 2> <OutPorts = 1>
ST_25 : Operation 183 [1/1] (0.00ns) (grouped into LUT with out node add_ln813)   --->   "%zext_ln575 = zext i32 %sext_ln570"   --->   Operation 183 'zext' 'zext_ln575' <Predicate = (!icmp_ln560)> <Delay = 0.00>
ST_25 : Operation 184 [1/1] (0.00ns) (grouped into LUT with out node add_ln813)   --->   "%ashr_ln575 = ashr i54 %man_V_2, i54 %zext_ln575"   --->   Operation 184 'ashr' 'ashr_ln575' <Predicate = (!icmp_ln560)> <Delay = 0.00> <CoreInst = "Shifter">   --->   Core 75 'Shifter' <Latency = 0> <II = 1> <Delay = 3.56> <FuncUnit> <Opcode : 'shl' 'lshr' 'ashr'> <InPorts = 2> <OutPorts = 1>
ST_25 : Operation 185 [1/1] (0.00ns) (grouped into LUT with out node add_ln813)   --->   "%trunc_ln575 = trunc i54 %ashr_ln575"   --->   Operation 185 'trunc' 'trunc_ln575' <Predicate = (!icmp_ln560)> <Delay = 0.00>
ST_25 : Operation 186 [1/1] (0.00ns) (grouped into LUT with out node add_ln813)   --->   "%bitcast_ln724 = bitcast i32 %d_assign"   --->   Operation 186 'bitcast' 'bitcast_ln724' <Predicate = (!icmp_ln560)> <Delay = 0.00>
ST_25 : Operation 187 [1/1] (0.00ns) (grouped into LUT with out node add_ln813)   --->   "%tmp_7 = bitselect i1 @_ssdm_op_BitSelect.i1.i32.i32, i32 %bitcast_ln724, i32 31"   --->   Operation 187 'bitselect' 'tmp_7' <Predicate = (!icmp_ln560)> <Delay = 0.00>
ST_25 : Operation 188 [1/1] (0.00ns) (grouped into LUT with out node add_ln813)   --->   "%select_ln577 = select i1 %tmp_7, i32 4294967295, i32 0"   --->   Operation 188 'select' 'select_ln577' <Predicate = (!icmp_ln560)> <Delay = 0.00> <CoreInst = "Sel">   --->   Core 73 'Sel' <Latency = 0> <II = 1> <Delay = 0.81> <FuncUnit> <Opcode : 'select'> <InPorts = 3> <OutPorts = 1>
ST_25 : Operation 189 [1/1] (0.00ns) (grouped into LUT with out node add_ln813)   --->   "%select_ln574 = select i1 %icmp_ln574, i32 %trunc_ln575, i32 %select_ln577"   --->   Operation 189 'select' 'select_ln574' <Predicate = (!icmp_ln560)> <Delay = 0.00> <CoreInst = "Sel">   --->   Core 73 'Sel' <Latency = 0> <II = 1> <Delay = 0.70> <FuncUnit> <Opcode : 'select'> <InPorts = 3> <OutPorts = 1>
ST_25 : Operation 190 [1/1] (0.00ns) (grouped into LUT with out node select_ln571)   --->   "%shl_ln593 = shl i32 %trunc_ln572, i32 %sext_ln570"   --->   Operation 190 'shl' 'shl_ln593' <Predicate = (icmp_ln592 & !icmp_ln560)> <Delay = 0.00> <CoreInst = "Shifter">   --->   Core 75 'Shifter' <Latency = 0> <II = 1> <Delay = 2.93> <FuncUnit> <Opcode : 'shl' 'lshr' 'ashr'> <InPorts = 2> <OutPorts = 1>
ST_25 : Operation 191 [1/1] (0.00ns) (grouped into LUT with out node select_ln571)   --->   "%select_ln592 = select i1 %icmp_ln592, i32 %shl_ln593, i32 0"   --->   Operation 191 'select' 'select_ln592' <Predicate = (!icmp_ln560)> <Delay = 0.00> <CoreInst = "Sel">   --->   Core 73 'Sel' <Latency = 0> <II = 1> <Delay = 0.70> <FuncUnit> <Opcode : 'select'> <InPorts = 3> <OutPorts = 1>
ST_25 : Operation 192 [1/1] (0.00ns) (grouped into LUT with out node select_ln571)   --->   "%xor_ln560 = xor i1 %icmp_ln560, i1 1"   --->   Operation 192 'xor' 'xor_ln560' <Predicate = (!icmp_ln560)> <Delay = 0.00> <CoreInst = "LogicGate">   --->   Core 74 'LogicGate' <Latency = 0> <II = 1> <Delay = 0.80> <FuncUnit> <Opcode : 'and' 'or' 'xor'> <InPorts = 2> <OutPorts = 1>
ST_25 : Operation 193 [1/1] (0.00ns) (grouped into LUT with out node select_ln571)   --->   "%and_ln571 = and i1 %icmp_ln571, i1 %xor_ln560"   --->   Operation 193 'and' 'and_ln571' <Predicate = (!icmp_ln560)> <Delay = 0.00> <CoreInst = "LogicGate">   --->   Core 74 'LogicGate' <Latency = 0> <II = 1> <Delay = 0.80> <FuncUnit> <Opcode : 'and' 'or' 'xor'> <InPorts = 2> <OutPorts = 1>
ST_25 : Operation 194 [1/1] (2.93ns) (out node of the LUT)   --->   "%select_ln571 = select i1 %and_ln571, i32 %trunc_ln572, i32 %select_ln592"   --->   Operation 194 'select' 'select_ln571' <Predicate = (!icmp_ln560)> <Delay = 2.93> <CoreInst = "Sel">   --->   Core 73 'Sel' <Latency = 0> <II = 1> <Delay = 0.70> <FuncUnit> <Opcode : 'select'> <InPorts = 3> <OutPorts = 1>
ST_25 : Operation 195 [1/1] (0.00ns) (grouped into LUT with out node and_ln570)   --->   "%or_ln571 = or i1 %icmp_ln560, i1 %icmp_ln571"   --->   Operation 195 'or' 'or_ln571' <Predicate = (!icmp_ln560)> <Delay = 0.00> <CoreInst = "LogicGate">   --->   Core 74 'LogicGate' <Latency = 0> <II = 1> <Delay = 0.80> <FuncUnit> <Opcode : 'and' 'or' 'xor'> <InPorts = 2> <OutPorts = 1>
ST_25 : Operation 196 [1/1] (0.00ns) (grouped into LUT with out node and_ln570)   --->   "%xor_ln571 = xor i1 %or_ln571, i1 1"   --->   Operation 196 'xor' 'xor_ln571' <Predicate = (!icmp_ln560)> <Delay = 0.00> <CoreInst = "LogicGate">   --->   Core 74 'LogicGate' <Latency = 0> <II = 1> <Delay = 0.80> <FuncUnit> <Opcode : 'and' 'or' 'xor'> <InPorts = 2> <OutPorts = 1>
ST_25 : Operation 197 [1/1] (0.80ns) (out node of the LUT)   --->   "%and_ln570 = and i1 %icmp_ln570, i1 %xor_ln571"   --->   Operation 197 'and' 'and_ln570' <Predicate = (!icmp_ln560)> <Delay = 0.80> <CoreInst = "LogicGate">   --->   Core 74 'LogicGate' <Latency = 0> <II = 1> <Delay = 0.80> <FuncUnit> <Opcode : 'and' 'or' 'xor'> <InPorts = 2> <OutPorts = 1>
ST_25 : Operation 198 [1/1] (0.00ns) (grouped into LUT with out node add_ln813)   --->   "%select_ln570 = select i1 %and_ln570, i32 %select_ln574, i32 %select_ln571"   --->   Operation 198 'select' 'select_ln570' <Predicate = (!icmp_ln560)> <Delay = 0.00> <CoreInst = "Sel">   --->   Core 73 'Sel' <Latency = 0> <II = 1> <Delay = 0.70> <FuncUnit> <Opcode : 'select'> <InPorts = 3> <OutPorts = 1>
ST_25 : Operation 199 [1/1] (3.56ns) (out node of the LUT)   --->   "%add_ln813 = add i32 %select_ln570, i32 6"   --->   Operation 199 'add' 'add_ln813' <Predicate = (!icmp_ln560)> <Delay = 3.56> <CoreInst = "Adder">   --->   Core 1 'Adder' <Latency = 0> <II = 1> <Delay = 1.89> <FuncUnit> <Opcode : 'add' 'sub'> <InPorts = 2> <OutPorts = 1>
ST_25 : Operation 200 [1/1] (0.70ns)   --->   "%std_fx_V = select i1 %icmp_ln560, i32 6, i32 %add_ln813"   --->   Operation 200 'select' 'std_fx_V' <Predicate = true> <Delay = 0.70> <CoreInst = "Sel">   --->   Core 73 'Sel' <Latency = 0> <II = 1> <Delay = 0.70> <FuncUnit> <Opcode : 'select'> <InPorts = 3> <OutPorts = 1>

State 26 <SV = 25> <Delay = 3.49>
ST_26 : Operation 201 [1/1] (0.00ns)   --->   "%sext_ln1303 = sext i32 %std_fx_V"   --->   Operation 201 'sext' 'sext_ln1303' <Predicate = true> <Delay = 0.00>
ST_26 : Operation 202 [38/38] (3.49ns)   --->   "%sdiv_ln1303 = sdiv i34 4294967296, i34 %sext_ln1303"   --->   Operation 202 'sdiv' 'sdiv_ln1303' <Predicate = true> <Delay = 3.49> <CoreInst = "DivnS_SEQ">   --->   Core 7 'DivnS_SEQ' <Latency = 37> <II = 32> <Delay = 3.49> <FuncUnit> <Opcode : 'sdiv' 'srem' 'udiv' 'urem'> <InPorts = 2> <OutPorts = 1>

State 27 <SV = 26> <Delay = 3.49>
ST_27 : Operation 203 [37/38] (3.49ns)   --->   "%sdiv_ln1303 = sdiv i34 4294967296, i34 %sext_ln1303"   --->   Operation 203 'sdiv' 'sdiv_ln1303' <Predicate = true> <Delay = 3.49> <CoreInst = "DivnS_SEQ">   --->   Core 7 'DivnS_SEQ' <Latency = 37> <II = 32> <Delay = 3.49> <FuncUnit> <Opcode : 'sdiv' 'srem' 'udiv' 'urem'> <InPorts = 2> <OutPorts = 1>

State 28 <SV = 27> <Delay = 3.49>
ST_28 : Operation 204 [36/38] (3.49ns)   --->   "%sdiv_ln1303 = sdiv i34 4294967296, i34 %sext_ln1303"   --->   Operation 204 'sdiv' 'sdiv_ln1303' <Predicate = true> <Delay = 3.49> <CoreInst = "DivnS_SEQ">   --->   Core 7 'DivnS_SEQ' <Latency = 37> <II = 32> <Delay = 3.49> <FuncUnit> <Opcode : 'sdiv' 'srem' 'udiv' 'urem'> <InPorts = 2> <OutPorts = 1>

State 29 <SV = 28> <Delay = 3.49>
ST_29 : Operation 205 [35/38] (3.49ns)   --->   "%sdiv_ln1303 = sdiv i34 4294967296, i34 %sext_ln1303"   --->   Operation 205 'sdiv' 'sdiv_ln1303' <Predicate = true> <Delay = 3.49> <CoreInst = "DivnS_SEQ">   --->   Core 7 'DivnS_SEQ' <Latency = 37> <II = 32> <Delay = 3.49> <FuncUnit> <Opcode : 'sdiv' 'srem' 'udiv' 'urem'> <InPorts = 2> <OutPorts = 1>

State 30 <SV = 29> <Delay = 3.49>
ST_30 : Operation 206 [34/38] (3.49ns)   --->   "%sdiv_ln1303 = sdiv i34 4294967296, i34 %sext_ln1303"   --->   Operation 206 'sdiv' 'sdiv_ln1303' <Predicate = true> <Delay = 3.49> <CoreInst = "DivnS_SEQ">   --->   Core 7 'DivnS_SEQ' <Latency = 37> <II = 32> <Delay = 3.49> <FuncUnit> <Opcode : 'sdiv' 'srem' 'udiv' 'urem'> <InPorts = 2> <OutPorts = 1>

State 31 <SV = 30> <Delay = 3.49>
ST_31 : Operation 207 [33/38] (3.49ns)   --->   "%sdiv_ln1303 = sdiv i34 4294967296, i34 %sext_ln1303"   --->   Operation 207 'sdiv' 'sdiv_ln1303' <Predicate = true> <Delay = 3.49> <CoreInst = "DivnS_SEQ">   --->   Core 7 'DivnS_SEQ' <Latency = 37> <II = 32> <Delay = 3.49> <FuncUnit> <Opcode : 'sdiv' 'srem' 'udiv' 'urem'> <InPorts = 2> <OutPorts = 1>

State 32 <SV = 31> <Delay = 3.49>
ST_32 : Operation 208 [32/38] (3.49ns)   --->   "%sdiv_ln1303 = sdiv i34 4294967296, i34 %sext_ln1303"   --->   Operation 208 'sdiv' 'sdiv_ln1303' <Predicate = true> <Delay = 3.49> <CoreInst = "DivnS_SEQ">   --->   Core 7 'DivnS_SEQ' <Latency = 37> <II = 32> <Delay = 3.49> <FuncUnit> <Opcode : 'sdiv' 'srem' 'udiv' 'urem'> <InPorts = 2> <OutPorts = 1>

State 33 <SV = 32> <Delay = 3.49>
ST_33 : Operation 209 [31/38] (3.49ns)   --->   "%sdiv_ln1303 = sdiv i34 4294967296, i34 %sext_ln1303"   --->   Operation 209 'sdiv' 'sdiv_ln1303' <Predicate = true> <Delay = 3.49> <CoreInst = "DivnS_SEQ">   --->   Core 7 'DivnS_SEQ' <Latency = 37> <II = 32> <Delay = 3.49> <FuncUnit> <Opcode : 'sdiv' 'srem' 'udiv' 'urem'> <InPorts = 2> <OutPorts = 1>

State 34 <SV = 33> <Delay = 3.49>
ST_34 : Operation 210 [30/38] (3.49ns)   --->   "%sdiv_ln1303 = sdiv i34 4294967296, i34 %sext_ln1303"   --->   Operation 210 'sdiv' 'sdiv_ln1303' <Predicate = true> <Delay = 3.49> <CoreInst = "DivnS_SEQ">   --->   Core 7 'DivnS_SEQ' <Latency = 37> <II = 32> <Delay = 3.49> <FuncUnit> <Opcode : 'sdiv' 'srem' 'udiv' 'urem'> <InPorts = 2> <OutPorts = 1>

State 35 <SV = 34> <Delay = 3.49>
ST_35 : Operation 211 [29/38] (3.49ns)   --->   "%sdiv_ln1303 = sdiv i34 4294967296, i34 %sext_ln1303"   --->   Operation 211 'sdiv' 'sdiv_ln1303' <Predicate = true> <Delay = 3.49> <CoreInst = "DivnS_SEQ">   --->   Core 7 'DivnS_SEQ' <Latency = 37> <II = 32> <Delay = 3.49> <FuncUnit> <Opcode : 'sdiv' 'srem' 'udiv' 'urem'> <InPorts = 2> <OutPorts = 1>

State 36 <SV = 35> <Delay = 3.49>
ST_36 : Operation 212 [28/38] (3.49ns)   --->   "%sdiv_ln1303 = sdiv i34 4294967296, i34 %sext_ln1303"   --->   Operation 212 'sdiv' 'sdiv_ln1303' <Predicate = true> <Delay = 3.49> <CoreInst = "DivnS_SEQ">   --->   Core 7 'DivnS_SEQ' <Latency = 37> <II = 32> <Delay = 3.49> <FuncUnit> <Opcode : 'sdiv' 'srem' 'udiv' 'urem'> <InPorts = 2> <OutPorts = 1>

State 37 <SV = 36> <Delay = 3.49>
ST_37 : Operation 213 [27/38] (3.49ns)   --->   "%sdiv_ln1303 = sdiv i34 4294967296, i34 %sext_ln1303"   --->   Operation 213 'sdiv' 'sdiv_ln1303' <Predicate = true> <Delay = 3.49> <CoreInst = "DivnS_SEQ">   --->   Core 7 'DivnS_SEQ' <Latency = 37> <II = 32> <Delay = 3.49> <FuncUnit> <Opcode : 'sdiv' 'srem' 'udiv' 'urem'> <InPorts = 2> <OutPorts = 1>

State 38 <SV = 37> <Delay = 3.49>
ST_38 : Operation 214 [26/38] (3.49ns)   --->   "%sdiv_ln1303 = sdiv i34 4294967296, i34 %sext_ln1303"   --->   Operation 214 'sdiv' 'sdiv_ln1303' <Predicate = true> <Delay = 3.49> <CoreInst = "DivnS_SEQ">   --->   Core 7 'DivnS_SEQ' <Latency = 37> <II = 32> <Delay = 3.49> <FuncUnit> <Opcode : 'sdiv' 'srem' 'udiv' 'urem'> <InPorts = 2> <OutPorts = 1>

State 39 <SV = 38> <Delay = 3.49>
ST_39 : Operation 215 [25/38] (3.49ns)   --->   "%sdiv_ln1303 = sdiv i34 4294967296, i34 %sext_ln1303"   --->   Operation 215 'sdiv' 'sdiv_ln1303' <Predicate = true> <Delay = 3.49> <CoreInst = "DivnS_SEQ">   --->   Core 7 'DivnS_SEQ' <Latency = 37> <II = 32> <Delay = 3.49> <FuncUnit> <Opcode : 'sdiv' 'srem' 'udiv' 'urem'> <InPorts = 2> <OutPorts = 1>

State 40 <SV = 39> <Delay = 3.49>
ST_40 : Operation 216 [24/38] (3.49ns)   --->   "%sdiv_ln1303 = sdiv i34 4294967296, i34 %sext_ln1303"   --->   Operation 216 'sdiv' 'sdiv_ln1303' <Predicate = true> <Delay = 3.49> <CoreInst = "DivnS_SEQ">   --->   Core 7 'DivnS_SEQ' <Latency = 37> <II = 32> <Delay = 3.49> <FuncUnit> <Opcode : 'sdiv' 'srem' 'udiv' 'urem'> <InPorts = 2> <OutPorts = 1>

State 41 <SV = 40> <Delay = 3.49>
ST_41 : Operation 217 [23/38] (3.49ns)   --->   "%sdiv_ln1303 = sdiv i34 4294967296, i34 %sext_ln1303"   --->   Operation 217 'sdiv' 'sdiv_ln1303' <Predicate = true> <Delay = 3.49> <CoreInst = "DivnS_SEQ">   --->   Core 7 'DivnS_SEQ' <Latency = 37> <II = 32> <Delay = 3.49> <FuncUnit> <Opcode : 'sdiv' 'srem' 'udiv' 'urem'> <InPorts = 2> <OutPorts = 1>

State 42 <SV = 41> <Delay = 3.49>
ST_42 : Operation 218 [22/38] (3.49ns)   --->   "%sdiv_ln1303 = sdiv i34 4294967296, i34 %sext_ln1303"   --->   Operation 218 'sdiv' 'sdiv_ln1303' <Predicate = true> <Delay = 3.49> <CoreInst = "DivnS_SEQ">   --->   Core 7 'DivnS_SEQ' <Latency = 37> <II = 32> <Delay = 3.49> <FuncUnit> <Opcode : 'sdiv' 'srem' 'udiv' 'urem'> <InPorts = 2> <OutPorts = 1>

State 43 <SV = 42> <Delay = 3.49>
ST_43 : Operation 219 [21/38] (3.49ns)   --->   "%sdiv_ln1303 = sdiv i34 4294967296, i34 %sext_ln1303"   --->   Operation 219 'sdiv' 'sdiv_ln1303' <Predicate = true> <Delay = 3.49> <CoreInst = "DivnS_SEQ">   --->   Core 7 'DivnS_SEQ' <Latency = 37> <II = 32> <Delay = 3.49> <FuncUnit> <Opcode : 'sdiv' 'srem' 'udiv' 'urem'> <InPorts = 2> <OutPorts = 1>

State 44 <SV = 43> <Delay = 3.49>
ST_44 : Operation 220 [20/38] (3.49ns)   --->   "%sdiv_ln1303 = sdiv i34 4294967296, i34 %sext_ln1303"   --->   Operation 220 'sdiv' 'sdiv_ln1303' <Predicate = true> <Delay = 3.49> <CoreInst = "DivnS_SEQ">   --->   Core 7 'DivnS_SEQ' <Latency = 37> <II = 32> <Delay = 3.49> <FuncUnit> <Opcode : 'sdiv' 'srem' 'udiv' 'urem'> <InPorts = 2> <OutPorts = 1>

State 45 <SV = 44> <Delay = 3.49>
ST_45 : Operation 221 [19/38] (3.49ns)   --->   "%sdiv_ln1303 = sdiv i34 4294967296, i34 %sext_ln1303"   --->   Operation 221 'sdiv' 'sdiv_ln1303' <Predicate = true> <Delay = 3.49> <CoreInst = "DivnS_SEQ">   --->   Core 7 'DivnS_SEQ' <Latency = 37> <II = 32> <Delay = 3.49> <FuncUnit> <Opcode : 'sdiv' 'srem' 'udiv' 'urem'> <InPorts = 2> <OutPorts = 1>

State 46 <SV = 45> <Delay = 3.49>
ST_46 : Operation 222 [18/38] (3.49ns)   --->   "%sdiv_ln1303 = sdiv i34 4294967296, i34 %sext_ln1303"   --->   Operation 222 'sdiv' 'sdiv_ln1303' <Predicate = true> <Delay = 3.49> <CoreInst = "DivnS_SEQ">   --->   Core 7 'DivnS_SEQ' <Latency = 37> <II = 32> <Delay = 3.49> <FuncUnit> <Opcode : 'sdiv' 'srem' 'udiv' 'urem'> <InPorts = 2> <OutPorts = 1>

State 47 <SV = 46> <Delay = 3.49>
ST_47 : Operation 223 [17/38] (3.49ns)   --->   "%sdiv_ln1303 = sdiv i34 4294967296, i34 %sext_ln1303"   --->   Operation 223 'sdiv' 'sdiv_ln1303' <Predicate = true> <Delay = 3.49> <CoreInst = "DivnS_SEQ">   --->   Core 7 'DivnS_SEQ' <Latency = 37> <II = 32> <Delay = 3.49> <FuncUnit> <Opcode : 'sdiv' 'srem' 'udiv' 'urem'> <InPorts = 2> <OutPorts = 1>

State 48 <SV = 47> <Delay = 3.49>
ST_48 : Operation 224 [16/38] (3.49ns)   --->   "%sdiv_ln1303 = sdiv i34 4294967296, i34 %sext_ln1303"   --->   Operation 224 'sdiv' 'sdiv_ln1303' <Predicate = true> <Delay = 3.49> <CoreInst = "DivnS_SEQ">   --->   Core 7 'DivnS_SEQ' <Latency = 37> <II = 32> <Delay = 3.49> <FuncUnit> <Opcode : 'sdiv' 'srem' 'udiv' 'urem'> <InPorts = 2> <OutPorts = 1>

State 49 <SV = 48> <Delay = 3.49>
ST_49 : Operation 225 [15/38] (3.49ns)   --->   "%sdiv_ln1303 = sdiv i34 4294967296, i34 %sext_ln1303"   --->   Operation 225 'sdiv' 'sdiv_ln1303' <Predicate = true> <Delay = 3.49> <CoreInst = "DivnS_SEQ">   --->   Core 7 'DivnS_SEQ' <Latency = 37> <II = 32> <Delay = 3.49> <FuncUnit> <Opcode : 'sdiv' 'srem' 'udiv' 'urem'> <InPorts = 2> <OutPorts = 1>

State 50 <SV = 49> <Delay = 3.49>
ST_50 : Operation 226 [14/38] (3.49ns)   --->   "%sdiv_ln1303 = sdiv i34 4294967296, i34 %sext_ln1303"   --->   Operation 226 'sdiv' 'sdiv_ln1303' <Predicate = true> <Delay = 3.49> <CoreInst = "DivnS_SEQ">   --->   Core 7 'DivnS_SEQ' <Latency = 37> <II = 32> <Delay = 3.49> <FuncUnit> <Opcode : 'sdiv' 'srem' 'udiv' 'urem'> <InPorts = 2> <OutPorts = 1>

State 51 <SV = 50> <Delay = 3.49>
ST_51 : Operation 227 [13/38] (3.49ns)   --->   "%sdiv_ln1303 = sdiv i34 4294967296, i34 %sext_ln1303"   --->   Operation 227 'sdiv' 'sdiv_ln1303' <Predicate = true> <Delay = 3.49> <CoreInst = "DivnS_SEQ">   --->   Core 7 'DivnS_SEQ' <Latency = 37> <II = 32> <Delay = 3.49> <FuncUnit> <Opcode : 'sdiv' 'srem' 'udiv' 'urem'> <InPorts = 2> <OutPorts = 1>

State 52 <SV = 51> <Delay = 3.49>
ST_52 : Operation 228 [12/38] (3.49ns)   --->   "%sdiv_ln1303 = sdiv i34 4294967296, i34 %sext_ln1303"   --->   Operation 228 'sdiv' 'sdiv_ln1303' <Predicate = true> <Delay = 3.49> <CoreInst = "DivnS_SEQ">   --->   Core 7 'DivnS_SEQ' <Latency = 37> <II = 32> <Delay = 3.49> <FuncUnit> <Opcode : 'sdiv' 'srem' 'udiv' 'urem'> <InPorts = 2> <OutPorts = 1>

State 53 <SV = 52> <Delay = 3.49>
ST_53 : Operation 229 [11/38] (3.49ns)   --->   "%sdiv_ln1303 = sdiv i34 4294967296, i34 %sext_ln1303"   --->   Operation 229 'sdiv' 'sdiv_ln1303' <Predicate = true> <Delay = 3.49> <CoreInst = "DivnS_SEQ">   --->   Core 7 'DivnS_SEQ' <Latency = 37> <II = 32> <Delay = 3.49> <FuncUnit> <Opcode : 'sdiv' 'srem' 'udiv' 'urem'> <InPorts = 2> <OutPorts = 1>

State 54 <SV = 53> <Delay = 3.49>
ST_54 : Operation 230 [10/38] (3.49ns)   --->   "%sdiv_ln1303 = sdiv i34 4294967296, i34 %sext_ln1303"   --->   Operation 230 'sdiv' 'sdiv_ln1303' <Predicate = true> <Delay = 3.49> <CoreInst = "DivnS_SEQ">   --->   Core 7 'DivnS_SEQ' <Latency = 37> <II = 32> <Delay = 3.49> <FuncUnit> <Opcode : 'sdiv' 'srem' 'udiv' 'urem'> <InPorts = 2> <OutPorts = 1>

State 55 <SV = 54> <Delay = 3.49>
ST_55 : Operation 231 [9/38] (3.49ns)   --->   "%sdiv_ln1303 = sdiv i34 4294967296, i34 %sext_ln1303"   --->   Operation 231 'sdiv' 'sdiv_ln1303' <Predicate = true> <Delay = 3.49> <CoreInst = "DivnS_SEQ">   --->   Core 7 'DivnS_SEQ' <Latency = 37> <II = 32> <Delay = 3.49> <FuncUnit> <Opcode : 'sdiv' 'srem' 'udiv' 'urem'> <InPorts = 2> <OutPorts = 1>

State 56 <SV = 55> <Delay = 3.49>
ST_56 : Operation 232 [8/38] (3.49ns)   --->   "%sdiv_ln1303 = sdiv i34 4294967296, i34 %sext_ln1303"   --->   Operation 232 'sdiv' 'sdiv_ln1303' <Predicate = true> <Delay = 3.49> <CoreInst = "DivnS_SEQ">   --->   Core 7 'DivnS_SEQ' <Latency = 37> <II = 32> <Delay = 3.49> <FuncUnit> <Opcode : 'sdiv' 'srem' 'udiv' 'urem'> <InPorts = 2> <OutPorts = 1>

State 57 <SV = 56> <Delay = 3.49>
ST_57 : Operation 233 [7/38] (3.49ns)   --->   "%sdiv_ln1303 = sdiv i34 4294967296, i34 %sext_ln1303"   --->   Operation 233 'sdiv' 'sdiv_ln1303' <Predicate = true> <Delay = 3.49> <CoreInst = "DivnS_SEQ">   --->   Core 7 'DivnS_SEQ' <Latency = 37> <II = 32> <Delay = 3.49> <FuncUnit> <Opcode : 'sdiv' 'srem' 'udiv' 'urem'> <InPorts = 2> <OutPorts = 1>

State 58 <SV = 57> <Delay = 3.49>
ST_58 : Operation 234 [6/38] (3.49ns)   --->   "%sdiv_ln1303 = sdiv i34 4294967296, i34 %sext_ln1303"   --->   Operation 234 'sdiv' 'sdiv_ln1303' <Predicate = true> <Delay = 3.49> <CoreInst = "DivnS_SEQ">   --->   Core 7 'DivnS_SEQ' <Latency = 37> <II = 32> <Delay = 3.49> <FuncUnit> <Opcode : 'sdiv' 'srem' 'udiv' 'urem'> <InPorts = 2> <OutPorts = 1>

State 59 <SV = 58> <Delay = 3.49>
ST_59 : Operation 235 [5/38] (3.49ns)   --->   "%sdiv_ln1303 = sdiv i34 4294967296, i34 %sext_ln1303"   --->   Operation 235 'sdiv' 'sdiv_ln1303' <Predicate = true> <Delay = 3.49> <CoreInst = "DivnS_SEQ">   --->   Core 7 'DivnS_SEQ' <Latency = 37> <II = 32> <Delay = 3.49> <FuncUnit> <Opcode : 'sdiv' 'srem' 'udiv' 'urem'> <InPorts = 2> <OutPorts = 1>

State 60 <SV = 59> <Delay = 3.49>
ST_60 : Operation 236 [4/38] (3.49ns)   --->   "%sdiv_ln1303 = sdiv i34 4294967296, i34 %sext_ln1303"   --->   Operation 236 'sdiv' 'sdiv_ln1303' <Predicate = true> <Delay = 3.49> <CoreInst = "DivnS_SEQ">   --->   Core 7 'DivnS_SEQ' <Latency = 37> <II = 32> <Delay = 3.49> <FuncUnit> <Opcode : 'sdiv' 'srem' 'udiv' 'urem'> <InPorts = 2> <OutPorts = 1>

State 61 <SV = 60> <Delay = 3.49>
ST_61 : Operation 237 [3/38] (3.49ns)   --->   "%sdiv_ln1303 = sdiv i34 4294967296, i34 %sext_ln1303"   --->   Operation 237 'sdiv' 'sdiv_ln1303' <Predicate = true> <Delay = 3.49> <CoreInst = "DivnS_SEQ">   --->   Core 7 'DivnS_SEQ' <Latency = 37> <II = 32> <Delay = 3.49> <FuncUnit> <Opcode : 'sdiv' 'srem' 'udiv' 'urem'> <InPorts = 2> <OutPorts = 1>

State 62 <SV = 61> <Delay = 3.49>
ST_62 : Operation 238 [2/38] (3.49ns)   --->   "%sdiv_ln1303 = sdiv i34 4294967296, i34 %sext_ln1303"   --->   Operation 238 'sdiv' 'sdiv_ln1303' <Predicate = true> <Delay = 3.49> <CoreInst = "DivnS_SEQ">   --->   Core 7 'DivnS_SEQ' <Latency = 37> <II = 32> <Delay = 3.49> <FuncUnit> <Opcode : 'sdiv' 'srem' 'udiv' 'urem'> <InPorts = 2> <OutPorts = 1>

State 63 <SV = 62> <Delay = 3.49>
ST_63 : Operation 239 [1/38] (3.49ns)   --->   "%sdiv_ln1303 = sdiv i34 4294967296, i34 %sext_ln1303"   --->   Operation 239 'sdiv' 'sdiv_ln1303' <Predicate = true> <Delay = 3.49> <CoreInst = "DivnS_SEQ">   --->   Core 7 'DivnS_SEQ' <Latency = 37> <II = 32> <Delay = 3.49> <FuncUnit> <Opcode : 'sdiv' 'srem' 'udiv' 'urem'> <InPorts = 2> <OutPorts = 1>
ST_63 : Operation 240 [1/1] (0.00ns)   --->   "%inv_std_fx_V = trunc i32 %sdiv_ln1303"   --->   Operation 240 'trunc' 'inv_std_fx_V' <Predicate = true> <Delay = 0.00>
ST_63 : Operation 241 [2/2] (0.00ns)   --->   "%call_ln818 = call void @ecg_denoiser_Pipeline_ZNORM_APPLY, i32 %norm_buf_V_1, i32 %norm_buf_V, i32 %input_buf_V, i32 %input_buf_V_1, i32 %mean_fx_V, i32 %inv_std_fx_V"   --->   Operation 241 'call' 'call_ln818' <Predicate = true> <Delay = 0.00> <CoreType = "Generic">   --->   Core 0 '' <Latency = 0> <II = 1> <Delay = 1.00> <Generic> <Opcode : >

State 64 <SV = 63> <Delay = 0.00>
ST_64 : Operation 242 [1/2] (0.00ns)   --->   "%call_ln818 = call void @ecg_denoiser_Pipeline_ZNORM_APPLY, i32 %norm_buf_V_1, i32 %norm_buf_V, i32 %input_buf_V, i32 %input_buf_V_1, i32 %mean_fx_V, i32 %inv_std_fx_V"   --->   Operation 242 'call' 'call_ln818' <Predicate = true> <Delay = 0.00> <CoreType = "Generic">   --->   Core 0 '' <Latency = 0> <II = 1> <Delay = 1.00> <Generic> <Opcode : >

State 65 <SV = 64> <Delay = 0.00>
ST_65 : Operation 243 [2/2] (0.00ns)   --->   "%call_ln277 = call void @conv_layer01234_fused, i32 %norm_buf_V, i32 %norm_buf_V_1, i32 %buf41210, i16 %denoiser_w_L0_b_V, i16 %denoiser_w_L0_W_V, i17 %denoiser_w_L1_b_V, i15 %denoiser_w_L1_W_V, i17 %denoiser_w_L2_b_V, i15 %denoiser_w_L2_W_V, i17 %denoiser_w_L3_b_V, i15 %denoiser_w_L3_W_V, i15 %denoiser_w_L4_W_V" [src/ecg_denoiser.cpp:277]   --->   Operation 243 'call' 'call_ln277' <Predicate = true> <Delay = 0.00> <CoreType = "Generic">   --->   Core 0 '' <Latency = 0> <II = 1> <Delay = 1.00> <Generic> <Opcode : >

State 66 <SV = 65> <Delay = 0.00>
ST_66 : Operation 244 [1/2] (0.00ns)   --->   "%call_ln277 = call void @conv_layer01234_fused, i32 %norm_buf_V, i32 %norm_buf_V_1, i32 %buf41210, i16 %denoiser_w_L0_b_V, i16 %denoiser_w_L0_W_V, i17 %denoiser_w_L1_b_V, i15 %denoiser_w_L1_W_V, i17 %denoiser_w_L2_b_V, i15 %denoiser_w_L2_W_V, i17 %denoiser_w_L3_b_V, i15 %denoiser_w_L3_W_V, i15 %denoiser_w_L4_W_V" [src/ecg_denoiser.cpp:277]   --->   Operation 244 'call' 'call_ln277' <Predicate = true> <Delay = 0.00> <CoreType = "Generic">   --->   Core 0 '' <Latency = 0> <II = 1> <Delay = 1.00> <Generic> <Opcode : >

State 67 <SV = 66> <Delay = 0.00>
ST_67 : Operation 245 [1/1] (0.00ns)   --->   "%empty_52 = wait i32 @_ssdm_op_Wait"   --->   Operation 245 'wait' 'empty_52' <Predicate = true> <Delay = 0.00>
ST_67 : Operation 246 [2/2] (0.00ns)   --->   "%call_ln0 = call void @ecg_denoiser_Pipeline_WRITE_OUTPUT, i32 %buf41210, i32 %out_stream_V_data_V, i4 %out_stream_V_keep_V, i4 %out_stream_V_strb_V, i1 %out_stream_V_user_V, i1 %out_stream_V_last_V, i1 %out_stream_V_id_V, i1 %out_stream_V_dest_V"   --->   Operation 246 'call' 'call_ln0' <Predicate = true> <Delay = 0.00> <CoreType = "Generic">   --->   Core 0 '' <Latency = 0> <II = 1> <Delay = 1.00> <Generic> <Opcode : >

State 68 <SV = 67> <Delay = 2.77>
ST_68 : Operation 247 [1/2] (2.77ns)   --->   "%call_ln0 = call void @ecg_denoiser_Pipeline_WRITE_OUTPUT, i32 %buf41210, i32 %out_stream_V_data_V, i4 %out_stream_V_keep_V, i4 %out_stream_V_strb_V, i1 %out_stream_V_user_V, i1 %out_stream_V_last_V, i1 %out_stream_V_id_V, i1 %out_stream_V_dest_V"   --->   Operation 247 'call' 'call_ln0' <Predicate = true> <Delay = 2.77> <CoreType = "Generic">   --->   Core 0 '' <Latency = 0> <II = 1> <Delay = 1.00> <Generic> <Opcode : >

State 69 <SV = 68> <Delay = 0.00>
ST_69 : Operation 248 [1/1] (0.00ns)   --->   "%spectopmodule_ln226 = spectopmodule void @_ssdm_op_SpecTopModule, void @empty_6" [src/ecg_denoiser.cpp:226]   --->   Operation 248 'spectopmodule' 'spectopmodule_ln226' <Predicate = true> <Delay = 0.00>
ST_69 : Operation 249 [1/1] (0.00ns)   --->   "%specinterface_ln226 = specinterface void @_ssdm_op_SpecInterface, i32 0, void @empty_11, i32 0, i32 0, void @empty_1, i32 0, i32 0, void @empty_1, void @empty_1, void @empty_1, i32 0, i32 0, i32 0, i32 0, void @empty_1, void @empty_1, i32 4294967295, i32 0" [src/ecg_denoiser.cpp:226]   --->   Operation 249 'specinterface' 'specinterface_ln226' <Predicate = true> <Delay = 0.00>
ST_69 : Operation 250 [1/1] (0.00ns)   --->   "%specinterface_ln0 = specinterface void @_ssdm_op_SpecInterface, i32 %in_stream_V_data_V, i4 %in_stream_V_keep_V, i4 %in_stream_V_strb_V, i1 %in_stream_V_user_V, i1 %in_stream_V_last_V, i1 %in_stream_V_id_V, i1 %in_stream_V_dest_V, void @empty, i32 1, i32 1, void @empty_0, i32 0, i32 0, void @empty_1, void @empty_1, void @empty_1, i32 0, i32 0, i32 0, i32 0, void @empty_1, void @empty_1, i32 4294967295, i32 0"   --->   Operation 250 'specinterface' 'specinterface_ln0' <Predicate = true> <Delay = 0.00>
ST_69 : Operation 251 [1/1] (0.00ns)   --->   "%specbitsmap_ln0 = specbitsmap void @_ssdm_op_SpecBitsMap, i32 %in_stream_V_data_V"   --->   Operation 251 'specbitsmap' 'specbitsmap_ln0' <Predicate = true> <Delay = 0.00>
ST_69 : Operation 252 [1/1] (0.00ns)   --->   "%specbitsmap_ln0 = specbitsmap void @_ssdm_op_SpecBitsMap, i4 %in_stream_V_keep_V"   --->   Operation 252 'specbitsmap' 'specbitsmap_ln0' <Predicate = true> <Delay = 0.00>
ST_69 : Operation 253 [1/1] (0.00ns)   --->   "%specbitsmap_ln0 = specbitsmap void @_ssdm_op_SpecBitsMap, i4 %in_stream_V_strb_V"   --->   Operation 253 'specbitsmap' 'specbitsmap_ln0' <Predicate = true> <Delay = 0.00>
ST_69 : Operation 254 [1/1] (0.00ns)   --->   "%specbitsmap_ln0 = specbitsmap void @_ssdm_op_SpecBitsMap, i1 %in_stream_V_user_V"   --->   Operation 254 'specbitsmap' 'specbitsmap_ln0' <Predicate = true> <Delay = 0.00>
ST_69 : Operation 255 [1/1] (0.00ns)   --->   "%specbitsmap_ln0 = specbitsmap void @_ssdm_op_SpecBitsMap, i1 %in_stream_V_last_V"   --->   Operation 255 'specbitsmap' 'specbitsmap_ln0' <Predicate = true> <Delay = 0.00>
ST_69 : Operation 256 [1/1] (0.00ns)   --->   "%specbitsmap_ln0 = specbitsmap void @_ssdm_op_SpecBitsMap, i1 %in_stream_V_id_V"   --->   Operation 256 'specbitsmap' 'specbitsmap_ln0' <Predicate = true> <Delay = 0.00>
ST_69 : Operation 257 [1/1] (0.00ns)   --->   "%specbitsmap_ln0 = specbitsmap void @_ssdm_op_SpecBitsMap, i1 %in_stream_V_dest_V"   --->   Operation 257 'specbitsmap' 'specbitsmap_ln0' <Predicate = true> <Delay = 0.00>
ST_69 : Operation 258 [1/1] (0.00ns)   --->   "%specinterface_ln0 = specinterface void @_ssdm_op_SpecInterface, i32 %out_stream_V_data_V, i4 %out_stream_V_keep_V, i4 %out_stream_V_strb_V, i1 %out_stream_V_user_V, i1 %out_stream_V_last_V, i1 %out_stream_V_id_V, i1 %out_stream_V_dest_V, void @empty, i32 1, i32 1, void @empty_0, i32 0, i32 0, void @empty_1, void @empty_1, void @empty_1, i32 0, i32 0, i32 0, i32 0, void @empty_1, void @empty_1, i32 4294967295, i32 0"   --->   Operation 258 'specinterface' 'specinterface_ln0' <Predicate = true> <Delay = 0.00>
ST_69 : Operation 259 [1/1] (0.00ns)   --->   "%specbitsmap_ln0 = specbitsmap void @_ssdm_op_SpecBitsMap, i32 %out_stream_V_data_V"   --->   Operation 259 'specbitsmap' 'specbitsmap_ln0' <Predicate = true> <Delay = 0.00>
ST_69 : Operation 260 [1/1] (0.00ns)   --->   "%specbitsmap_ln0 = specbitsmap void @_ssdm_op_SpecBitsMap, i4 %out_stream_V_keep_V"   --->   Operation 260 'specbitsmap' 'specbitsmap_ln0' <Predicate = true> <Delay = 0.00>
ST_69 : Operation 261 [1/1] (0.00ns)   --->   "%specbitsmap_ln0 = specbitsmap void @_ssdm_op_SpecBitsMap, i4 %out_stream_V_strb_V"   --->   Operation 261 'specbitsmap' 'specbitsmap_ln0' <Predicate = true> <Delay = 0.00>
ST_69 : Operation 262 [1/1] (0.00ns)   --->   "%specbitsmap_ln0 = specbitsmap void @_ssdm_op_SpecBitsMap, i1 %out_stream_V_user_V"   --->   Operation 262 'specbitsmap' 'specbitsmap_ln0' <Predicate = true> <Delay = 0.00>
ST_69 : Operation 263 [1/1] (0.00ns)   --->   "%specbitsmap_ln0 = specbitsmap void @_ssdm_op_SpecBitsMap, i1 %out_stream_V_last_V"   --->   Operation 263 'specbitsmap' 'specbitsmap_ln0' <Predicate = true> <Delay = 0.00>
ST_69 : Operation 264 [1/1] (0.00ns)   --->   "%specbitsmap_ln0 = specbitsmap void @_ssdm_op_SpecBitsMap, i1 %out_stream_V_id_V"   --->   Operation 264 'specbitsmap' 'specbitsmap_ln0' <Predicate = true> <Delay = 0.00>
ST_69 : Operation 265 [1/1] (0.00ns)   --->   "%specbitsmap_ln0 = specbitsmap void @_ssdm_op_SpecBitsMap, i1 %out_stream_V_dest_V"   --->   Operation 265 'specbitsmap' 'specbitsmap_ln0' <Predicate = true> <Delay = 0.00>
ST_69 : Operation 266 [1/1] (0.00ns)   --->   "%specmemcore_ln236 = specmemcore void @_ssdm_op_SpecMemCore, i32 %input_buf_V_1, i64 666, i64 19, i64 18446744073709551615" [src/ecg_denoiser.cpp:236]   --->   Operation 266 'specmemcore' 'specmemcore_ln236' <Predicate = true> <Delay = 0.00>
ST_69 : Operation 267 [1/1] (0.00ns)   --->   "%specmemcore_ln236 = specmemcore void @_ssdm_op_SpecMemCore, i32 %input_buf_V, i64 666, i64 19, i64 18446744073709551615" [src/ecg_denoiser.cpp:236]   --->   Operation 267 'specmemcore' 'specmemcore_ln236' <Predicate = true> <Delay = 0.00>
ST_69 : Operation 268 [1/1] (0.00ns)   --->   "%specmemcore_ln237 = specmemcore void @_ssdm_op_SpecMemCore, i32 %norm_buf_V_1, i64 666, i64 19, i64 18446744073709551615" [src/ecg_denoiser.cpp:237]   --->   Operation 268 'specmemcore' 'specmemcore_ln237' <Predicate = true> <Delay = 0.00>
ST_69 : Operation 269 [1/1] (0.00ns)   --->   "%specmemcore_ln237 = specmemcore void @_ssdm_op_SpecMemCore, i32 %norm_buf_V, i64 666, i64 19, i64 18446744073709551615" [src/ecg_denoiser.cpp:237]   --->   Operation 269 'specmemcore' 'specmemcore_ln237' <Predicate = true> <Delay = 0.00>
ST_69 : Operation 270 [1/1] (0.00ns)   --->   "%specaxissidechannel_ln243 = specaxissidechannel void @_ssdm_op_SpecAXISSideChannel, i32 %out_stream_V_data_V, i4 %out_stream_V_keep_V, i4 %out_stream_V_strb_V, i1 %out_stream_V_user_V, i1 %out_stream_V_last_V, i1 %out_stream_V_id_V, i1 %out_stream_V_dest_V, void @empty_2" [src/ecg_denoiser.cpp:243]   --->   Operation 270 'specaxissidechannel' 'specaxissidechannel_ln243' <Predicate = true> <Delay = 0.00>
ST_69 : Operation 271 [1/1] (0.00ns)   --->   "%specaxissidechannel_ln243 = specaxissidechannel void @_ssdm_op_SpecAXISSideChannel, i32 %in_stream_V_data_V, i4 %in_stream_V_keep_V, i4 %in_stream_V_strb_V, i1 %in_stream_V_user_V, i1 %in_stream_V_last_V, i1 %in_stream_V_id_V, i1 %in_stream_V_dest_V, void @empty_5" [src/ecg_denoiser.cpp:243]   --->   Operation 271 'specaxissidechannel' 'specaxissidechannel_ln243' <Predicate = true> <Delay = 0.00>
ST_69 : Operation 272 [1/1] (0.00ns)   --->   "%ret_ln294 = ret" [src/ecg_denoiser.cpp:294]   --->   Operation 272 'ret' 'ret_ln294' <Predicate = true> <Delay = 0.00>


============================================================
+ Verbose Summary: Timing violations
============================================================
Target clock period: 13ns, clock uncertainty: 3.51ns.

 <State 1>: 0ns
The critical path consists of the following:

 <State 2>: 1.75ns
The critical path consists of the following:
	'call' operation ('call_ln0') to 'ecg_denoiser_Pipeline_READ_INPUT' [56]  (1.75 ns)

 <State 3>: 0ns
The critical path consists of the following:

 <State 4>: 0ns
The critical path consists of the following:

 <State 5>: 2.93ns
The critical path consists of the following:
	'call' operation ('call_ln0') to 'ecg_denoiser_Pipeline_ZNORM_MEAN' [58]  (2.93 ns)

 <State 6>: 8.62ns
The critical path consists of the following:
	'load' operation ('mean_acc_V_loc_load') on local variable 'mean_acc_V_loc' [59]  (0 ns)
	'mul' operation ('r.V') [61]  (8.62 ns)

 <State 7>: 0ns
The critical path consists of the following:

 <State 8>: 8.62ns
The critical path consists of the following:
	'load' operation ('var_acc_V_2_loc_load') on local variable 'var_acc_V_2_loc' [64]  (0 ns)
	'mul' operation ('r.V') [66]  (8.62 ns)

 <State 9>: 9.15ns
The critical path consists of the following:
	'sub' operation ('tmp.V') [70]  (1.9 ns)
	'select' operation ('tmp.V') [71]  (0.705 ns)
	'cttz' operation ('l') [73]  (0 ns)
	'sub' operation ('sub_ln1099') [74]  (1.9 ns)
	'add' operation ('lsb_index') [75]  (1.9 ns)
	'icmp' operation ('icmp_ln1101') [77]  (1.96 ns)
	'and' operation ('a') [84]  (0 ns)
	'or' operation ('or_ln1104') [89]  (0 ns)
	blocking operation 0.8 ns on control path)

 <State 10>: 8.95ns
The critical path consists of the following:
	'add' operation ('add_ln1113') [93]  (1.9 ns)
	'lshr' operation ('lshr_ln1113') [95]  (0 ns)
	'select' operation ('m') [99]  (0 ns)
	'add' operation ('m') [101]  (2.94 ns)
	'select' operation ('select_ln1098') [105]  (0.448 ns)
	'add' operation ('add_ln1124') [108]  (2.97 ns)
	'select' operation ('var_fx_f') [113]  (0.705 ns)

 <State 11>: 4.2ns
The critical path consists of the following:
	'fcmp' operation ('tmp_6', src/ecg_denoiser.cpp:267) [120]  (4.2 ns)

 <State 12>: 5ns
The critical path consists of the following:
	'fcmp' operation ('tmp_6', src/ecg_denoiser.cpp:267) [120]  (4.2 ns)
	'and' operation ('and_ln267', src/ecg_denoiser.cpp:267) [121]  (0 ns)
	'select' operation ('var_safe', src/ecg_denoiser.cpp:267) [122]  (0.8 ns)

 <State 13>: 8.68ns
The critical path consists of the following:
	'fsqrt' operation ('d', C:\scratch\2022.2\hls_product\608\2022.2\src\shared\hls\clib\hlsmath\src\c++\sqrtfloat.cpp:8) [123]  (8.68 ns)

 <State 14>: 8.68ns
The critical path consists of the following:
	'fsqrt' operation ('d', C:\scratch\2022.2\hls_product\608\2022.2\src\shared\hls\clib\hlsmath\src\c++\sqrtfloat.cpp:8) [123]  (8.68 ns)

 <State 15>: 8.68ns
The critical path consists of the following:
	'fsqrt' operation ('d', C:\scratch\2022.2\hls_product\608\2022.2\src\shared\hls\clib\hlsmath\src\c++\sqrtfloat.cpp:8) [123]  (8.68 ns)

 <State 16>: 8.68ns
The critical path consists of the following:
	'fsqrt' operation ('d', C:\scratch\2022.2\hls_product\608\2022.2\src\shared\hls\clib\hlsmath\src\c++\sqrtfloat.cpp:8) [123]  (8.68 ns)

 <State 17>: 8.68ns
The critical path consists of the following:
	'fsqrt' operation ('d', C:\scratch\2022.2\hls_product\608\2022.2\src\shared\hls\clib\hlsmath\src\c++\sqrtfloat.cpp:8) [123]  (8.68 ns)

 <State 18>: 8.68ns
The critical path consists of the following:
	'fsqrt' operation ('d', C:\scratch\2022.2\hls_product\608\2022.2\src\shared\hls\clib\hlsmath\src\c++\sqrtfloat.cpp:8) [123]  (8.68 ns)

 <State 19>: 8.68ns
The critical path consists of the following:
	'fsqrt' operation ('d', C:\scratch\2022.2\hls_product\608\2022.2\src\shared\hls\clib\hlsmath\src\c++\sqrtfloat.cpp:8) [123]  (8.68 ns)

 <State 20>: 8.68ns
The critical path consists of the following:
	'fsqrt' operation ('d', C:\scratch\2022.2\hls_product\608\2022.2\src\shared\hls\clib\hlsmath\src\c++\sqrtfloat.cpp:8) [123]  (8.68 ns)

 <State 21>: 8.68ns
The critical path consists of the following:
	'fsqrt' operation ('d', C:\scratch\2022.2\hls_product\608\2022.2\src\shared\hls\clib\hlsmath\src\c++\sqrtfloat.cpp:8) [123]  (8.68 ns)

 <State 22>: 8.68ns
The critical path consists of the following:
	'fsqrt' operation ('d', C:\scratch\2022.2\hls_product\608\2022.2\src\shared\hls\clib\hlsmath\src\c++\sqrtfloat.cpp:8) [123]  (8.68 ns)

 <State 23>: 3.16ns
The critical path consists of the following:
	'fpext' operation ('d') [124]  (3.16 ns)

 <State 24>: 8.18ns
The critical path consists of the following:
	'fpext' operation ('d') [124]  (3.16 ns)
	'sub' operation ('F2') [136]  (1.55 ns)
	'icmp' operation ('icmp_ln570') [137]  (1.82 ns)
	'select' operation ('sh_amt') [140]  (0.59 ns)
	'icmp' operation ('icmp_ln592') [153]  (1.06 ns)

 <State 25>: 7.21ns
The critical path consists of the following:
	'shl' operation ('shl_ln593') [154]  (0 ns)
	'select' operation ('select_ln592') [155]  (0 ns)
	'select' operation ('select_ln571') [158]  (2.94 ns)
	'select' operation ('select_ln570') [162]  (0 ns)
	'add' operation ('add_ln813') [163]  (3.57 ns)
	'select' operation ('std_fx.V') [164]  (0.705 ns)

 <State 26>: 3.5ns
The critical path consists of the following:
	'sdiv' operation ('sdiv_ln1303') [166]  (3.5 ns)

 <State 27>: 3.5ns
The critical path consists of the following:
	'sdiv' operation ('sdiv_ln1303') [166]  (3.5 ns)

 <State 28>: 3.5ns
The critical path consists of the following:
	'sdiv' operation ('sdiv_ln1303') [166]  (3.5 ns)

 <State 29>: 3.5ns
The critical path consists of the following:
	'sdiv' operation ('sdiv_ln1303') [166]  (3.5 ns)

 <State 30>: 3.5ns
The critical path consists of the following:
	'sdiv' operation ('sdiv_ln1303') [166]  (3.5 ns)

 <State 31>: 3.5ns
The critical path consists of the following:
	'sdiv' operation ('sdiv_ln1303') [166]  (3.5 ns)

 <State 32>: 3.5ns
The critical path consists of the following:
	'sdiv' operation ('sdiv_ln1303') [166]  (3.5 ns)

 <State 33>: 3.5ns
The critical path consists of the following:
	'sdiv' operation ('sdiv_ln1303') [166]  (3.5 ns)

 <State 34>: 3.5ns
The critical path consists of the following:
	'sdiv' operation ('sdiv_ln1303') [166]  (3.5 ns)

 <State 35>: 3.5ns
The critical path consists of the following:
	'sdiv' operation ('sdiv_ln1303') [166]  (3.5 ns)

 <State 36>: 3.5ns
The critical path consists of the following:
	'sdiv' operation ('sdiv_ln1303') [166]  (3.5 ns)

 <State 37>: 3.5ns
The critical path consists of the following:
	'sdiv' operation ('sdiv_ln1303') [166]  (3.5 ns)

 <State 38>: 3.5ns
The critical path consists of the following:
	'sdiv' operation ('sdiv_ln1303') [166]  (3.5 ns)

 <State 39>: 3.5ns
The critical path consists of the following:
	'sdiv' operation ('sdiv_ln1303') [166]  (3.5 ns)

 <State 40>: 3.5ns
The critical path consists of the following:
	'sdiv' operation ('sdiv_ln1303') [166]  (3.5 ns)

 <State 41>: 3.5ns
The critical path consists of the following:
	'sdiv' operation ('sdiv_ln1303') [166]  (3.5 ns)

 <State 42>: 3.5ns
The critical path consists of the following:
	'sdiv' operation ('sdiv_ln1303') [166]  (3.5 ns)

 <State 43>: 3.5ns
The critical path consists of the following:
	'sdiv' operation ('sdiv_ln1303') [166]  (3.5 ns)

 <State 44>: 3.5ns
The critical path consists of the following:
	'sdiv' operation ('sdiv_ln1303') [166]  (3.5 ns)

 <State 45>: 3.5ns
The critical path consists of the following:
	'sdiv' operation ('sdiv_ln1303') [166]  (3.5 ns)

 <State 46>: 3.5ns
The critical path consists of the following:
	'sdiv' operation ('sdiv_ln1303') [166]  (3.5 ns)

 <State 47>: 3.5ns
The critical path consists of the following:
	'sdiv' operation ('sdiv_ln1303') [166]  (3.5 ns)

 <State 48>: 3.5ns
The critical path consists of the following:
	'sdiv' operation ('sdiv_ln1303') [166]  (3.5 ns)

 <State 49>: 3.5ns
The critical path consists of the following:
	'sdiv' operation ('sdiv_ln1303') [166]  (3.5 ns)

 <State 50>: 3.5ns
The critical path consists of the following:
	'sdiv' operation ('sdiv_ln1303') [166]  (3.5 ns)

 <State 51>: 3.5ns
The critical path consists of the following:
	'sdiv' operation ('sdiv_ln1303') [166]  (3.5 ns)

 <State 52>: 3.5ns
The critical path consists of the following:
	'sdiv' operation ('sdiv_ln1303') [166]  (3.5 ns)

 <State 53>: 3.5ns
The critical path consists of the following:
	'sdiv' operation ('sdiv_ln1303') [166]  (3.5 ns)

 <State 54>: 3.5ns
The critical path consists of the following:
	'sdiv' operation ('sdiv_ln1303') [166]  (3.5 ns)

 <State 55>: 3.5ns
The critical path consists of the following:
	'sdiv' operation ('sdiv_ln1303') [166]  (3.5 ns)

 <State 56>: 3.5ns
The critical path consists of the following:
	'sdiv' operation ('sdiv_ln1303') [166]  (3.5 ns)

 <State 57>: 3.5ns
The critical path consists of the following:
	'sdiv' operation ('sdiv_ln1303') [166]  (3.5 ns)

 <State 58>: 3.5ns
The critical path consists of the following:
	'sdiv' operation ('sdiv_ln1303') [166]  (3.5 ns)

 <State 59>: 3.5ns
The critical path consists of the following:
	'sdiv' operation ('sdiv_ln1303') [166]  (3.5 ns)

 <State 60>: 3.5ns
The critical path consists of the following:
	'sdiv' operation ('sdiv_ln1303') [166]  (3.5 ns)

 <State 61>: 3.5ns
The critical path consists of the following:
	'sdiv' operation ('sdiv_ln1303') [166]  (3.5 ns)

 <State 62>: 3.5ns
The critical path consists of the following:
	'sdiv' operation ('sdiv_ln1303') [166]  (3.5 ns)

 <State 63>: 3.5ns
The critical path consists of the following:
	'sdiv' operation ('sdiv_ln1303') [166]  (3.5 ns)

 <State 64>: 0ns
The critical path consists of the following:

 <State 65>: 0ns
The critical path consists of the following:

 <State 66>: 0ns
The critical path consists of the following:

 <State 67>: 0ns
The critical path consists of the following:

 <State 68>: 2.77ns
The critical path consists of the following:
	'call' operation ('call_ln0') to 'ecg_denoiser_Pipeline_WRITE_OUTPUT' [171]  (2.77 ns)

 <State 69>: 0ns
The critical path consists of the following:


============================================================
+ Verbose Summary: Binding
============================================================
N/A
* FSMD analyzer results:
  - Output states:
 - Input state : 
  - Chain level:
	State 1
	State 2
	State 3
	State 4
	State 5
	State 6
	State 7
	State 8
	State 9
	State 10
	State 11
	State 12
	State 13
	State 14
	State 15
	State 16
	State 17
	State 18
	State 19
	State 20
	State 21
	State 22
	State 23
	State 24
	State 25
	State 26
	State 27
	State 28
	State 29
	State 30
	State 31
	State 32
	State 33
	State 34
	State 35
	State 36
	State 37
	State 38
	State 39
	State 40
	State 41
	State 42
	State 43
	State 44
	State 45
	State 46
	State 47
	State 48
	State 49
	State 50
	State 51
	State 52
	State 53
	State 54
	State 55
	State 56
	State 57
	State 58
	State 59
	State 60
	State 61
	State 62
	State 63
	State 64
	State 65
	State 66
	State 67
	State 68
	State 69


============================================================
+ Verbose Summary: Datapath Resource usage 
============================================================
N/A
