

================================================================
== Vitis HLS Report for 'ecg_denoiser_Pipeline_ZNORM_MEAN'
================================================================
* Date:           Sat Apr  4 09:58:33 2026

* Version:        2022.2 (Build 3670227 on Oct 13 2022)
* Project:        ecg_denoiser_ip
* Solution:       solution1 (Vivado IP Flow Target)
* Product family: zynq
* Target device:  xc7z030-sbg485-2


================================================================
== Performance Estimates
================================================================
+ Timing: 
    * Summary: 
    +--------+----------+----------+------------+
    |  Clock |  Target  | Estimated| Uncertainty|
    +--------+----------+----------+------------+
    |ap_clk  |  13.00 ns|  6.648 ns|     3.51 ns|
    +--------+----------+----------+------------+

+ Latency: 
    * Summary: 
    +---------+---------+----------+----------+-----+-----+---------+
    |  Latency (cycles) |  Latency (absolute) |  Interval | Pipeline|
    |   min   |   max   |    min   |    max   | min | max |   Type  |
    +---------+---------+----------+----------+-----+-----+---------+
    |      362|      362|  4.706 us|  4.706 us|  362|  362|       no|
    +---------+---------+----------+----------+-----+-----+---------+

    + Detail: 
        * Instance: 
        N/A

        * Loop: 
        +--------------+---------+---------+----------+-----------+-----------+------+----------+
        |              |  Latency (cycles) | Iteration|  Initiation Interval  | Trip |          |
        |   Loop Name  |   min   |   max   |  Latency |  achieved |   target  | Count| Pipelined|
        +--------------+---------+---------+----------+-----------+-----------+------+----------+
        |- ZNORM_MEAN  |      360|      360|         2|          1|          1|   360|       yes|
        +--------------+---------+---------+----------+-----------+-----------+------+----------+

============================================================
+ Verbose Summary: Synthesis Manager
============================================================
InlineROM: 1
ExposeGlobal: 0
============================================================
+ Verbose Summary: CDFG Model
============================================================
IsTopModel: 0
ResetActiveHigh: 1
IsCombinational: 0
IsDatapathOnly: 0
HasWiredReturn: 1
HasMFsm: 2
HasVarLatency: 1
IsPipeline: 0
IsRtlPipelined: 0
IsInstanceOverlapped: 0
IsDontTouch: 0
HasImplIP: 0
IsGatedGlobalClock: 0

+ Individual pipeline summary: 
  * Pipeline-0: initiation interval (II) = 1, depth = 2


============================================================
+ Verbose Summary: Schedule
============================================================
* Number of FSM states : 2
* Pipeline : 1
  Pipeline-0 : II = 1, D = 2, States = { 1 2 }
* Dataflow Pipeline: 0

* FSM state transitions: 
1 --> 2 
2 --> 

* FSM state operations: 

State 1 <SV = 0> <Delay = 2.92>
ST_1 : Operation 5 [1/1] (0.00ns)   --->   "%mean_acc_V = alloca i32 1"   --->   Operation 5 'alloca' 'mean_acc_V' <Predicate = true> <Delay = 0.00>
ST_1 : Operation 6 [1/1] (0.00ns)   --->   "%t_1 = alloca i32 1"   --->   Operation 6 'alloca' 't_1' <Predicate = true> <Delay = 0.00>
ST_1 : Operation 7 [1/1] (0.00ns)   --->   "%specmemcore_ln0 = specmemcore void @_ssdm_op_SpecMemCore, i32 %input_buf_V, i64 666, i64 19, i64 18446744073709551615"   --->   Operation 7 'specmemcore' 'specmemcore_ln0' <Predicate = true> <Delay = 0.00>
ST_1 : Operation 8 [1/1] (0.00ns)   --->   "%specmemcore_ln0 = specmemcore void @_ssdm_op_SpecMemCore, i32 %input_buf_V_1, i64 666, i64 19, i64 18446744073709551615"   --->   Operation 8 'specmemcore' 'specmemcore_ln0' <Predicate = true> <Delay = 0.00>
ST_1 : Operation 9 [1/1] (1.29ns)   --->   "%store_ln0 = store i9 0, i9 %t_1"   --->   Operation 9 'store' 'store_ln0' <Predicate = true> <Delay = 1.29>
ST_1 : Operation 10 [1/1] (1.29ns)   --->   "%store_ln0 = store i48 0, i48 %mean_acc_V"   --->   Operation 10 'store' 'store_ln0' <Predicate = true> <Delay = 1.29>
ST_1 : Operation 11 [1/1] (0.00ns)   --->   "%br_ln0 = br void %for.body27"   --->   Operation 11 'br' 'br_ln0' <Predicate = true> <Delay = 0.00>
ST_1 : Operation 12 [1/1] (0.00ns)   --->   "%t = load i9 %t_1"   --->   Operation 12 'load' 't' <Predicate = true> <Delay = 0.00>
ST_1 : Operation 13 [1/1] (1.62ns)   --->   "%icmp_ln252 = icmp_eq  i9 %t, i9 360" [src/ecg_denoiser.cpp:252]   --->   Operation 13 'icmp' 'icmp_ln252' <Predicate = true> <Delay = 1.62> <CoreInst = "Cmp">   --->   Core 9 'Cmp' <Latency = 0> <II = 1> <Delay = 1.62> <FuncUnit> <Opcode : 'icmp'> <InPorts = 2> <OutPorts = 1>
ST_1 : Operation 14 [1/1] (0.00ns)   --->   "%empty = speclooptripcount i32 @_ssdm_op_SpecLoopTripCount, i64 360, i64 360, i64 360"   --->   Operation 14 'speclooptripcount' 'empty' <Predicate = true> <Delay = 0.00>
ST_1 : Operation 15 [1/1] (1.36ns)   --->   "%add_ln252 = add i9 %t, i9 1" [src/ecg_denoiser.cpp:252]   --->   Operation 15 'add' 'add_ln252' <Predicate = true> <Delay = 1.36> <CoreInst = "Adder">   --->   Core 1 'Adder' <Latency = 0> <II = 1> <Delay = 1.36> <FuncUnit> <Opcode : 'add' 'sub'> <InPorts = 2> <OutPorts = 1>
ST_1 : Operation 16 [1/1] (0.00ns)   --->   "%br_ln252 = br i1 %icmp_ln252, void %for.body27.split, void %for.end34.exitStub" [src/ecg_denoiser.cpp:252]   --->   Operation 16 'br' 'br_ln252' <Predicate = true> <Delay = 0.00>
ST_1 : Operation 17 [1/1] (0.00ns)   --->   "%lshr_ln1 = partselect i8 @_ssdm_op_PartSelect.i8.i9.i32.i32, i9 %t, i32 1, i32 8"   --->   Operation 17 'partselect' 'lshr_ln1' <Predicate = (!icmp_ln252)> <Delay = 0.00>
ST_1 : Operation 18 [1/1] (0.00ns)   --->   "%zext_ln837 = zext i8 %lshr_ln1"   --->   Operation 18 'zext' 'zext_ln837' <Predicate = (!icmp_ln252)> <Delay = 0.00>
ST_1 : Operation 19 [1/1] (0.00ns)   --->   "%input_buf_V_addr = getelementptr i32 %input_buf_V, i64 0, i64 %zext_ln837"   --->   Operation 19 'getelementptr' 'input_buf_V_addr' <Predicate = (!icmp_ln252)> <Delay = 0.00>
ST_1 : Operation 20 [1/1] (0.00ns)   --->   "%input_buf_V_1_addr = getelementptr i32 %input_buf_V_1, i64 0, i64 %zext_ln837"   --->   Operation 20 'getelementptr' 'input_buf_V_1_addr' <Predicate = (!icmp_ln252)> <Delay = 0.00>
ST_1 : Operation 21 [1/1] (0.00ns)   --->   "%trunc_ln837 = trunc i9 %t"   --->   Operation 21 'trunc' 'trunc_ln837' <Predicate = (!icmp_ln252)> <Delay = 0.00>
ST_1 : Operation 22 [2/2] (1.75ns)   --->   "%input_buf_V_load = load i8 %input_buf_V_addr"   --->   Operation 22 'load' 'input_buf_V_load' <Predicate = (!icmp_ln252)> <Delay = 1.75> <CoreInst = "RAM_1P_LUTRAM">   --->   Core 87 'RAM_1P_LUTRAM' <Latency = 1> <II = 1> <Delay = 1.75> <Storage> <Opcode : 'load' 'store'> <Ports = 1> <Width = 32> <Depth = 180> <RAM>
ST_1 : Operation 23 [2/2] (1.75ns)   --->   "%input_buf_V_1_load = load i8 %input_buf_V_1_addr"   --->   Operation 23 'load' 'input_buf_V_1_load' <Predicate = (!icmp_ln252)> <Delay = 1.75> <CoreInst = "RAM_1P_LUTRAM">   --->   Core 87 'RAM_1P_LUTRAM' <Latency = 1> <II = 1> <Delay = 1.75> <Storage> <Opcode : 'load' 'store'> <Ports = 1> <Width = 32> <Depth = 180> <RAM>
ST_1 : Operation 24 [1/1] (1.29ns)   --->   "%store_ln252 = store i9 %add_ln252, i9 %t_1" [src/ecg_denoiser.cpp:252]   --->   Operation 24 'store' 'store_ln252' <Predicate = (!icmp_ln252)> <Delay = 1.29>
ST_1 : Operation 36 [1/1] (0.00ns)   --->   "%mean_acc_V_load_1 = load i48 %mean_acc_V"   --->   Operation 36 'load' 'mean_acc_V_load_1' <Predicate = (icmp_ln252)> <Delay = 0.00>
ST_1 : Operation 37 [1/1] (0.00ns)   --->   "%write_ln0 = write void @_ssdm_op_Write.ap_auto.i48P0A, i48 %mean_acc_V_out, i48 %mean_acc_V_load_1"   --->   Operation 37 'write' 'write_ln0' <Predicate = (icmp_ln252)> <Delay = 0.00>
ST_1 : Operation 38 [1/1] (0.00ns)   --->   "%ret_ln0 = ret"   --->   Operation 38 'ret' 'ret_ln0' <Predicate = (icmp_ln252)> <Delay = 0.00>

State 2 <SV = 1> <Delay = 6.64>
ST_2 : Operation 25 [1/1] (0.00ns)   --->   "%mean_acc_V_load = load i48 %mean_acc_V"   --->   Operation 25 'load' 'mean_acc_V_load' <Predicate = true> <Delay = 0.00>
ST_2 : Operation 26 [1/1] (0.00ns)   --->   "%specpipeline_ln253 = specpipeline void @_ssdm_op_SpecPipeline, i32 1, i32 0, i32 0, i32 0, void @empty_1" [src/ecg_denoiser.cpp:253]   --->   Operation 26 'specpipeline' 'specpipeline_ln253' <Predicate = true> <Delay = 0.00>
ST_2 : Operation 27 [1/1] (0.00ns)   --->   "%specloopname_ln250 = specloopname void @_ssdm_op_SpecLoopName, void @empty_3" [src/ecg_denoiser.cpp:250]   --->   Operation 27 'specloopname' 'specloopname_ln250' <Predicate = true> <Delay = 0.00>
ST_2 : Operation 28 [1/2] (1.75ns)   --->   "%input_buf_V_load = load i8 %input_buf_V_addr"   --->   Operation 28 'load' 'input_buf_V_load' <Predicate = true> <Delay = 1.75> <CoreInst = "RAM_1P_LUTRAM">   --->   Core 87 'RAM_1P_LUTRAM' <Latency = 1> <II = 1> <Delay = 1.75> <Storage> <Opcode : 'load' 'store'> <Ports = 1> <Width = 32> <Depth = 180> <RAM>
ST_2 : Operation 29 [1/2] (1.75ns)   --->   "%input_buf_V_1_load = load i8 %input_buf_V_1_addr"   --->   Operation 29 'load' 'input_buf_V_1_load' <Predicate = true> <Delay = 1.75> <CoreInst = "RAM_1P_LUTRAM">   --->   Core 87 'RAM_1P_LUTRAM' <Latency = 1> <II = 1> <Delay = 1.75> <Storage> <Opcode : 'load' 'store'> <Ports = 1> <Width = 32> <Depth = 180> <RAM>
ST_2 : Operation 30 [1/1] (1.29ns)   --->   "%tmp_1 = mux i32 @_ssdm_op_Mux.ap_auto.2i32.i1, i32 %input_buf_V_load, i32 %input_buf_V_1_load, i1 %trunc_ln837"   --->   Operation 30 'mux' 'tmp_1' <Predicate = true> <Delay = 1.29> <CoreInst = "Multiplexer">   --->   Core 76 'Multiplexer' <Latency = 0> <II = 1> <Delay = 1.29> <FuncUnit> <Opcode : 'mux'> <InPorts = 2> <OutPorts = 1>
ST_2 : Operation 31 [1/1] (0.00ns)   --->   "%shl_ln838_1 = bitconcatenate i40 @_ssdm_op_BitConcatenate.i40.i32.i8, i32 %tmp_1, i8 0"   --->   Operation 31 'bitconcatenate' 'shl_ln838_1' <Predicate = true> <Delay = 0.00>
ST_2 : Operation 32 [1/1] (0.00ns)   --->   "%sext_ln813 = sext i40 %shl_ln838_1"   --->   Operation 32 'sext' 'sext_ln813' <Predicate = true> <Delay = 0.00>
ST_2 : Operation 33 [1/1] (2.29ns)   --->   "%mean_acc_V_1 = add i48 %sext_ln813, i48 %mean_acc_V_load"   --->   Operation 33 'add' 'mean_acc_V_1' <Predicate = true> <Delay = 2.29> <CoreInst = "Adder">   --->   Core 1 'Adder' <Latency = 0> <II = 1> <Delay = 2.29> <FuncUnit> <Opcode : 'add' 'sub'> <InPorts = 2> <OutPorts = 1>
ST_2 : Operation 34 [1/1] (1.29ns)   --->   "%store_ln252 = store i48 %mean_acc_V_1, i48 %mean_acc_V" [src/ecg_denoiser.cpp:252]   --->   Operation 34 'store' 'store_ln252' <Predicate = true> <Delay = 1.29>
ST_2 : Operation 35 [1/1] (0.00ns)   --->   "%br_ln252 = br void %for.body27" [src/ecg_denoiser.cpp:252]   --->   Operation 35 'br' 'br_ln252' <Predicate = true> <Delay = 0.00>


============================================================
+ Verbose Summary: Timing violations
============================================================
Target clock period: 13ns, clock uncertainty: 3.51ns.

 <State 1>: 2.93ns
The critical path consists of the following:
	'alloca' operation ('t') [5]  (0 ns)
	'load' operation ('t') on local variable 't' [12]  (0 ns)
	'add' operation ('add_ln252', src/ecg_denoiser.cpp:252) [15]  (1.36 ns)
	'store' operation ('store_ln252', src/ecg_denoiser.cpp:252) of variable 'add_ln252', src/ecg_denoiser.cpp:252 on local variable 't' [32]  (1.3 ns)
	blocking operation 0.267 ns on control path)

 <State 2>: 6.65ns
The critical path consists of the following:
	'load' operation ('input_buf_V_load') on array 'input_buf_V' [26]  (1.75 ns)
	'mux' operation ('tmp_1') [28]  (1.3 ns)
	'add' operation ('mean_acc.V') [31]  (2.3 ns)
	'store' operation ('store_ln252', src/ecg_denoiser.cpp:252) of variable 'mean_acc.V' on local variable 'mean_acc.V' [33]  (1.3 ns)


============================================================
+ Verbose Summary: Binding
============================================================
N/A
* FSMD analyzer results:
  - Output states:
 - Input state : 
  - Chain level:
	State 1
	State 2


============================================================
+ Verbose Summary: Datapath Resource usage 
============================================================
N/A
