

================================================================
== Vitis HLS Report for 'ecg_denoiser_Pipeline_ZNORM_VAR'
================================================================
* Date:           Sat Apr  4 09:58:53 2026

* Version:        2022.2 (Build 3670227 on Oct 13 2022)
* Project:        ecg_denoiser_ip
* Solution:       solution1 (Vivado IP Flow Target)
* Product family: zynq
* Target device:  xc7z030-sbg485-2


================================================================
== Performance Estimates
================================================================
+ Timing: 
    * Summary: 
    +--------+----------+----------+------------+
    |  Clock |  Target  | Estimated| Uncertainty|
    +--------+----------+----------+------------+
    |ap_clk  |  13.00 ns|  7.360 ns|     3.51 ns|
    +--------+----------+----------+------------+

+ Latency: 
    * Summary: 
    +---------+---------+----------+----------+-----+-----+---------+
    |  Latency (cycles) |  Latency (absolute) |  Interval | Pipeline|
    |   min   |   max   |    min   |    max   | min | max |   Type  |
    +---------+---------+----------+----------+-----+-----+---------+
    |      364|      364|  4.732 us|  4.732 us|  364|  364|       no|
    +---------+---------+----------+----------+-----+-----+---------+

    + Detail: 
        * Instance: 
        N/A

        * Loop: 
        +-------------+---------+---------+----------+-----------+-----------+------+----------+
        |             |  Latency (cycles) | Iteration|  Initiation Interval  | Trip |          |
        |  Loop Name  |   min   |   max   |  Latency |  achieved |   target  | Count| Pipelined|
        +-------------+---------+---------+----------+-----------+-----------+------+----------+
        |- ZNORM_VAR  |      362|      362|         4|          1|          1|   360|       yes|
        +-------------+---------+---------+----------+-----------+-----------+------+----------+



================================================================
== Utilization Estimates
================================================================
* Summary: 
+-----------------+---------+-----+--------+-------+-----+
|       Name      | BRAM_18K| DSP |   FF   |  LUT  | URAM|
+-----------------+---------+-----+--------+-------+-----+
|DSP              |        -|    -|       -|      -|    -|
|Expression       |        -|    -|       0|    119|    -|
|FIFO             |        -|    -|       -|      -|    -|
|Instance         |        -|    4|       0|     38|    -|
|Memory           |        -|    -|       -|      -|    -|
|Multiplexer      |        -|    -|       -|     45|    -|
|Register         |        -|    -|     171|      -|    -|
+-----------------+---------+-----+--------+-------+-----+
|Total            |        0|    4|     171|    202|    0|
+-----------------+---------+-----+--------+-------+-----+
|Available        |      530|  400|  157200|  78600|    0|
+-----------------+---------+-----+--------+-------+-----+
|Utilization (%)  |        0|    1|      ~0|     ~0|    0|
+-----------------+---------+-----+--------+-------+-----+

+ Detail: 
    * Instance: 
    +------------------------+--------------------+---------+----+---+----+-----+
    |        Instance        |       Module       | BRAM_18K| DSP| FF| LUT| URAM|
    +------------------------+--------------------+---------+----+---+----+-----+
    |mul_40s_40s_72_1_1_U16  |mul_40s_40s_72_1_1  |        0|   4|  0|  29|    0|
    |mux_21_32_1_1_U15       |mux_21_32_1_1       |        0|   0|  0|   9|    0|
    +------------------------+--------------------+---------+----+---+----+-----+
    |Total                   |                    |        0|   4|  0|  38|    0|
    +------------------------+--------------------+---------+----+---+----+-----+

    * DSP: 
    N/A

    * Memory: 
    N/A

    * FIFO: 
    N/A

    * Expression: 
    +----------------------+----------+----+---+----+------------+------------+
    |     Variable Name    | Operation| DSP| FF| LUT| Bitwidth P0| Bitwidth P1|
    +----------------------+----------+----+---+----+------------+------------+
    |add_ln260_fu_132_p2   |         +|   0|  0|   9|           9|           1|
    |ret_V_fu_205_p2       |         +|   0|  0|  72|          72|          72|
    |d_fu_172_p2           |         -|   0|  0|  32|          32|          32|
    |icmp_ln260_fu_126_p2  |      icmp|   0|  0|   4|           9|           9|
    |ap_enable_pp0         |       xor|   0|  0|   2|           1|           2|
    +----------------------+----------+----+---+----+------------+------------+
    |Total                 |          |   0|  0| 119|         123|         116|
    +----------------------+----------+----+---+----+------------+------------+

    * Multiplexer: 
    +-------------------------+----+-----------+-----+-----------+
    |           Name          | LUT| Input Size| Bits| Total Bits|
    +-------------------------+----+-----------+-----+-----------+
    |ap_done_int              |   9|          2|    1|          2|
    |ap_enable_reg_pp0_iter1  |   9|          2|    1|          2|
    |ap_sig_allocacmp_t_1     |   9|          2|    9|         18|
    |lhs_V_fu_66              |   9|          2|   48|         96|
    |t_fu_70                  |   9|          2|    9|         18|
    +-------------------------+----+-----------+-----+-----------+
    |Total                    |  45|         10|   68|        136|
    +-------------------------+----+-----------+-----+-----------+

    * Register: 
    +----------------------------------+----+----+-----+-----------+
    |               Name               | FF | LUT| Bits| Const Bits|
    +----------------------------------+----+----+-----+-----------+
    |ap_CS_fsm                         |   1|   0|    1|          0|
    |ap_done_reg                       |   1|   0|    1|          0|
    |ap_enable_reg_pp0_iter1           |   1|   0|    1|          0|
    |ap_enable_reg_pp0_iter2           |   1|   0|    1|          0|
    |ap_enable_reg_pp0_iter3           |   1|   0|    1|          0|
    |ap_loop_exit_ready_pp0_iter1_reg  |   1|   0|    1|          0|
    |ap_loop_exit_ready_pp0_iter2_reg  |   1|   0|    1|          0|
    |d_reg_268                         |  32|   0|   32|          0|
    |icmp_ln260_reg_249                |   1|   0|    1|          0|
    |icmp_ln260_reg_249_pp0_iter1_reg  |   1|   0|    1|          0|
    |lhs_V_fu_66                       |  48|   0|   48|          0|
    |r_V_1_reg_273                     |  72|   0|   72|          0|
    |t_fu_70                           |   9|   0|    9|          0|
    |trunc_ln813_reg_263               |   1|   0|    1|          0|
    +----------------------------------+----+----+-----+-----------+
    |Total                             | 171|   0|  171|          0|
    +----------------------------------+----+----+-----+-----------+



================================================================
== Interface
================================================================
* Summary: 
+------------------------+-----+-----+------------+---------------------------------+--------------+
|        RTL Ports       | Dir | Bits|  Protocol  |          Source Object          |    C Type    |
+------------------------+-----+-----+------------+---------------------------------+--------------+
|ap_clk                  |   in|    1|  ap_ctrl_hs|  ecg_denoiser_Pipeline_ZNORM_VAR|  return value|
|ap_rst                  |   in|    1|  ap_ctrl_hs|  ecg_denoiser_Pipeline_ZNORM_VAR|  return value|
|ap_start                |   in|    1|  ap_ctrl_hs|  ecg_denoiser_Pipeline_ZNORM_VAR|  return value|
|ap_done                 |  out|    1|  ap_ctrl_hs|  ecg_denoiser_Pipeline_ZNORM_VAR|  return value|
|ap_idle                 |  out|    1|  ap_ctrl_hs|  ecg_denoiser_Pipeline_ZNORM_VAR|  return value|
|ap_ready                |  out|    1|  ap_ctrl_hs|  ecg_denoiser_Pipeline_ZNORM_VAR|  return value|
|input_buf_V_address0    |  out|    8|   ap_memory|                      input_buf_V|         array|
|input_buf_V_ce0         |  out|    1|   ap_memory|                      input_buf_V|         array|
|input_buf_V_q0          |   in|   32|   ap_memory|                      input_buf_V|         array|
|input_buf_V_1_address0  |  out|    8|   ap_memory|                    input_buf_V_1|         array|
|input_buf_V_1_ce0       |  out|    1|   ap_memory|                    input_buf_V_1|         array|
|input_buf_V_1_q0        |   in|   32|   ap_memory|                    input_buf_V_1|         array|
|mean_fx_V               |   in|   32|     ap_none|                        mean_fx_V|        scalar|
|var_acc_V_2_out         |  out|   48|      ap_vld|                  var_acc_V_2_out|       pointer|
|var_acc_V_2_out_ap_vld  |  out|    1|      ap_vld|                  var_acc_V_2_out|       pointer|
+------------------------+-----+-----+------------+---------------------------------+--------------+

============================================================
+ Verbose Summary: Synthesis Manager
============================================================
InlineROM: 1
ExposeGlobal: 0
============================================================
+ Verbose Summary: CDFG Model
============================================================
IsTopModel: 0
ResetActiveHigh: 1
IsCombinational: 2
IsDatapathOnly: 2
HasWiredReturn: 1
HasMFsm: 2
HasVarLatency: 1
IsPipeline: 0
IsRtlPipelined: 0
IsInstanceOverlapped: 0
IsDontTouch: 0
HasImplIP: 0
IsGatedGlobalClock: 0

+ Individual pipeline summary: 
  * Pipeline-0: initiation interval (II) = 1, depth = 4


============================================================
+ Verbose Summary: Schedule
============================================================
* Number of FSM states : 4
* Pipeline : 1
  Pipeline-0 : II = 1, D = 4, States = { 1 2 3 4 }
* Dataflow Pipeline: 0

* FSM state transitions: 
1 --> 2 
2 --> 3 
3 --> 4 
4 --> 

* FSM state operations: 

State 1 <SV = 0> <Delay = 2.92>
ST_1 : Operation 7 [1/1] (0.00ns)   --->   "%lhs_V = alloca i32 1"   --->   Operation 7 'alloca' 'lhs_V' <Predicate = true> <Delay = 0.00>
ST_1 : Operation 8 [1/1] (0.00ns)   --->   "%t = alloca i32 1"   --->   Operation 8 'alloca' 't' <Predicate = true> <Delay = 0.00>
ST_1 : Operation 9 [1/1] (0.00ns)   --->   "%specmemcore_ln0 = specmemcore void @_ssdm_op_SpecMemCore, i32 %input_buf_V, i64 666, i64 19, i64 18446744073709551615"   --->   Operation 9 'specmemcore' 'specmemcore_ln0' <Predicate = true> <Delay = 0.00>
ST_1 : Operation 10 [1/1] (0.00ns)   --->   "%specmemcore_ln0 = specmemcore void @_ssdm_op_SpecMemCore, i32 %input_buf_V_1, i64 666, i64 19, i64 18446744073709551615"   --->   Operation 10 'specmemcore' 'specmemcore_ln0' <Predicate = true> <Delay = 0.00>
ST_1 : Operation 11 [1/1] (0.00ns)   --->   "%mean_fx_V_read = read i32 @_ssdm_op_Read.ap_auto.i32, i32 %mean_fx_V"   --->   Operation 11 'read' 'mean_fx_V_read' <Predicate = true> <Delay = 0.00>
ST_1 : Operation 12 [1/1] (1.29ns)   --->   "%store_ln0 = store i9 0, i9 %t"   --->   Operation 12 'store' 'store_ln0' <Predicate = true> <Delay = 1.29>
ST_1 : Operation 13 [1/1] (1.29ns)   --->   "%store_ln0 = store i48 0, i48 %lhs_V"   --->   Operation 13 'store' 'store_ln0' <Predicate = true> <Delay = 1.29>
ST_1 : Operation 14 [1/1] (0.00ns)   --->   "%br_ln0 = br void %for.body41"   --->   Operation 14 'br' 'br_ln0' <Predicate = true> <Delay = 0.00>
ST_1 : Operation 15 [1/1] (0.00ns)   --->   "%t_1 = load i9 %t"   --->   Operation 15 'load' 't_1' <Predicate = true> <Delay = 0.00>
ST_1 : Operation 16 [1/1] (1.62ns)   --->   "%icmp_ln260 = icmp_eq  i9 %t_1, i9 360" [src/ecg_denoiser.cpp:260]   --->   Operation 16 'icmp' 'icmp_ln260' <Predicate = true> <Delay = 1.62> <CoreInst = "Cmp">   --->   Core 9 'Cmp' <Latency = 0> <II = 1> <Delay = 1.62> <FuncUnit> <Opcode : 'icmp'> <InPorts = 2> <OutPorts = 1>
ST_1 : Operation 17 [1/1] (0.00ns)   --->   "%empty = speclooptripcount i32 @_ssdm_op_SpecLoopTripCount, i64 360, i64 360, i64 360"   --->   Operation 17 'speclooptripcount' 'empty' <Predicate = true> <Delay = 0.00>
ST_1 : Operation 18 [1/1] (1.36ns)   --->   "%add_ln260 = add i9 %t_1, i9 1" [src/ecg_denoiser.cpp:260]   --->   Operation 18 'add' 'add_ln260' <Predicate = true> <Delay = 1.36> <CoreInst = "Adder">   --->   Core 1 'Adder' <Latency = 0> <II = 1> <Delay = 1.36> <FuncUnit> <Opcode : 'add' 'sub'> <InPorts = 2> <OutPorts = 1>
ST_1 : Operation 19 [1/1] (0.00ns)   --->   "%br_ln260 = br i1 %icmp_ln260, void %for.body41.split, void %for.end51_ifconv.exitStub" [src/ecg_denoiser.cpp:260]   --->   Operation 19 'br' 'br_ln260' <Predicate = true> <Delay = 0.00>
ST_1 : Operation 20 [1/1] (0.00ns)   --->   "%lshr_ln2 = partselect i8 @_ssdm_op_PartSelect.i8.i9.i32.i32, i9 %t_1, i32 1, i32 8"   --->   Operation 20 'partselect' 'lshr_ln2' <Predicate = (!icmp_ln260)> <Delay = 0.00>
ST_1 : Operation 21 [1/1] (0.00ns)   --->   "%zext_ln813 = zext i8 %lshr_ln2"   --->   Operation 21 'zext' 'zext_ln813' <Predicate = (!icmp_ln260)> <Delay = 0.00>
ST_1 : Operation 22 [1/1] (0.00ns)   --->   "%input_buf_V_addr = getelementptr i32 %input_buf_V, i64 0, i64 %zext_ln813"   --->   Operation 22 'getelementptr' 'input_buf_V_addr' <Predicate = (!icmp_ln260)> <Delay = 0.00>
ST_1 : Operation 23 [1/1] (0.00ns)   --->   "%input_buf_V_1_addr = getelementptr i32 %input_buf_V_1, i64 0, i64 %zext_ln813"   --->   Operation 23 'getelementptr' 'input_buf_V_1_addr' <Predicate = (!icmp_ln260)> <Delay = 0.00>
ST_1 : Operation 24 [1/1] (0.00ns)   --->   "%trunc_ln813 = trunc i9 %t_1"   --->   Operation 24 'trunc' 'trunc_ln813' <Predicate = (!icmp_ln260)> <Delay = 0.00>
ST_1 : Operation 25 [2/2] (1.75ns)   --->   "%input_buf_V_load = load i8 %input_buf_V_addr"   --->   Operation 25 'load' 'input_buf_V_load' <Predicate = (!icmp_ln260)> <Delay = 1.75> <CoreInst = "RAM_1P_LUTRAM">   --->   Core 87 'RAM_1P_LUTRAM' <Latency = 1> <II = 1> <Delay = 1.75> <Storage> <Opcode : 'load' 'store'> <Ports = 1> <Width = 32> <Depth = 180> <RAM>
ST_1 : Operation 26 [2/2] (1.75ns)   --->   "%input_buf_V_1_load = load i8 %input_buf_V_1_addr"   --->   Operation 26 'load' 'input_buf_V_1_load' <Predicate = (!icmp_ln260)> <Delay = 1.75> <CoreInst = "RAM_1P_LUTRAM">   --->   Core 87 'RAM_1P_LUTRAM' <Latency = 1> <II = 1> <Delay = 1.75> <Storage> <Opcode : 'load' 'store'> <Ports = 1> <Width = 32> <Depth = 180> <RAM>
ST_1 : Operation 27 [1/1] (1.29ns)   --->   "%store_ln260 = store i9 %add_ln260, i9 %t" [src/ecg_denoiser.cpp:260]   --->   Operation 27 'store' 'store_ln260' <Predicate = (!icmp_ln260)> <Delay = 1.29>

State 2 <SV = 1> <Delay = 4.94>
ST_2 : Operation 28 [1/2] (1.75ns)   --->   "%input_buf_V_load = load i8 %input_buf_V_addr"   --->   Operation 28 'load' 'input_buf_V_load' <Predicate = true> <Delay = 1.75> <CoreInst = "RAM_1P_LUTRAM">   --->   Core 87 'RAM_1P_LUTRAM' <Latency = 1> <II = 1> <Delay = 1.75> <Storage> <Opcode : 'load' 'store'> <Ports = 1> <Width = 32> <Depth = 180> <RAM>
ST_2 : Operation 29 [1/2] (1.75ns)   --->   "%input_buf_V_1_load = load i8 %input_buf_V_1_addr"   --->   Operation 29 'load' 'input_buf_V_1_load' <Predicate = true> <Delay = 1.75> <CoreInst = "RAM_1P_LUTRAM">   --->   Core 87 'RAM_1P_LUTRAM' <Latency = 1> <II = 1> <Delay = 1.75> <Storage> <Opcode : 'load' 'store'> <Ports = 1> <Width = 32> <Depth = 180> <RAM>
ST_2 : Operation 30 [1/1] (1.29ns)   --->   "%tmp_2 = mux i32 @_ssdm_op_Mux.ap_auto.2i32.i1, i32 %input_buf_V_load, i32 %input_buf_V_1_load, i1 %trunc_ln813"   --->   Operation 30 'mux' 'tmp_2' <Predicate = true> <Delay = 1.29> <CoreInst = "Multiplexer">   --->   Core 76 'Multiplexer' <Latency = 0> <II = 1> <Delay = 1.29> <FuncUnit> <Opcode : 'mux'> <InPorts = 2> <OutPorts = 1>
ST_2 : Operation 31 [1/1] (1.89ns)   --->   "%d = sub i32 %tmp_2, i32 %mean_fx_V_read"   --->   Operation 31 'sub' 'd' <Predicate = true> <Delay = 1.89> <CoreInst = "Adder">   --->   Core 1 'Adder' <Latency = 0> <II = 1> <Delay = 1.89> <FuncUnit> <Opcode : 'add' 'sub'> <InPorts = 2> <OutPorts = 1>

State 3 <SV = 2> <Delay = 7.36>
ST_3 : Operation 32 [1/1] (0.00ns)   --->   "%r_V = bitconcatenate i40 @_ssdm_op_BitConcatenate.i40.i32.i8, i32 %d, i8 0"   --->   Operation 32 'bitconcatenate' 'r_V' <Predicate = true> <Delay = 0.00>
ST_3 : Operation 33 [1/1] (0.00ns)   --->   "%sext_ln1270 = sext i40 %r_V"   --->   Operation 33 'sext' 'sext_ln1270' <Predicate = true> <Delay = 0.00>
ST_3 : Operation 34 [1/1] (7.36ns)   --->   "%r_V_1 = mul i72 %sext_ln1270, i72 %sext_ln1270"   --->   Operation 34 'mul' 'r_V_1' <Predicate = true> <Delay = 7.36> <CoreInst = "Multiplier">   --->   Core 3 'Multiplier' <Latency = 0> <II = 1> <Delay = 7.36> <FuncUnit> <Opcode : 'mul'> <InPorts = 2> <OutPorts = 1>
ST_3 : Operation 43 [1/1] (0.00ns)   --->   "%lhs_V_load = load i48 %lhs_V"   --->   Operation 43 'load' 'lhs_V_load' <Predicate = (icmp_ln260)> <Delay = 0.00>
ST_3 : Operation 44 [1/1] (0.00ns)   --->   "%write_ln0 = write void @_ssdm_op_Write.ap_auto.i48P0A, i48 %var_acc_V_2_out, i48 %lhs_V_load"   --->   Operation 44 'write' 'write_ln0' <Predicate = (icmp_ln260)> <Delay = 0.00>
ST_3 : Operation 45 [1/1] (0.00ns)   --->   "%ret_ln0 = ret"   --->   Operation 45 'ret' 'ret_ln0' <Predicate = (icmp_ln260)> <Delay = 0.00>

State 4 <SV = 3> <Delay = 4.11>
ST_4 : Operation 35 [1/1] (0.00ns)   --->   "%lhs_V_load_1 = load i48 %lhs_V"   --->   Operation 35 'load' 'lhs_V_load_1' <Predicate = true> <Delay = 0.00>
ST_4 : Operation 36 [1/1] (0.00ns)   --->   "%specpipeline_ln261 = specpipeline void @_ssdm_op_SpecPipeline, i32 1, i32 0, i32 0, i32 0, void @empty_1" [src/ecg_denoiser.cpp:261]   --->   Operation 36 'specpipeline' 'specpipeline_ln261' <Predicate = true> <Delay = 0.00>
ST_4 : Operation 37 [1/1] (0.00ns)   --->   "%specloopname_ln258 = specloopname void @_ssdm_op_SpecLoopName, void @empty_15" [src/ecg_denoiser.cpp:258]   --->   Operation 37 'specloopname' 'specloopname_ln258' <Predicate = true> <Delay = 0.00>
ST_4 : Operation 38 [1/1] (0.00ns)   --->   "%lhs_V_1 = bitconcatenate i72 @_ssdm_op_BitConcatenate.i72.i48.i24, i48 %lhs_V_load_1, i24 0"   --->   Operation 38 'bitconcatenate' 'lhs_V_1' <Predicate = true> <Delay = 0.00>
ST_4 : Operation 39 [1/1] (2.81ns)   --->   "%ret_V = add i72 %lhs_V_1, i72 %r_V_1"   --->   Operation 39 'add' 'ret_V' <Predicate = true> <Delay = 2.81> <CoreInst = "Adder">   --->   Core 1 'Adder' <Latency = 0> <II = 1> <Delay = 2.81> <FuncUnit> <Opcode : 'add' 'sub'> <InPorts = 2> <OutPorts = 1>
ST_4 : Operation 40 [1/1] (0.00ns)   --->   "%var_acc_V = partselect i48 @_ssdm_op_PartSelect.i48.i72.i32.i32, i72 %ret_V, i32 24, i32 71"   --->   Operation 40 'partselect' 'var_acc_V' <Predicate = true> <Delay = 0.00>
ST_4 : Operation 41 [1/1] (1.29ns)   --->   "%store_ln260 = store i48 %var_acc_V, i48 %lhs_V" [src/ecg_denoiser.cpp:260]   --->   Operation 41 'store' 'store_ln260' <Predicate = true> <Delay = 1.29>
ST_4 : Operation 42 [1/1] (0.00ns)   --->   "%br_ln260 = br void %for.body41" [src/ecg_denoiser.cpp:260]   --->   Operation 42 'br' 'br_ln260' <Predicate = true> <Delay = 0.00>


============================================================
+ Verbose Summary: Binding
============================================================
STG Binding: 
---------------- STG Properties BEGIN ----------------
- Is combinational: 0
- Is one-state seq: 0
- Is datapath-only: 0
- Is pipelined: 0
- Is top level: 0
Port [ Return ] is wired: 1; IO mode=ap_ctrl_hs:ce=0
Port [ input_buf_V]:  wired=1; compound=1; hidden=0; nouse=0; global=0; static=0; extern=0; dir=0; type=1; pingpong=0; private_global=0; MemPort=[1]; IO mode=ap_memory:ce=0
Port [ input_buf_V_1]:  wired=1; compound=1; hidden=0; nouse=0; global=0; static=0; extern=0; dir=0; type=1; pingpong=0; private_global=0; MemPort=[1]; IO mode=ap_memory:ce=0
Port [ mean_fx_V]:  wired=1; compound=0; hidden=0; nouse=0; global=0; static=0; extern=0; dir=0; type=0; pingpong=0; private_global=0; IO mode=ap_none:ce=0
Port [ var_acc_V_2_out]:  wired=1; compound=0; hidden=0; nouse=0; global=0; static=0; extern=0; dir=1; type=0; pingpong=0; private_global=0; IO mode=ap_vld:ce=0
---------------- STG Properties END ------------------

---------------- Datapath Model BEGIN ----------------

<LifeTime>
<method=bitvector/>
lhs_V              (alloca           ) [ 01111]
t                  (alloca           ) [ 01000]
specmemcore_ln0    (specmemcore      ) [ 00000]
specmemcore_ln0    (specmemcore      ) [ 00000]
mean_fx_V_read     (read             ) [ 01100]
store_ln0          (store            ) [ 00000]
store_ln0          (store            ) [ 00000]
br_ln0             (br               ) [ 00000]
t_1                (load             ) [ 00000]
icmp_ln260         (icmp             ) [ 01110]
empty              (speclooptripcount) [ 00000]
add_ln260          (add              ) [ 00000]
br_ln260           (br               ) [ 00000]
lshr_ln2           (partselect       ) [ 00000]
zext_ln813         (zext             ) [ 00000]
input_buf_V_addr   (getelementptr    ) [ 01100]
input_buf_V_1_addr (getelementptr    ) [ 01100]
trunc_ln813        (trunc            ) [ 01100]
store_ln260        (store            ) [ 00000]
input_buf_V_load   (load             ) [ 00000]
input_buf_V_1_load (load             ) [ 00000]
tmp_2              (mux              ) [ 00000]
d                  (sub              ) [ 01010]
r_V                (bitconcatenate   ) [ 00000]
sext_ln1270        (sext             ) [ 00000]
r_V_1              (mul              ) [ 01001]
lhs_V_load_1       (load             ) [ 00000]
specpipeline_ln261 (specpipeline     ) [ 00000]
specloopname_ln258 (specloopname     ) [ 00000]
lhs_V_1            (bitconcatenate   ) [ 00000]
ret_V              (add              ) [ 00000]
var_acc_V          (partselect       ) [ 00000]
store_ln260        (store            ) [ 00000]
br_ln260           (br               ) [ 00000]
lhs_V_load         (load             ) [ 00000]
write_ln0          (write            ) [ 00000]
ret_ln0            (ret              ) [ 00000]
</LifeTime>

<model>

<comp_list>
<comp id="0" class="1000" name="input_buf_V">
<pin_list>
<pin id="1" dir="1" index="0" bw="1" slack="0"/>
</pin_list>
<bind>
<StgValue><ssdm name="input_buf_V"/><MemPortTyVec>1 </MemPortTyVec>
</StgValue>
</bind>
</comp>

<comp id="2" class="1000" name="input_buf_V_1">
<pin_list>
<pin id="3" dir="1" index="0" bw="1" slack="0"/>
</pin_list>
<bind>
<StgValue><ssdm name="input_buf_V_1"/><MemPortTyVec>1 </MemPortTyVec>
</StgValue>
</bind>
</comp>

<comp id="4" class="1000" name="mean_fx_V">
<pin_list>
<pin id="5" dir="1" index="0" bw="1" slack="0"/>
</pin_list>
<bind>
<StgValue><ssdm name="mean_fx_V"/></StgValue>
</bind>
</comp>

<comp id="6" class="1000" name="var_acc_V_2_out">
<pin_list>
<pin id="7" dir="1" index="0" bw="1" slack="0"/>
</pin_list>
<bind>
<StgValue><ssdm name="var_acc_V_2_out"/></StgValue>
</bind>
</comp>

<comp id="8" class="1001" name="const_8">
<pin_list>
<pin id="9" dir="1" index="0" bw="1" slack="0"/>
</pin_list>
<bind>
<StgValue><ssdm name=""/></StgValue>
</bind>
</comp>

<comp id="10" class="1001" name="const_10">
<pin_list>
<pin id="11" dir="1" index="0" bw="1" slack="2147483647"/>
</pin_list>
<bind>
<StgValue><ssdm name="_ssdm_op_SpecMemCore"/></StgValue>
</bind>
</comp>

<comp id="12" class="1001" name="const_12">
<pin_list>
<pin id="13" dir="1" index="0" bw="1" slack="2147483647"/>
</pin_list>
<bind>
<StgValue><ssdm name=""/></StgValue>
</bind>
</comp>

<comp id="14" class="1001" name="const_14">
<pin_list>
<pin id="15" dir="1" index="0" bw="1" slack="2147483647"/>
</pin_list>
<bind>
<StgValue><ssdm name=""/></StgValue>
</bind>
</comp>

<comp id="16" class="1001" name="const_16">
<pin_list>
<pin id="17" dir="1" index="0" bw="1" slack="2147483647"/>
</pin_list>
<bind>
<StgValue><ssdm name=""/></StgValue>
</bind>
</comp>

<comp id="18" class="1001" name="const_18">
<pin_list>
<pin id="19" dir="1" index="0" bw="1" slack="0"/>
</pin_list>
<bind>
<StgValue><ssdm name="_ssdm_op_Read.ap_auto.i32"/></StgValue>
</bind>
</comp>

<comp id="20" class="1001" name="const_20">
<pin_list>
<pin id="21" dir="1" index="0" bw="1" slack="0"/>
</pin_list>
<bind>
<StgValue><ssdm name=""/></StgValue>
</bind>
</comp>

<comp id="22" class="1001" name="const_22">
<pin_list>
<pin id="23" dir="1" index="0" bw="1" slack="0"/>
</pin_list>
<bind>
<StgValue><ssdm name=""/></StgValue>
</bind>
</comp>

<comp id="24" class="1001" name="const_24">
<pin_list>
<pin id="25" dir="1" index="0" bw="1" slack="0"/>
</pin_list>
<bind>
<StgValue><ssdm name=""/></StgValue>
</bind>
</comp>

<comp id="26" class="1001" name="const_26">
<pin_list>
<pin id="27" dir="1" index="0" bw="1" slack="2147483647"/>
</pin_list>
<bind>
<StgValue><ssdm name="_ssdm_op_SpecLoopTripCount"/></StgValue>
</bind>
</comp>

<comp id="28" class="1001" name="const_28">
<pin_list>
<pin id="29" dir="1" index="0" bw="1" slack="2147483647"/>
</pin_list>
<bind>
<StgValue><ssdm name=""/></StgValue>
</bind>
</comp>

<comp id="30" class="1001" name="const_30">
<pin_list>
<pin id="31" dir="1" index="0" bw="1" slack="0"/>
</pin_list>
<bind>
<StgValue><ssdm name=""/></StgValue>
</bind>
</comp>

<comp id="32" class="1001" name="const_32">
<pin_list>
<pin id="33" dir="1" index="0" bw="1" slack="0"/>
</pin_list>
<bind>
<StgValue><ssdm name="_ssdm_op_PartSelect.i8.i9.i32.i32"/></StgValue>
</bind>
</comp>

<comp id="34" class="1001" name="const_34">
<pin_list>
<pin id="35" dir="1" index="0" bw="1" slack="0"/>
</pin_list>
<bind>
<StgValue><ssdm name=""/></StgValue>
</bind>
</comp>

<comp id="36" class="1001" name="const_36">
<pin_list>
<pin id="37" dir="1" index="0" bw="1" slack="0"/>
</pin_list>
<bind>
<StgValue><ssdm name=""/></StgValue>
</bind>
</comp>

<comp id="38" class="1001" name="const_38">
<pin_list>
<pin id="39" dir="1" index="0" bw="1" slack="0"/>
</pin_list>
<bind>
<StgValue><ssdm name="_ssdm_op_Mux.ap_auto.2i32.i1"/></StgValue>
</bind>
</comp>

<comp id="40" class="1001" name="const_40">
<pin_list>
<pin id="41" dir="1" index="0" bw="1" slack="0"/>
</pin_list>
<bind>
<StgValue><ssdm name="_ssdm_op_BitConcatenate.i40.i32.i8"/></StgValue>
</bind>
</comp>

<comp id="42" class="1001" name="const_42">
<pin_list>
<pin id="43" dir="1" index="0" bw="1" slack="0"/>
</pin_list>
<bind>
<StgValue><ssdm name=""/></StgValue>
</bind>
</comp>

<comp id="44" class="1001" name="const_44">
<pin_list>
<pin id="45" dir="1" index="0" bw="1" slack="2147483647"/>
</pin_list>
<bind>
<StgValue><ssdm name="_ssdm_op_SpecPipeline"/></StgValue>
</bind>
</comp>

<comp id="46" class="1001" name="const_46">
<pin_list>
<pin id="47" dir="1" index="0" bw="1" slack="2147483647"/>
</pin_list>
<bind>
<StgValue><ssdm name=""/></StgValue>
</bind>
</comp>

<comp id="48" class="1001" name="const_48">
<pin_list>
<pin id="49" dir="1" index="0" bw="1" slack="2147483647"/>
</pin_list>
<bind>
<StgValue><ssdm name="empty_1"/></StgValue>
</bind>
</comp>

<comp id="50" class="1001" name="const_50">
<pin_list>
<pin id="51" dir="1" index="0" bw="1" slack="2147483647"/>
</pin_list>
<bind>
<StgValue><ssdm name="_ssdm_op_SpecLoopName"/></StgValue>
</bind>
</comp>

<comp id="52" class="1001" name="const_52">
<pin_list>
<pin id="53" dir="1" index="0" bw="1" slack="2147483647"/>
</pin_list>
<bind>
<StgValue><ssdm name="empty_15"/></StgValue>
</bind>
</comp>

<comp id="54" class="1001" name="const_54">
<pin_list>
<pin id="55" dir="1" index="0" bw="1" slack="0"/>
</pin_list>
<bind>
<StgValue><ssdm name="_ssdm_op_BitConcatenate.i72.i48.i24"/></StgValue>
</bind>
</comp>

<comp id="56" class="1001" name="const_56">
<pin_list>
<pin id="57" dir="1" index="0" bw="1" slack="0"/>
</pin_list>
<bind>
<StgValue><ssdm name=""/></StgValue>
</bind>
</comp>

<comp id="58" class="1001" name="const_58">
<pin_list>
<pin id="59" dir="1" index="0" bw="1" slack="0"/>
</pin_list>
<bind>
<StgValue><ssdm name="_ssdm_op_PartSelect.i48.i72.i32.i32"/></StgValue>
</bind>
</comp>

<comp id="60" class="1001" name="const_60">
<pin_list>
<pin id="61" dir="1" index="0" bw="1" slack="0"/>
</pin_list>
<bind>
<StgValue><ssdm name=""/></StgValue>
</bind>
</comp>

<comp id="62" class="1001" name="const_62">
<pin_list>
<pin id="63" dir="1" index="0" bw="1" slack="0"/>
</pin_list>
<bind>
<StgValue><ssdm name=""/></StgValue>
</bind>
</comp>

<comp id="64" class="1001" name="const_64">
<pin_list>
<pin id="65" dir="1" index="0" bw="1" slack="0"/>
</pin_list>
<bind>
<StgValue><ssdm name="_ssdm_op_Write.ap_auto.i48P0A"/></StgValue>
</bind>
</comp>

<comp id="66" class="1004" name="lhs_V_fu_66">
<pin_list>
<pin id="67" dir="0" index="0" bw="1" slack="0"/>
<pin id="68" dir="1" index="1" bw="48" slack="0"/>
</pin_list>
<bind>
<opcode="alloca(26) " fcode="alloca"/>
<opset="lhs_V/1 "/>
</bind>
</comp>

<comp id="70" class="1004" name="t_fu_70">
<pin_list>
<pin id="71" dir="0" index="0" bw="1" slack="0"/>
<pin id="72" dir="1" index="1" bw="9" slack="0"/>
</pin_list>
<bind>
<opcode="alloca(26) " fcode="alloca"/>
<opset="t/1 "/>
</bind>
</comp>

<comp id="74" class="1004" name="mean_fx_V_read_read_fu_74">
<pin_list>
<pin id="75" dir="0" index="0" bw="32" slack="0"/>
<pin id="76" dir="0" index="1" bw="32" slack="0"/>
<pin id="77" dir="1" index="2" bw="32" slack="1"/>
</pin_list>
<bind>
<opcode="read(1150) " fcode="read"/>
<opset="mean_fx_V_read/1 "/>
</bind>
</comp>

<comp id="80" class="1004" name="write_ln0_write_fu_80">
<pin_list>
<pin id="81" dir="0" index="0" bw="0" slack="0"/>
<pin id="82" dir="0" index="1" bw="48" slack="0"/>
<pin id="83" dir="0" index="2" bw="48" slack="0"/>
<pin id="84" dir="1" index="3" bw="0" slack="2147483647"/>
</pin_list>
<bind>
<opcode="write(1151) " fcode="write"/>
<opset="write_ln0/3 "/>
</bind>
</comp>

<comp id="87" class="1004" name="input_buf_V_addr_gep_fu_87">
<pin_list>
<pin id="88" dir="0" index="0" bw="32" slack="0"/>
<pin id="89" dir="0" index="1" bw="1" slack="0"/>
<pin id="90" dir="0" index="2" bw="8" slack="0"/>
<pin id="91" dir="1" index="3" bw="8" slack="0"/>
</pin_list>
<bind>
<opcode="getelementptr(29) " fcode="getelementptr"/>
<opset="input_buf_V_addr/1 "/>
</bind>
</comp>

<comp id="94" class="1004" name="input_buf_V_1_addr_gep_fu_94">
<pin_list>
<pin id="95" dir="0" index="0" bw="32" slack="0"/>
<pin id="96" dir="0" index="1" bw="1" slack="0"/>
<pin id="97" dir="0" index="2" bw="8" slack="0"/>
<pin id="98" dir="1" index="3" bw="8" slack="0"/>
</pin_list>
<bind>
<opcode="getelementptr(29) " fcode="getelementptr"/>
<opset="input_buf_V_1_addr/1 "/>
</bind>
</comp>

<comp id="101" class="1004" name="grp_access_fu_101">
<pin_list>
<pin id="102" dir="0" index="0" bw="8" slack="0"/>
<pin id="103" dir="0" index="1" bw="32" slack="2147483647"/>
<pin id="104" dir="0" index="2" bw="0" slack="2147483647"/>
<pin id="105" dir="1" index="3" bw="32" slack="0"/>
</pin_list>
<bind>
<opcode="load(27) " fcode="load"/>
<opset="input_buf_V_load/1 "/>
</bind>
</comp>

<comp id="107" class="1004" name="grp_access_fu_107">
<pin_list>
<pin id="108" dir="0" index="0" bw="8" slack="0"/>
<pin id="109" dir="0" index="1" bw="32" slack="2147483647"/>
<pin id="110" dir="0" index="2" bw="0" slack="2147483647"/>
<pin id="111" dir="1" index="3" bw="32" slack="0"/>
</pin_list>
<bind>
<opcode="load(27) " fcode="load"/>
<opset="input_buf_V_1_load/1 "/>
</bind>
</comp>

<comp id="113" class="1004" name="store_ln0_store_fu_113">
<pin_list>
<pin id="114" dir="0" index="0" bw="1" slack="0"/>
<pin id="115" dir="0" index="1" bw="9" slack="0"/>
<pin id="116" dir="1" index="2" bw="0" slack="2147483647"/>
</pin_list>
<bind>
<opcode="store(28) " fcode="store"/>
<opset="store_ln0/1 "/>
</bind>
</comp>

<comp id="118" class="1004" name="store_ln0_store_fu_118">
<pin_list>
<pin id="119" dir="0" index="0" bw="1" slack="0"/>
<pin id="120" dir="0" index="1" bw="48" slack="0"/>
<pin id="121" dir="1" index="2" bw="0" slack="2147483647"/>
</pin_list>
<bind>
<opcode="store(28) " fcode="store"/>
<opset="store_ln0/1 "/>
</bind>
</comp>

<comp id="123" class="1004" name="t_1_load_fu_123">
<pin_list>
<pin id="124" dir="0" index="0" bw="9" slack="0"/>
<pin id="125" dir="1" index="1" bw="9" slack="0"/>
</pin_list>
<bind>
<opcode="load(27) " fcode="load"/>
<opset="t_1/1 "/>
</bind>
</comp>

<comp id="126" class="1004" name="icmp_ln260_fu_126">
<pin_list>
<pin id="127" dir="0" index="0" bw="9" slack="0"/>
<pin id="128" dir="0" index="1" bw="9" slack="0"/>
<pin id="129" dir="1" index="2" bw="1" slack="2"/>
</pin_list>
<bind>
<opcode="icmp(45) " fcode="icmp"/>
<opset="icmp_ln260/1 "/>
</bind>
</comp>

<comp id="132" class="1004" name="add_ln260_fu_132">
<pin_list>
<pin id="133" dir="0" index="0" bw="9" slack="0"/>
<pin id="134" dir="0" index="1" bw="1" slack="0"/>
<pin id="135" dir="1" index="2" bw="9" slack="0"/>
</pin_list>
<bind>
<opcode="add(8) " fcode="add"/>
<opset="add_ln260/1 "/>
</bind>
</comp>

<comp id="138" class="1004" name="lshr_ln2_fu_138">
<pin_list>
<pin id="139" dir="0" index="0" bw="8" slack="0"/>
<pin id="140" dir="0" index="1" bw="9" slack="0"/>
<pin id="141" dir="0" index="2" bw="1" slack="0"/>
<pin id="142" dir="0" index="3" bw="5" slack="0"/>
<pin id="143" dir="1" index="4" bw="8" slack="0"/>
</pin_list>
<bind>
<opcode="partselect(1002) " fcode="partselect"/>
<opset="lshr_ln2/1 "/>
</bind>
</comp>

<comp id="148" class="1004" name="zext_ln813_fu_148">
<pin_list>
<pin id="149" dir="0" index="0" bw="8" slack="0"/>
<pin id="150" dir="1" index="1" bw="64" slack="0"/>
</pin_list>
<bind>
<opcode="zext(34) " fcode="zext"/>
<opset="zext_ln813/1 "/>
</bind>
</comp>

<comp id="154" class="1004" name="trunc_ln813_fu_154">
<pin_list>
<pin id="155" dir="0" index="0" bw="9" slack="0"/>
<pin id="156" dir="1" index="1" bw="1" slack="1"/>
</pin_list>
<bind>
<opcode="trunc(33) " fcode="trunc"/>
<opset="trunc_ln813/1 "/>
</bind>
</comp>

<comp id="158" class="1004" name="store_ln260_store_fu_158">
<pin_list>
<pin id="159" dir="0" index="0" bw="9" slack="0"/>
<pin id="160" dir="0" index="1" bw="9" slack="0"/>
<pin id="161" dir="1" index="2" bw="0" slack="2147483647"/>
</pin_list>
<bind>
<opcode="store(28) " fcode="store"/>
<opset="store_ln260/1 "/>
</bind>
</comp>

<comp id="163" class="1004" name="tmp_2_fu_163">
<pin_list>
<pin id="164" dir="0" index="0" bw="32" slack="0"/>
<pin id="165" dir="0" index="1" bw="32" slack="0"/>
<pin id="166" dir="0" index="2" bw="32" slack="0"/>
<pin id="167" dir="0" index="3" bw="1" slack="1"/>
<pin id="168" dir="1" index="4" bw="32" slack="0"/>
</pin_list>
<bind>
<opcode="mux(1196) " fcode="mux"/>
<opset="tmp_2/2 "/>
</bind>
</comp>

<comp id="172" class="1004" name="d_fu_172">
<pin_list>
<pin id="173" dir="0" index="0" bw="32" slack="0"/>
<pin id="174" dir="0" index="1" bw="32" slack="1"/>
<pin id="175" dir="1" index="2" bw="32" slack="1"/>
</pin_list>
<bind>
<opcode="sub(10) " fcode="sub"/>
<opset="d/2 "/>
</bind>
</comp>

<comp id="177" class="1004" name="r_V_fu_177">
<pin_list>
<pin id="178" dir="0" index="0" bw="40" slack="0"/>
<pin id="179" dir="0" index="1" bw="32" slack="1"/>
<pin id="180" dir="0" index="2" bw="1" slack="0"/>
<pin id="181" dir="1" index="3" bw="40" slack="0"/>
</pin_list>
<bind>
<opcode="bitconcatenate(1004) " fcode="bitconcatenate"/>
<opset="r_V/3 "/>
</bind>
</comp>

<comp id="184" class="1004" name="sext_ln1270_fu_184">
<pin_list>
<pin id="185" dir="0" index="0" bw="40" slack="0"/>
<pin id="186" dir="1" index="1" bw="72" slack="0"/>
</pin_list>
<bind>
<opcode="sext(35) " fcode="sext"/>
<opset="sext_ln1270/3 "/>
</bind>
</comp>

<comp id="188" class="1004" name="r_V_1_fu_188">
<pin_list>
<pin id="189" dir="0" index="0" bw="40" slack="0"/>
<pin id="190" dir="0" index="1" bw="40" slack="0"/>
<pin id="191" dir="1" index="2" bw="72" slack="1"/>
</pin_list>
<bind>
<opcode="mul(12) " fcode="mul"/>
<opset="r_V_1/3 "/>
</bind>
</comp>

<comp id="194" class="1004" name="lhs_V_load_1_load_fu_194">
<pin_list>
<pin id="195" dir="0" index="0" bw="48" slack="3"/>
<pin id="196" dir="1" index="1" bw="48" slack="0"/>
</pin_list>
<bind>
<opcode="load(27) " fcode="load"/>
<opset="lhs_V_load_1/4 "/>
</bind>
</comp>

<comp id="197" class="1004" name="lhs_V_1_fu_197">
<pin_list>
<pin id="198" dir="0" index="0" bw="72" slack="0"/>
<pin id="199" dir="0" index="1" bw="48" slack="0"/>
<pin id="200" dir="0" index="2" bw="1" slack="0"/>
<pin id="201" dir="1" index="3" bw="72" slack="0"/>
</pin_list>
<bind>
<opcode="bitconcatenate(1004) " fcode="bitconcatenate"/>
<opset="lhs_V_1/4 "/>
</bind>
</comp>

<comp id="205" class="1004" name="ret_V_fu_205">
<pin_list>
<pin id="206" dir="0" index="0" bw="72" slack="0"/>
<pin id="207" dir="0" index="1" bw="72" slack="1"/>
<pin id="208" dir="1" index="2" bw="72" slack="0"/>
</pin_list>
<bind>
<opcode="add(8) " fcode="add"/>
<opset="ret_V/4 "/>
</bind>
</comp>

<comp id="210" class="1004" name="var_acc_V_fu_210">
<pin_list>
<pin id="211" dir="0" index="0" bw="48" slack="0"/>
<pin id="212" dir="0" index="1" bw="72" slack="0"/>
<pin id="213" dir="0" index="2" bw="6" slack="0"/>
<pin id="214" dir="0" index="3" bw="8" slack="0"/>
<pin id="215" dir="1" index="4" bw="48" slack="0"/>
</pin_list>
<bind>
<opcode="partselect(1002) " fcode="partselect"/>
<opset="var_acc_V/4 "/>
</bind>
</comp>

<comp id="220" class="1004" name="store_ln260_store_fu_220">
<pin_list>
<pin id="221" dir="0" index="0" bw="48" slack="0"/>
<pin id="222" dir="0" index="1" bw="48" slack="3"/>
<pin id="223" dir="1" index="2" bw="0" slack="2147483647"/>
</pin_list>
<bind>
<opcode="store(28) " fcode="store"/>
<opset="store_ln260/4 "/>
</bind>
</comp>

<comp id="225" class="1004" name="lhs_V_load_load_fu_225">
<pin_list>
<pin id="226" dir="0" index="0" bw="48" slack="2"/>
<pin id="227" dir="1" index="1" bw="48" slack="0"/>
</pin_list>
<bind>
<opcode="load(27) " fcode="load"/>
<opset="lhs_V_load/3 "/>
</bind>
</comp>

<comp id="229" class="1005" name="lhs_V_reg_229">
<pin_list>
<pin id="230" dir="0" index="0" bw="48" slack="0"/>
<pin id="231" dir="1" index="1" bw="48" slack="0"/>
</pin_list>
<bind>
<opset="lhs_V "/>
</bind>
</comp>

<comp id="237" class="1005" name="t_reg_237">
<pin_list>
<pin id="238" dir="0" index="0" bw="9" slack="0"/>
<pin id="239" dir="1" index="1" bw="9" slack="0"/>
</pin_list>
<bind>
<opset="t "/>
</bind>
</comp>

<comp id="244" class="1005" name="mean_fx_V_read_reg_244">
<pin_list>
<pin id="245" dir="0" index="0" bw="32" slack="1"/>
<pin id="246" dir="1" index="1" bw="32" slack="1"/>
</pin_list>
<bind>
<opset="mean_fx_V_read "/>
</bind>
</comp>

<comp id="249" class="1005" name="icmp_ln260_reg_249">
<pin_list>
<pin id="250" dir="0" index="0" bw="1" slack="2"/>
<pin id="251" dir="1" index="1" bw="1" slack="2147483647"/>
</pin_list>
<bind>
<opset="icmp_ln260 "/>
</bind>
</comp>

<comp id="253" class="1005" name="input_buf_V_addr_reg_253">
<pin_list>
<pin id="254" dir="0" index="0" bw="8" slack="1"/>
<pin id="255" dir="1" index="1" bw="8" slack="1"/>
</pin_list>
<bind>
<opset="input_buf_V_addr "/>
</bind>
</comp>

<comp id="258" class="1005" name="input_buf_V_1_addr_reg_258">
<pin_list>
<pin id="259" dir="0" index="0" bw="8" slack="1"/>
<pin id="260" dir="1" index="1" bw="8" slack="1"/>
</pin_list>
<bind>
<opset="input_buf_V_1_addr "/>
</bind>
</comp>

<comp id="263" class="1005" name="trunc_ln813_reg_263">
<pin_list>
<pin id="264" dir="0" index="0" bw="1" slack="1"/>
<pin id="265" dir="1" index="1" bw="1" slack="1"/>
</pin_list>
<bind>
<opset="trunc_ln813 "/>
</bind>
</comp>

<comp id="268" class="1005" name="d_reg_268">
<pin_list>
<pin id="269" dir="0" index="0" bw="32" slack="1"/>
<pin id="270" dir="1" index="1" bw="32" slack="1"/>
</pin_list>
<bind>
<opset="d "/>
</bind>
</comp>

<comp id="273" class="1005" name="r_V_1_reg_273">
<pin_list>
<pin id="274" dir="0" index="0" bw="72" slack="1"/>
<pin id="275" dir="1" index="1" bw="72" slack="1"/>
</pin_list>
<bind>
<opset="r_V_1 "/>
</bind>
</comp>

</comp_list>

<net_list>
<net id="69"><net_src comp="8" pin="0"/><net_sink comp="66" pin=0"/></net>

<net id="73"><net_src comp="8" pin="0"/><net_sink comp="70" pin=0"/></net>

<net id="78"><net_src comp="18" pin="0"/><net_sink comp="74" pin=0"/></net>

<net id="79"><net_src comp="4" pin="0"/><net_sink comp="74" pin=1"/></net>

<net id="85"><net_src comp="64" pin="0"/><net_sink comp="80" pin=0"/></net>

<net id="86"><net_src comp="6" pin="0"/><net_sink comp="80" pin=1"/></net>

<net id="92"><net_src comp="0" pin="0"/><net_sink comp="87" pin=0"/></net>

<net id="93"><net_src comp="36" pin="0"/><net_sink comp="87" pin=1"/></net>

<net id="99"><net_src comp="2" pin="0"/><net_sink comp="94" pin=0"/></net>

<net id="100"><net_src comp="36" pin="0"/><net_sink comp="94" pin=1"/></net>

<net id="106"><net_src comp="87" pin="3"/><net_sink comp="101" pin=0"/></net>

<net id="112"><net_src comp="94" pin="3"/><net_sink comp="107" pin=0"/></net>

<net id="117"><net_src comp="20" pin="0"/><net_sink comp="113" pin=0"/></net>

<net id="122"><net_src comp="22" pin="0"/><net_sink comp="118" pin=0"/></net>

<net id="130"><net_src comp="123" pin="1"/><net_sink comp="126" pin=0"/></net>

<net id="131"><net_src comp="24" pin="0"/><net_sink comp="126" pin=1"/></net>

<net id="136"><net_src comp="123" pin="1"/><net_sink comp="132" pin=0"/></net>

<net id="137"><net_src comp="30" pin="0"/><net_sink comp="132" pin=1"/></net>

<net id="144"><net_src comp="32" pin="0"/><net_sink comp="138" pin=0"/></net>

<net id="145"><net_src comp="123" pin="1"/><net_sink comp="138" pin=1"/></net>

<net id="146"><net_src comp="8" pin="0"/><net_sink comp="138" pin=2"/></net>

<net id="147"><net_src comp="34" pin="0"/><net_sink comp="138" pin=3"/></net>

<net id="151"><net_src comp="138" pin="4"/><net_sink comp="148" pin=0"/></net>

<net id="152"><net_src comp="148" pin="1"/><net_sink comp="87" pin=2"/></net>

<net id="153"><net_src comp="148" pin="1"/><net_sink comp="94" pin=2"/></net>

<net id="157"><net_src comp="123" pin="1"/><net_sink comp="154" pin=0"/></net>

<net id="162"><net_src comp="132" pin="2"/><net_sink comp="158" pin=0"/></net>

<net id="169"><net_src comp="38" pin="0"/><net_sink comp="163" pin=0"/></net>

<net id="170"><net_src comp="101" pin="3"/><net_sink comp="163" pin=1"/></net>

<net id="171"><net_src comp="107" pin="3"/><net_sink comp="163" pin=2"/></net>

<net id="176"><net_src comp="163" pin="4"/><net_sink comp="172" pin=0"/></net>

<net id="182"><net_src comp="40" pin="0"/><net_sink comp="177" pin=0"/></net>

<net id="183"><net_src comp="42" pin="0"/><net_sink comp="177" pin=2"/></net>

<net id="187"><net_src comp="177" pin="3"/><net_sink comp="184" pin=0"/></net>

<net id="192"><net_src comp="184" pin="1"/><net_sink comp="188" pin=0"/></net>

<net id="193"><net_src comp="184" pin="1"/><net_sink comp="188" pin=1"/></net>

<net id="202"><net_src comp="54" pin="0"/><net_sink comp="197" pin=0"/></net>

<net id="203"><net_src comp="194" pin="1"/><net_sink comp="197" pin=1"/></net>

<net id="204"><net_src comp="56" pin="0"/><net_sink comp="197" pin=2"/></net>

<net id="209"><net_src comp="197" pin="3"/><net_sink comp="205" pin=0"/></net>

<net id="216"><net_src comp="58" pin="0"/><net_sink comp="210" pin=0"/></net>

<net id="217"><net_src comp="205" pin="2"/><net_sink comp="210" pin=1"/></net>

<net id="218"><net_src comp="60" pin="0"/><net_sink comp="210" pin=2"/></net>

<net id="219"><net_src comp="62" pin="0"/><net_sink comp="210" pin=3"/></net>

<net id="224"><net_src comp="210" pin="4"/><net_sink comp="220" pin=0"/></net>

<net id="228"><net_src comp="225" pin="1"/><net_sink comp="80" pin=2"/></net>

<net id="232"><net_src comp="66" pin="1"/><net_sink comp="229" pin=0"/></net>

<net id="233"><net_src comp="229" pin="1"/><net_sink comp="118" pin=1"/></net>

<net id="234"><net_src comp="229" pin="1"/><net_sink comp="194" pin=0"/></net>

<net id="235"><net_src comp="229" pin="1"/><net_sink comp="220" pin=1"/></net>

<net id="236"><net_src comp="229" pin="1"/><net_sink comp="225" pin=0"/></net>

<net id="240"><net_src comp="70" pin="1"/><net_sink comp="237" pin=0"/></net>

<net id="241"><net_src comp="237" pin="1"/><net_sink comp="113" pin=1"/></net>

<net id="242"><net_src comp="237" pin="1"/><net_sink comp="123" pin=0"/></net>

<net id="243"><net_src comp="237" pin="1"/><net_sink comp="158" pin=1"/></net>

<net id="247"><net_src comp="74" pin="2"/><net_sink comp="244" pin=0"/></net>

<net id="248"><net_src comp="244" pin="1"/><net_sink comp="172" pin=1"/></net>

<net id="252"><net_src comp="126" pin="2"/><net_sink comp="249" pin=0"/></net>

<net id="256"><net_src comp="87" pin="3"/><net_sink comp="253" pin=0"/></net>

<net id="257"><net_src comp="253" pin="1"/><net_sink comp="101" pin=0"/></net>

<net id="261"><net_src comp="94" pin="3"/><net_sink comp="258" pin=0"/></net>

<net id="262"><net_src comp="258" pin="1"/><net_sink comp="107" pin=0"/></net>

<net id="266"><net_src comp="154" pin="1"/><net_sink comp="263" pin=0"/></net>

<net id="267"><net_src comp="263" pin="1"/><net_sink comp="163" pin=3"/></net>

<net id="271"><net_src comp="172" pin="2"/><net_sink comp="268" pin=0"/></net>

<net id="272"><net_src comp="268" pin="1"/><net_sink comp="177" pin=1"/></net>

<net id="276"><net_src comp="188" pin="2"/><net_sink comp="273" pin=0"/></net>

<net id="277"><net_src comp="273" pin="1"/><net_sink comp="205" pin=1"/></net>

</net_list>

</model> 
---------------- Datapath Model END ------------------

* FSMD analyzer results:
  - Output states:
	Port: var_acc_V_2_out | {3 }
 - Input state : 
	Port: ecg_denoiser_Pipeline_ZNORM_VAR : input_buf_V | {1 2 }
	Port: ecg_denoiser_Pipeline_ZNORM_VAR : input_buf_V_1 | {1 2 }
	Port: ecg_denoiser_Pipeline_ZNORM_VAR : mean_fx_V | {1 }
  - Chain level:
	State 1
		store_ln0 : 1
		store_ln0 : 1
		t_1 : 1
		icmp_ln260 : 2
		add_ln260 : 2
		br_ln260 : 3
		lshr_ln2 : 2
		zext_ln813 : 3
		input_buf_V_addr : 4
		input_buf_V_1_addr : 4
		trunc_ln813 : 2
		input_buf_V_load : 5
		input_buf_V_1_load : 5
		store_ln260 : 3
	State 2
		tmp_2 : 1
		d : 2
	State 3
		sext_ln1270 : 1
		r_V_1 : 2
		write_ln0 : 1
	State 4
		lhs_V_1 : 1
		ret_V : 2
		var_acc_V : 3
		store_ln260 : 4


============================================================
+ Verbose Summary: Datapath Resource usage 
============================================================

* Functional unit list:
|----------|---------------------------|---------|---------|---------|
| Operation|      Functional Unit      |   DSP   |    FF   |   LUT   |
|----------|---------------------------|---------|---------|---------|
|    add   |      add_ln260_fu_132     |    0    |    0    |    9    |
|          |        ret_V_fu_205       |    0    |    0    |    72   |
|----------|---------------------------|---------|---------|---------|
|    mul   |        r_V_1_fu_188       |    4    |    0    |    29   |
|----------|---------------------------|---------|---------|---------|
|    sub   |          d_fu_172         |    0    |    0    |    32   |
|----------|---------------------------|---------|---------|---------|
|    mux   |        tmp_2_fu_163       |    0    |    0    |    9    |
|----------|---------------------------|---------|---------|---------|
|   icmp   |     icmp_ln260_fu_126     |    0    |    0    |    4    |
|----------|---------------------------|---------|---------|---------|
|   read   | mean_fx_V_read_read_fu_74 |    0    |    0    |    0    |
|----------|---------------------------|---------|---------|---------|
|   write  |   write_ln0_write_fu_80   |    0    |    0    |    0    |
|----------|---------------------------|---------|---------|---------|
|partselect|      lshr_ln2_fu_138      |    0    |    0    |    0    |
|          |      var_acc_V_fu_210     |    0    |    0    |    0    |
|----------|---------------------------|---------|---------|---------|
|   zext   |     zext_ln813_fu_148     |    0    |    0    |    0    |
|----------|---------------------------|---------|---------|---------|
|   trunc  |     trunc_ln813_fu_154    |    0    |    0    |    0    |
|----------|---------------------------|---------|---------|---------|
|bitconcatenate|         r_V_fu_177        |    0    |    0    |    0    |
|          |       lhs_V_1_fu_197      |    0    |    0    |    0    |
|----------|---------------------------|---------|---------|---------|
|   sext   |     sext_ln1270_fu_184    |    0    |    0    |    0    |
|----------|---------------------------|---------|---------|---------|
|   Total  |                           |    4    |    0    |   155   |
|----------|---------------------------|---------|---------|---------|

Memories:
N/A

* Register list:
+--------------------------+--------+
|                          |   FF   |
+--------------------------+--------+
|         d_reg_268        |   32   |
|    icmp_ln260_reg_249    |    1   |
|input_buf_V_1_addr_reg_258|    8   |
| input_buf_V_addr_reg_253 |    8   |
|       lhs_V_reg_229      |   48   |
|  mean_fx_V_read_reg_244  |   32   |
|       r_V_1_reg_273      |   72   |
|         t_reg_237        |    9   |
|    trunc_ln813_reg_263   |    1   |
+--------------------------+--------+
|           Total          |   211  |
+--------------------------+--------+

* Multiplexer (MUX) list: 
|-------------------|------|------|------|--------||---------||---------|
|        Comp       |  Pin | Size |  BW  | S x BW ||  Delay  ||   LUT   |
|-------------------|------|------|------|--------||---------||---------|
| grp_access_fu_101 |  p0  |   2  |   8  |   16   ||    9    |
| grp_access_fu_107 |  p0  |   2  |   8  |   16   ||    9    |
|-------------------|------|------|------|--------||---------||---------|
|       Total       |      |      |      |   32   ||  2.596  ||    18   |
|-------------------|------|------|------|--------||---------||---------|



* Summary:
+-----------+--------+--------+--------+--------+
|           |   DSP  |  Delay |   FF   |   LUT  |
+-----------+--------+--------+--------+--------+
|  Function |    4   |    -   |    0   |   155  |
|   Memory  |    -   |    -   |    -   |    -   |
|Multiplexer|    -   |    2   |    -   |   18   |
|  Register |    -   |    -   |   211  |    -   |
+-----------+--------+--------+--------+--------+
|   Total   |    4   |    2   |   211  |   173  |
+-----------+--------+--------+--------+--------+
