

================================================================
== Vitis HLS Report for 'ecg_denoiser_Pipeline_ZNORM_APPLY'
================================================================
* Date:           Sat Apr  4 09:58:34 2026

* Version:        2022.2 (Build 3670227 on Oct 13 2022)
* Project:        ecg_denoiser_ip
* Solution:       solution1 (Vivado IP Flow Target)
* Product family: zynq
* Target device:  xc7z030-sbg485-2


================================================================
== Performance Estimates
================================================================
+ Timing: 
    * Summary: 
    +--------+----------+----------+------------+
    |  Clock |  Target  | Estimated| Uncertainty|
    +--------+----------+----------+------------+
    |ap_clk  |  13.00 ns|  8.802 ns|     3.51 ns|
    +--------+----------+----------+------------+

+ Latency: 
    * Summary: 
    +---------+---------+----------+----------+-----+-----+---------+
    |  Latency (cycles) |  Latency (absolute) |  Interval | Pipeline|
    |   min   |   max   |    min   |    max   | min | max |   Type  |
    +---------+---------+----------+----------+-----+-----+---------+
    |      363|      363|  4.719 us|  4.719 us|  363|  363|       no|
    +---------+---------+----------+----------+-----+-----+---------+

    + Detail: 
        * Instance: 
        N/A

        * Loop: 
        +---------------+---------+---------+----------+-----------+-----------+------+----------+
        |               |  Latency (cycles) | Iteration|  Initiation Interval  | Trip |          |
        |   Loop Name   |   min   |   max   |  Latency |  achieved |   target  | Count| Pipelined|
        +---------------+---------+---------+----------+-----------+-----------+------+----------+
        |- ZNORM_APPLY  |      361|      361|         3|          1|          1|   360|       yes|
        +---------------+---------+---------+----------+-----------+-----------+------+----------+

============================================================
+ Verbose Summary: Synthesis Manager
============================================================
InlineROM: 1
ExposeGlobal: 0
============================================================
+ Verbose Summary: CDFG Model
============================================================
IsTopModel: 0
ResetActiveHigh: 1
IsCombinational: 0
IsDatapathOnly: 0
HasWiredReturn: 1
HasMFsm: 2
HasVarLatency: 1
IsPipeline: 0
IsRtlPipelined: 0
IsInstanceOverlapped: 0
IsDontTouch: 0
HasImplIP: 0
IsGatedGlobalClock: 0

+ Individual pipeline summary: 
  * Pipeline-0: initiation interval (II) = 1, depth = 3


============================================================
+ Verbose Summary: Schedule
============================================================
* Number of FSM states : 3
* Pipeline : 1
  Pipeline-0 : II = 1, D = 3, States = { 1 2 3 }
* Dataflow Pipeline: 0

* FSM state transitions: 
1 --> 2 
2 --> 3 
3 --> 

* FSM state operations: 

State 1 <SV = 0> <Delay = 2.92>
ST_1 : Operation 6 [1/1] (0.00ns)   --->   "%t = alloca i32 1"   --->   Operation 6 'alloca' 't' <Predicate = true> <Delay = 0.00>
ST_1 : Operation 7 [1/1] (0.00ns)   --->   "%sext_ln272_read = read i32 @_ssdm_op_Read.ap_auto.i32, i32 %sext_ln272"   --->   Operation 7 'read' 'sext_ln272_read' <Predicate = true> <Delay = 0.00>
ST_1 : Operation 8 [1/1] (0.00ns)   --->   "%rhs_read = read i32 @_ssdm_op_Read.ap_auto.i32, i32 %rhs"   --->   Operation 8 'read' 'rhs_read' <Predicate = true> <Delay = 0.00>
ST_1 : Operation 9 [1/1] (0.00ns)   --->   "%sext_ln272_cast = sext i32 %sext_ln272_read"   --->   Operation 9 'sext' 'sext_ln272_cast' <Predicate = true> <Delay = 0.00>
ST_1 : Operation 10 [1/1] (0.00ns)   --->   "%rhs_cast = sext i32 %rhs_read"   --->   Operation 10 'sext' 'rhs_cast' <Predicate = true> <Delay = 0.00>
ST_1 : Operation 11 [1/1] (0.00ns)   --->   "%specmemcore_ln0 = specmemcore void @_ssdm_op_SpecMemCore, i32 %norm_buf_V, i64 666, i64 19, i64 18446744073709551615"   --->   Operation 11 'specmemcore' 'specmemcore_ln0' <Predicate = true> <Delay = 0.00>
ST_1 : Operation 12 [1/1] (0.00ns)   --->   "%specmemcore_ln0 = specmemcore void @_ssdm_op_SpecMemCore, i32 %norm_buf_V_1, i64 666, i64 19, i64 18446744073709551615"   --->   Operation 12 'specmemcore' 'specmemcore_ln0' <Predicate = true> <Delay = 0.00>
ST_1 : Operation 13 [1/1] (0.00ns)   --->   "%specmemcore_ln0 = specmemcore void @_ssdm_op_SpecMemCore, i32 %input_buf_V, i64 666, i64 19, i64 18446744073709551615"   --->   Operation 13 'specmemcore' 'specmemcore_ln0' <Predicate = true> <Delay = 0.00>
ST_1 : Operation 14 [1/1] (0.00ns)   --->   "%specmemcore_ln0 = specmemcore void @_ssdm_op_SpecMemCore, i32 %input_buf_V_1, i64 666, i64 19, i64 18446744073709551615"   --->   Operation 14 'specmemcore' 'specmemcore_ln0' <Predicate = true> <Delay = 0.00>
ST_1 : Operation 15 [1/1] (1.29ns)   --->   "%store_ln0 = store i9 0, i9 %t"   --->   Operation 15 'store' 'store_ln0' <Predicate = true> <Delay = 1.29>
ST_1 : Operation 16 [1/1] (0.00ns)   --->   "%br_ln0 = br void %for.body66"   --->   Operation 16 'br' 'br_ln0' <Predicate = true> <Delay = 0.00>
ST_1 : Operation 17 [1/1] (0.00ns)   --->   "%t_2 = load i9 %t"   --->   Operation 17 'load' 't_2' <Predicate = true> <Delay = 0.00>
ST_1 : Operation 18 [1/1] (1.62ns)   --->   "%icmp_ln272 = icmp_eq  i9 %t_2, i9 360" [src/ecg_denoiser.cpp:272]   --->   Operation 18 'icmp' 'icmp_ln272' <Predicate = true> <Delay = 1.62> <CoreInst = "Cmp">   --->   Core 9 'Cmp' <Latency = 0> <II = 1> <Delay = 1.62> <FuncUnit> <Opcode : 'icmp'> <InPorts = 2> <OutPorts = 1>
ST_1 : Operation 19 [1/1] (0.00ns)   --->   "%empty = speclooptripcount i32 @_ssdm_op_SpecLoopTripCount, i64 360, i64 360, i64 360"   --->   Operation 19 'speclooptripcount' 'empty' <Predicate = true> <Delay = 0.00>
ST_1 : Operation 20 [1/1] (1.36ns)   --->   "%add_ln272 = add i9 %t_2, i9 1" [src/ecg_denoiser.cpp:272]   --->   Operation 20 'add' 'add_ln272' <Predicate = true> <Delay = 1.36> <CoreInst = "Adder">   --->   Core 1 'Adder' <Latency = 0> <II = 1> <Delay = 1.36> <FuncUnit> <Opcode : 'add' 'sub'> <InPorts = 2> <OutPorts = 1>
ST_1 : Operation 21 [1/1] (0.00ns)   --->   "%br_ln272 = br i1 %icmp_ln272, void %for.body66.split, void %for.end76.exitStub" [src/ecg_denoiser.cpp:272]   --->   Operation 21 'br' 'br_ln272' <Predicate = true> <Delay = 0.00>
ST_1 : Operation 22 [1/1] (0.00ns)   --->   "%lshr_ln813_1 = partselect i8 @_ssdm_op_PartSelect.i8.i9.i32.i32, i9 %t_2, i32 1, i32 8"   --->   Operation 22 'partselect' 'lshr_ln813_1' <Predicate = (!icmp_ln272)> <Delay = 0.00>
ST_1 : Operation 23 [1/1] (0.00ns)   --->   "%zext_ln813 = zext i8 %lshr_ln813_1"   --->   Operation 23 'zext' 'zext_ln813' <Predicate = (!icmp_ln272)> <Delay = 0.00>
ST_1 : Operation 24 [1/1] (0.00ns)   --->   "%input_buf_V_addr = getelementptr i32 %input_buf_V, i64 0, i64 %zext_ln813"   --->   Operation 24 'getelementptr' 'input_buf_V_addr' <Predicate = (!icmp_ln272)> <Delay = 0.00>
ST_1 : Operation 25 [1/1] (0.00ns)   --->   "%input_buf_V_1_addr = getelementptr i32 %input_buf_V_1, i64 0, i64 %zext_ln813"   --->   Operation 25 'getelementptr' 'input_buf_V_1_addr' <Predicate = (!icmp_ln272)> <Delay = 0.00>
ST_1 : Operation 26 [1/1] (0.00ns)   --->   "%trunc_ln813 = trunc i9 %t_2"   --->   Operation 26 'trunc' 'trunc_ln813' <Predicate = (!icmp_ln272)> <Delay = 0.00>
ST_1 : Operation 27 [2/2] (1.75ns)   --->   "%input_buf_V_load = load i8 %input_buf_V_addr"   --->   Operation 27 'load' 'input_buf_V_load' <Predicate = (!icmp_ln272)> <Delay = 1.75> <CoreInst = "RAM_1P_LUTRAM">   --->   Core 87 'RAM_1P_LUTRAM' <Latency = 1> <II = 1> <Delay = 1.75> <Storage> <Opcode : 'load' 'store'> <Ports = 1> <Width = 32> <Depth = 180> <RAM>
ST_1 : Operation 28 [2/2] (1.75ns)   --->   "%input_buf_V_1_load = load i8 %input_buf_V_1_addr"   --->   Operation 28 'load' 'input_buf_V_1_load' <Predicate = (!icmp_ln272)> <Delay = 1.75> <CoreInst = "RAM_1P_LUTRAM">   --->   Core 87 'RAM_1P_LUTRAM' <Latency = 1> <II = 1> <Delay = 1.75> <Storage> <Opcode : 'load' 'store'> <Ports = 1> <Width = 32> <Depth = 180> <RAM>
ST_1 : Operation 29 [1/1] (0.00ns)   --->   "%norm_buf_V_addr = getelementptr i32 %norm_buf_V, i64 0, i64 %zext_ln813" [src/ecg_denoiser.cpp:274]   --->   Operation 29 'getelementptr' 'norm_buf_V_addr' <Predicate = (!icmp_ln272)> <Delay = 0.00>
ST_1 : Operation 30 [1/1] (0.00ns)   --->   "%norm_buf_V_1_addr = getelementptr i32 %norm_buf_V_1, i64 0, i64 %zext_ln813" [src/ecg_denoiser.cpp:274]   --->   Operation 30 'getelementptr' 'norm_buf_V_1_addr' <Predicate = (!icmp_ln272)> <Delay = 0.00>
ST_1 : Operation 31 [1/1] (0.00ns)   --->   "%br_ln274 = br i1 %trunc_ln813, void %arrayidx73.case.0, void %arrayidx73.case.1" [src/ecg_denoiser.cpp:274]   --->   Operation 31 'br' 'br_ln274' <Predicate = (!icmp_ln272)> <Delay = 0.00>
ST_1 : Operation 32 [1/1] (1.29ns)   --->   "%store_ln272 = store i9 %add_ln272, i9 %t" [src/ecg_denoiser.cpp:272]   --->   Operation 32 'store' 'store_ln272' <Predicate = (!icmp_ln272)> <Delay = 1.29>
ST_1 : Operation 33 [1/1] (0.00ns)   --->   "%br_ln272 = br void %for.body66" [src/ecg_denoiser.cpp:272]   --->   Operation 33 'br' 'br_ln272' <Predicate = (!icmp_ln272)> <Delay = 0.00>

State 2 <SV = 1> <Delay = 4.94>
ST_2 : Operation 34 [1/2] (1.75ns)   --->   "%input_buf_V_load = load i8 %input_buf_V_addr"   --->   Operation 34 'load' 'input_buf_V_load' <Predicate = true> <Delay = 1.75> <CoreInst = "RAM_1P_LUTRAM">   --->   Core 87 'RAM_1P_LUTRAM' <Latency = 1> <II = 1> <Delay = 1.75> <Storage> <Opcode : 'load' 'store'> <Ports = 1> <Width = 32> <Depth = 180> <RAM>
ST_2 : Operation 35 [1/2] (1.75ns)   --->   "%input_buf_V_1_load = load i8 %input_buf_V_1_addr"   --->   Operation 35 'load' 'input_buf_V_1_load' <Predicate = true> <Delay = 1.75> <CoreInst = "RAM_1P_LUTRAM">   --->   Core 87 'RAM_1P_LUTRAM' <Latency = 1> <II = 1> <Delay = 1.75> <Storage> <Opcode : 'load' 'store'> <Ports = 1> <Width = 32> <Depth = 180> <RAM>
ST_2 : Operation 36 [1/1] (1.29ns)   --->   "%lhs_V = mux i32 @_ssdm_op_Mux.ap_auto.2i32.i1, i32 %input_buf_V_load, i32 %input_buf_V_1_load, i1 %trunc_ln813"   --->   Operation 36 'mux' 'lhs_V' <Predicate = true> <Delay = 1.29> <CoreInst = "Multiplexer">   --->   Core 76 'Multiplexer' <Latency = 0> <II = 1> <Delay = 1.29> <FuncUnit> <Opcode : 'mux'> <InPorts = 2> <OutPorts = 1>
ST_2 : Operation 37 [1/1] (0.00ns)   --->   "%sext_ln813 = sext i32 %lhs_V"   --->   Operation 37 'sext' 'sext_ln813' <Predicate = true> <Delay = 0.00>
ST_2 : Operation 38 [1/1] (1.89ns)   --->   "%ret_V = sub i33 %sext_ln813, i33 %rhs_cast"   --->   Operation 38 'sub' 'ret_V' <Predicate = true> <Delay = 1.89> <CoreInst = "Adder">   --->   Core 1 'Adder' <Latency = 0> <II = 1> <Delay = 1.89> <FuncUnit> <Opcode : 'add' 'sub'> <InPorts = 2> <OutPorts = 1>
ST_2 : Operation 48 [1/1] (0.00ns)   --->   "%ret_ln0 = ret"   --->   Operation 48 'ret' 'ret_ln0' <Predicate = (icmp_ln272)> <Delay = 0.00>

State 3 <SV = 2> <Delay = 8.80>
ST_3 : Operation 39 [1/1] (0.00ns)   --->   "%specpipeline_ln273 = specpipeline void @_ssdm_op_SpecPipeline, i32 1, i32 0, i32 0, i32 0, void @empty_1" [src/ecg_denoiser.cpp:273]   --->   Operation 39 'specpipeline' 'specpipeline_ln273' <Predicate = true> <Delay = 0.00>
ST_3 : Operation 40 [1/1] (0.00ns)   --->   "%specloopname_ln272 = specloopname void @_ssdm_op_SpecLoopName, void @empty_13" [src/ecg_denoiser.cpp:272]   --->   Operation 40 'specloopname' 'specloopname_ln272' <Predicate = true> <Delay = 0.00>
ST_3 : Operation 41 [1/1] (0.00ns)   --->   "%sext_ln1270 = sext i33 %ret_V"   --->   Operation 41 'sext' 'sext_ln1270' <Predicate = true> <Delay = 0.00>
ST_3 : Operation 42 [1/1] (7.04ns)   --->   "%r_V_2 = mul i48 %sext_ln1270, i48 %sext_ln272_cast"   --->   Operation 42 'mul' 'r_V_2' <Predicate = true> <Delay = 7.04> <CoreInst = "Multiplier">   --->   Core 3 'Multiplier' <Latency = 0> <II = 1> <Delay = 7.04> <FuncUnit> <Opcode : 'mul'> <InPorts = 2> <OutPorts = 1>
ST_3 : Operation 43 [1/1] (0.00ns)   --->   "%trunc_ln = partselect i32 @_ssdm_op_PartSelect.i32.i48.i32.i32, i48 %r_V_2, i32 16, i32 47"   --->   Operation 43 'partselect' 'trunc_ln' <Predicate = true> <Delay = 0.00>
ST_3 : Operation 44 [1/1] (1.75ns)   --->   "%store_ln274 = store i32 %trunc_ln, i8 %norm_buf_V_addr" [src/ecg_denoiser.cpp:274]   --->   Operation 44 'store' 'store_ln274' <Predicate = (!trunc_ln813)> <Delay = 1.75> <CoreInst = "RAM_1P_LUTRAM">   --->   Core 87 'RAM_1P_LUTRAM' <Latency = 1> <II = 1> <Delay = 1.75> <Storage> <Opcode : 'load' 'store'> <Ports = 1> <Width = 32> <Depth = 180> <RAM>
ST_3 : Operation 45 [1/1] (0.00ns)   --->   "%br_ln274 = br void %arrayidx73.exit" [src/ecg_denoiser.cpp:274]   --->   Operation 45 'br' 'br_ln274' <Predicate = (!trunc_ln813)> <Delay = 0.00>
ST_3 : Operation 46 [1/1] (1.75ns)   --->   "%store_ln274 = store i32 %trunc_ln, i8 %norm_buf_V_1_addr" [src/ecg_denoiser.cpp:274]   --->   Operation 46 'store' 'store_ln274' <Predicate = (trunc_ln813)> <Delay = 1.75> <CoreInst = "RAM_1P_LUTRAM">   --->   Core 87 'RAM_1P_LUTRAM' <Latency = 1> <II = 1> <Delay = 1.75> <Storage> <Opcode : 'load' 'store'> <Ports = 1> <Width = 32> <Depth = 180> <RAM>
ST_3 : Operation 47 [1/1] (0.00ns)   --->   "%br_ln274 = br void %arrayidx73.exit" [src/ecg_denoiser.cpp:274]   --->   Operation 47 'br' 'br_ln274' <Predicate = (trunc_ln813)> <Delay = 0.00>


============================================================
+ Verbose Summary: Binding
============================================================
STG Binding: 
---------------- STG Properties BEGIN ----------------
- Is combinational: 0
- Is one-state seq: 0
- Is datapath-only: 0
- Is pipelined: 0
- Is top level: 0
Port [ Return ] is wired: 1; IO mode=ap_ctrl_hs:ce=0
Port [ norm_buf_V_1]:  wired=1; compound=1; hidden=0; nouse=0; global=0; static=0; extern=0; dir=1; type=1; pingpong=0; private_global=0; MemPort=[0]; IO mode=ap_memory:ce=0
Port [ norm_buf_V]:  wired=1; compound=1; hidden=0; nouse=0; global=0; static=0; extern=0; dir=1; type=1; pingpong=0; private_global=0; MemPort=[0]; IO mode=ap_memory:ce=0
Port [ input_buf_V]:  wired=1; compound=1; hidden=0; nouse=0; global=0; static=0; extern=0; dir=0; type=1; pingpong=0; private_global=0; MemPort=[1]; IO mode=ap_memory:ce=0
Port [ input_buf_V_1]:  wired=1; compound=1; hidden=0; nouse=0; global=0; static=0; extern=0; dir=0; type=1; pingpong=0; private_global=0; MemPort=[1]; IO mode=ap_memory:ce=0
Port [ rhs]:  wired=1; compound=0; hidden=0; nouse=0; global=0; static=0; extern=0; dir=0; type=0; pingpong=0; private_global=0; IO mode=ap_none:ce=0
Port [ sext_ln272]:  wired=1; compound=0; hidden=0; nouse=0; global=0; static=0; extern=0; dir=0; type=0; pingpong=0; private_global=0; IO mode=ap_none:ce=0
---------------- STG Properties END ------------------

---------------- Datapath Model BEGIN ----------------

<LifeTime>
<method=bitvector/>
t                  (alloca           ) [ 0100]
sext_ln272_read    (read             ) [ 0000]
rhs_read           (read             ) [ 0000]
sext_ln272_cast    (sext             ) [ 0111]
rhs_cast           (sext             ) [ 0110]
specmemcore_ln0    (specmemcore      ) [ 0000]
specmemcore_ln0    (specmemcore      ) [ 0000]
specmemcore_ln0    (specmemcore      ) [ 0000]
specmemcore_ln0    (specmemcore      ) [ 0000]
store_ln0          (store            ) [ 0000]
br_ln0             (br               ) [ 0000]
t_2                (load             ) [ 0000]
icmp_ln272         (icmp             ) [ 0110]
empty              (speclooptripcount) [ 0000]
add_ln272          (add              ) [ 0000]
br_ln272           (br               ) [ 0000]
lshr_ln813_1       (partselect       ) [ 0000]
zext_ln813         (zext             ) [ 0000]
input_buf_V_addr   (getelementptr    ) [ 0110]
input_buf_V_1_addr (getelementptr    ) [ 0110]
trunc_ln813        (trunc            ) [ 0111]
norm_buf_V_addr    (getelementptr    ) [ 0111]
norm_buf_V_1_addr  (getelementptr    ) [ 0111]
br_ln274           (br               ) [ 0000]
store_ln272        (store            ) [ 0000]
br_ln272           (br               ) [ 0000]
input_buf_V_load   (load             ) [ 0000]
input_buf_V_1_load (load             ) [ 0000]
lhs_V              (mux              ) [ 0000]
sext_ln813         (sext             ) [ 0000]
ret_V              (sub              ) [ 0101]
specpipeline_ln273 (specpipeline     ) [ 0000]
specloopname_ln272 (specloopname     ) [ 0000]
sext_ln1270        (sext             ) [ 0000]
r_V_2              (mul              ) [ 0000]
trunc_ln           (partselect       ) [ 0000]
store_ln274        (store            ) [ 0000]
br_ln274           (br               ) [ 0000]
store_ln274        (store            ) [ 0000]
br_ln274           (br               ) [ 0000]
ret_ln0            (ret              ) [ 0000]
</LifeTime>

<model>

<comp_list>
<comp id="0" class="1000" name="norm_buf_V_1">
<pin_list>
<pin id="1" dir="1" index="0" bw="1" slack="0"/>
</pin_list>
<bind>
<StgValue><ssdm name="norm_buf_V_1"/><MemPortTyVec>0 </MemPortTyVec>
</StgValue>
</bind>
</comp>

<comp id="2" class="1000" name="norm_buf_V">
<pin_list>
<pin id="3" dir="1" index="0" bw="1" slack="0"/>
</pin_list>
<bind>
<StgValue><ssdm name="norm_buf_V"/><MemPortTyVec>0 </MemPortTyVec>
</StgValue>
</bind>
</comp>

<comp id="4" class="1000" name="input_buf_V">
<pin_list>
<pin id="5" dir="1" index="0" bw="1" slack="0"/>
</pin_list>
<bind>
<StgValue><ssdm name="input_buf_V"/><MemPortTyVec>1 </MemPortTyVec>
</StgValue>
</bind>
</comp>

<comp id="6" class="1000" name="input_buf_V_1">
<pin_list>
<pin id="7" dir="1" index="0" bw="1" slack="0"/>
</pin_list>
<bind>
<StgValue><ssdm name="input_buf_V_1"/><MemPortTyVec>1 </MemPortTyVec>
</StgValue>
</bind>
</comp>

<comp id="8" class="1000" name="rhs">
<pin_list>
<pin id="9" dir="1" index="0" bw="1" slack="0"/>
</pin_list>
<bind>
<StgValue><ssdm name="rhs"/></StgValue>
</bind>
</comp>

<comp id="10" class="1000" name="sext_ln272">
<pin_list>
<pin id="11" dir="1" index="0" bw="1" slack="0"/>
</pin_list>
<bind>
<StgValue><ssdm name="sext_ln272"/></StgValue>
</bind>
</comp>

<comp id="12" class="1001" name="const_12">
<pin_list>
<pin id="13" dir="1" index="0" bw="1" slack="0"/>
</pin_list>
<bind>
<StgValue><ssdm name=""/></StgValue>
</bind>
</comp>

<comp id="14" class="1001" name="const_14">
<pin_list>
<pin id="15" dir="1" index="0" bw="1" slack="0"/>
</pin_list>
<bind>
<StgValue><ssdm name="_ssdm_op_Read.ap_auto.i32"/></StgValue>
</bind>
</comp>

<comp id="16" class="1001" name="const_16">
<pin_list>
<pin id="17" dir="1" index="0" bw="1" slack="2147483647"/>
</pin_list>
<bind>
<StgValue><ssdm name="_ssdm_op_SpecMemCore"/></StgValue>
</bind>
</comp>

<comp id="18" class="1001" name="const_18">
<pin_list>
<pin id="19" dir="1" index="0" bw="1" slack="2147483647"/>
</pin_list>
<bind>
<StgValue><ssdm name=""/></StgValue>
</bind>
</comp>

<comp id="20" class="1001" name="const_20">
<pin_list>
<pin id="21" dir="1" index="0" bw="1" slack="2147483647"/>
</pin_list>
<bind>
<StgValue><ssdm name=""/></StgValue>
</bind>
</comp>

<comp id="22" class="1001" name="const_22">
<pin_list>
<pin id="23" dir="1" index="0" bw="1" slack="2147483647"/>
</pin_list>
<bind>
<StgValue><ssdm name=""/></StgValue>
</bind>
</comp>

<comp id="24" class="1001" name="const_24">
<pin_list>
<pin id="25" dir="1" index="0" bw="1" slack="0"/>
</pin_list>
<bind>
<StgValue><ssdm name=""/></StgValue>
</bind>
</comp>

<comp id="26" class="1001" name="const_26">
<pin_list>
<pin id="27" dir="1" index="0" bw="1" slack="0"/>
</pin_list>
<bind>
<StgValue><ssdm name=""/></StgValue>
</bind>
</comp>

<comp id="28" class="1001" name="const_28">
<pin_list>
<pin id="29" dir="1" index="0" bw="1" slack="2147483647"/>
</pin_list>
<bind>
<StgValue><ssdm name="_ssdm_op_SpecLoopTripCount"/></StgValue>
</bind>
</comp>

<comp id="30" class="1001" name="const_30">
<pin_list>
<pin id="31" dir="1" index="0" bw="1" slack="2147483647"/>
</pin_list>
<bind>
<StgValue><ssdm name=""/></StgValue>
</bind>
</comp>

<comp id="32" class="1001" name="const_32">
<pin_list>
<pin id="33" dir="1" index="0" bw="1" slack="0"/>
</pin_list>
<bind>
<StgValue><ssdm name=""/></StgValue>
</bind>
</comp>

<comp id="34" class="1001" name="const_34">
<pin_list>
<pin id="35" dir="1" index="0" bw="1" slack="0"/>
</pin_list>
<bind>
<StgValue><ssdm name="_ssdm_op_PartSelect.i8.i9.i32.i32"/></StgValue>
</bind>
</comp>

<comp id="36" class="1001" name="const_36">
<pin_list>
<pin id="37" dir="1" index="0" bw="1" slack="0"/>
</pin_list>
<bind>
<StgValue><ssdm name=""/></StgValue>
</bind>
</comp>

<comp id="38" class="1001" name="const_38">
<pin_list>
<pin id="39" dir="1" index="0" bw="1" slack="0"/>
</pin_list>
<bind>
<StgValue><ssdm name=""/></StgValue>
</bind>
</comp>

<comp id="40" class="1001" name="const_40">
<pin_list>
<pin id="41" dir="1" index="0" bw="1" slack="0"/>
</pin_list>
<bind>
<StgValue><ssdm name="_ssdm_op_Mux.ap_auto.2i32.i1"/></StgValue>
</bind>
</comp>

<comp id="42" class="1001" name="const_42">
<pin_list>
<pin id="43" dir="1" index="0" bw="1" slack="2147483647"/>
</pin_list>
<bind>
<StgValue><ssdm name="_ssdm_op_SpecPipeline"/></StgValue>
</bind>
</comp>

<comp id="44" class="1001" name="const_44">
<pin_list>
<pin id="45" dir="1" index="0" bw="1" slack="2147483647"/>
</pin_list>
<bind>
<StgValue><ssdm name=""/></StgValue>
</bind>
</comp>

<comp id="46" class="1001" name="const_46">
<pin_list>
<pin id="47" dir="1" index="0" bw="1" slack="2147483647"/>
</pin_list>
<bind>
<StgValue><ssdm name="empty_1"/></StgValue>
</bind>
</comp>

<comp id="48" class="1001" name="const_48">
<pin_list>
<pin id="49" dir="1" index="0" bw="1" slack="2147483647"/>
</pin_list>
<bind>
<StgValue><ssdm name="_ssdm_op_SpecLoopName"/></StgValue>
</bind>
</comp>

<comp id="50" class="1001" name="const_50">
<pin_list>
<pin id="51" dir="1" index="0" bw="1" slack="2147483647"/>
</pin_list>
<bind>
<StgValue><ssdm name="empty_13"/></StgValue>
</bind>
</comp>

<comp id="52" class="1001" name="const_52">
<pin_list>
<pin id="53" dir="1" index="0" bw="1" slack="0"/>
</pin_list>
<bind>
<StgValue><ssdm name="_ssdm_op_PartSelect.i32.i48.i32.i32"/></StgValue>
</bind>
</comp>

<comp id="54" class="1001" name="const_54">
<pin_list>
<pin id="55" dir="1" index="0" bw="1" slack="0"/>
</pin_list>
<bind>
<StgValue><ssdm name=""/></StgValue>
</bind>
</comp>

<comp id="56" class="1001" name="const_56">
<pin_list>
<pin id="57" dir="1" index="0" bw="1" slack="0"/>
</pin_list>
<bind>
<StgValue><ssdm name=""/></StgValue>
</bind>
</comp>

<comp id="58" class="1004" name="t_fu_58">
<pin_list>
<pin id="59" dir="0" index="0" bw="1" slack="0"/>
<pin id="60" dir="1" index="1" bw="9" slack="0"/>
</pin_list>
<bind>
<opcode="alloca(26) " fcode="alloca"/>
<opset="t/1 "/>
</bind>
</comp>

<comp id="62" class="1004" name="sext_ln272_read_read_fu_62">
<pin_list>
<pin id="63" dir="0" index="0" bw="32" slack="0"/>
<pin id="64" dir="0" index="1" bw="32" slack="0"/>
<pin id="65" dir="1" index="2" bw="32" slack="0"/>
</pin_list>
<bind>
<opcode="read(1150) " fcode="read"/>
<opset="sext_ln272_read/1 "/>
</bind>
</comp>

<comp id="68" class="1004" name="rhs_read_read_fu_68">
<pin_list>
<pin id="69" dir="0" index="0" bw="32" slack="0"/>
<pin id="70" dir="0" index="1" bw="32" slack="0"/>
<pin id="71" dir="1" index="2" bw="32" slack="0"/>
</pin_list>
<bind>
<opcode="read(1150) " fcode="read"/>
<opset="rhs_read/1 "/>
</bind>
</comp>

<comp id="74" class="1004" name="input_buf_V_addr_gep_fu_74">
<pin_list>
<pin id="75" dir="0" index="0" bw="32" slack="0"/>
<pin id="76" dir="0" index="1" bw="1" slack="0"/>
<pin id="77" dir="0" index="2" bw="8" slack="0"/>
<pin id="78" dir="1" index="3" bw="8" slack="0"/>
</pin_list>
<bind>
<opcode="getelementptr(29) " fcode="getelementptr"/>
<opset="input_buf_V_addr/1 "/>
</bind>
</comp>

<comp id="81" class="1004" name="input_buf_V_1_addr_gep_fu_81">
<pin_list>
<pin id="82" dir="0" index="0" bw="32" slack="0"/>
<pin id="83" dir="0" index="1" bw="1" slack="0"/>
<pin id="84" dir="0" index="2" bw="8" slack="0"/>
<pin id="85" dir="1" index="3" bw="8" slack="0"/>
</pin_list>
<bind>
<opcode="getelementptr(29) " fcode="getelementptr"/>
<opset="input_buf_V_1_addr/1 "/>
</bind>
</comp>

<comp id="88" class="1004" name="grp_access_fu_88">
<pin_list>
<pin id="89" dir="0" index="0" bw="8" slack="0"/>
<pin id="90" dir="0" index="1" bw="32" slack="2147483647"/>
<pin id="91" dir="0" index="2" bw="0" slack="2147483647"/>
<pin id="92" dir="1" index="3" bw="32" slack="0"/>
</pin_list>
<bind>
<opcode="load(27) " fcode="load"/>
<opset="input_buf_V_load/1 "/>
</bind>
</comp>

<comp id="94" class="1004" name="grp_access_fu_94">
<pin_list>
<pin id="95" dir="0" index="0" bw="8" slack="0"/>
<pin id="96" dir="0" index="1" bw="32" slack="2147483647"/>
<pin id="97" dir="0" index="2" bw="0" slack="2147483647"/>
<pin id="98" dir="1" index="3" bw="32" slack="0"/>
</pin_list>
<bind>
<opcode="load(27) " fcode="load"/>
<opset="input_buf_V_1_load/1 "/>
</bind>
</comp>

<comp id="100" class="1004" name="norm_buf_V_addr_gep_fu_100">
<pin_list>
<pin id="101" dir="0" index="0" bw="32" slack="0"/>
<pin id="102" dir="0" index="1" bw="1" slack="0"/>
<pin id="103" dir="0" index="2" bw="8" slack="0"/>
<pin id="104" dir="1" index="3" bw="8" slack="2"/>
</pin_list>
<bind>
<opcode="getelementptr(29) " fcode="getelementptr"/>
<opset="norm_buf_V_addr/1 "/>
</bind>
</comp>

<comp id="107" class="1004" name="norm_buf_V_1_addr_gep_fu_107">
<pin_list>
<pin id="108" dir="0" index="0" bw="32" slack="0"/>
<pin id="109" dir="0" index="1" bw="1" slack="0"/>
<pin id="110" dir="0" index="2" bw="8" slack="0"/>
<pin id="111" dir="1" index="3" bw="8" slack="2"/>
</pin_list>
<bind>
<opcode="getelementptr(29) " fcode="getelementptr"/>
<opset="norm_buf_V_1_addr/1 "/>
</bind>
</comp>

<comp id="114" class="1004" name="store_ln274_access_fu_114">
<pin_list>
<pin id="115" dir="0" index="0" bw="8" slack="2"/>
<pin id="116" dir="0" index="1" bw="32" slack="0"/>
<pin id="117" dir="0" index="2" bw="0" slack="2147483647"/>
<pin id="118" dir="1" index="3" bw="32" slack="2147483647"/>
</pin_list>
<bind>
<opcode="store(28) " fcode="store"/>
<opset="store_ln274/3 "/>
</bind>
</comp>

<comp id="119" class="1004" name="store_ln274_access_fu_119">
<pin_list>
<pin id="120" dir="0" index="0" bw="8" slack="2"/>
<pin id="121" dir="0" index="1" bw="32" slack="0"/>
<pin id="122" dir="0" index="2" bw="0" slack="2147483647"/>
<pin id="123" dir="1" index="3" bw="32" slack="2147483647"/>
</pin_list>
<bind>
<opcode="store(28) " fcode="store"/>
<opset="store_ln274/3 "/>
</bind>
</comp>

<comp id="124" class="1004" name="sext_ln272_cast_fu_124">
<pin_list>
<pin id="125" dir="0" index="0" bw="32" slack="0"/>
<pin id="126" dir="1" index="1" bw="48" slack="2"/>
</pin_list>
<bind>
<opcode="sext(35) " fcode="sext"/>
<opset="sext_ln272_cast/1 "/>
</bind>
</comp>

<comp id="128" class="1004" name="rhs_cast_fu_128">
<pin_list>
<pin id="129" dir="0" index="0" bw="32" slack="0"/>
<pin id="130" dir="1" index="1" bw="33" slack="1"/>
</pin_list>
<bind>
<opcode="sext(35) " fcode="sext"/>
<opset="rhs_cast/1 "/>
</bind>
</comp>

<comp id="132" class="1004" name="store_ln0_store_fu_132">
<pin_list>
<pin id="133" dir="0" index="0" bw="1" slack="0"/>
<pin id="134" dir="0" index="1" bw="9" slack="0"/>
<pin id="135" dir="1" index="2" bw="0" slack="2147483647"/>
</pin_list>
<bind>
<opcode="store(28) " fcode="store"/>
<opset="store_ln0/1 "/>
</bind>
</comp>

<comp id="137" class="1004" name="t_2_load_fu_137">
<pin_list>
<pin id="138" dir="0" index="0" bw="9" slack="0"/>
<pin id="139" dir="1" index="1" bw="9" slack="0"/>
</pin_list>
<bind>
<opcode="load(27) " fcode="load"/>
<opset="t_2/1 "/>
</bind>
</comp>

<comp id="140" class="1004" name="icmp_ln272_fu_140">
<pin_list>
<pin id="141" dir="0" index="0" bw="9" slack="0"/>
<pin id="142" dir="0" index="1" bw="9" slack="0"/>
<pin id="143" dir="1" index="2" bw="1" slack="1"/>
</pin_list>
<bind>
<opcode="icmp(45) " fcode="icmp"/>
<opset="icmp_ln272/1 "/>
</bind>
</comp>

<comp id="146" class="1004" name="add_ln272_fu_146">
<pin_list>
<pin id="147" dir="0" index="0" bw="9" slack="0"/>
<pin id="148" dir="0" index="1" bw="1" slack="0"/>
<pin id="149" dir="1" index="2" bw="9" slack="0"/>
</pin_list>
<bind>
<opcode="add(8) " fcode="add"/>
<opset="add_ln272/1 "/>
</bind>
</comp>

<comp id="152" class="1004" name="lshr_ln813_1_fu_152">
<pin_list>
<pin id="153" dir="0" index="0" bw="8" slack="0"/>
<pin id="154" dir="0" index="1" bw="9" slack="0"/>
<pin id="155" dir="0" index="2" bw="1" slack="0"/>
<pin id="156" dir="0" index="3" bw="5" slack="0"/>
<pin id="157" dir="1" index="4" bw="8" slack="0"/>
</pin_list>
<bind>
<opcode="partselect(1002) " fcode="partselect"/>
<opset="lshr_ln813_1/1 "/>
</bind>
</comp>

<comp id="162" class="1004" name="zext_ln813_fu_162">
<pin_list>
<pin id="163" dir="0" index="0" bw="8" slack="0"/>
<pin id="164" dir="1" index="1" bw="64" slack="0"/>
</pin_list>
<bind>
<opcode="zext(34) " fcode="zext"/>
<opset="zext_ln813/1 "/>
</bind>
</comp>

<comp id="170" class="1004" name="trunc_ln813_fu_170">
<pin_list>
<pin id="171" dir="0" index="0" bw="9" slack="0"/>
<pin id="172" dir="1" index="1" bw="1" slack="1"/>
</pin_list>
<bind>
<opcode="trunc(33) " fcode="trunc"/>
<opset="trunc_ln813/1 "/>
</bind>
</comp>

<comp id="174" class="1004" name="store_ln272_store_fu_174">
<pin_list>
<pin id="175" dir="0" index="0" bw="9" slack="0"/>
<pin id="176" dir="0" index="1" bw="9" slack="0"/>
<pin id="177" dir="1" index="2" bw="0" slack="2147483647"/>
</pin_list>
<bind>
<opcode="store(28) " fcode="store"/>
<opset="store_ln272/1 "/>
</bind>
</comp>

<comp id="179" class="1004" name="lhs_V_fu_179">
<pin_list>
<pin id="180" dir="0" index="0" bw="32" slack="0"/>
<pin id="181" dir="0" index="1" bw="32" slack="0"/>
<pin id="182" dir="0" index="2" bw="32" slack="0"/>
<pin id="183" dir="0" index="3" bw="1" slack="1"/>
<pin id="184" dir="1" index="4" bw="32" slack="0"/>
</pin_list>
<bind>
<opcode="mux(1196) " fcode="mux"/>
<opset="lhs_V/2 "/>
</bind>
</comp>

<comp id="188" class="1004" name="sext_ln813_fu_188">
<pin_list>
<pin id="189" dir="0" index="0" bw="32" slack="0"/>
<pin id="190" dir="1" index="1" bw="33" slack="0"/>
</pin_list>
<bind>
<opcode="sext(35) " fcode="sext"/>
<opset="sext_ln813/2 "/>
</bind>
</comp>

<comp id="192" class="1004" name="ret_V_fu_192">
<pin_list>
<pin id="193" dir="0" index="0" bw="32" slack="0"/>
<pin id="194" dir="0" index="1" bw="32" slack="1"/>
<pin id="195" dir="1" index="2" bw="33" slack="1"/>
</pin_list>
<bind>
<opcode="sub(10) " fcode="sub"/>
<opset="ret_V/2 "/>
</bind>
</comp>

<comp id="197" class="1004" name="sext_ln1270_fu_197">
<pin_list>
<pin id="198" dir="0" index="0" bw="33" slack="1"/>
<pin id="199" dir="1" index="1" bw="48" slack="0"/>
</pin_list>
<bind>
<opcode="sext(35) " fcode="sext"/>
<opset="sext_ln1270/3 "/>
</bind>
</comp>

<comp id="200" class="1004" name="r_V_2_fu_200">
<pin_list>
<pin id="201" dir="0" index="0" bw="33" slack="0"/>
<pin id="202" dir="0" index="1" bw="32" slack="2"/>
<pin id="203" dir="1" index="2" bw="48" slack="0"/>
</pin_list>
<bind>
<opcode="mul(12) " fcode="mul"/>
<opset="r_V_2/3 "/>
</bind>
</comp>

<comp id="205" class="1004" name="trunc_ln_fu_205">
<pin_list>
<pin id="206" dir="0" index="0" bw="32" slack="0"/>
<pin id="207" dir="0" index="1" bw="48" slack="0"/>
<pin id="208" dir="0" index="2" bw="6" slack="0"/>
<pin id="209" dir="0" index="3" bw="7" slack="0"/>
<pin id="210" dir="1" index="4" bw="32" slack="0"/>
</pin_list>
<bind>
<opcode="partselect(1002) " fcode="partselect"/>
<opset="trunc_ln/3 "/>
</bind>
</comp>

<comp id="217" class="1005" name="t_reg_217">
<pin_list>
<pin id="218" dir="0" index="0" bw="9" slack="0"/>
<pin id="219" dir="1" index="1" bw="9" slack="0"/>
</pin_list>
<bind>
<opset="t "/>
</bind>
</comp>

<comp id="224" class="1005" name="sext_ln272_cast_reg_224">
<pin_list>
<pin id="225" dir="0" index="0" bw="48" slack="2"/>
<pin id="226" dir="1" index="1" bw="48" slack="2"/>
</pin_list>
<bind>
<opset="sext_ln272_cast "/>
</bind>
</comp>

<comp id="229" class="1005" name="rhs_cast_reg_229">
<pin_list>
<pin id="230" dir="0" index="0" bw="33" slack="1"/>
<pin id="231" dir="1" index="1" bw="33" slack="1"/>
</pin_list>
<bind>
<opset="rhs_cast "/>
</bind>
</comp>

<comp id="234" class="1005" name="icmp_ln272_reg_234">
<pin_list>
<pin id="235" dir="0" index="0" bw="1" slack="1"/>
<pin id="236" dir="1" index="1" bw="1" slack="2147483647"/>
</pin_list>
<bind>
<opset="icmp_ln272 "/>
</bind>
</comp>

<comp id="238" class="1005" name="input_buf_V_addr_reg_238">
<pin_list>
<pin id="239" dir="0" index="0" bw="8" slack="1"/>
<pin id="240" dir="1" index="1" bw="8" slack="1"/>
</pin_list>
<bind>
<opset="input_buf_V_addr "/>
</bind>
</comp>

<comp id="243" class="1005" name="input_buf_V_1_addr_reg_243">
<pin_list>
<pin id="244" dir="0" index="0" bw="8" slack="1"/>
<pin id="245" dir="1" index="1" bw="8" slack="1"/>
</pin_list>
<bind>
<opset="input_buf_V_1_addr "/>
</bind>
</comp>

<comp id="248" class="1005" name="trunc_ln813_reg_248">
<pin_list>
<pin id="249" dir="0" index="0" bw="1" slack="1"/>
<pin id="250" dir="1" index="1" bw="1" slack="1"/>
</pin_list>
<bind>
<opset="trunc_ln813 "/>
</bind>
</comp>

<comp id="253" class="1005" name="norm_buf_V_addr_reg_253">
<pin_list>
<pin id="254" dir="0" index="0" bw="8" slack="2"/>
<pin id="255" dir="1" index="1" bw="8" slack="2"/>
</pin_list>
<bind>
<opset="norm_buf_V_addr "/>
</bind>
</comp>

<comp id="258" class="1005" name="norm_buf_V_1_addr_reg_258">
<pin_list>
<pin id="259" dir="0" index="0" bw="8" slack="2"/>
<pin id="260" dir="1" index="1" bw="8" slack="2"/>
</pin_list>
<bind>
<opset="norm_buf_V_1_addr "/>
</bind>
</comp>

<comp id="263" class="1005" name="ret_V_reg_263">
<pin_list>
<pin id="264" dir="0" index="0" bw="33" slack="1"/>
<pin id="265" dir="1" index="1" bw="33" slack="1"/>
</pin_list>
<bind>
<opset="ret_V "/>
</bind>
</comp>

</comp_list>

<net_list>
<net id="61"><net_src comp="12" pin="0"/><net_sink comp="58" pin=0"/></net>

<net id="66"><net_src comp="14" pin="0"/><net_sink comp="62" pin=0"/></net>

<net id="67"><net_src comp="10" pin="0"/><net_sink comp="62" pin=1"/></net>

<net id="72"><net_src comp="14" pin="0"/><net_sink comp="68" pin=0"/></net>

<net id="73"><net_src comp="8" pin="0"/><net_sink comp="68" pin=1"/></net>

<net id="79"><net_src comp="4" pin="0"/><net_sink comp="74" pin=0"/></net>

<net id="80"><net_src comp="38" pin="0"/><net_sink comp="74" pin=1"/></net>

<net id="86"><net_src comp="6" pin="0"/><net_sink comp="81" pin=0"/></net>

<net id="87"><net_src comp="38" pin="0"/><net_sink comp="81" pin=1"/></net>

<net id="93"><net_src comp="74" pin="3"/><net_sink comp="88" pin=0"/></net>

<net id="99"><net_src comp="81" pin="3"/><net_sink comp="94" pin=0"/></net>

<net id="105"><net_src comp="2" pin="0"/><net_sink comp="100" pin=0"/></net>

<net id="106"><net_src comp="38" pin="0"/><net_sink comp="100" pin=1"/></net>

<net id="112"><net_src comp="0" pin="0"/><net_sink comp="107" pin=0"/></net>

<net id="113"><net_src comp="38" pin="0"/><net_sink comp="107" pin=1"/></net>

<net id="127"><net_src comp="62" pin="2"/><net_sink comp="124" pin=0"/></net>

<net id="131"><net_src comp="68" pin="2"/><net_sink comp="128" pin=0"/></net>

<net id="136"><net_src comp="24" pin="0"/><net_sink comp="132" pin=0"/></net>

<net id="144"><net_src comp="137" pin="1"/><net_sink comp="140" pin=0"/></net>

<net id="145"><net_src comp="26" pin="0"/><net_sink comp="140" pin=1"/></net>

<net id="150"><net_src comp="137" pin="1"/><net_sink comp="146" pin=0"/></net>

<net id="151"><net_src comp="32" pin="0"/><net_sink comp="146" pin=1"/></net>

<net id="158"><net_src comp="34" pin="0"/><net_sink comp="152" pin=0"/></net>

<net id="159"><net_src comp="137" pin="1"/><net_sink comp="152" pin=1"/></net>

<net id="160"><net_src comp="12" pin="0"/><net_sink comp="152" pin=2"/></net>

<net id="161"><net_src comp="36" pin="0"/><net_sink comp="152" pin=3"/></net>

<net id="165"><net_src comp="152" pin="4"/><net_sink comp="162" pin=0"/></net>

<net id="166"><net_src comp="162" pin="1"/><net_sink comp="74" pin=2"/></net>

<net id="167"><net_src comp="162" pin="1"/><net_sink comp="81" pin=2"/></net>

<net id="168"><net_src comp="162" pin="1"/><net_sink comp="100" pin=2"/></net>

<net id="169"><net_src comp="162" pin="1"/><net_sink comp="107" pin=2"/></net>

<net id="173"><net_src comp="137" pin="1"/><net_sink comp="170" pin=0"/></net>

<net id="178"><net_src comp="146" pin="2"/><net_sink comp="174" pin=0"/></net>

<net id="185"><net_src comp="40" pin="0"/><net_sink comp="179" pin=0"/></net>

<net id="186"><net_src comp="88" pin="3"/><net_sink comp="179" pin=1"/></net>

<net id="187"><net_src comp="94" pin="3"/><net_sink comp="179" pin=2"/></net>

<net id="191"><net_src comp="179" pin="4"/><net_sink comp="188" pin=0"/></net>

<net id="196"><net_src comp="188" pin="1"/><net_sink comp="192" pin=0"/></net>

<net id="204"><net_src comp="197" pin="1"/><net_sink comp="200" pin=0"/></net>

<net id="211"><net_src comp="52" pin="0"/><net_sink comp="205" pin=0"/></net>

<net id="212"><net_src comp="200" pin="2"/><net_sink comp="205" pin=1"/></net>

<net id="213"><net_src comp="54" pin="0"/><net_sink comp="205" pin=2"/></net>

<net id="214"><net_src comp="56" pin="0"/><net_sink comp="205" pin=3"/></net>

<net id="215"><net_src comp="205" pin="4"/><net_sink comp="114" pin=1"/></net>

<net id="216"><net_src comp="205" pin="4"/><net_sink comp="119" pin=1"/></net>

<net id="220"><net_src comp="58" pin="1"/><net_sink comp="217" pin=0"/></net>

<net id="221"><net_src comp="217" pin="1"/><net_sink comp="132" pin=1"/></net>

<net id="222"><net_src comp="217" pin="1"/><net_sink comp="137" pin=0"/></net>

<net id="223"><net_src comp="217" pin="1"/><net_sink comp="174" pin=1"/></net>

<net id="227"><net_src comp="124" pin="1"/><net_sink comp="224" pin=0"/></net>

<net id="228"><net_src comp="224" pin="1"/><net_sink comp="200" pin=1"/></net>

<net id="232"><net_src comp="128" pin="1"/><net_sink comp="229" pin=0"/></net>

<net id="233"><net_src comp="229" pin="1"/><net_sink comp="192" pin=1"/></net>

<net id="237"><net_src comp="140" pin="2"/><net_sink comp="234" pin=0"/></net>

<net id="241"><net_src comp="74" pin="3"/><net_sink comp="238" pin=0"/></net>

<net id="242"><net_src comp="238" pin="1"/><net_sink comp="88" pin=0"/></net>

<net id="246"><net_src comp="81" pin="3"/><net_sink comp="243" pin=0"/></net>

<net id="247"><net_src comp="243" pin="1"/><net_sink comp="94" pin=0"/></net>

<net id="251"><net_src comp="170" pin="1"/><net_sink comp="248" pin=0"/></net>

<net id="252"><net_src comp="248" pin="1"/><net_sink comp="179" pin=3"/></net>

<net id="256"><net_src comp="100" pin="3"/><net_sink comp="253" pin=0"/></net>

<net id="257"><net_src comp="253" pin="1"/><net_sink comp="114" pin=0"/></net>

<net id="261"><net_src comp="107" pin="3"/><net_sink comp="258" pin=0"/></net>

<net id="262"><net_src comp="258" pin="1"/><net_sink comp="119" pin=0"/></net>

<net id="266"><net_src comp="192" pin="2"/><net_sink comp="263" pin=0"/></net>

<net id="267"><net_src comp="263" pin="1"/><net_sink comp="197" pin=0"/></net>

</net_list>

</model> 
---------------- Datapath Model END ------------------

* FSMD analyzer results:
  - Output states:
	Port: norm_buf_V_1 | {3 }
	Port: norm_buf_V | {3 }
 - Input state : 
	Port: ecg_denoiser_Pipeline_ZNORM_APPLY : input_buf_V | {1 2 }
	Port: ecg_denoiser_Pipeline_ZNORM_APPLY : input_buf_V_1 | {1 2 }
	Port: ecg_denoiser_Pipeline_ZNORM_APPLY : rhs | {1 }
	Port: ecg_denoiser_Pipeline_ZNORM_APPLY : sext_ln272 | {1 }
  - Chain level:
	State 1
		store_ln0 : 1
		t_2 : 1
		icmp_ln272 : 2
		add_ln272 : 2
		br_ln272 : 3
		lshr_ln813_1 : 2
		zext_ln813 : 3
		input_buf_V_addr : 4
		input_buf_V_1_addr : 4
		trunc_ln813 : 2
		input_buf_V_load : 5
		input_buf_V_1_load : 5
		norm_buf_V_addr : 4
		norm_buf_V_1_addr : 4
		br_ln274 : 3
		store_ln272 : 3
	State 2
		lhs_V : 1
		sext_ln813 : 2
		ret_V : 3
	State 3
		r_V_2 : 1
		trunc_ln : 2
		store_ln274 : 3
		store_ln274 : 3


============================================================
+ Verbose Summary: Datapath Resource usage 
============================================================

* Functional unit list:
|----------|----------------------------|---------|---------|---------|
| Operation|       Functional Unit      |   DSP   |    FF   |   LUT   |
|----------|----------------------------|---------|---------|---------|
|    sub   |        ret_V_fu_192        |    0    |    0    |    32   |
|----------|----------------------------|---------|---------|---------|
|    mul   |        r_V_2_fu_200        |    3    |    0    |    21   |
|----------|----------------------------|---------|---------|---------|
|    add   |      add_ln272_fu_146      |    0    |    0    |    9    |
|----------|----------------------------|---------|---------|---------|
|    mux   |        lhs_V_fu_179        |    0    |    0    |    9    |
|----------|----------------------------|---------|---------|---------|
|   icmp   |      icmp_ln272_fu_140     |    0    |    0    |    4    |
|----------|----------------------------|---------|---------|---------|
|   read   | sext_ln272_read_read_fu_62 |    0    |    0    |    0    |
|          |     rhs_read_read_fu_68    |    0    |    0    |    0    |
|----------|----------------------------|---------|---------|---------|
|          |   sext_ln272_cast_fu_124   |    0    |    0    |    0    |
|   sext   |       rhs_cast_fu_128      |    0    |    0    |    0    |
|          |      sext_ln813_fu_188     |    0    |    0    |    0    |
|          |     sext_ln1270_fu_197     |    0    |    0    |    0    |
|----------|----------------------------|---------|---------|---------|
|partselect|     lshr_ln813_1_fu_152    |    0    |    0    |    0    |
|          |       trunc_ln_fu_205      |    0    |    0    |    0    |
|----------|----------------------------|---------|---------|---------|
|   zext   |      zext_ln813_fu_162     |    0    |    0    |    0    |
|----------|----------------------------|---------|---------|---------|
|   trunc  |     trunc_ln813_fu_170     |    0    |    0    |    0    |
|----------|----------------------------|---------|---------|---------|
|   Total  |                            |    3    |    0    |    75   |
|----------|----------------------------|---------|---------|---------|

Memories:
N/A

* Register list:
+--------------------------+--------+
|                          |   FF   |
+--------------------------+--------+
|    icmp_ln272_reg_234    |    1   |
|input_buf_V_1_addr_reg_243|    8   |
| input_buf_V_addr_reg_238 |    8   |
| norm_buf_V_1_addr_reg_258|    8   |
|  norm_buf_V_addr_reg_253 |    8   |
|       ret_V_reg_263      |   33   |
|     rhs_cast_reg_229     |   33   |
|  sext_ln272_cast_reg_224 |   48   |
|         t_reg_217        |    9   |
|    trunc_ln813_reg_248   |    1   |
+--------------------------+--------+
|           Total          |   157  |
+--------------------------+--------+

* Multiplexer (MUX) list: 
|------------------|------|------|------|--------||---------||---------|
|       Comp       |  Pin | Size |  BW  | S x BW ||  Delay  ||   LUT   |
|------------------|------|------|------|--------||---------||---------|
| grp_access_fu_88 |  p0  |   2  |   8  |   16   ||    9    |
| grp_access_fu_94 |  p0  |   2  |   8  |   16   ||    9    |
|------------------|------|------|------|--------||---------||---------|
|       Total      |      |      |      |   32   ||  2.596  ||    18   |
|------------------|------|------|------|--------||---------||---------|



* Summary:
+-----------+--------+--------+--------+--------+
|           |   DSP  |  Delay |   FF   |   LUT  |
+-----------+--------+--------+--------+--------+
|  Function |    3   |    -   |    0   |   75   |
|   Memory  |    -   |    -   |    -   |    -   |
|Multiplexer|    -   |    2   |    -   |   18   |
|  Register |    -   |    -   |   157  |    -   |
+-----------+--------+--------+--------+--------+
|   Total   |    3   |    2   |   157  |   93   |
+-----------+--------+--------+--------+--------+
