C:\ecg_hls\ecg_denoiser_ip\solution1\.autopilot\db\weights_denoiser.pp.0.cpp:1338:7: warning: Added loop label VITIS_LOOP_1211_1:   [xilinx-label-all-loops]
      for (i = 0; i < __N - 1; ++i) {
      ^~~
      VITIS_LOOP_1211_1: 
C:\ecg_hls\ecg_denoiser_ip\solution1\.autopilot\db\weights_denoiser.pp.0.cpp:1338:7: note: FIX-IT applied suggested code changes
C:\ecg_hls\ecg_denoiser_ip\solution1\.autopilot\db\weights_denoiser.pp.0.cpp:2312:5: warning: Added loop label VITIS_LOOP_676_1:   [xilinx-label-all-loops]
    for (unsigned i = low; i != high; ++i) {
    ^~~
    VITIS_LOOP_676_1: 
C:\ecg_hls\ecg_denoiser_ip\solution1\.autopilot\db\weights_denoiser.pp.0.cpp:2312:5: note: FIX-IT applied suggested code changes
C:\ecg_hls\ecg_denoiser_ip\solution1\.autopilot\db\weights_denoiser.pp.0.cpp:2326:5: warning: Added loop label VITIS_LOOP_690_1:   [xilinx-label-all-loops]
    for (unsigned i = low; i != high; ++i) {
    ^~~
    VITIS_LOOP_690_1: 
C:\ecg_hls\ecg_denoiser_ip\solution1\.autopilot\db\weights_denoiser.pp.0.cpp:2326:5: note: FIX-IT applied suggested code changes
C:\ecg_hls\ecg_denoiser_ip\solution1\.autopilot\db\weights_denoiser.pp.0.cpp:2340:5: warning: Added loop label VITIS_LOOP_704_1:   [xilinx-label-all-loops]
    for (unsigned i = low; i != high; ++i) {
    ^~~
    VITIS_LOOP_704_1: 
C:\ecg_hls\ecg_denoiser_ip\solution1\.autopilot\db\weights_denoiser.pp.0.cpp:2340:5: note: FIX-IT applied suggested code changes
C:\ecg_hls\ecg_denoiser_ip\solution1\.autopilot\db\weights_denoiser.pp.0.cpp:3939:7: warning: Added loop label VITIS_LOOP_1245_1:   [xilinx-label-all-loops]
      for (i = 0; i < __N - 1; ++i) {
      ^~~
      VITIS_LOOP_1245_1: 
C:\ecg_hls\ecg_denoiser_ip\solution1\.autopilot\db\weights_denoiser.pp.0.cpp:3939:7: note: FIX-IT applied suggested code changes
